Archive member included to satisfy reference by file (symbol)

c:/program files/microchip/xc32/v4.60/bin/bin/../../lib/gcc/pic32c/8.3.1/../../../../pic32c/lib/thumb/v6-m/nofp\libpic32c.a(data_init.o)
                              build/SAMD21_IOT_WG_ICM42688/debug/_ext/1832905403/startup_xc32.o (__pic32c_data_initialization)
c:/program files/microchip/xc32/v4.60/bin/bin/../../lib/gcc/pic32c/8.3.1/../../../../pic32c/lib/thumb/v6-m/nofp\libc-size-musl.a(memcpy.o)
                              build/SAMD21_IOT_WG_ICM42688/debug/_ext/11470383/plib_nvmctrl.o (memcpy)
c:/program files/microchip/xc32/v4.60/bin/bin/../../lib/gcc/pic32c/8.3.1/../../../../pic32c/lib/thumb/v6-m/nofp\libc-size-musl.a(memset.o)
                              build/SAMD21_IOT_WG_ICM42688/debug/_ext/2048461350/icm42688_sensor.o (memset)
c:/program files/microchip/xc32/v4.60/bin/bin/../../lib/gcc/pic32c/8.3.1/../../../../pic32c/lib/thumb/v6-m/nofp\libm-fast-emfloat.a(modff.o)
                              build/SAMD21_IOT_WG_ICM42688/debug/_ext/26920679/stats_percentile_presorted.o (modff)
c:/program files/microchip/xc32/v4.60/bin/bin/../../lib/gcc/pic32c/8.3.1/../../../../pic32c/lib/thumb/v6-m/nofp\libm-fast-emfloat.a(cos.o)
                              build/SAMD21_IOT_WG_ICM42688/debug/_ext/26920679/utils_array.o (cos)
c:/program files/microchip/xc32/v4.60/bin/bin/../../lib/gcc/pic32c/8.3.1/../../../../pic32c/lib/thumb/v6-m/nofp\libm-fast-emfloat.a(sqrt.o)
                              build/SAMD21_IOT_WG_ICM42688/debug/_ext/26920679/std.o (sqrt)
c:/program files/microchip/xc32/v4.60/bin/bin/../../lib/gcc/pic32c/8.3.1/../../../../pic32c/lib/thumb/v6-m/nofp\libm-fast-emfloat.a(pow.o)
                              build/SAMD21_IOT_WG_ICM42688/debug/_ext/1341251756/Icm426xxSelfTest.o (pow)
c:/program files/microchip/xc32/v4.60/bin/bin/../../lib/gcc/pic32c/8.3.1/../../../../pic32c/lib/thumb/v6-m/nofp\libm-fast-emfloat.a(__SEGGER_RTL_float64_SinCos.o)
                              c:/program files/microchip/xc32/v4.60/bin/bin/../../lib/gcc/pic32c/8.3.1/../../../../pic32c/lib/thumb/v6-m/nofp\libm-fast-emfloat.a(cos.o) (__SEGGER_RTL_float64_SinCos)
c:/program files/microchip/xc32/v4.60/bin/bin/../../lib/gcc/pic32c/8.3.1/../../../../pic32c/lib/thumb/v6-m/nofp\libm-fast-emfloat.a(__SEGGER_RTL_kahan_aT2.o)
                              c:/program files/microchip/xc32/v4.60/bin/bin/../../lib/gcc/pic32c/8.3.1/../../../../pic32c/lib/thumb/v6-m/nofp\libm-fast-emfloat.a(sqrt.o) (__SEGGER_RTL_kahan_aT2)
c:/program files/microchip/xc32/v4.60/bin/bin/../../lib/gcc/pic32c/8.3.1/../../../../pic32c/lib/thumb/v6-m/nofp\libm-fast-emfloat.a(__aeabi_fadd.o)
                              build/SAMD21_IOT_WG_ICM42688/debug/_ext/26920679/calc_area.o (__aeabi_fadd)
c:/program files/microchip/xc32/v4.60/bin/bin/../../lib/gcc/pic32c/8.3.1/../../../../pic32c/lib/thumb/v6-m/nofp\libm-fast-emfloat.a(__aeabi_dadd.o)
                              build/SAMD21_IOT_WG_ICM42688/debug/_ext/1341251756/Icm426xxSelfTest.o (__aeabi_dadd)
c:/program files/microchip/xc32/v4.60/bin/bin/../../lib/gcc/pic32c/8.3.1/../../../../pic32c/lib/thumb/v6-m/nofp\libm-fast-emfloat.a(__aeabi_fsub.o)
                              build/SAMD21_IOT_WG_ICM42688/debug/_ext/26920679/calc_area.o (__aeabi_fsub)
c:/program files/microchip/xc32/v4.60/bin/bin/../../lib/gcc/pic32c/8.3.1/../../../../pic32c/lib/thumb/v6-m/nofp\libm-fast-emfloat.a(__aeabi_dsub.o)
                              build/SAMD21_IOT_WG_ICM42688/debug/_ext/26920679/utils_array.o (__aeabi_dsub)
c:/program files/microchip/xc32/v4.60/bin/bin/../../lib/gcc/pic32c/8.3.1/../../../../pic32c/lib/thumb/v6-m/nofp\libm-fast-emfloat.a(__aeabi_fmul.o)
                              build/SAMD21_IOT_WG_ICM42688/debug/_ext/26920679/ma_symmetric.o (__aeabi_fmul)
c:/program files/microchip/xc32/v4.60/bin/bin/../../lib/gcc/pic32c/8.3.1/../../../../pic32c/lib/thumb/v6-m/nofp\libm-fast-emfloat.a(__aeabi_dmul_aux.o)
                              build/SAMD21_IOT_WG_ICM42688/debug/_ext/1341251756/Icm426xxSelfTest.o (__aeabi_dmul)
c:/program files/microchip/xc32/v4.60/bin/bin/../../lib/gcc/pic32c/8.3.1/../../../../pic32c/lib/thumb/v6-m/nofp\libm-fast-emfloat.a(__aeabi_fdiv.o)
                              build/SAMD21_IOT_WG_ICM42688/debug/_ext/1341251756/Icm426xxSelfTest.o (__aeabi_fdiv)
c:/program files/microchip/xc32/v4.60/bin/bin/../../lib/gcc/pic32c/8.3.1/../../../../pic32c/lib/thumb/v6-m/nofp\libm-fast-emfloat.a(__aeabi_ddiv.o)
                              build/SAMD21_IOT_WG_ICM42688/debug/_ext/26920679/ma_symmetric.o (__aeabi_ddiv)
c:/program files/microchip/xc32/v4.60/bin/bin/../../lib/gcc/pic32c/8.3.1/../../../../pic32c/lib/thumb/v6-m/nofp\libm-fast-emfloat.a(__aeabi_fcmple.o)
                              build/SAMD21_IOT_WG_ICM42688/debug/_ext/1341251756/Icm426xxSelfTest.o (__aeabi_fcmple)
c:/program files/microchip/xc32/v4.60/bin/bin/../../lib/gcc/pic32c/8.3.1/../../../../pic32c/lib/thumb/v6-m/nofp\libm-fast-emfloat.a(__aeabi_fcmpeq.o)
[...]
Memory Configuration

Name             Origin             Length             Attributes
rom              0x0000000000000000 0x0000000000040000 xrl
ram              0x0000000020000000 0x0000000000008000 xw !r
config_00804000  0x0000000000804000 0x0000000000000004
config_00804004  0x0000000000804004 0x0000000000000004
*default*        0x0000000000000000 0xffffffffffffffff

Linker script and memory map

LOAD c:/program files/microchip/xc32/v4.60/bin/bin/../../lib/gcc/pic32c/8.3.1/thumb/v6-m/nofp/crti.o
LOAD c:/program files/microchip/xc32/v4.60/bin/bin/../../lib/gcc/pic32c/8.3.1/thumb/v6-m/nofp/crtbegin.o
LOAD build/SAMD21_IOT_WG_ICM42688/debug/_ext/2048461350/icm42688_sensor.o
LOAD build/SAMD21_IOT_WG_ICM42688/debug/_ext/1750425231/plib_clock.o
LOAD build/SAMD21_IOT_WG_ICM42688/debug/_ext/503204096/plib_eic.o
LOAD build/SAMD21_IOT_WG_ICM42688/debug/_ext/1752574717/plib_evsys.o
LOAD build/SAMD21_IOT_WG_ICM42688/debug/_ext/1580823105/plib_nvic.o
LOAD build/SAMD21_IOT_WG_ICM42688/debug/_ext/11470383/plib_nvmctrl.o
LOAD build/SAMD21_IOT_WG_ICM42688/debug/_ext/1580876256/plib_port.o
LOAD build/SAMD21_IOT_WG_ICM42688/debug/_ext/1014017276/plib_sercom0_spi_master.o
LOAD build/SAMD21_IOT_WG_ICM42688/debug/_ext/177673482/plib_sercom5_usart.o
LOAD build/SAMD21_IOT_WG_ICM42688/debug/_ext/223004715/plib_systick.o
LOAD build/SAMD21_IOT_WG_ICM42688/debug/_ext/399410062/plib_tc3.o
LOAD build/SAMD21_IOT_WG_ICM42688/debug/_ext/1357625803/xc32_monitor.o
LOAD build/SAMD21_IOT_WG_ICM42688/debug/_ext/1832905403/initialization.o
LOAD build/SAMD21_IOT_WG_ICM42688/debug/_ext/1832905403/interrupts.o
LOAD build/SAMD21_IOT_WG_ICM42688/debug/_ext/1832905403/exceptions.o
LOAD build/SAMD21_IOT_WG_ICM42688/debug/_ext/1832905403/startup_xc32.o
LOAD build/SAMD21_IOT_WG_ICM42688/debug/_ext/1832905403/libc_syscalls.o
LOAD build/SAMD21_IOT_WG_ICM42688/debug/_ext/1341251756/Icm426xxDriver_HL.o
LOAD build/SAMD21_IOT_WG_ICM42688/debug/_ext/1341251756/Icm426xxDriver_HL_apex.o
LOAD build/SAMD21_IOT_WG_ICM42688/debug/_ext/1341251756/Icm426xxSelfTest.o
LOAD build/SAMD21_IOT_WG_ICM42688/debug/_ext/1341251756/Icm426xxTransport.o
LOAD build/SAMD21_IOT_WG_ICM42688/debug/_ext/1360937237/main.o
LOAD build/SAMD21_IOT_WG_ICM42688/debug/_ext/1360937237/ringbuffer.o
LOAD build/SAMD21_IOT_WG_ICM42688/debug/_ext/1360937237/ws2812.o
LOAD build/SAMD21_IOT_WG_ICM42688/debug/_ext/26920679/array_contains.o
LOAD build/SAMD21_IOT_WG_ICM42688/debug/_ext/26920679/calc_area.o
LOAD build/SAMD21_IOT_WG_ICM42688/debug/_ext/26920679/column_to_row_complex.o
LOAD build/SAMD21_IOT_WG_ICM42688/debug/_ext/26920679/crossing_rate.o
LOAD build/SAMD21_IOT_WG_ICM42688/debug/_ext/26920679/dsp_dtw_distance.o
LOAD build/SAMD21_IOT_WG_ICM42688/debug/_ext/26920679/dsp_l1_distance.o
LOAD build/SAMD21_IOT_WG_ICM42688/debug/_ext/26920679/dsp_lsup_distance.o
LOAD build/SAMD21_IOT_WG_ICM42688/debug/_ext/26920679/fftr.o
LOAD build/SAMD21_IOT_WG_ICM42688/debug/_ext/26920679/fftr_utils.o
LOAD build/SAMD21_IOT_WG_ICM42688/debug/_ext/26920679/fg_area_absolute_area_high_frequency.o
LOAD build/SAMD21_IOT_WG_ICM42688/debug/_ext/26920679/fg_area_total_area_low_frequency.o
LOAD build/SAMD21_IOT_WG_ICM42688/debug/_ext/26920679/fg_cross_p2p_difference.o
LOAD build/SAMD21_IOT_WG_ICM42688/debug/_ext/26920679/fg_cross_peak_location_difference.o
LOAD build/SAMD21_IOT_WG_ICM42688/debug/_ext/26920679/fg_stats_abs_mean.o
LOAD build/SAMD21_IOT_WG_ICM42688/debug/_ext/26920679/fg_stats_pct075.o
LOAD build/SAMD21_IOT_WG_ICM42688/debug/_ext/26920679/fg_stats_skewness.o
LOAD build/SAMD21_IOT_WG_ICM42688/debug/_ext/26920679/fixlog.o
LOAD build/SAMD21_IOT_WG_ICM42688/debug/_ext/26920679/imfcc.o
LOAD build/SAMD21_IOT_WG_ICM42688/debug/_ext/26920679/kb.o
LOAD build/SAMD21_IOT_WG_ICM42688/debug/_ext/26920679/kb_output.o
LOAD build/SAMD21_IOT_WG_ICM42688/debug/_ext/26920679/kb_pipeline.o
LOAD build/SAMD21_IOT_WG_ICM42688/debug/_ext/26920679/kb_post_processing.o
LOAD build/SAMD21_IOT_WG_ICM42688/debug/_ext/26920679/max_min_high_low_freq.o
LOAD build/SAMD21_IOT_WG_ICM42688/debug/_ext/26920679/ma_symmetric.o
LOAD build/SAMD21_IOT_WG_ICM42688/debug/_ext/26920679/mean.o
LOAD build/SAMD21_IOT_WG_ICM42688/debug/_ext/26920679/ratio_diff_impl.o
LOAD build/SAMD21_IOT_WG_ICM42688/debug/_ext/26920679/rb.o
LOAD build/SAMD21_IOT_WG_ICM42688/debug/_ext/26920679/save_sensor_data.o
LOAD build/SAMD21_IOT_WG_ICM42688/debug/_ext/26920679/sf_downsample_by_averaging.o
LOAD build/SAMD21_IOT_WG_ICM42688/debug/_ext/26920679/sf_downsample_by_decimation.o
LOAD build/SAMD21_IOT_WG_ICM42688/debug/_ext/26920679/sg_windowing.o
LOAD build/SAMD21_IOT_WG_ICM42688/debug/_ext/26920679/sortarray.o
LOAD build/SAMD21_IOT_WG_ICM42688/debug/_ext/26920679/sorted_copy.o
LOAD build/SAMD21_IOT_WG_ICM42688/debug/_ext/26920679/stats_percentile_presorted.o
LOAD build/SAMD21_IOT_WG_ICM42688/debug/_ext/26920679/stat_mean.o
LOAD build/SAMD21_IOT_WG_ICM42688/debug/_ext/26920679/stat_moment.o
LOAD build/SAMD21_IOT_WG_ICM42688/debug/_ext/26920679/std.o
LOAD build/SAMD21_IOT_WG_ICM42688/debug/_ext/26920679/st_absolute_average.o
LOAD build/SAMD21_IOT_WG_ICM42688/debug/_ext/26920679/st_average.o
LOAD build/SAMD21_IOT_WG_ICM42688/debug/_ext/26920679/st_high_pass_filter.o
LOAD build/SAMD21_IOT_WG_ICM42688/debug/_ext/26920679/st_moving_average.o
LOAD build/SAMD21_IOT_WG_ICM42688/debug/_ext/26920679/sum.o
LOAD build/SAMD21_IOT_WG_ICM42688/debug/_ext/26920679/tree_ensemble.o
LOAD build/SAMD21_IOT_WG_ICM42688/debug/_ext/26920679/tree_ensemble_trained_models.o
LOAD build/SAMD21_IOT_WG_ICM42688/debug/_ext/26920679/tr_min_max_scale.o
LOAD build/SAMD21_IOT_WG_ICM42688/debug/_ext/26920679/tr_sensor_magnitude.o
LOAD build/SAMD21_IOT_WG_ICM42688/debug/_ext/26920679/utils_array.o
LOAD build/SAMD21_IOT_WG_ICM42688/debug/_ext/26920679/utils_array_max_uint8.o
LOAD build/SAMD21_IOT_WG_ICM42688/debug/_ext/26920679/utils_bitwise_abs_val.o
LOAD build/SAMD21_IOT_WG_ICM42688/debug/_ext/26920679/utils_buffer_absmean.o
LOAD build/SAMD21_IOT_WG_ICM42688/debug/_ext/26920679/utils_buffer_abssum.o
LOAD build/SAMD21_IOT_WG_ICM42688/debug/_ext/26920679/utils_buffer_abs_max.o
LOAD build/SAMD21_IOT_WG_ICM42688/debug/_ext/26920679/utils_buffer_argmax.o
LOAD build/SAMD21_IOT_WG_ICM42688/debug/_ext/26920679/utils_buffer_autoscale.o
LOAD build/SAMD21_IOT_WG_ICM42688/debug/_ext/26920679/utils_buffer_cumsum.o
LOAD build/SAMD21_IOT_WG_ICM42688/debug/_ext/26920679/utils_buffer_max.o
LOAD build/SAMD21_IOT_WG_ICM42688/debug/_ext/26920679/utils_buffer_mean.o
LOAD build/SAMD21_IOT_WG_ICM42688/debug/_ext/26920679/utils_buffer_median.o
LOAD build/SAMD21_IOT_WG_ICM42688/debug/_ext/26920679/utils_buffer_min.o
LOAD build/SAMD21_IOT_WG_ICM42688/debug/_ext/26920679/utils_buffer_min_max.o
LOAD build/SAMD21_IOT_WG_ICM42688/debug/_ext/26920679/utils_buffer_pass_threshold.o
LOAD build/SAMD21_IOT_WG_ICM42688/debug/_ext/26920679/utils_buffer_std.o
LOAD build/SAMD21_IOT_WG_ICM42688/debug/_ext/26920679/utils_buffer_variance.o
LOAD build/SAMD21_IOT_WG_ICM42688/debug/_ext/26920679/utils_model_crossing_rate.o
LOAD build/SAMD21_IOT_WG_ICM42688/debug/_ext/26920679/utils_model_cross_column.o
LOAD build/SAMD21_IOT_WG_ICM42688/debug/_ext/26920679/utils_model_cross_difference.o
LOAD build/SAMD21_IOT_WG_ICM42688/debug/_ext/26920679/utils_model_mean_crossing_rate.o
LOAD build/SAMD21_IOT_WG_ICM42688/debug/_ext/26920679/utils_model_pct_time_over_sigma.o
LOAD build/SAMD21_IOT_WG_ICM42688/debug/_ext/26920679/utils_model_pct_time_over_threshold.o
LOAD build/SAMD21_IOT_WG_ICM42688/debug/_ext/26920679/utils_model_stats_max_min.o
LOAD build/SAMD21_IOT_WG_ICM42688/debug/_ext/26920679/utils_model_total_area.o
LOAD build/SAMD21_IOT_WG_ICM42688/debug/_ext/26920679/utils_model_total_energy.o
LOAD build/SAMD21_IOT_WG_ICM42688/debug/_ext/26920679/utils_tr_sensor.o
LOAD build/SAMD21_IOT_WG_ICM42688/debug/_ext/741007211/sml_recognition_run.o
LOAD ..\mplabml\lib\libmplabml.a
                0x0000000000000001                __MPLAB_BUILD = 0x1
                0x0000000000040000                __rom_end = (ORIGIN (rom) + LENGTH (rom))
                0x0000000020008000                __ram_end = (ORIGIN (ram) + LENGTH (ram))

.config_00804000
                0x0000000000804000        0x4
 *(.config_00804000)
 .config_00804000
                0x0000000000804000        0x4 build/SAMD21_IOT_WG_ICM42688/debug/_ext/1832905403/initialization.o
                0x0000000000804000                __config_00804000

.config_00804004
                0x0000000000804004        0x4
 *(.config_00804004)
 .config_00804004
                0x0000000000804004        0x4 build/SAMD21_IOT_WG_ICM42688/debug/_ext/1832905403/initialization.o
                0x0000000000804004                __config_00804004

.vectors        0x0000000000000000       0xb0
                0x0000000000000000                . = ALIGN (0x4)
                0x0000000000000000                _sfixed = .
 *(.vectors .vectors.* .vectors_default .vectors_default.*)
 .vectors       0x0000000000000000       0xb0 build/SAMD21_IOT_WG_ICM42688/debug/_ext/1832905403/interrupts.o
                0x0000000000000000                exception_table
 *(.isr_vector)
 *(.reset*)
 *(.after_vectors)

.text           0x00000000000000b0       0x20
                0x00000000000000b0                . = ALIGN (0x4)
 *(.glue_7t)
 .glue_7t       0x00000000000000b0        0x0 linker stubs
 *(.glue_7)
 .glue_7        0x00000000000000b0        0x0 linker stubs
 *(.gnu.linkonce.r.*)
 *(.ARM.extab* .gnu.linkonce.armextab.*)
                0x00000000000000b0                . = ALIGN (0x4)
 *(.init)
 .init          0x00000000000000b0        0x4 c:/program files/microchip/xc32/v4.60/bin/bin/../../lib/gcc/pic32c/8.3.1/thumb/v6-m/nofp/crti.o
                0x00000000000000b0                _init
 .init          0x00000000000000b4        0x8 c:/program files/microchip/xc32/v4.60/bin/bin/../../lib/gcc/pic32c/8.3.1/thumb/v6-m/nofp/crtn.o
                0x00000000000000bc                . = ALIGN (0x4)
                0x00000000000000bc                __preinit_array_start = .
 *(.preinit_array)
                0x00000000000000bc                __preinit_array_end = .
                0x00000000000000bc                . = ALIGN (0x4)
                0x00000000000000bc                __init_array_start = .
 *(SORT_BY_NAME(.init_array.*))
 *(.init_array)
 .init_array    0x00000000000000bc        0x4 c:/program files/microchip/xc32/v4.60/bin/bin/../../lib/gcc/pic32c/8.3.1/thumb/v6-m/nofp/crtbegin.o
                0x00000000000000c0                __init_array_end = .
                0x00000000000000c0                . = ALIGN (0x4)
 *crtbegin.o(.ctors)
 *(EXCLUDE_FILE(*crtend.o) .ctors)
 *(SORT_BY_NAME(.ctors.*))
 *crtend.o(.ctors)
                0x00000000000000c0                . = ALIGN (0x4)
 *(.fini)
 .fini          0x00000000000000c0        0x4 c:/program files/microchip/xc32/v4.60/bin/bin/../../lib/gcc/pic32c/8.3.1/thumb/v6-m/nofp/crti.o
                0x00000000000000c0                _fini
 .fini          0x00000000000000c4        0x8 c:/program files/microchip/xc32/v4.60/bin/bin/../../lib/gcc/pic32c/8.3.1/thumb/v6-m/nofp/crtn.o
                0x00000000000000cc                . = ALIGN (0x4)
                0x00000000000000cc                __fini_array_start = .
 *(.fini_array)
 .fini_array    0x00000000000000cc        0x4 c:/program files/microchip/xc32/v4.60/bin/bin/../../lib/gcc/pic32c/8.3.1/thumb/v6-m/nofp/crtbegin.o
 *(SORT_BY_NAME(.fini_array.*))
                0x00000000000000d0                __fini_array_end = .
 *crtbegin.o(.dtors)
 *(EXCLUDE_FILE(*crtend.o) .dtors)
 *(SORT_BY_NAME(.dtors.*))
 *crtend.o(.dtors)
                0x00000000000000d0                . = ALIGN (0x4)
                0x00000000000000d0                _efixed = .
                [!provide]                        PROVIDE (__exidx_start = .)

.ARM.exidx      0x00000000000000d0       0x10
 *(.ARM.exidx* .gnu.linkonce.armexidx.*)
 .ARM.exidx     0x00000000000000d8        0x8 c:/program files/microchip/xc32/v4.60/bin/bin/../../lib/gcc/pic32c/8.3.1/thumb/v6-m/nofp\libgcc.a(_udivmoddi4.o)
 .ARM.exidx     0x00000000000000d0        0x8 c:/program files/microchip/xc32/v4.60/bin/bin/../../lib/gcc/pic32c/8.3.1/thumb/v6-m/nofp\libgcc.a(_divdi3.o)
                [!provide]                        PROVIDE (__exidx_end = .)
                0x00000000000000e0                . = ALIGN (0x4)
                0x00000000000000e0                _etext = .

.bss            0x0000000020000000        0x0
                0x0000000020000000                . = ALIGN (0x4)
                0x0000000020000000                __bss_start__ = .
                0x0000000020000000                _sbss = .
                0x0000000020000000                _szero = .
 *(COMMON)
                0x0000000020000000                . = ALIGN (0x4)
                0x0000000020000000                __bss_end__ = .
                0x0000000020000000                _ebss = .
                0x0000000020000000                _ezero = .
                0x0000000020000000                . = ALIGN (0x4)
                0x0000000020000000                _end = .
                0x0000000020007fff                _ram_end_ = ((ORIGIN (ram) + LENGTH (ram)) - 0x1)
                0x0000000000000001                __ICD2RAM = 0x1
                0x0000000000000001                __MPLAB_DEBUG = 0x1
                0x0000000000000001                __DEBUG = 0x1
                0x0000000000000200                _min_heap_size = 0x200
START GROUP
LOAD c:/program files/microchip/xc32/v4.60/bin/bin/../../lib/gcc/pic32c/8.3.1/../../../../pic32c/lib/thumb/v6-m/nofp\libpic32c.a
LOAD c:/program files/microchip/xc32/v4.60/bin/bin/../../lib/gcc/pic32c/8.3.1/../../../../pic32c/lib/thumb/v6-m/nofp\libc-size-musl.a
LOAD c:/program files/microchip/xc32/v4.60/bin/bin/../../lib/gcc/pic32c/8.3.1/../../../../pic32c/lib/thumb/v6-m/nofp\liblmalloc-musl.a
LOAD c:/program files/microchip/xc32/v4.60/bin/bin/../../lib/gcc/pic32c/8.3.1/../../../../pic32c/lib/thumb/v6-m/nofp\libm-fast-emfloat.a
LOAD c:/program files/microchip/xc32/v4.60/bin/bin/../../lib/gcc/pic32c/8.3.1/../../../../pic32c/lib/thumb/v6-m/nofp\libm-musl.a
LOAD c:/program files/microchip/xc32/v4.60/bin/bin/../../lib/gcc/pic32c/8.3.1/../../../../pic32c/lib/thumb/v6-m/nofp\libg-musl.a
LOAD c:/program files/microchip/xc32/v4.60/bin/bin/../../lib/gcc/pic32c/8.3.1/../../../../pic32c/lib/thumb/v6-m/nofp\libc-musl.a
LOAD c:/program files/microchip/xc32/v4.60/bin/bin/../../lib/gcc/pic32c/8.3.1/../../../../pic32c/lib/thumb/v6-m/nofp\libm-fast-emfloat.a
LOAD c:/program files/microchip/xc32/v4.60/bin/bin/../../lib/gcc/pic32c/8.3.1/../../../../pic32c/lib/thumb/v6-m/nofp\libm-musl.a
LOAD c:/program files/microchip/xc32/v4.60/bin/bin/../../lib/gcc/pic32c/8.3.1/thumb/v6-m/nofp\libgcc.a
END GROUP
LOAD c:/program files/microchip/xc32/v4.60/bin/bin/../../lib/gcc/pic32c/8.3.1/thumb/v6-m/nofp/crtend.o
LOAD c:/program files/microchip/xc32/v4.60/bin/bin/../../lib/gcc/pic32c/8.3.1/thumb/v6-m/nofp/crtn.o
OUTPUT(dist/SAMD21_IOT_WG_ICM42688/debug/samd21-iot-mplabml-wand.X.debug.elf elf32-littlearm)
LOAD data_init
LOAD stack

.ARM.attributes
                0x0000000000000000       0x2a
 .ARM.attributes
                0x0000000000000000       0x1e c:/program files/microchip/xc32/v4.60/bin/bin/../../lib/gcc/pic32c/8.3.1/thumb/v6-m/nofp/crti.o
 .ARM.attributes
                0x000000000000001e       0x2c c:/program files/microchip/xc32/v4.60/bin/bin/../../lib/gcc/pic32c/8.3.1/thumb/v6-m/nofp/crtbegin.o
 .ARM.attributes
                0x000000000000004a       0x2c build/SAMD21_IOT_WG_ICM42688/debug/_ext/2048461350/icm42688_sensor.o
 .ARM.attributes
                0x0000000000000076       0x2c build/SAMD21_IOT_WG_ICM42688/debug/_ext/1750425231/plib_clock.o
 .ARM.attributes
                0x00000000000000a2       0x2c build/SAMD21_IOT_WG_ICM42688/debug/_ext/503204096/plib_eic.o
 .ARM.attributes
                0x00000000000000ce       0x2c build/SAMD21_IOT_WG_ICM42688/debug/_ext/1752574717/plib_evsys.o
 .ARM.attributes
                0x00000000000000fa       0x2c build/SAMD21_IOT_WG_ICM42688/debug/_ext/1580823105/plib_nvic.o
 .ARM.attributes
                0x0000000000000126       0x2c build/SAMD21_IOT_WG_ICM42688/debug/_ext/11470383/plib_nvmctrl.o
 .ARM.attributes
                0x0000000000000152       0x2c build/SAMD21_IOT_WG_ICM42688/debug/_ext/1580876256/plib_port.o
 .ARM.attributes
                0x000000000000017e       0x2c build/SAMD21_IOT_WG_ICM42688/debug/_ext/1014017276/plib_sercom0_spi_master.o
 .ARM.attributes
                0x00000000000001aa       0x2c build/SAMD21_IOT_WG_ICM42688/debug/_ext/177673482/plib_sercom5_usart.o
 .ARM.attributes
                0x00000000000001d6       0x2c build/SAMD21_IOT_WG_ICM42688/debug/_ext/223004715/plib_systick.o
 .ARM.attributes
                0x0000000000000202       0x2c build/SAMD21_IOT_WG_ICM42688/debug/_ext/399410062/plib_tc3.o
 .ARM.attributes
                0x000000000000022e       0x2c build/SAMD21_IOT_WG_ICM42688/debug/_ext/1357625803/xc32_monitor.o
 .ARM.attributes
                0x000000000000025a       0x2c build/SAMD21_IOT_WG_ICM42688/debug/_ext/1832905403/initialization.o
 .ARM.attributes
                0x0000000000000286       0x2c build/SAMD21_IOT_WG_ICM42688/debug/_ext/1832905403/interrupts.o
 .ARM.attributes
                0x00000000000002b2       0x2c build/SAMD21_IOT_WG_ICM42688/debug/_ext/1832905403/exceptions.o
 .ARM.attributes
                0x00000000000002de       0x2c build/SAMD21_IOT_WG_ICM42688/debug/_ext/1832905403/startup_xc32.o
 .ARM.attributes
                0x000000000000030a       0x2c build/SAMD21_IOT_WG_ICM42688/debug/_ext/1341251756/Icm426xxDriver_HL.o
 .ARM.attributes
                0x0000000000000336       0x2c build/SAMD21_IOT_WG_ICM42688/debug/_ext/1341251756/Icm426xxTransport.o
 .ARM.attributes
                0x0000000000000362       0x2c build/SAMD21_IOT_WG_ICM42688/debug/_ext/1360937237/main.o
 .ARM.attributes
                0x000000000000038e       0x2c build/SAMD21_IOT_WG_ICM42688/debug/_ext/1360937237/ringbuffer.o
 .ARM.attributes
                0x00000000000003ba       0x2c build/SAMD21_IOT_WG_ICM42688/debug/_ext/26920679/fg_area_absolute_area_high_frequency.o
 .ARM.attributes
                0x00000000000003e6       0x2c build/SAMD21_IOT_WG_ICM42688/debug/_ext/26920679/fg_area_total_area_low_frequency.o
 .ARM.attributes
                0x0000000000000412       0x2c build/SAMD21_IOT_WG_ICM42688/debug/_ext/26920679/fg_cross_p2p_difference.o
 .ARM.attributes
                0x000000000000043e       0x2c build/SAMD21_IOT_WG_ICM42688/debug/_ext/26920679/fg_cross_peak_location_difference.o
 .ARM.attributes
                0x000000000000046a       0x2c build/SAMD21_IOT_WG_ICM42688/debug/_ext/26920679/fg_stats_abs_mean.o
 .ARM.attributes
                0x0000000000000496       0x2c build/SAMD21_IOT_WG_ICM42688/debug/_ext/26920679/fg_stats_pct075.o
 .ARM.attributes
                0x00000000000004c2       0x2c build/SAMD21_IOT_WG_ICM42688/debug/_ext/26920679/fg_stats_skewness.o
 .ARM.attributes
                0x00000000000004ee       0x2c build/SAMD21_IOT_WG_ICM42688/debug/_ext/26920679/kb.o
 .ARM.attributes
                0x000000000000051a       0x2c build/SAMD21_IOT_WG_ICM42688/debug/_ext/26920679/kb_output.o
 .ARM.attributes
                0x0000000000000546       0x2c build/SAMD21_IOT_WG_ICM42688/debug/_ext/26920679/kb_pipeline.o
 .ARM.attributes
                0x0000000000000572       0x2c build/SAMD21_IOT_WG_ICM42688/debug/_ext/26920679/ma_symmetric.o
 .ARM.attributes
                0x000000000000059e       0x2c build/SAMD21_IOT_WG_ICM42688/debug/_ext/26920679/mean.o
 .ARM.attributes
                0x00000000000005ca       0x2c build/SAMD21_IOT_WG_ICM42688/debug/_ext/26920679/rb.o
 .ARM.attributes
                0x00000000000005f6       0x2c build/SAMD21_IOT_WG_ICM42688/debug/_ext/26920679/save_sensor_data.o
 .ARM.attributes
                0x0000000000000622       0x2c build/SAMD21_IOT_WG_ICM42688/debug/_ext/26920679/sg_windowing.o
 .ARM.attributes
                0x000000000000064e       0x2c build/SAMD21_IOT_WG_ICM42688/debug/_ext/26920679/sortarray.o
 .ARM.attributes
                0x000000000000067a       0x2c build/SAMD21_IOT_WG_ICM42688/debug/_ext/26920679/sorted_copy.o
 .ARM.attributes
                0x00000000000006a6       0x2c build/SAMD21_IOT_WG_ICM42688/debug/_ext/26920679/stats_percentile_presorted.o
 .ARM.attributes
                0x00000000000006d2       0x2c build/SAMD21_IOT_WG_ICM42688/debug/_ext/26920679/stat_moment.o
 .ARM.attributes
                0x00000000000006fe       0x2c build/SAMD21_IOT_WG_ICM42688/debug/_ext/26920679/tree_ensemble.o
 .ARM.attributes
                0x000000000000072a       0x32 build/SAMD21_IOT_WG_ICM42688/debug/_ext/26920679/tree_ensemble_trained_models.o
 .ARM.attributes
                0x000000000000075c       0x2c build/SAMD21_IOT_WG_ICM42688/debug/_ext/26920679/tr_min_max_scale.o
 .ARM.attributes
                0x0000000000000788       0x2c build/SAMD21_IOT_WG_ICM42688/debug/_ext/26920679/tr_sensor_magnitude.o
 .ARM.attributes
                0x00000000000007b4       0x2c build/SAMD21_IOT_WG_ICM42688/debug/_ext/26920679/utils_buffer_abssum.o
 .ARM.attributes
                0x00000000000007e0       0x2c build/SAMD21_IOT_WG_ICM42688/debug/_ext/26920679/utils_buffer_argmax.o
 .ARM.attributes
                0x000000000000080c       0x2c build/SAMD21_IOT_WG_ICM42688/debug/_ext/26920679/utils_buffer_cumsum.o
 .ARM.attributes
                0x0000000000000838       0x2c build/SAMD21_IOT_WG_ICM42688/debug/_ext/26920679/utils_model_cross_difference.o
 .ARM.attributes
                0x0000000000000864       0x2c build/SAMD21_IOT_WG_ICM42688/debug/_ext/26920679/utils_tr_sensor.o
 .ARM.attributes
                0x0000000000000890       0x2c build/SAMD21_IOT_WG_ICM42688/debug/_ext/741007211/sml_recognition_run.o
 .ARM.attributes
                0x00000000000008bc       0x2c c:/program files/microchip/xc32/v4.60/bin/bin/../../lib/gcc/pic32c/8.3.1/../../../../pic32c/lib/thumb/v6-m/nofp\libpic32c.a(data_init.o)
 .ARM.attributes
                0x00000000000008e8       0x2e c:/program files/microchip/xc32/v4.60/bin/bin/../../lib/gcc/pic32c/8.3.1/../../../../pic32c/lib/thumb/v6-m/nofp\libc-size-musl.a(memcpy.o)
 .ARM.attributes
                0x0000000000000916       0x2e c:/program files/microchip/xc32/v4.60/bin/bin/../../lib/gcc/pic32c/8.3.1/../../../../pic32c/lib/thumb/v6-m/nofp\libc-size-musl.a(memset.o)
 .ARM.attributes
                0x0000000000000944       0x2c c:/program files/microchip/xc32/v4.60/bin/bin/../../lib/gcc/pic32c/8.3.1/../../../../pic32c/lib/thumb/v6-m/nofp\libm-fast-emfloat.a(modff.o)
 .ARM.attributes
                0x0000000000000970       0x2c c:/program files/microchip/xc32/v4.60/bin/bin/../../lib/gcc/pic32c/8.3.1/../../../../pic32c/lib/thumb/v6-m/nofp\libm-fast-emfloat.a(sqrt.o)
 .ARM.attributes
                0x000000000000099c       0x2c c:/program files/microchip/xc32/v4.60/bin/bin/../../lib/gcc/pic32c/8.3.1/../../../../pic32c/lib/thumb/v6-m/nofp\libm-fast-emfloat.a(pow.o)
 .ARM.attributes
                0x00000000000009c8       0x2c c:/program files/microchip/xc32/v4.60/bin/bin/../../lib/gcc/pic32c/8.3.1/../../../../pic32c/lib/thumb/v6-m/nofp\libm-fast-emfloat.a(__SEGGER_RTL_kahan_aT2.o)
 .ARM.attributes
                0x00000000000009f4       0x1c c:/program files/microchip/xc32/v4.60/bin/bin/../../lib/gcc/pic32c/8.3.1/../../../../pic32c/lib/thumb/v6-m/nofp\libm-fast-emfloat.a(__aeabi_fadd.o)
 .ARM.attributes
                0x0000000000000a10       0x1c c:/program files/microchip/xc32/v4.60/bin/bin/../../lib/gcc/pic32c/8.3.1/../../../../pic32c/lib/thumb/v6-m/nofp\libm-fast-emfloat.a(__aeabi_dadd.o)
 .ARM.attributes
                0x0000000000000a2c       0x1c c:/program files/microchip/xc32/v4.60/bin/bin/../../lib/gcc/pic32c/8.3.1/../../../../pic32c/lib/thumb/v6-m/nofp\libm-fast-emfloat.a(__aeabi_fsub.o)
 .ARM.attributes
                0x0000000000000a48       0x1c c:/program files/microchip/xc32/v4.60/bin/bin/../../lib/gcc/pic32c/8.3.1/../../../../pic32c/lib/thumb/v6-m/nofp\libm-fast-emfloat.a(__aeabi_dsub.o)
 .ARM.attributes
                0x0000000000000a64       0x1c c:/program files/microchip/xc32/v4.60/bin/bin/../../lib/gcc/pic32c/8.3.1/../../../../pic32c/lib/thumb/v6-m/nofp\libm-fast-emfloat.a(__aeabi_fmul.o)
 .ARM.attributes
                0x0000000000000a80       0x1c c:/program files/microchip/xc32/v4.60/bin/bin/../../lib/gcc/pic32c/8.3.1/../../../../pic32c/lib/thumb/v6-m/nofp\libm-fast-emfloat.a(__aeabi_dmul_aux.o)
 .ARM.attributes
                0x0000000000000a9c       0x1c c:/program files/microchip/xc32/v4.60/bin/bin/../../lib/gcc/pic32c/8.3.1/../../../../pic32c/lib/thumb/v6-m/nofp\libm-fast-emfloat.a(__aeabi_fdiv.o)
 .ARM.attributes
                0x0000000000000ab8       0x1c c:/program files/microchip/xc32/v4.60/bin/bin/../../lib/gcc/pic32c/8.3.1/../../../../pic32c/lib/thumb/v6-m/nofp\libm-fast-emfloat.a(__aeabi_ddiv.o)
 .ARM.attributes
                0x0000000000000ad4       0x1c c:/program files/microchip/xc32/v4.60/bin/bin/../../lib/gcc/pic32c/8.3.1/../../../../pic32c/lib/thumb/v6-m/nofp\libm-fast-emfloat.a(__aeabi_fcmple.o)
 .ARM.attributes
                0x0000000000000af0       0x1c c:/program files/microchip/xc32/v4.60/bin/bin/../../lib/gcc/pic32c/8.3.1/../../../../pic32c/lib/thumb/v6-m/nofp\libm-fast-emfloat.a(__aeabi_fcmpeq.o)
 .ARM.attributes
                0x0000000000000b0c       0x1c c:/program files/microchip/xc32/v4.60/bin/bin/../../lib/gcc/pic32c/8.3.1/../../../../pic32c/lib/thumb/v6-m/nofp\libm-fast-emfloat.a(__aeabi_dcmpeq.o)
 .ARM.attributes
                0x0000000000000b28       0x1c c:/program files/microchip/xc32/v4.60/bin/bin/../../lib/gcc/pic32c/8.3.1/../../../../pic32c/lib/thumb/v6-m/nofp\libm-fast-emfloat.a(__aeabi_fcmpge.o)
 .ARM.attributes
                0x0000000000000b44       0x1c c:/program files/microchip/xc32/v4.60/bin/bin/../../lib/gcc/pic32c/8.3.1/../../../../pic32c/lib/thumb/v6-m/nofp\libm-fast-emfloat.a(__aeabi_fcmpgt.o)
 .ARM.attributes
                0x0000000000000b60       0x1c c:/program files/microchip/xc32/v4.60/bin/bin/../../lib/gcc/pic32c/8.3.1/../../../../pic32c/lib/thumb/v6-m/nofp\libm-fast-emfloat.a(__aeabi_dcmpgt.o)
 .ARM.attributes
                0x0000000000000b7c       0x1c c:/program files/microchip/xc32/v4.60/bin/bin/../../lib/gcc/pic32c/8.3.1/../../../../pic32c/lib/thumb/v6-m/nofp\libm-fast-emfloat.a(__aeabi_fcmplt.o)
 .ARM.attributes
                0x0000000000000b98       0x1c c:/program files/microchip/xc32/v4.60/bin/bin/../../lib/gcc/pic32c/8.3.1/../../../../pic32c/lib/thumb/v6-m/nofp\libm-fast-emfloat.a(__aeabi_dcmplt.o)
 .ARM.attributes
                0x0000000000000bb4       0x1c c:/program files/microchip/xc32/v4.60/bin/bin/../../lib/gcc/pic32c/8.3.1/../../../../pic32c/lib/thumb/v6-m/nofp\libm-fast-emfloat.a(__aeabi_f2iz.o)
 .ARM.attributes
                0x0000000000000bd0       0x1c c:/program files/microchip/xc32/v4.60/bin/bin/../../lib/gcc/pic32c/8.3.1/../../../../pic32c/lib/thumb/v6-m/nofp\libm-fast-emfloat.a(__aeabi_d2iz.o)
 .ARM.attributes
                0x0000000000000bec       0x1c c:/program files/microchip/xc32/v4.60/bin/bin/../../lib/gcc/pic32c/8.3.1/../../../../pic32c/lib/thumb/v6-m/nofp\libm-fast-emfloat.a(__aeabi_f2uiz.o)
 .ARM.attributes
                0x0000000000000c08       0x1c c:/program files/microchip/xc32/v4.60/bin/bin/../../lib/gcc/pic32c/8.3.1/../../../../pic32c/lib/thumb/v6-m/nofp\libm-fast-emfloat.a(__aeabi_d2uiz.o)
 .ARM.attributes
                0x0000000000000c24       0x1c c:/program files/microchip/xc32/v4.60/bin/bin/../../lib/gcc/pic32c/8.3.1/../../../../pic32c/lib/thumb/v6-m/nofp\libm-fast-emfloat.a(__aeabi_i2f.o)
 .ARM.attributes
                0x0000000000000c40       0x1c c:/program files/microchip/xc32/v4.60/bin/bin/../../lib/gcc/pic32c/8.3.1/../../../../pic32c/lib/thumb/v6-m/nofp\libm-fast-emfloat.a(__aeabi_i2d.o)
 .ARM.attributes
                0x0000000000000c5c       0x1c c:/program files/microchip/xc32/v4.60/bin/bin/../../lib/gcc/pic32c/8.3.1/../../../../pic32c/lib/thumb/v6-m/nofp\libm-fast-emfloat.a(__aeabi_l2f.o)
 .ARM.attributes
                0x0000000000000c78       0x1c c:/program files/microchip/xc32/v4.60/bin/bin/../../lib/gcc/pic32c/8.3.1/../../../../pic32c/lib/thumb/v6-m/nofp\libm-fast-emfloat.a(__aeabi_ui2f.o)
 .ARM.attributes
                0x0000000000000c94       0x1c c:/program files/microchip/xc32/v4.60/bin/bin/../../lib/gcc/pic32c/8.3.1/../../../../pic32c/lib/thumb/v6-m/nofp\libm-fast-emfloat.a(__aeabi_ui2d.o)
 .ARM.attributes
                0x0000000000000cb0       0x1c c:/program files/microchip/xc32/v4.60/bin/bin/../../lib/gcc/pic32c/8.3.1/../../../../pic32c/lib/thumb/v6-m/nofp\libm-fast-emfloat.a(__aeabi_ul2f.o)
 .ARM.attributes
                0x0000000000000ccc       0x1c c:/program files/microchip/xc32/v4.60/bin/bin/../../lib/gcc/pic32c/8.3.1/../../../../pic32c/lib/thumb/v6-m/nofp\libm-fast-emfloat.a(__aeabi_f2d.o)
 .ARM.attributes
                0x0000000000000ce8       0x1c c:/program files/microchip/xc32/v4.60/bin/bin/../../lib/gcc/pic32c/8.3.1/../../../../pic32c/lib/thumb/v6-m/nofp\libm-fast-emfloat.a(__aeabi_d2f.o)
 .ARM.attributes
                0x0000000000000d04       0x2c c:/program files/microchip/xc32/v4.60/bin/bin/../../lib/gcc/pic32c/8.3.1/../../../../pic32c/lib/thumb/v6-m/nofp\libm-fast-emfloat.a(__SEGGER_RTL_float64_PolyEvalP.o)
 .ARM.attributes
                0x0000000000000d30       0x2c c:/program files/microchip/xc32/v4.60/bin/bin/../../lib/gcc/pic32c/8.3.1/../../../../pic32c/lib/thumb/v6-m/nofp\libm-fast-emfloat.a(ldexp.o)
 .ARM.attributes
                0x0000000000000d5c       0x2c c:/program files/microchip/xc32/v4.60/bin/bin/../../lib/gcc/pic32c/8.3.1/../../../../pic32c/lib/thumb/v6-m/nofp\libm-fast-emfloat.a(log.o)
 .ARM.attributes
                0x0000000000000d88       0x2c c:/program files/microchip/xc32/v4.60/bin/bin/../../lib/gcc/pic32c/8.3.1/../../../../pic32c/lib/thumb/v6-m/nofp\libm-fast-emfloat.a(exp.o)
 .ARM.attributes
                0x0000000000000db4       0x2c c:/program files/microchip/xc32/v4.60/bin/bin/../../lib/gcc/pic32c/8.3.1/../../../../pic32c/lib/thumb/v6-m/nofp\libm-fast-emfloat.a(__SEGGER_RTL_float64_Log.o)
 .ARM.attributes
                0x0000000000000de0       0x2c c:/program files/microchip/xc32/v4.60/bin/bin/../../lib/gcc/pic32c/8.3.1/../../../../pic32c/lib/thumb/v6-m/nofp\libm-fast-emfloat.a(__SEGGER_RTL_float64_PolyEvalQ.o)
 .ARM.attributes
                0x0000000000000e0c       0x2c c:/program files/microchip/xc32/v4.60/bin/bin/../../lib/gcc/pic32c/8.3.1/../../../../pic32c/lib/thumb/v6-m/nofp\libm-fast-emfloat.a(frexp.o)
 .ARM.attributes
                0x0000000000000e38       0x2e c:/program files/microchip/xc32/v4.60/bin/bin/../../lib/gcc/pic32c/8.3.1/../../../../pic32c/lib/thumb/v6-m/nofp\libg-musl.a(__libc_start_main.o)
 .ARM.attributes
                0x0000000000000e66       0x2e c:/program files/microchip/xc32/v4.60/bin/bin/../../lib/gcc/pic32c/8.3.1/../../../../pic32c/lib/thumb/v6-m/nofp\libg-musl.a(__errno_location.o)
 .ARM.attributes
                0x0000000000000e94       0x2e c:/program files/microchip/xc32/v4.60/bin/bin/../../lib/gcc/pic32c/8.3.1/../../../../pic32c/lib/thumb/v6-m/nofp\libg-musl.a(libc.o)
 .ARM.attributes
                0x0000000000000ec2       0x2e c:/program files/microchip/xc32/v4.60/bin/bin/../../lib/gcc/pic32c/8.3.1/../../../../pic32c/lib/thumb/v6-m/nofp\libg-musl.a(__sio_printf_cdeEfFgGnpsxX.o)
 .ARM.attributes
                0x0000000000000ef0       0x2e c:/program files/microchip/xc32/v4.60/bin/bin/../../lib/gcc/pic32c/8.3.1/../../../../pic32c/lib/thumb/v6-m/nofp\libg-musl.a(__sio_sprintf_cdeEfFgGnpsxX.o)
 .ARM.attributes
                0x0000000000000f1e       0x2e c:/program files/microchip/xc32/v4.60/bin/bin/../../lib/gcc/pic32c/8.3.1/../../../../pic32c/lib/thumb/v6-m/nofp\libg-musl.a(__fmt_d.o)
 .ARM.attributes
                0x0000000000000f4c       0x2e c:/program files/microchip/xc32/v4.60/bin/bin/../../lib/gcc/pic32c/8.3.1/../../../../pic32c/lib/thumb/v6-m/nofp\libg-musl.a(__fmt_fp.o)
 .ARM.attributes
                0x0000000000000f7a       0x2e c:/program files/microchip/xc32/v4.60/bin/bin/../../lib/gcc/pic32c/8.3.1/../../../../pic32c/lib/thumb/v6-m/nofp\libg-musl.a(__fmt_s.o)
 .ARM.attributes
                0x0000000000000fa8       0x2e c:/program files/microchip/xc32/v4.60/bin/bin/../../lib/gcc/pic32c/8.3.1/../../../../pic32c/lib/thumb/v6-m/nofp\libg-musl.a(__fmt_x.o)
 .ARM.attributes
                0x0000000000000fd6       0x2e c:/program files/microchip/xc32/v4.60/bin/bin/../../lib/gcc/pic32c/8.3.1/../../../../pic32c/lib/thumb/v6-m/nofp\libg-musl.a(__pop_float.o)
 .ARM.attributes
                0x0000000000001004       0x2e c:/program files/microchip/xc32/v4.60/bin/bin/../../lib/gcc/pic32c/8.3.1/../../../../pic32c/lib/thumb/v6-m/nofp\libg-musl.a(__pop_int.o)
 .ARM.attributes
                0x0000000000001032       0x2e c:/program files/microchip/xc32/v4.60/bin/bin/../../lib/gcc/pic32c/8.3.1/../../../../pic32c/lib/thumb/v6-m/nofp\libg-musl.a(__pop_ptr.o)
 .ARM.attributes
                0x0000000000001060       0x2e c:/program files/microchip/xc32/v4.60/bin/bin/../../lib/gcc/pic32c/8.3.1/../../../../pic32c/lib/thumb/v6-m/nofp\libg-musl.a(__printf_core.o)
 .ARM.attributes
                0x000000000000108e       0x2e c:/program files/microchip/xc32/v4.60/bin/bin/../../lib/gcc/pic32c/8.3.1/../../../../pic32c/lib/thumb/v6-m/nofp\libg-musl.a(stdin.o)
 .ARM.attributes
                0x00000000000010bc       0x2e c:/program files/microchip/xc32/v4.60/bin/bin/../../lib/gcc/pic32c/8.3.1/../../../../pic32c/lib/thumb/v6-m/nofp\libg-musl.a(stdout.o)
 .ARM.attributes
                0x00000000000010ea       0x2e c:/program files/microchip/xc32/v4.60/bin/bin/../../lib/gcc/pic32c/8.3.1/../../../../pic32c/lib/thumb/v6-m/nofp\libg-musl.a(putchar.o)
 .ARM.attributes
                0x0000000000001118       0x2e c:/program files/microchip/xc32/v4.60/bin/bin/../../lib/gcc/pic32c/8.3.1/../../../../pic32c/lib/thumb/v6-m/nofp\libg-musl.a(puts.o)
 .ARM.attributes
                0x0000000000001146       0x2e c:/program files/microchip/xc32/v4.60/bin/bin/../../lib/gcc/pic32c/8.3.1/../../../../pic32c/lib/thumb/v6-m/nofp\libg-musl.a(setbuf.o)
 .ARM.attributes
                0x0000000000001174       0x2e c:/program files/microchip/xc32/v4.60/bin/bin/../../lib/gcc/pic32c/8.3.1/../../../../pic32c/lib/thumb/v6-m/nofp\libg-musl.a(atoi.o)
 .ARM.attributes
                0x00000000000011a2       0x2e c:/program files/microchip/xc32/v4.60/bin/bin/../../lib/gcc/pic32c/8.3.1/../../../../pic32c/lib/thumb/v6-m/nofp\libg-musl.a(tolower.o)
 .ARM.attributes
                0x00000000000011d0       0x2e c:/program files/microchip/xc32/v4.60/bin/bin/../../lib/gcc/pic32c/8.3.1/../../../../pic32c/lib/thumb/v6-m/nofp\libg-musl.a(toupper.o)
 .ARM.attributes
                0x00000000000011fe       0x2e c:/program files/microchip/xc32/v4.60/bin/bin/../../lib/gcc/pic32c/8.3.1/../../../../pic32c/lib/thumb/v6-m/nofp\libg-musl.a(__environ.o)
 .ARM.attributes
                0x000000000000122c       0x2e c:/program files/microchip/xc32/v4.60/bin/bin/../../lib/gcc/pic32c/8.3.1/../../../../pic32c/lib/thumb/v6-m/nofp\libg-musl.a(__int_vfprintf.o)
 .ARM.attributes
                0x000000000000125a       0x2e c:/program files/microchip/xc32/v4.60/bin/bin/../../lib/gcc/pic32c/8.3.1/../../../../pic32c/lib/thumb/v6-m/nofp\libg-musl.a(__int_vsprintf.o)
 .ARM.attributes
                0x0000000000001288       0x2e c:/program files/microchip/xc32/v4.60/bin/bin/../../lib/gcc/pic32c/8.3.1/../../../../pic32c/lib/thumb/v6-m/nofp\libg-musl.a(fputs.o)
 .ARM.attributes
                0x00000000000012b6       0x2e c:/program files/microchip/xc32/v4.60/bin/bin/../../lib/gcc/pic32c/8.3.1/../../../../pic32c/lib/thumb/v6-m/nofp\libg-musl.a(__cvt_u.o)
 .ARM.attributes
                0x00000000000012e4       0x2e c:/program files/microchip/xc32/v4.60/bin/bin/../../lib/gcc/pic32c/8.3.1/../../../../pic32c/lib/thumb/v6-m/nofp\libg-musl.a(__stdio_read.o)
 .ARM.attributes
                0x0000000000001312       0x2e c:/program files/microchip/xc32/v4.60/bin/bin/../../lib/gcc/pic32c/8.3.1/../../../../pic32c/lib/thumb/v6-m/nofp\libg-musl.a(__towrite_rw.o)
 .ARM.attributes
                0x0000000000001340       0x2e c:/program files/microchip/xc32/v4.60/bin/bin/../../lib/gcc/pic32c/8.3.1/../../../../pic32c/lib/thumb/v6-m/nofp\libg-musl.a(fwrite.o)
 .ARM.attributes
                0x000000000000136e       0x2e c:/program files/microchip/xc32/v4.60/bin/bin/../../lib/gcc/pic32c/8.3.1/../../../../pic32c/lib/thumb/v6-m/nofp\libg-musl.a(putc.o)
 .ARM.attributes
                0x000000000000139c       0x2e c:/program files/microchip/xc32/v4.60/bin/bin/../../lib/gcc/pic32c/8.3.1/../../../../pic32c/lib/thumb/v6-m/nofp\libg-musl.a(setvbuf.o)
 .ARM.attributes
                0x00000000000013ca       0x2e c:/program files/microchip/xc32/v4.60/bin/bin/../../lib/gcc/pic32c/8.3.1/../../../../pic32c/lib/thumb/v6-m/nofp\libg-musl.a(readv.o)
 .ARM.attributes
                0x00000000000013f8       0x2e c:/program files/microchip/xc32/v4.60/bin/bin/../../lib/gcc/pic32c/8.3.1/../../../../pic32c/lib/thumb/v6-m/nofp\libg-musl.a(__int_vsnprintf.o)
 .ARM.attributes
                0x0000000000001426       0x2e c:/program files/microchip/xc32/v4.60/bin/bin/../../lib/gcc/pic32c/8.3.1/../../../../pic32c/lib/thumb/v6-m/nofp\libg-musl.a(__init_stdio.o)
 .ARM.attributes
                0x0000000000001454       0x2e c:/program files/microchip/xc32/v4.60/bin/bin/../../lib/gcc/pic32c/8.3.1/../../../../pic32c/lib/thumb/v6-m/nofp\libg-musl.a(__out.o)
 .ARM.attributes
                0x0000000000001482       0x2e c:/program files/microchip/xc32/v4.60/bin/bin/../../lib/gcc/pic32c/8.3.1/../../../../pic32c/lib/thumb/v6-m/nofp\libg-musl.a(__putc.o)
 .ARM.attributes
                0x00000000000014b0       0x2e c:/program files/microchip/xc32/v4.60/bin/bin/../../lib/gcc/pic32c/8.3.1/../../../../pic32c/lib/thumb/v6-m/nofp\libg-musl.a(__stderr.o)
 .ARM.attributes
                0x00000000000014de       0x2e c:/program files/microchip/xc32/v4.60/bin/bin/../../lib/gcc/pic32c/8.3.1/../../../../pic32c/lib/thumb/v6-m/nofp\libg-musl.a(__stdio_close.o)
 .ARM.attributes
                0x000000000000150c       0x2e c:/program files/microchip/xc32/v4.60/bin/bin/../../lib/gcc/pic32c/8.3.1/../../../../pic32c/lib/thumb/v6-m/nofp\libg-musl.a(__stdio_write.o)
 .ARM.attributes
                0x000000000000153a       0x2e c:/program files/microchip/xc32/v4.60/bin/bin/../../lib/gcc/pic32c/8.3.1/../../../../pic32c/lib/thumb/v6-m/nofp\libg-musl.a(__stdout.o)
 .ARM.attributes
                0x0000000000001568       0x2e c:/program files/microchip/xc32/v4.60/bin/bin/../../lib/gcc/pic32c/8.3.1/../../../../pic32c/lib/thumb/v6-m/nofp\libg-musl.a(__towrite.o)
 .ARM.attributes
                0x0000000000001596       0x2e c:/program files/microchip/xc32/v4.60/bin/bin/../../lib/gcc/pic32c/8.3.1/../../../../pic32c/lib/thumb/v6-m/nofp\libg-musl.a(writev.o)
 .ARM.attributes
                0x00000000000015c4       0x2e c:/program files/microchip/xc32/v4.60/bin/bin/../../lib/gcc/pic32c/8.3.1/../../../../pic32c/lib/thumb/v6-m/nofp\libg-musl.a(__overflow.o)
 .ARM.attributes
                0x00000000000015f2       0x2e c:/program files/microchip/xc32/v4.60/bin/bin/../../lib/gcc/pic32c/8.3.1/../../../../pic32c/lib/thumb/v6-m/nofp\libg-musl.a(__fwrite.o)
 .ARM.attributes
                0x0000000000001620       0x2c c:/program files/microchip/xc32/v4.60/bin/bin/../../lib/gcc/pic32c/8.3.1/../../../../pic32c/lib/thumb/v6-m/nofp\libm-fast-emfloat.a(fma.o)
 .ARM.attributes
                0x000000000000164c       0x2c c:/program files/microchip/xc32/v4.60/bin/bin/../../lib/gcc/pic32c/8.3.1/../../../../pic32c/lib/thumb/v6-m/nofp\libm-fast-emfloat.a(floor.o)
 .ARM.attributes
                0x0000000000001678       0x1c c:/program files/microchip/xc32/v4.60/bin/bin/../../lib/gcc/pic32c/8.3.1/../../../../pic32c/lib/thumb/v6-m/nofp\libm-fast-emfloat.a(__aeabi_dcmple.o)
 .ARM.attributes
                0x0000000000001694       0x1e c:/program files/microchip/xc32/v4.60/bin/bin/../../lib/gcc/pic32c/8.3.1/thumb/v6-m/nofp\libgcc.a(_udivsi3.o)
 .ARM.attributes
                0x00000000000016b2       0x1e c:/program files/microchip/xc32/v4.60/bin/bin/../../lib/gcc/pic32c/8.3.1/thumb/v6-m/nofp\libgcc.a(_divsi3.o)
 .ARM.attributes
                0x00000000000016d0       0x1e c:/program files/microchip/xc32/v4.60/bin/bin/../../lib/gcc/pic32c/8.3.1/thumb/v6-m/nofp\libgcc.a(_dvmd_tls.o)
 .ARM.attributes
                0x00000000000016ee       0x1e c:/program files/microchip/xc32/v4.60/bin/bin/../../lib/gcc/pic32c/8.3.1/thumb/v6-m/nofp\libgcc.a(_aeabi_ldivmod.o)
 .ARM.attributes
                0x000000000000170c       0x1e c:/program files/microchip/xc32/v4.60/bin/bin/../../lib/gcc/pic32c/8.3.1/thumb/v6-m/nofp\libgcc.a(_aeabi_uldivmod.o)
 .ARM.attributes
                0x000000000000172a       0x2c c:/program files/microchip/xc32/v4.60/bin/bin/../../lib/gcc/pic32c/8.3.1/thumb/v6-m/nofp\libgcc.a(_muldi3.o)
 .ARM.attributes
                0x0000000000001756       0x2c c:/program files/microchip/xc32/v4.60/bin/bin/../../lib/gcc/pic32c/8.3.1/thumb/v6-m/nofp\libgcc.a(_udivmoddi4.o)
 .ARM.attributes
                0x0000000000001782       0x2c c:/program files/microchip/xc32/v4.60/bin/bin/../../lib/gcc/pic32c/8.3.1/thumb/v6-m/nofp\libgcc.a(bpabi.o)
 .ARM.attributes
                0x00000000000017ae       0x1e c:/program files/microchip/xc32/v4.60/bin/bin/../../lib/gcc/pic32c/8.3.1/thumb/v6-m/nofp\libgcc.a(_lshrdi3.o)
 .ARM.attributes
                0x00000000000017cc       0x1e c:/program files/microchip/xc32/v4.60/bin/bin/../../lib/gcc/pic32c/8.3.1/thumb/v6-m/nofp\libgcc.a(_ashldi3.o)
 .ARM.attributes
                0x00000000000017ea       0x1e c:/program files/microchip/xc32/v4.60/bin/bin/../../lib/gcc/pic32c/8.3.1/thumb/v6-m/nofp\libgcc.a(_clzdi2.o)
 .ARM.attributes
                0x0000000000001808       0x2c c:/program files/microchip/xc32/v4.60/bin/bin/../../lib/gcc/pic32c/8.3.1/thumb/v6-m/nofp\libgcc.a(_divdi3.o)
 .ARM.attributes
                0x0000000000001834       0x1e c:/program files/microchip/xc32/v4.60/bin/bin/../../lib/gcc/pic32c/8.3.1/thumb/v6-m/nofp\libgcc.a(_clzsi2.o)
 .ARM.attributes
                0x0000000000001852       0x2c c:/program files/microchip/xc32/v4.60/bin/bin/../../lib/gcc/pic32c/8.3.1/../../../../pic32c/lib/thumb/v6-m/nofp\libpic32c.a(close.o)
 .ARM.attributes
                0x000000000000187e       0x2c c:/program files/microchip/xc32/v4.60/bin/bin/../../lib/gcc/pic32c/8.3.1/../../../../pic32c/lib/thumb/v6-m/nofp\libpic32c.a(lseek.o)
 .ARM.attributes
                0x00000000000018aa       0x2c c:/program files/microchip/xc32/v4.60/bin/bin/../../lib/gcc/pic32c/8.3.1/../../../../pic32c/lib/thumb/v6-m/nofp\libpic32c.a(read.o)
 .ARM.attributes
                0x00000000000018d6       0x2c c:/program files/microchip/xc32/v4.60/bin/bin/../../lib/gcc/pic32c/8.3.1/../../../../pic32c/lib/thumb/v6-m/nofp\libpic32c.a(write.o)
 .ARM.attributes
                0x0000000000001902       0x2e c:/program files/microchip/xc32/v4.60/bin/bin/../../lib/gcc/pic32c/8.3.1/../../../../pic32c/lib/thumb/v6-m/nofp\libc-size-musl.a(strlen.o)
 .ARM.attributes
                0x0000000000001930       0x2e c:/program files/microchip/xc32/v4.60/bin/bin/../../lib/gcc/pic32c/8.3.1/../../../../pic32c/lib/thumb/v6-m/nofp\libc-size-musl.a(strcpy.o)
 .ARM.attributes
                0x000000000000195e       0x2e c:/program files/microchip/xc32/v4.60/bin/bin/../../lib/gcc/pic32c/8.3.1/../../../../pic32c/lib/thumb/v6-m/nofp\libc-size-musl.a(stpcpy.o)
 .ARM.attributes
                0x000000000000198c       0x2e c:/program files/microchip/xc32/v4.60/bin/bin/../../lib/gcc/pic32c/8.3.1/../../../../pic32c/lib/thumb/v6-m/nofp\liblmalloc-musl.a(lite_malloc.o)
 .ARM.attributes
                0x00000000000019ba       0x2e c:/program files/microchip/xc32/v4.60/bin/bin/../../lib/gcc/pic32c/8.3.1/../../../../pic32c/lib/thumb/v6-m/nofp\liblmalloc-musl.a(lite_free.o)
 .ARM.attributes
                0x00000000000019e8       0x2e c:/program files/microchip/xc32/v4.60/bin/bin/../../lib/gcc/pic32c/8.3.1/../../../../pic32c/lib/thumb/v6-m/nofp\libg-musl.a(expand_heap.o)
 .ARM.attributes
                0x0000000000001a16       0x2c c:/program files/microchip/xc32/v4.60/bin/bin/../../lib/gcc/pic32c/8.3.1/../../../../pic32c/lib/thumb/v6-m/nofp\libpic32c.a(sbrk.o)
 .ARM.attributes
                0x0000000000001a42       0x1e c:/program files/microchip/xc32/v4.60/bin/bin/../../lib/gcc/pic32c/8.3.1/thumb/v6-m/nofp/crtn.o
 .ARM.attributes
                0x0000000000001a60       0x2c c:/program files/microchip/xc32/v4.60/bin/bin/../../lib/gcc/pic32c/8.3.1/../../../../pic32c/lib/thumb/v6-m/nofp\libpic32c.a(pic32_data_init_clear.o)
 .ARM.attributes
                0x0000000000001a8c       0x2c c:/program files/microchip/xc32/v4.60/bin/bin/../../lib/gcc/pic32c/8.3.1/../../../../pic32c/lib/thumb/v6-m/nofp\libpic32c.a(pic32_data_init_copy.o)

.comment        0x0000000000000000       0x2b
 .comment       0x0000000000000000       0x2b c:/program files/microchip/xc32/v4.60/bin/bin/../../lib/gcc/pic32c/8.3.1/thumb/v6-m/nofp/crtbegin.o
                                         0x2c (size before relaxing)
 .comment       0x000000000000002b       0x2c build/SAMD21_IOT_WG_ICM42688/debug/_ext/2048461350/icm42688_sensor.o
 .comment       0x000000000000002b       0x2c build/SAMD21_IOT_WG_ICM42688/debug/_ext/1750425231/plib_clock.o
 .comment       0x000000000000002b       0x2c build/SAMD21_IOT_WG_ICM42688/debug/_ext/503204096/plib_eic.o
 .comment       0x000000000000002b       0x2c build/SAMD21_IOT_WG_ICM42688/debug/_ext/1752574717/plib_evsys.o
 .comment       0x000000000000002b       0x2c build/SAMD21_IOT_WG_ICM42688/debug/_ext/1580823105/plib_nvic.o
 .comment       0x000000000000002b       0x2c build/SAMD21_IOT_WG_ICM42688/debug/_ext/11470383/plib_nvmctrl.o
 .comment       0x000000000000002b       0x2c build/SAMD21_IOT_WG_ICM42688/debug/_ext/1580876256/plib_port.o
 .comment       0x000000000000002b       0x2c build/SAMD21_IOT_WG_ICM42688/debug/_ext/1014017276/plib_sercom0_spi_master.o
 .comment       0x000000000000002b       0x2c build/SAMD21_IOT_WG_ICM42688/debug/_ext/177673482/plib_sercom5_usart.o
 .comment       0x000000000000002b       0x2c build/SAMD21_IOT_WG_ICM42688/debug/_ext/223004715/plib_systick.o
 .comment       0x000000000000002b       0x2c build/SAMD21_IOT_WG_ICM42688/debug/_ext/399410062/plib_tc3.o
 .comment       0x000000000000002b       0x2c build/SAMD21_IOT_WG_ICM42688/debug/_ext/1357625803/xc32_monitor.o
 .comment       0x000000000000002b       0x2c build/SAMD21_IOT_WG_ICM42688/debug/_ext/1832905403/initialization.o
 .comment       0x000000000000002b       0x2c build/SAMD21_IOT_WG_ICM42688/debug/_ext/1832905403/interrupts.o
 .comment       0x000000000000002b       0x2c build/SAMD21_IOT_WG_ICM42688/debug/_ext/1832905403/exceptions.o
 .comment       0x000000000000002b       0x2c build/SAMD21_IOT_WG_ICM42688/debug/_ext/1832905403/startup_xc32.o
 .comment       0x000000000000002b       0x2c build/SAMD21_IOT_WG_ICM42688/debug/_ext/1341251756/Icm426xxDriver_HL.o
 .comment       0x000000000000002b       0x2c build/SAMD21_IOT_WG_ICM42688/debug/_ext/1341251756/Icm426xxTransport.o
 .comment       0x000000000000002b       0x2c build/SAMD21_IOT_WG_ICM42688/debug/_ext/1360937237/main.o
 .comment       0x000000000000002b       0x2c build/SAMD21_IOT_WG_ICM42688/debug/_ext/1360937237/ringbuffer.o
 .comment       0x000000000000002b       0x2c build/SAMD21_IOT_WG_ICM42688/debug/_ext/26920679/fg_area_absolute_area_high_frequency.o
 .comment       0x000000000000002b       0x2c build/SAMD21_IOT_WG_ICM42688/debug/_ext/26920679/fg_area_total_area_low_frequency.o
 .comment       0x000000000000002b       0x2c build/SAMD21_IOT_WG_ICM42688/debug/_ext/26920679/fg_cross_p2p_difference.o
 .comment       0x000000000000002b       0x2c build/SAMD21_IOT_WG_ICM42688/debug/_ext/26920679/fg_cross_peak_location_difference.o
 .comment       0x000000000000002b       0x2c build/SAMD21_IOT_WG_ICM42688/debug/_ext/26920679/fg_stats_abs_mean.o
 .comment       0x000000000000002b       0x2c build/SAMD21_IOT_WG_ICM42688/debug/_ext/26920679/fg_stats_pct075.o
 .comment       0x000000000000002b       0x2c build/SAMD21_IOT_WG_ICM42688/debug/_ext/26920679/fg_stats_skewness.o
 .comment       0x000000000000002b       0x2c build/SAMD21_IOT_WG_ICM42688/debug/_ext/26920679/kb.o
 .comment       0x000000000000002b       0x2c build/SAMD21_IOT_WG_ICM42688/debug/_ext/26920679/kb_output.o
 .comment       0x000000000000002b       0x2c build/SAMD21_IOT_WG_ICM42688/debug/_ext/26920679/kb_pipeline.o
 .comment       0x000000000000002b       0x2c build/SAMD21_IOT_WG_ICM42688/debug/_ext/26920679/ma_symmetric.o
 .comment       0x000000000000002b       0x2c build/SAMD21_IOT_WG_ICM42688/debug/_ext/26920679/mean.o
 .comment       0x000000000000002b       0x2c build/SAMD21_IOT_WG_ICM42688/debug/_ext/26920679/rb.o
 .comment       0x000000000000002b       0x2c build/SAMD21_IOT_WG_ICM42688/debug/_ext/26920679/save_sensor_data.o
 .comment       0x000000000000002b       0x2c build/SAMD21_IOT_WG_ICM42688/debug/_ext/26920679/sg_windowing.o
 .comment       0x000000000000002b       0x2c build/SAMD21_IOT_WG_ICM42688/debug/_ext/26920679/sortarray.o
 .comment       0x000000000000002b       0x2c build/SAMD21_IOT_WG_ICM42688/debug/_ext/26920679/sorted_copy.o
 .comment       0x000000000000002b       0x2c build/SAMD21_IOT_WG_ICM42688/debug/_ext/26920679/stats_percentile_presorted.o
 .comment       0x000000000000002b       0x2c build/SAMD21_IOT_WG_ICM42688/debug/_ext/26920679/stat_moment.o
 .comment       0x000000000000002b       0x2c build/SAMD21_IOT_WG_ICM42688/debug/_ext/26920679/tree_ensemble.o
 .comment       0x000000000000002b       0x2c build/SAMD21_IOT_WG_ICM42688/debug/_ext/26920679/tree_ensemble_trained_models.o
 .comment       0x000000000000002b       0x2c build/SAMD21_IOT_WG_ICM42688/debug/_ext/26920679/tr_min_max_scale.o
 .comment       0x000000000000002b       0x2c build/SAMD21_IOT_WG_ICM42688/debug/_ext/26920679/tr_sensor_magnitude.o
 .comment       0x000000000000002b       0x2c build/SAMD21_IOT_WG_ICM42688/debug/_ext/26920679/utils_buffer_abssum.o
 .comment       0x000000000000002b       0x2c build/SAMD21_IOT_WG_ICM42688/debug/_ext/26920679/utils_buffer_argmax.o
 .comment       0x000000000000002b       0x2c build/SAMD21_IOT_WG_ICM42688/debug/_ext/26920679/utils_buffer_cumsum.o
 .comment       0x000000000000002b       0x2c build/SAMD21_IOT_WG_ICM42688/debug/_ext/26920679/utils_model_cross_difference.o
 .comment       0x000000000000002b       0x2c build/SAMD21_IOT_WG_ICM42688/debug/_ext/26920679/utils_tr_sensor.o
 .comment       0x000000000000002b       0x2c build/SAMD21_IOT_WG_ICM42688/debug/_ext/741007211/sml_recognition_run.o
 .comment       0x000000000000002b       0x2c c:/program files/microchip/xc32/v4.60/bin/bin/../../lib/gcc/pic32c/8.3.1/../../../../pic32c/lib/thumb/v6-m/nofp\libpic32c.a(data_init.o)
 .comment       0x000000000000002b       0x2c c:/program files/microchip/xc32/v4.60/bin/bin/../../lib/gcc/pic32c/8.3.1/../../../../pic32c/lib/thumb/v6-m/nofp\libc-size-musl.a(memcpy.o)
 .comment       0x000000000000002b       0x2c c:/program files/microchip/xc32/v4.60/bin/bin/../../lib/gcc/pic32c/8.3.1/../../../../pic32c/lib/thumb/v6-m/nofp\libc-size-musl.a(memset.o)
 .comment       0x000000000000002b       0x2c c:/program files/microchip/xc32/v4.60/bin/bin/../../lib/gcc/pic32c/8.3.1/../../../../pic32c/lib/thumb/v6-m/nofp\libm-fast-emfloat.a(modff.o)
 .comment       0x000000000000002b       0x2c c:/program files/microchip/xc32/v4.60/bin/bin/../../lib/gcc/pic32c/8.3.1/../../../../pic32c/lib/thumb/v6-m/nofp\libm-fast-emfloat.a(sqrt.o)
 .comment       0x000000000000002b       0x2c c:/program files/microchip/xc32/v4.60/bin/bin/../../lib/gcc/pic32c/8.3.1/../../../../pic32c/lib/thumb/v6-m/nofp\libm-fast-emfloat.a(pow.o)
 .comment       0x000000000000002b       0x2c c:/program files/microchip/xc32/v4.60/bin/bin/../../lib/gcc/pic32c/8.3.1/../../../../pic32c/lib/thumb/v6-m/nofp\libm-fast-emfloat.a(__SEGGER_RTL_kahan_aT2.o)
 .comment       0x000000000000002b       0x2c c:/program files/microchip/xc32/v4.60/bin/bin/../../lib/gcc/pic32c/8.3.1/../../../../pic32c/lib/thumb/v6-m/nofp\libm-fast-emfloat.a(__SEGGER_RTL_float64_PolyEvalP.o)
 .comment       0x000000000000002b       0x2c c:/program files/microchip/xc32/v4.60/bin/bin/../../lib/gcc/pic32c/8.3.1/../../../../pic32c/lib/thumb/v6-m/nofp\libm-fast-emfloat.a(ldexp.o)
 .comment       0x000000000000002b       0x2c c:/program files/microchip/xc32/v4.60/bin/bin/../../lib/gcc/pic32c/8.3.1/../../../../pic32c/lib/thumb/v6-m/nofp\libm-fast-emfloat.a(log.o)
 .comment       0x000000000000002b       0x2c c:/program files/microchip/xc32/v4.60/bin/bin/../../lib/gcc/pic32c/8.3.1/../../../../pic32c/lib/thumb/v6-m/nofp\libm-fast-emfloat.a(exp.o)
 .comment       0x000000000000002b       0x2c c:/program files/microchip/xc32/v4.60/bin/bin/../../lib/gcc/pic32c/8.3.1/../../../../pic32c/lib/thumb/v6-m/nofp\libm-fast-emfloat.a(__SEGGER_RTL_float64_Log.o)
 .comment       0x000000000000002b       0x2c c:/program files/microchip/xc32/v4.60/bin/bin/../../lib/gcc/pic32c/8.3.1/../../../../pic32c/lib/thumb/v6-m/nofp\libm-fast-emfloat.a(__SEGGER_RTL_float64_PolyEvalQ.o)
 .comment       0x000000000000002b       0x2c c:/program files/microchip/xc32/v4.60/bin/bin/../../lib/gcc/pic32c/8.3.1/../../../../pic32c/lib/thumb/v6-m/nofp\libm-fast-emfloat.a(frexp.o)
 .comment       0x000000000000002b       0x2c c:/program files/microchip/xc32/v4.60/bin/bin/../../lib/gcc/pic32c/8.3.1/../../../../pic32c/lib/thumb/v6-m/nofp\libg-musl.a(__libc_start_main.o)
 .comment       0x000000000000002b       0x2c c:/program files/microchip/xc32/v4.60/bin/bin/../../lib/gcc/pic32c/8.3.1/../../../../pic32c/lib/thumb/v6-m/nofp\libg-musl.a(__errno_location.o)
 .comment       0x000000000000002b       0x2c c:/program files/microchip/xc32/v4.60/bin/bin/../../lib/gcc/pic32c/8.3.1/../../../../pic32c/lib/thumb/v6-m/nofp\libg-musl.a(libc.o)
 .comment       0x000000000000002b       0x2c c:/program files/microchip/xc32/v4.60/bin/bin/../../lib/gcc/pic32c/8.3.1/../../../../pic32c/lib/thumb/v6-m/nofp\libg-musl.a(__sio_printf_cdeEfFgGnpsxX.o)
 .comment       0x000000000000002b       0x2c c:/program files/microchip/xc32/v4.60/bin/bin/../../lib/gcc/pic32c/8.3.1/../../../../pic32c/lib/thumb/v6-m/nofp\libg-musl.a(__sio_sprintf_cdeEfFgGnpsxX.o)
 .comment       0x000000000000002b       0x2c c:/program files/microchip/xc32/v4.60/bin/bin/../../lib/gcc/pic32c/8.3.1/../../../../pic32c/lib/thumb/v6-m/nofp\libg-musl.a(__fmt_d.o)
 .comment       0x000000000000002b       0x2c c:/program files/microchip/xc32/v4.60/bin/bin/../../lib/gcc/pic32c/8.3.1/../../../../pic32c/lib/thumb/v6-m/nofp\libg-musl.a(__fmt_fp.o)
 .comment       0x000000000000002b       0x2c c:/program files/microchip/xc32/v4.60/bin/bin/../../lib/gcc/pic32c/8.3.1/../../../../pic32c/lib/thumb/v6-m/nofp\libg-musl.a(__fmt_s.o)
 .comment       0x000000000000002b       0x2c c:/program files/microchip/xc32/v4.60/bin/bin/../../lib/gcc/pic32c/8.3.1/../../../../pic32c/lib/thumb/v6-m/nofp\libg-musl.a(__fmt_x.o)
 .comment       0x000000000000002b       0x2c c:/program files/microchip/xc32/v4.60/bin/bin/../../lib/gcc/pic32c/8.3.1/../../../../pic32c/lib/thumb/v6-m/nofp\libg-musl.a(__pop_float.o)
 .comment       0x000000000000002b       0x2c c:/program files/microchip/xc32/v4.60/bin/bin/../../lib/gcc/pic32c/8.3.1/../../../../pic32c/lib/thumb/v6-m/nofp\libg-musl.a(__pop_int.o)
 .comment       0x000000000000002b       0x2c c:/program files/microchip/xc32/v4.60/bin/bin/../../lib/gcc/pic32c/8.3.1/../../../../pic32c/lib/thumb/v6-m/nofp\libg-musl.a(__pop_ptr.o)
 .comment       0x000000000000002b       0x2c c:/program files/microchip/xc32/v4.60/bin/bin/../../lib/gcc/pic32c/8.3.1/../../../../pic32c/lib/thumb/v6-m/nofp\libg-musl.a(__printf_core.o)
 .comment       0x000000000000002b       0x2c c:/program files/microchip/xc32/v4.60/bin/bin/../../lib/gcc/pic32c/8.3.1/../../../../pic32c/lib/thumb/v6-m/nofp\libg-musl.a(stdin.o)
 .comment       0x000000000000002b       0x2c c:/program files/microchip/xc32/v4.60/bin/bin/../../lib/gcc/pic32c/8.3.1/../../../../pic32c/lib/thumb/v6-m/nofp\libg-musl.a(stdout.o)
 .comment       0x000000000000002b       0x2c c:/program files/microchip/xc32/v4.60/bin/bin/../../lib/gcc/pic32c/8.3.1/../../../../pic32c/lib/thumb/v6-m/nofp\libg-musl.a(putchar.o)
 .comment       0x000000000000002b       0x2c c:/program files/microchip/xc32/v4.60/bin/bin/../../lib/gcc/pic32c/8.3.1/../../../../pic32c/lib/thumb/v6-m/nofp\libg-musl.a(puts.o)
 .comment       0x000000000000002b       0x2c c:/program files/microchip/xc32/v4.60/bin/bin/../../lib/gcc/pic32c/8.3.1/../../../../pic32c/lib/thumb/v6-m/nofp\libg-musl.a(setbuf.o)
 .comment       0x000000000000002b       0x2c c:/program files/microchip/xc32/v4.60/bin/bin/../../lib/gcc/pic32c/8.3.1/../../../../pic32c/lib/thumb/v6-m/nofp\libg-musl.a(atoi.o)
 .comment       0x000000000000002b       0x2c c:/program files/microchip/xc32/v4.60/bin/bin/../../lib/gcc/pic32c/8.3.1/../../../../pic32c/lib/thumb/v6-m/nofp\libg-musl.a(tolower.o)
 .comment       0x000000000000002b       0x2c c:/program files/microchip/xc32/v4.60/bin/bin/../../lib/gcc/pic32c/8.3.1/../../../../pic32c/lib/thumb/v6-m/nofp\libg-musl.a(toupper.o)
 .comment       0x000000000000002b       0x2c c:/program files/microchip/xc32/v4.60/bin/bin/../../lib/gcc/pic32c/8.3.1/../../../../pic32c/lib/thumb/v6-m/nofp\libg-musl.a(__environ.o)
 .comment       0x000000000000002b       0x2c c:/program files/microchip/xc32/v4.60/bin/bin/../../lib/gcc/pic32c/8.3.1/../../../../pic32c/lib/thumb/v6-m/nofp\libg-musl.a(__int_vfprintf.o)
 .comment       0x000000000000002b       0x2c c:/program files/microchip/xc32/v4.60/bin/bin/../../lib/gcc/pic32c/8.3.1/../../../../pic32c/lib/thumb/v6-m/nofp\libg-musl.a(__int_vsprintf.o)
 .comment       0x000000000000002b       0x2c c:/program files/microchip/xc32/v4.60/bin/bin/../../lib/gcc/pic32c/8.3.1/../../../../pic32c/lib/thumb/v6-m/nofp\libg-musl.a(fputs.o)
 .comment       0x000000000000002b       0x2c c:/program files/microchip/xc32/v4.60/bin/bin/../../lib/gcc/pic32c/8.3.1/../../../../pic32c/lib/thumb/v6-m/nofp\libg-musl.a(__cvt_u.o)
 .comment       0x000000000000002b       0x2c c:/program files/microchip/xc32/v4.60/bin/bin/../../lib/gcc/pic32c/8.3.1/../../../../pic32c/lib/thumb/v6-m/nofp\libg-musl.a(__stdio_read.o)
 .comment       0x000000000000002b       0x2c c:/program files/microchip/xc32/v4.60/bin/bin/../../lib/gcc/pic32c/8.3.1/../../../../pic32c/lib/thumb/v6-m/nofp\libg-musl.a(__towrite_rw.o)
 .comment       0x000000000000002b       0x2c c:/program files/microchip/xc32/v4.60/bin/bin/../../lib/gcc/pic32c/8.3.1/../../../../pic32c/lib/thumb/v6-m/nofp\libg-musl.a(fwrite.o)
 .comment       0x000000000000002b       0x2c c:/program files/microchip/xc32/v4.60/bin/bin/../../lib/gcc/pic32c/8.3.1/../../../../pic32c/lib/thumb/v6-m/nofp\libg-musl.a(putc.o)
 .comment       0x000000000000002b       0x2c c:/program files/microchip/xc32/v4.60/bin/bin/../../lib/gcc/pic32c/8.3.1/../../../../pic32c/lib/thumb/v6-m/nofp\libg-musl.a(setvbuf.o)
 .comment       0x000000000000002b       0x2c c:/program files/microchip/xc32/v4.60/bin/bin/../../lib/gcc/pic32c/8.3.1/../../../../pic32c/lib/thumb/v6-m/nofp\libg-musl.a(readv.o)
 .comment       0x000000000000002b       0x2c c:/program files/microchip/xc32/v4.60/bin/bin/../../lib/gcc/pic32c/8.3.1/../../../../pic32c/lib/thumb/v6-m/nofp\libg-musl.a(__int_vsnprintf.o)
 .comment       0x000000000000002b       0x2c c:/program files/microchip/xc32/v4.60/bin/bin/../../lib/gcc/pic32c/8.3.1/../../../../pic32c/lib/thumb/v6-m/nofp\libg-musl.a(__init_stdio.o)
 .comment       0x000000000000002b       0x2c c:/program files/microchip/xc32/v4.60/bin/bin/../../lib/gcc/pic32c/8.3.1/../../../../pic32c/lib/thumb/v6-m/nofp\libg-musl.a(__out.o)
 .comment       0x000000000000002b       0x2c c:/program files/microchip/xc32/v4.60/bin/bin/../../lib/gcc/pic32c/8.3.1/../../../../pic32c/lib/thumb/v6-m/nofp\libg-musl.a(__putc.o)
 .comment       0x000000000000002b       0x2c c:/program files/microchip/xc32/v4.60/bin/bin/../../lib/gcc/pic32c/8.3.1/../../../../pic32c/lib/thumb/v6-m/nofp\libg-musl.a(__stderr.o)
 .comment       0x000000000000002b       0x2c c:/program files/microchip/xc32/v4.60/bin/bin/../../lib/gcc/pic32c/8.3.1/../../../../pic32c/lib/thumb/v6-m/nofp\libg-musl.a(__stdio_close.o)
 .comment       0x000000000000002b       0x2c c:/program files/microchip/xc32/v4.60/bin/bin/../../lib/gcc/pic32c/8.3.1/../../../../pic32c/lib/thumb/v6-m/nofp\libg-musl.a(__stdio_write.o)
 .comment       0x000000000000002b       0x2c c:/program files/microchip/xc32/v4.60/bin/bin/../../lib/gcc/pic32c/8.3.1/../../../../pic32c/lib/thumb/v6-m/nofp\libg-musl.a(__stdout.o)
 .comment       0x000000000000002b       0x2c c:/program files/microchip/xc32/v4.60/bin/bin/../../lib/gcc/pic32c/8.3.1/../../../../pic32c/lib/thumb/v6-m/nofp\libg-musl.a(__towrite.o)
 .comment       0x000000000000002b       0x2c c:/program files/microchip/xc32/v4.60/bin/bin/../../lib/gcc/pic32c/8.3.1/../../../../pic32c/lib/thumb/v6-m/nofp\libg-musl.a(writev.o)
 .comment       0x000000000000002b       0x2c c:/program files/microchip/xc32/v4.60/bin/bin/../../lib/gcc/pic32c/8.3.1/../../../../pic32c/lib/thumb/v6-m/nofp\libg-musl.a(__overflow.o)
 .comment       0x000000000000002b       0x2c c:/program files/microchip/xc32/v4.60/bin/bin/../../lib/gcc/pic32c/8.3.1/../../../../pic32c/lib/thumb/v6-m/nofp\libg-musl.a(__fwrite.o)
 .comment       0x000000000000002b       0x2c c:/program files/microchip/xc32/v4.60/bin/bin/../../lib/gcc/pic32c/8.3.1/../../../../pic32c/lib/thumb/v6-m/nofp\libm-fast-emfloat.a(fma.o)
 .comment       0x000000000000002b       0x2c c:/program files/microchip/xc32/v4.60/bin/bin/../../lib/gcc/pic32c/8.3.1/../../../../pic32c/lib/thumb/v6-m/nofp\libm-fast-emfloat.a(floor.o)
 .comment       0x000000000000002b       0x2c c:/program files/microchip/xc32/v4.60/bin/bin/../../lib/gcc/pic32c/8.3.1/thumb/v6-m/nofp\libgcc.a(_muldi3.o)
 .comment       0x000000000000002b       0x2c c:/program files/microchip/xc32/v4.60/bin/bin/../../lib/gcc/pic32c/8.3.1/thumb/v6-m/nofp\libgcc.a(_udivmoddi4.o)
 .comment       0x000000000000002b       0x2c c:/program files/microchip/xc32/v4.60/bin/bin/../../lib/gcc/pic32c/8.3.1/thumb/v6-m/nofp\libgcc.a(bpabi.o)
 .comment       0x000000000000002b       0x2c c:/program files/microchip/xc32/v4.60/bin/bin/../../lib/gcc/pic32c/8.3.1/thumb/v6-m/nofp\libgcc.a(_divdi3.o)
 .comment       0x000000000000002b       0x2c c:/program files/microchip/xc32/v4.60/bin/bin/../../lib/gcc/pic32c/8.3.1/../../../../pic32c/lib/thumb/v6-m/nofp\libpic32c.a(close.o)
 .comment       0x000000000000002b       0x2c c:/program files/microchip/xc32/v4.60/bin/bin/../../lib/gcc/pic32c/8.3.1/../../../../pic32c/lib/thumb/v6-m/nofp\libpic32c.a(lseek.o)
 .comment       0x000000000000002b       0x2c c:/program files/microchip/xc32/v4.60/bin/bin/../../lib/gcc/pic32c/8.3.1/../../../../pic32c/lib/thumb/v6-m/nofp\libpic32c.a(read.o)
 .comment       0x000000000000002b       0x2c c:/program files/microchip/xc32/v4.60/bin/bin/../../lib/gcc/pic32c/8.3.1/../../../../pic32c/lib/thumb/v6-m/nofp\libpic32c.a(write.o)
 .comment       0x000000000000002b       0x2c c:/program files/microchip/xc32/v4.60/bin/bin/../../lib/gcc/pic32c/8.3.1/../../../../pic32c/lib/thumb/v6-m/nofp\libc-size-musl.a(strlen.o)
 .comment       0x000000000000002b       0x2c c:/program files/microchip/xc32/v4.60/bin/bin/../../lib/gcc/pic32c/8.3.1/../../../../pic32c/lib/thumb/v6-m/nofp\libc-size-musl.a(strcpy.o)
 .comment       0x000000000000002b       0x2c c:/program files/microchip/xc32/v4.60/bin/bin/../../lib/gcc/pic32c/8.3.1/../../../../pic32c/lib/thumb/v6-m/nofp\libc-size-musl.a(stpcpy.o)
 .comment       0x000000000000002b       0x2c c:/program files/microchip/xc32/v4.60/bin/bin/../../lib/gcc/pic32c/8.3.1/../../../../pic32c/lib/thumb/v6-m/nofp\liblmalloc-musl.a(lite_malloc.o)
 .comment       0x000000000000002b       0x2c c:/program files/microchip/xc32/v4.60/bin/bin/../../lib/gcc/pic32c/8.3.1/../../../../pic32c/lib/thumb/v6-m/nofp\liblmalloc-musl.a(lite_free.o)
 .comment       0x000000000000002b       0x2c c:/program files/microchip/xc32/v4.60/bin/bin/../../lib/gcc/pic32c/8.3.1/../../../../pic32c/lib/thumb/v6-m/nofp\libg-musl.a(expand_heap.o)
 .comment       0x000000000000002b       0x2c c:/program files/microchip/xc32/v4.60/bin/bin/../../lib/gcc/pic32c/8.3.1/../../../../pic32c/lib/thumb/v6-m/nofp\libpic32c.a(sbrk.o)
 .comment       0x000000000000002b       0x2c c:/program files/microchip/xc32/v4.60/bin/bin/../../lib/gcc/pic32c/8.3.1/../../../../pic32c/lib/thumb/v6-m/nofp\libpic32c.a(pic32_data_init_clear.o)
 .comment       0x000000000000002b       0x2c c:/program files/microchip/xc32/v4.60/bin/bin/../../lib/gcc/pic32c/8.3.1/../../../../pic32c/lib/thumb/v6-m/nofp\libpic32c.a(pic32_data_init_copy.o)

.debug_info     0x0000000000000000    0x22ffc
 .debug_info    0x0000000000000000      0xdf1 build/SAMD21_IOT_WG_ICM42688/debug/_ext/2048461350/icm42688_sensor.o
 .debug_info    0x0000000000000df1      0x5d1 build/SAMD21_IOT_WG_ICM42688/debug/_ext/1750425231/plib_clock.o
 .debug_info    0x00000000000013c2      0x320 build/SAMD21_IOT_WG_ICM42688/debug/_ext/503204096/plib_eic.o
 .debug_info    0x00000000000016e2       0x97 build/SAMD21_IOT_WG_ICM42688/debug/_ext/1752574717/plib_evsys.o
 .debug_info    0x0000000000001779      0x6dd build/SAMD21_IOT_WG_ICM42688/debug/_ext/1580823105/plib_nvic.o
 .debug_info    0x0000000000001e56      0x414 build/SAMD21_IOT_WG_ICM42688/debug/_ext/11470383/plib_nvmctrl.o
 .debug_info    0x000000000000226a      0x682 build/SAMD21_IOT_WG_ICM42688/debug/_ext/1580876256/plib_port.o
 .debug_info    0x00000000000028ec      0xe68 build/SAMD21_IOT_WG_ICM42688/debug/_ext/1014017276/plib_sercom0_spi_master.o
 .debug_info    0x0000000000003754      0xeed build/SAMD21_IOT_WG_ICM42688/debug/_ext/177673482/plib_sercom5_usart.o
 .debug_info    0x0000000000004641      0x30f build/SAMD21_IOT_WG_ICM42688/debug/_ext/223004715/plib_systick.o
 .debug_info    0x0000000000004950      0x77e build/SAMD21_IOT_WG_ICM42688/debug/_ext/399410062/plib_tc3.o
 .debug_info    0x00000000000050ce      0x165 build/SAMD21_IOT_WG_ICM42688/debug/_ext/1357625803/xc32_monitor.o
 .debug_info    0x0000000000005233      0x396 build/SAMD21_IOT_WG_ICM42688/debug/_ext/1832905403/initialization.o
 .debug_info    0x00000000000055c9      0x3b2 build/SAMD21_IOT_WG_ICM42688/debug/_ext/1832905403/interrupts.o
 .debug_info    0x000000000000597b       0xb0 build/SAMD21_IOT_WG_ICM42688/debug/_ext/1832905403/exceptions.o
 .debug_info    0x0000000000005a2b      0x211 build/SAMD21_IOT_WG_ICM42688/debug/_ext/1832905403/startup_xc32.o
 .debug_info    0x0000000000005c3c     0x529a build/SAMD21_IOT_WG_ICM42688/debug/_ext/1341251756/Icm426xxDriver_HL.o
 .debug_info    0x000000000000aed6      0x6c6 build/SAMD21_IOT_WG_ICM42688/debug/_ext/1341251756/Icm426xxTransport.o
 .debug_info    0x000000000000b59c     0x1aae build/SAMD21_IOT_WG_ICM42688/debug/_ext/1360937237/main.o
 .debug_info    0x000000000000d04a      0x878 build/SAMD21_IOT_WG_ICM42688/debug/_ext/1360937237/ringbuffer.o
 .debug_info    0x000000000000d8c2      0x713 build/SAMD21_IOT_WG_ICM42688/debug/_ext/26920679/fg_area_absolute_area_high_frequency.o
 .debug_info    0x000000000000dfd5      0x713 build/SAMD21_IOT_WG_ICM42688/debug/_ext/26920679/fg_area_total_area_low_frequency.o
 .debug_info    0x000000000000e6e8      0x685 build/SAMD21_IOT_WG_ICM42688/debug/_ext/26920679/fg_cross_p2p_difference.o
 .debug_info    0x000000000000ed6d      0x692 build/SAMD21_IOT_WG_ICM42688/debug/_ext/26920679/fg_cross_peak_location_difference.o
 .debug_info    0x000000000000f3ff      0x6a0 build/SAMD21_IOT_WG_ICM42688/debug/_ext/26920679/fg_stats_abs_mean.o
 .debug_info    0x000000000000fa9f      0x6a6 build/SAMD21_IOT_WG_ICM42688/debug/_ext/26920679/fg_stats_pct075.o
 .debug_info    0x0000000000010145      0x6e8 build/SAMD21_IOT_WG_ICM42688/debug/_ext/26920679/fg_stats_skewness.o
 .debug_info    0x000000000001082d     0x2fd4 build/SAMD21_IOT_WG_ICM42688/debug/_ext/26920679/kb.o
 .debug_info    0x0000000000013801      0xcdf build/SAMD21_IOT_WG_ICM42688/debug/_ext/26920679/kb_output.o
 .debug_info    0x00000000000144e0      0xb49 build/SAMD21_IOT_WG_ICM42688/debug/_ext/26920679/kb_pipeline.o
 .debug_info    0x0000000000015029      0x8b6 build/SAMD21_IOT_WG_ICM42688/debug/_ext/26920679/ma_symmetric.o
 .debug_info    0x00000000000158df      0x2c8 build/SAMD21_IOT_WG_ICM42688/debug/_ext/26920679/mean.o
 .debug_info    0x0000000000015ba7      0x92a build/SAMD21_IOT_WG_ICM42688/debug/_ext/26920679/rb.o
 .debug_info    0x00000000000164d1      0x25a build/SAMD21_IOT_WG_ICM42688/debug/_ext/26920679/save_sensor_data.o
 .debug_info    0x000000000001672b      0x660 build/SAMD21_IOT_WG_ICM42688/debug/_ext/26920679/sg_windowing.o
 .debug_info    0x0000000000016d8b      0x137 build/SAMD21_IOT_WG_ICM42688/debug/_ext/26920679/sortarray.o
 .debug_info    0x0000000000016ec2      0x21d build/SAMD21_IOT_WG_ICM42688/debug/_ext/26920679/sorted_copy.o
 .debug_info    0x00000000000170df      0x1b3 build/SAMD21_IOT_WG_ICM42688/debug/_ext/26920679/stats_percentile_presorted.o
 .debug_info    0x0000000000017292      0x514 build/SAMD21_IOT_WG_ICM42688/debug/_ext/26920679/stat_moment.o
 .debug_info    0x00000000000177a6      0x55c build/SAMD21_IOT_WG_ICM42688/debug/_ext/26920679/tree_ensemble.o
 .debug_info    0x0000000000017d02     0x171e build/SAMD21_IOT_WG_ICM42688/debug/_ext/26920679/tree_ensemble_trained_models.o
 .debug_info    0x0000000000019420      0x264 build/SAMD21_IOT_WG_ICM42688/debug/_ext/26920679/tr_min_max_scale.o
 .debug_info    0x0000000000019684      0x1a4 build/SAMD21_IOT_WG_ICM42688/debug/_ext/26920679/tr_sensor_magnitude.o
 .debug_info    0x0000000000019828      0x1f3 build/SAMD21_IOT_WG_ICM42688/debug/_ext/26920679/utils_buffer_abssum.o
 .debug_info    0x0000000000019a1b      0x1f6 build/SAMD21_IOT_WG_ICM42688/debug/_ext/26920679/utils_buffer_argmax.o
 .debug_info    0x0000000000019c11      0x320 build/SAMD21_IOT_WG_ICM42688/debug/_ext/26920679/utils_buffer_cumsum.o
 .debug_info    0x0000000000019f31      0x735 build/SAMD21_IOT_WG_ICM42688/debug/_ext/26920679/utils_model_cross_difference.o
 .debug_info    0x000000000001a666      0x151 build/SAMD21_IOT_WG_ICM42688/debug/_ext/26920679/utils_tr_sensor.o
 .debug_info    0x000000000001a7b7      0x250 build/SAMD21_IOT_WG_ICM42688/debug/_ext/741007211/sml_recognition_run.o
 .debug_info    0x000000000001aa07       0x68 c:/program files/microchip/xc32/v4.60/bin/bin/../../lib/gcc/pic32c/8.3.1/../../../../pic32c/lib/thumb/v6-m/nofp\libpic32c.a(data_init.o)
 .debug_info    0x000000000001aa6f       0xed c:/program files/microchip/xc32/v4.60/bin/bin/../../lib/gcc/pic32c/8.3.1/../../../../pic32c/lib/thumb/v6-m/nofp\libc-size-musl.a(memcpy.o)
 .debug_info    0x000000000001ab5c       0xbb c:/program files/microchip/xc32/v4.60/bin/bin/../../lib/gcc/pic32c/8.3.1/../../../../pic32c/lib/thumb/v6-m/nofp\libc-size-musl.a(memset.o)
 .debug_info    0x000000000001ac17      0x2fb c:/program files/microchip/xc32/v4.60/bin/bin/../../lib/gcc/pic32c/8.3.1/../../../../pic32c/lib/thumb/v6-m/nofp\libg-musl.a(__libc_start_main.o)
 .debug_info    0x000000000001af12       0x5b c:/program files/microchip/xc32/v4.60/bin/bin/../../lib/gcc/pic32c/8.3.1/../../../../pic32c/lib/thumb/v6-m/nofp\libg-musl.a(__errno_location.o)
 .debug_info    0x000000000001af6d      0x276 c:/program files/microchip/xc32/v4.60/bin/bin/../../lib/gcc/pic32c/8.3.1/../../../../pic32c/lib/thumb/v6-m/nofp\libg-musl.a(libc.o)
 .debug_info    0x000000000001b1e3      0x216 c:/program files/microchip/xc32/v4.60/bin/bin/../../lib/gcc/pic32c/8.3.1/../../../../pic32c/lib/thumb/v6-m/nofp\libg-musl.a(__sio_printf_cdeEfFgGnpsxX.o)
 .debug_info    0x000000000001b3f9      0x203 c:/program files/microchip/xc32/v4.60/bin/bin/../../lib/gcc/pic32c/8.3.1/../../../../pic32c/lib/thumb/v6-m/nofp\libg-musl.a(__sio_sprintf_cdeEfFgGnpsxX.o)
 .debug_info    0x000000000001b5fc      0x330 c:/program files/microchip/xc32/v4.60/bin/bin/../../lib/gcc/pic32c/8.3.1/../../../../pic32c/lib/thumb/v6-m/nofp\libg-musl.a(__fmt_d.o)
 .debug_info    0x000000000001b92c      0x676 c:/program files/microchip/xc32/v4.60/bin/bin/../../lib/gcc/pic32c/8.3.1/../../../../pic32c/lib/thumb/v6-m/nofp\libg-musl.a(__fmt_fp.o)
 .debug_info    0x000000000001bfa2      0x2e9 c:/program files/microchip/xc32/v4.60/bin/bin/../../lib/gcc/pic32c/8.3.1/../../../../pic32c/lib/thumb/v6-m/nofp\libg-musl.a(__fmt_s.o)
 .debug_info    0x000000000001c28b      0x335 c:/program files/microchip/xc32/v4.60/bin/bin/../../lib/gcc/pic32c/8.3.1/../../../../pic32c/lib/thumb/v6-m/nofp\libg-musl.a(__fmt_x.o)
 .debug_info    0x000000000001c5c0      0x162 c:/program files/microchip/xc32/v4.60/bin/bin/../../lib/gcc/pic32c/8.3.1/../../../../pic32c/lib/thumb/v6-m/nofp\libg-musl.a(__pop_float.o)
 .debug_info    0x000000000001c722      0x183 c:/program files/microchip/xc32/v4.60/bin/bin/../../lib/gcc/pic32c/8.3.1/../../../../pic32c/lib/thumb/v6-m/nofp\libg-musl.a(__pop_int.o)
 .debug_info    0x000000000001c8a5      0x18d c:/program files/microchip/xc32/v4.60/bin/bin/../../lib/gcc/pic32c/8.3.1/../../../../pic32c/lib/thumb/v6-m/nofp\libg-musl.a(__pop_ptr.o)
 .debug_info    0x000000000001ca32      0xa6f c:/program files/microchip/xc32/v4.60/bin/bin/../../lib/gcc/pic32c/8.3.1/../../../../pic32c/lib/thumb/v6-m/nofp\libg-musl.a(__printf_core.o)
 .debug_info    0x000000000001d4a1      0x404 c:/program files/microchip/xc32/v4.60/bin/bin/../../lib/gcc/pic32c/8.3.1/../../../../pic32c/lib/thumb/v6-m/nofp\libg-musl.a(stdin.o)
 .debug_info    0x000000000001d8a5      0x1e9 c:/program files/microchip/xc32/v4.60/bin/bin/../../lib/gcc/pic32c/8.3.1/../../../../pic32c/lib/thumb/v6-m/nofp\libg-musl.a(stdout.o)
 .debug_info    0x000000000001da8e       0xd0 c:/program files/microchip/xc32/v4.60/bin/bin/../../lib/gcc/pic32c/8.3.1/../../../../pic32c/lib/thumb/v6-m/nofp\libg-musl.a(putchar.o)
 .debug_info    0x000000000001db5e      0x3ac c:/program files/microchip/xc32/v4.60/bin/bin/../../lib/gcc/pic32c/8.3.1/../../../../pic32c/lib/thumb/v6-m/nofp\libg-musl.a(puts.o)
 .debug_info    0x000000000001df0a       0xe6 c:/program files/microchip/xc32/v4.60/bin/bin/../../lib/gcc/pic32c/8.3.1/../../../../pic32c/lib/thumb/v6-m/nofp\libg-musl.a(setbuf.o)
 .debug_info    0x000000000001dff0       0xf4 c:/program files/microchip/xc32/v4.60/bin/bin/../../lib/gcc/pic32c/8.3.1/../../../../pic32c/lib/thumb/v6-m/nofp\libg-musl.a(atoi.o)
 .debug_info    0x000000000001e0e4      0x131 c:/program files/microchip/xc32/v4.60/bin/bin/../../lib/gcc/pic32c/8.3.1/../../../../pic32c/lib/thumb/v6-m/nofp\libg-musl.a(tolower.o)
 .debug_info    0x000000000001e215      0x131 c:/program files/microchip/xc32/v4.60/bin/bin/../../lib/gcc/pic32c/8.3.1/../../../../pic32c/lib/thumb/v6-m/nofp\libg-musl.a(toupper.o)
 .debug_info    0x000000000001e346       0x97 c:/program files/microchip/xc32/v4.60/bin/bin/../../lib/gcc/pic32c/8.3.1/../../../../pic32c/lib/thumb/v6-m/nofp\libg-musl.a(__environ.o)
 .debug_info    0x000000000001e3dd      0x1ff c:/program files/microchip/xc32/v4.60/bin/bin/../../lib/gcc/pic32c/8.3.1/../../../../pic32c/lib/thumb/v6-m/nofp\libg-musl.a(__int_vfprintf.o)
 .debug_info    0x000000000001e5dc      0x13f c:/program files/microchip/xc32/v4.60/bin/bin/../../lib/gcc/pic32c/8.3.1/../../../../pic32c/lib/thumb/v6-m/nofp\libg-musl.a(__int_vsprintf.o)
 .debug_info    0x000000000001e71b      0x3b6 c:/program files/microchip/xc32/v4.60/bin/bin/../../lib/gcc/pic32c/8.3.1/../../../../pic32c/lib/thumb/v6-m/nofp\libg-musl.a(fputs.o)
 .debug_info    0x000000000001ead1      0x1cf c:/program files/microchip/xc32/v4.60/bin/bin/../../lib/gcc/pic32c/8.3.1/../../../../pic32c/lib/thumb/v6-m/nofp\libg-musl.a(__cvt_u.o)
 .debug_info    0x000000000001eca0      0x3ef c:/program files/microchip/xc32/v4.60/bin/bin/../../lib/gcc/pic32c/8.3.1/../../../../pic32c/lib/thumb/v6-m/nofp\libg-musl.a(__stdio_read.o)
 .debug_info    0x000000000001f08f      0x331 c:/program files/microchip/xc32/v4.60/bin/bin/../../lib/gcc/pic32c/8.3.1/../../../../pic32c/lib/thumb/v6-m/nofp\libg-musl.a(__towrite_rw.o)
 .debug_info    0x000000000001f3c0      0x257 c:/program files/microchip/xc32/v4.60/bin/bin/../../lib/gcc/pic32c/8.3.1/../../../../pic32c/lib/thumb/v6-m/nofp\libg-musl.a(fwrite.o)
 .debug_info    0x000000000001f617      0x224 c:/program files/microchip/xc32/v4.60/bin/bin/../../lib/gcc/pic32c/8.3.1/../../../../pic32c/lib/thumb/v6-m/nofp\libg-musl.a(putc.o)
 .debug_info    0x000000000001f83b      0x2bd c:/program files/microchip/xc32/v4.60/bin/bin/../../lib/gcc/pic32c/8.3.1/../../../../pic32c/lib/thumb/v6-m/nofp\libg-musl.a(setvbuf.o)
 .debug_info    0x000000000001faf8      0x146 c:/program files/microchip/xc32/v4.60/bin/bin/../../lib/gcc/pic32c/8.3.1/../../../../pic32c/lib/thumb/v6-m/nofp\libg-musl.a(readv.o)
 .debug_info    0x000000000001fc3e      0x21a c:/program files/microchip/xc32/v4.60/bin/bin/../../lib/gcc/pic32c/8.3.1/../../../../pic32c/lib/thumb/v6-m/nofp\libg-musl.a(__int_vsnprintf.o)
 .debug_info    0x000000000001fe58       0xc3 c:/program files/microchip/xc32/v4.60/bin/bin/../../lib/gcc/pic32c/8.3.1/../../../../pic32c/lib/thumb/v6-m/nofp\libg-musl.a(__init_stdio.o)
 .debug_info    0x000000000001ff1b      0x2ba c:/program files/microchip/xc32/v4.60/bin/bin/../../lib/gcc/pic32c/8.3.1/../../../../pic32c/lib/thumb/v6-m/nofp\libg-musl.a(__out.o)
 .debug_info    0x00000000000201d5      0x28d c:/program files/microchip/xc32/v4.60/bin/bin/../../lib/gcc/pic32c/8.3.1/../../../../pic32c/lib/thumb/v6-m/nofp\libg-musl.a(__putc.o)
 .debug_info    0x0000000000020462      0x3a9 c:/program files/microchip/xc32/v4.60/bin/bin/../../lib/gcc/pic32c/8.3.1/../../../../pic32c/lib/thumb/v6-m/nofp\libg-musl.a(__stderr.o)
 .debug_info    0x000000000002080b      0x3fd c:/program files/microchip/xc32/v4.60/bin/bin/../../lib/gcc/pic32c/8.3.1/../../../../pic32c/lib/thumb/v6-m/nofp\libg-musl.a(__stdio_close.o)
 .debug_info    0x0000000000020c08      0x43e c:/program files/microchip/xc32/v4.60/bin/bin/../../lib/gcc/pic32c/8.3.1/../../../../pic32c/lib/thumb/v6-m/nofp\libg-musl.a(__stdio_write.o)
 .debug_info    0x0000000000021046      0x3a9 c:/program files/microchip/xc32/v4.60/bin/bin/../../lib/gcc/pic32c/8.3.1/../../../../pic32c/lib/thumb/v6-m/nofp\libg-musl.a(__stdout.o)
 .debug_info    0x00000000000213ef      0x275 c:/program files/microchip/xc32/v4.60/bin/bin/../../lib/gcc/pic32c/8.3.1/../../../../pic32c/lib/thumb/v6-m/nofp\libg-musl.a(__towrite.o)
 .debug_info    0x0000000000021664      0x146 c:/program files/microchip/xc32/v4.60/bin/bin/../../lib/gcc/pic32c/8.3.1/../../../../pic32c/lib/thumb/v6-m/nofp\libg-musl.a(writev.o)
 .debug_info    0x00000000000217aa      0x388 c:/program files/microchip/xc32/v4.60/bin/bin/../../lib/gcc/pic32c/8.3.1/../../../../pic32c/lib/thumb/v6-m/nofp\libg-musl.a(__overflow.o)
 .debug_info    0x0000000000021b32      0x2b7 c:/program files/microchip/xc32/v4.60/bin/bin/../../lib/gcc/pic32c/8.3.1/../../../../pic32c/lib/thumb/v6-m/nofp\libg-musl.a(__fwrite.o)
 .debug_info    0x0000000000021de9       0x26 c:/program files/microchip/xc32/v4.60/bin/bin/../../lib/gcc/pic32c/8.3.1/thumb/v6-m/nofp\libgcc.a(_udivsi3.o)
 .debug_info    0x0000000000021e0f       0x26 c:/program files/microchip/xc32/v4.60/bin/bin/../../lib/gcc/pic32c/8.3.1/thumb/v6-m/nofp\libgcc.a(_divsi3.o)
 .debug_info    0x0000000000021e35       0x26 c:/program files/microchip/xc32/v4.60/bin/bin/../../lib/gcc/pic32c/8.3.1/thumb/v6-m/nofp\libgcc.a(_dvmd_tls.o)
 .debug_info    0x0000000000021e5b       0x26 c:/program files/microchip/xc32/v4.60/bin/bin/../../lib/gcc/pic32c/8.3.1/thumb/v6-m/nofp\libgcc.a(_aeabi_ldivmod.o)
 .debug_info    0x0000000000021e81       0x26 c:/program files/microchip/xc32/v4.60/bin/bin/../../lib/gcc/pic32c/8.3.1/thumb/v6-m/nofp\libgcc.a(_aeabi_uldivmod.o)
 .debug_info    0x0000000000021ea7      0x243 c:/program files/microchip/xc32/v4.60/bin/bin/../../lib/gcc/pic32c/8.3.1/thumb/v6-m/nofp\libgcc.a(_muldi3.o)
 .debug_info    0x00000000000220ea      0x193 c:/program files/microchip/xc32/v4.60/bin/bin/../../lib/gcc/pic32c/8.3.1/thumb/v6-m/nofp\libgcc.a(_udivmoddi4.o)
 .debug_info    0x000000000002227d       0xd5 c:/program files/microchip/xc32/v4.60/bin/bin/../../lib/gcc/pic32c/8.3.1/thumb/v6-m/nofp\libgcc.a(bpabi.o)
 .debug_info    0x0000000000022352       0x26 c:/program files/microchip/xc32/v4.60/bin/bin/../../lib/gcc/pic32c/8.3.1/thumb/v6-m/nofp\libgcc.a(_lshrdi3.o)
 .debug_info    0x0000000000022378       0x26 c:/program files/microchip/xc32/v4.60/bin/bin/../../lib/gcc/pic32c/8.3.1/thumb/v6-m/nofp\libgcc.a(_ashldi3.o)
 .debug_info    0x000000000002239e       0x26 c:/program files/microchip/xc32/v4.60/bin/bin/../../lib/gcc/pic32c/8.3.1/thumb/v6-m/nofp\libgcc.a(_clzdi2.o)
 .debug_info    0x00000000000223c4      0x2e1 c:/program files/microchip/xc32/v4.60/bin/bin/../../lib/gcc/pic32c/8.3.1/thumb/v6-m/nofp\libgcc.a(_divdi3.o)
 .debug_info    0x00000000000226a5       0x26 c:/program files/microchip/xc32/v4.60/bin/bin/../../lib/gcc/pic32c/8.3.1/thumb/v6-m/nofp\libgcc.a(_clzsi2.o)
 .debug_info    0x00000000000226cb       0x3f c:/program files/microchip/xc32/v4.60/bin/bin/../../lib/gcc/pic32c/8.3.1/../../../../pic32c/lib/thumb/v6-m/nofp\libpic32c.a(close.o)
 .debug_info    0x000000000002270a       0x3f c:/program files/microchip/xc32/v4.60/bin/bin/../../lib/gcc/pic32c/8.3.1/../../../../pic32c/lib/thumb/v6-m/nofp\libpic32c.a(lseek.o)
 .debug_info    0x0000000000022749       0x40 c:/program files/microchip/xc32/v4.60/bin/bin/../../lib/gcc/pic32c/8.3.1/../../../../pic32c/lib/thumb/v6-m/nofp\libpic32c.a(read.o)
 .debug_info    0x0000000000022789       0x40 c:/program files/microchip/xc32/v4.60/bin/bin/../../lib/gcc/pic32c/8.3.1/../../../../pic32c/lib/thumb/v6-m/nofp\libpic32c.a(write.o)
 .debug_info    0x00000000000227c9       0xa4 c:/program files/microchip/xc32/v4.60/bin/bin/../../lib/gcc/pic32c/8.3.1/../../../../pic32c/lib/thumb/v6-m/nofp\libc-size-musl.a(strlen.o)
 .debug_info    0x000000000002286d       0xbd c:/program files/microchip/xc32/v4.60/bin/bin/../../lib/gcc/pic32c/8.3.1/../../../../pic32c/lib/thumb/v6-m/nofp\libc-size-musl.a(strcpy.o)
 .debug_info    0x000000000002292a       0xac c:/program files/microchip/xc32/v4.60/bin/bin/../../lib/gcc/pic32c/8.3.1/../../../../pic32c/lib/thumb/v6-m/nofp\libc-size-musl.a(stpcpy.o)
 .debug_info    0x00000000000229d6      0x1bd c:/program files/microchip/xc32/v4.60/bin/bin/../../lib/gcc/pic32c/8.3.1/../../../../pic32c/lib/thumb/v6-m/nofp\liblmalloc-musl.a(lite_malloc.o)
 .debug_info    0x0000000000022b93      0x272 c:/program files/microchip/xc32/v4.60/bin/bin/../../lib/gcc/pic32c/8.3.1/../../../../pic32c/lib/thumb/v6-m/nofp\liblmalloc-musl.a(lite_free.o)
 .debug_info    0x0000000000022e05      0x10e c:/program files/microchip/xc32/v4.60/bin/bin/../../lib/gcc/pic32c/8.3.1/../../../../pic32c/lib/thumb/v6-m/nofp\libg-musl.a(expand_heap.o)
 .debug_info    0x0000000000022f13       0x6a c:/program files/microchip/xc32/v4.60/bin/bin/../../lib/gcc/pic32c/8.3.1/../../../../pic32c/lib/thumb/v6-m/nofp\libpic32c.a(sbrk.o)
 .debug_info    0x0000000000022f7d       0x3f c:/program files/microchip/xc32/v4.60/bin/bin/../../lib/gcc/pic32c/8.3.1/../../../../pic32c/lib/thumb/v6-m/nofp\libpic32c.a(pic32_data_init_clear.o)
 .debug_info    0x0000000000022fbc       0x40 c:/program files/microchip/xc32/v4.60/bin/bin/../../lib/gcc/pic32c/8.3.1/../../../../pic32c/lib/thumb/v6-m/nofp\libpic32c.a(pic32_data_init_copy.o)

.debug_abbrev   0x0000000000000000     0x8b30
 .debug_abbrev  0x0000000000000000      0x2a3 build/SAMD21_IOT_WG_ICM42688/debug/_ext/2048461350/icm42688_sensor.o
 .debug_abbrev  0x00000000000002a3      0x14a build/SAMD21_IOT_WG_ICM42688/debug/_ext/1750425231/plib_clock.o
 .debug_abbrev  0x00000000000003ed      0x194 build/SAMD21_IOT_WG_ICM42688/debug/_ext/503204096/plib_eic.o
 .debug_abbrev  0x0000000000000581       0x44 build/SAMD21_IOT_WG_ICM42688/debug/_ext/1752574717/plib_evsys.o
 .debug_abbrev  0x00000000000005c5      0x255 build/SAMD21_IOT_WG_ICM42688/debug/_ext/1580823105/plib_nvic.o
 .debug_abbrev  0x000000000000081a      0x195 build/SAMD21_IOT_WG_ICM42688/debug/_ext/11470383/plib_nvmctrl.o
 .debug_abbrev  0x00000000000009af      0x1cb build/SAMD21_IOT_WG_ICM42688/debug/_ext/1580876256/plib_port.o
 .debug_abbrev  0x0000000000000b7a      0x23e build/SAMD21_IOT_WG_ICM42688/debug/_ext/1014017276/plib_sercom0_spi_master.o
 .debug_abbrev  0x0000000000000db8      0x2e9 build/SAMD21_IOT_WG_ICM42688/debug/_ext/177673482/plib_sercom5_usart.o
 .debug_abbrev  0x00000000000010a1      0x189 build/SAMD21_IOT_WG_ICM42688/debug/_ext/223004715/plib_systick.o
 .debug_abbrev  0x000000000000122a      0x1be build/SAMD21_IOT_WG_ICM42688/debug/_ext/399410062/plib_tc3.o
 .debug_abbrev  0x00000000000013e8       0xdc build/SAMD21_IOT_WG_ICM42688/debug/_ext/1357625803/xc32_monitor.o
 .debug_abbrev  0x00000000000014c4      0x162 build/SAMD21_IOT_WG_ICM42688/debug/_ext/1832905403/initialization.o
 .debug_abbrev  0x0000000000001626       0xc0 build/SAMD21_IOT_WG_ICM42688/debug/_ext/1832905403/interrupts.o
 .debug_abbrev  0x00000000000016e6       0x64 build/SAMD21_IOT_WG_ICM42688/debug/_ext/1832905403/exceptions.o
 .debug_abbrev  0x000000000000174a      0x118 build/SAMD21_IOT_WG_ICM42688/debug/_ext/1832905403/startup_xc32.o
 .debug_abbrev  0x0000000000001862      0x47c build/SAMD21_IOT_WG_ICM42688/debug/_ext/1341251756/Icm426xxDriver_HL.o
 .debug_abbrev  0x0000000000001cde      0x23d build/SAMD21_IOT_WG_ICM42688/debug/_ext/1341251756/Icm426xxTransport.o
 .debug_abbrev  0x0000000000001f1b      0x39c build/SAMD21_IOT_WG_ICM42688/debug/_ext/1360937237/main.o
 .debug_abbrev  0x00000000000022b7      0x213 build/SAMD21_IOT_WG_ICM42688/debug/_ext/1360937237/ringbuffer.o
 .debug_abbrev  0x00000000000024ca      0x13e build/SAMD21_IOT_WG_ICM42688/debug/_ext/26920679/fg_area_absolute_area_high_frequency.o
 .debug_abbrev  0x0000000000002608      0x13e build/SAMD21_IOT_WG_ICM42688/debug/_ext/26920679/fg_area_total_area_low_frequency.o
 .debug_abbrev  0x0000000000002746      0x10c build/SAMD21_IOT_WG_ICM42688/debug/_ext/26920679/fg_cross_p2p_difference.o
 .debug_abbrev  0x0000000000002852      0x114 build/SAMD21_IOT_WG_ICM42688/debug/_ext/26920679/fg_cross_peak_location_difference.o
 .debug_abbrev  0x0000000000002966      0x134 build/SAMD21_IOT_WG_ICM42688/debug/_ext/26920679/fg_stats_abs_mean.o
 .debug_abbrev  0x0000000000002a9a      0x12b build/SAMD21_IOT_WG_ICM42688/debug/_ext/26920679/fg_stats_pct075.o
 .debug_abbrev  0x0000000000002bc5      0x15c build/SAMD21_IOT_WG_ICM42688/debug/_ext/26920679/fg_stats_skewness.o
 .debug_abbrev  0x0000000000002d21      0x4dd build/SAMD21_IOT_WG_ICM42688/debug/_ext/26920679/kb.o
 .debug_abbrev  0x00000000000031fe      0x1cd build/SAMD21_IOT_WG_ICM42688/debug/_ext/26920679/kb_output.o
 .debug_abbrev  0x00000000000033cb      0x1b5 build/SAMD21_IOT_WG_ICM42688/debug/_ext/26920679/kb_pipeline.o
 .debug_abbrev  0x0000000000003580      0x1b5 build/SAMD21_IOT_WG_ICM42688/debug/_ext/26920679/ma_symmetric.o
 .debug_abbrev  0x0000000000003735       0xfb build/SAMD21_IOT_WG_ICM42688/debug/_ext/26920679/mean.o
 .debug_abbrev  0x0000000000003830      0x2a8 build/SAMD21_IOT_WG_ICM42688/debug/_ext/26920679/rb.o
 .debug_abbrev  0x0000000000003ad8       0xf4 build/SAMD21_IOT_WG_ICM42688/debug/_ext/26920679/save_sensor_data.o
 .debug_abbrev  0x0000000000003bcc       0xfa build/SAMD21_IOT_WG_ICM42688/debug/_ext/26920679/sg_windowing.o
 .debug_abbrev  0x0000000000003cc6       0x98 build/SAMD21_IOT_WG_ICM42688/debug/_ext/26920679/sortarray.o
 .debug_abbrev  0x0000000000003d5e      0x11e build/SAMD21_IOT_WG_ICM42688/debug/_ext/26920679/sorted_copy.o
 .debug_abbrev  0x0000000000003e7c       0xf3 build/SAMD21_IOT_WG_ICM42688/debug/_ext/26920679/stats_percentile_presorted.o
 .debug_abbrev  0x0000000000003f6f      0x205 build/SAMD21_IOT_WG_ICM42688/debug/_ext/26920679/stat_moment.o
 .debug_abbrev  0x0000000000004174      0x1d6 build/SAMD21_IOT_WG_ICM42688/debug/_ext/26920679/tree_ensemble.o
 .debug_abbrev  0x000000000000434a       0xce build/SAMD21_IOT_WG_ICM42688/debug/_ext/26920679/tree_ensemble_trained_models.o
 .debug_abbrev  0x0000000000004418      0x116 build/SAMD21_IOT_WG_ICM42688/debug/_ext/26920679/tr_min_max_scale.o
 .debug_abbrev  0x000000000000452e       0xea build/SAMD21_IOT_WG_ICM42688/debug/_ext/26920679/tr_sensor_magnitude.o
 .debug_abbrev  0x0000000000004618       0xce build/SAMD21_IOT_WG_ICM42688/debug/_ext/26920679/utils_buffer_abssum.o
 .debug_abbrev  0x00000000000046e6       0xdc build/SAMD21_IOT_WG_ICM42688/debug/_ext/26920679/utils_buffer_argmax.o
 .debug_abbrev  0x00000000000047c2      0x133 build/SAMD21_IOT_WG_ICM42688/debug/_ext/26920679/utils_buffer_cumsum.o
 .debug_abbrev  0x00000000000048f5      0x129 build/SAMD21_IOT_WG_ICM42688/debug/_ext/26920679/utils_model_cross_difference.o
 .debug_abbrev  0x0000000000004a1e       0xb9 build/SAMD21_IOT_WG_ICM42688/debug/_ext/26920679/utils_tr_sensor.o
 .debug_abbrev  0x0000000000004ad7      0x120 build/SAMD21_IOT_WG_ICM42688/debug/_ext/741007211/sml_recognition_run.o
 .debug_abbrev  0x0000000000004bf7       0x44 c:/program files/microchip/xc32/v4.60/bin/bin/../../lib/gcc/pic32c/8.3.1/../../../../pic32c/lib/thumb/v6-m/nofp\libpic32c.a(data_init.o)
 .debug_abbrev  0x0000000000004c3b       0xbb c:/program files/microchip/xc32/v4.60/bin/bin/../../lib/gcc/pic32c/8.3.1/../../../../pic32c/lib/thumb/v6-m/nofp\libc-size-musl.a(memcpy.o)
 .debug_abbrev  0x0000000000004cf6       0xa2 c:/program files/microchip/xc32/v4.60/bin/bin/../../lib/gcc/pic32c/8.3.1/../../../../pic32c/lib/thumb/v6-m/nofp\libc-size-musl.a(memset.o)
 .debug_abbrev  0x0000000000004d98      0x133 c:/program files/microchip/xc32/v4.60/bin/bin/../../lib/gcc/pic32c/8.3.1/../../../../pic32c/lib/thumb/v6-m/nofp\libg-musl.a(__libc_start_main.o)
 .debug_abbrev  0x0000000000004ecb       0x39 c:/program files/microchip/xc32/v4.60/bin/bin/../../lib/gcc/pic32c/8.3.1/../../../../pic32c/lib/thumb/v6-m/nofp\libg-musl.a(__errno_location.o)
 .debug_abbrev  0x0000000000004f04       0xd4 c:/program files/microchip/xc32/v4.60/bin/bin/../../lib/gcc/pic32c/8.3.1/../../../../pic32c/lib/thumb/v6-m/nofp\libg-musl.a(libc.o)
 .debug_abbrev  0x0000000000004fd8      0x142 c:/program files/microchip/xc32/v4.60/bin/bin/../../lib/gcc/pic32c/8.3.1/../../../../pic32c/lib/thumb/v6-m/nofp\libg-musl.a(__sio_printf_cdeEfFgGnpsxX.o)
 .debug_abbrev  0x000000000000511a      0x12b c:/program files/microchip/xc32/v4.60/bin/bin/../../lib/gcc/pic32c/8.3.1/../../../../pic32c/lib/thumb/v6-m/nofp\libg-musl.a(__sio_sprintf_cdeEfFgGnpsxX.o)
 .debug_abbrev  0x0000000000005245      0x161 c:/program files/microchip/xc32/v4.60/bin/bin/../../lib/gcc/pic32c/8.3.1/../../../../pic32c/lib/thumb/v6-m/nofp\libg-musl.a(__fmt_d.o)
 .debug_abbrev  0x00000000000053a6      0x1e3 c:/program files/microchip/xc32/v4.60/bin/bin/../../lib/gcc/pic32c/8.3.1/../../../../pic32c/lib/thumb/v6-m/nofp\libg-musl.a(__fmt_fp.o)
 .debug_abbrev  0x0000000000005589      0x15e c:/program files/microchip/xc32/v4.60/bin/bin/../../lib/gcc/pic32c/8.3.1/../../../../pic32c/lib/thumb/v6-m/nofp\libg-musl.a(__fmt_s.o)
 .debug_abbrev  0x00000000000056e7      0x150 c:/program files/microchip/xc32/v4.60/bin/bin/../../lib/gcc/pic32c/8.3.1/../../../../pic32c/lib/thumb/v6-m/nofp\libg-musl.a(__fmt_x.o)
 .debug_abbrev  0x0000000000005837       0xdc c:/program files/microchip/xc32/v4.60/bin/bin/../../lib/gcc/pic32c/8.3.1/../../../../pic32c/lib/thumb/v6-m/nofp\libg-musl.a(__pop_float.o)
 .debug_abbrev  0x0000000000005913       0xdc c:/program files/microchip/xc32/v4.60/bin/bin/../../lib/gcc/pic32c/8.3.1/../../../../pic32c/lib/thumb/v6-m/nofp\libg-musl.a(__pop_int.o)
 .debug_abbrev  0x00000000000059ef       0xdc c:/program files/microchip/xc32/v4.60/bin/bin/../../lib/gcc/pic32c/8.3.1/../../../../pic32c/lib/thumb/v6-m/nofp\libg-musl.a(__pop_ptr.o)
 .debug_abbrev  0x0000000000005acb      0x317 c:/program files/microchip/xc32/v4.60/bin/bin/../../lib/gcc/pic32c/8.3.1/../../../../pic32c/lib/thumb/v6-m/nofp\libg-musl.a(__printf_core.o)
 .debug_abbrev  0x0000000000005de2      0x1b3 c:/program files/microchip/xc32/v4.60/bin/bin/../../lib/gcc/pic32c/8.3.1/../../../../pic32c/lib/thumb/v6-m/nofp\libg-musl.a(stdin.o)
 .debug_abbrev  0x0000000000005f95      0x145 c:/program files/microchip/xc32/v4.60/bin/bin/../../lib/gcc/pic32c/8.3.1/../../../../pic32c/lib/thumb/v6-m/nofp\libg-musl.a(stdout.o)
 .debug_abbrev  0x00000000000060da       0xc4 c:/program files/microchip/xc32/v4.60/bin/bin/../../lib/gcc/pic32c/8.3.1/../../../../pic32c/lib/thumb/v6-m/nofp\libg-musl.a(putchar.o)
 .debug_abbrev  0x000000000000619e      0x159 c:/program files/microchip/xc32/v4.60/bin/bin/../../lib/gcc/pic32c/8.3.1/../../../../pic32c/lib/thumb/v6-m/nofp\libg-musl.a(puts.o)
 .debug_abbrev  0x00000000000062f7       0xa8 c:/program files/microchip/xc32/v4.60/bin/bin/../../lib/gcc/pic32c/8.3.1/../../../../pic32c/lib/thumb/v6-m/nofp\libg-musl.a(setbuf.o)
 .debug_abbrev  0x000000000000639f       0xc6 c:/program files/microchip/xc32/v4.60/bin/bin/../../lib/gcc/pic32c/8.3.1/../../../../pic32c/lib/thumb/v6-m/nofp\libg-musl.a(atoi.o)
 .debug_abbrev  0x0000000000006465       0xf4 c:/program files/microchip/xc32/v4.60/bin/bin/../../lib/gcc/pic32c/8.3.1/../../../../pic32c/lib/thumb/v6-m/nofp\libg-musl.a(tolower.o)
 .debug_abbrev  0x0000000000006559       0xf4 c:/program files/microchip/xc32/v4.60/bin/bin/../../lib/gcc/pic32c/8.3.1/../../../../pic32c/lib/thumb/v6-m/nofp\libg-musl.a(toupper.o)
 .debug_abbrev  0x000000000000664d       0x62 c:/program files/microchip/xc32/v4.60/bin/bin/../../lib/gcc/pic32c/8.3.1/../../../../pic32c/lib/thumb/v6-m/nofp\libg-musl.a(__environ.o)
 .debug_abbrev  0x00000000000066af      0x132 c:/program files/microchip/xc32/v4.60/bin/bin/../../lib/gcc/pic32c/8.3.1/../../../../pic32c/lib/thumb/v6-m/nofp\libg-musl.a(__int_vfprintf.o)
 .debug_abbrev  0x00000000000067e1       0xcb c:/program files/microchip/xc32/v4.60/bin/bin/../../lib/gcc/pic32c/8.3.1/../../../../pic32c/lib/thumb/v6-m/nofp\libg-musl.a(__int_vsprintf.o)
 .debug_abbrev  0x00000000000068ac      0x146 c:/program files/microchip/xc32/v4.60/bin/bin/../../lib/gcc/pic32c/8.3.1/../../../../pic32c/lib/thumb/v6-m/nofp\libg-musl.a(fputs.o)
 .debug_abbrev  0x00000000000069f2       0xf3 c:/program files/microchip/xc32/v4.60/bin/bin/../../lib/gcc/pic32c/8.3.1/../../../../pic32c/lib/thumb/v6-m/nofp\libg-musl.a(__cvt_u.o)