Archive member included to satisfy reference by file (symbol)

c:/program files/microchip/xc32/v4.60/bin/bin/../../lib/gcc/pic32c/8.3.1/../../../../pic32c/lib/thumb/v6-m/nofp\libpic32c.a(data_init.o)
                              build/SAMD21_IOT_WG_ICM42688/debug/_ext/1832905403/startup_xc32.o (__pic32c_data_initialization)
c:/program files/microchip/xc32/v4.60/bin/bin/../../lib/gcc/pic32c/8.3.1/../../../../pic32c/lib/thumb/v6-m/nofp\libc-size-musl.a(memcpy.o)
                              build/SAMD21_IOT_WG_ICM42688/debug/_ext/11470383/plib_nvmctrl.o (memcpy)
c:/program files/microchip/xc32/v4.60/bin/bin/../../lib/gcc/pic32c/8.3.1/../../../../pic32c/lib/thumb/v6-m/nofp\libc-size-musl.a(memset.o)
                              build/SAMD21_IOT_WG_ICM42688/debug/_ext/2048461350/icm42688_sensor.o (memset)
c:/program files/microchip/xc32/v4.60/bin/bin/../../lib/gcc/pic32c/8.3.1/../../../../pic32c/lib/thumb/v6-m/nofp\libm-fast-emfloat.a(modff.o)
                              build/SAMD21_IOT_WG_ICM42688/debug/_ext/250963624/stats_percentile_presorted.o (modff)
c:/program files/microchip/xc32/v4.60/bin/bin/../../lib/gcc/pic32c/8.3.1/../../../../pic32c/lib/thumb/v6-m/nofp\libm-fast-emfloat.a(cos.o)
                              build/SAMD21_IOT_WG_ICM42688/debug/_ext/250963624/utils_array.o (cos)
c:/program files/microchip/xc32/v4.60/bin/bin/../../lib/gcc/pic32c/8.3.1/../../../../pic32c/lib/thumb/v6-m/nofp\libm-fast-emfloat.a(sqrtf.o)
                              build/SAMD21_IOT_WG_ICM42688/debug/_ext/250963624/fg_frequency_power_spectrum.o (sqrtf)
c:/program files/microchip/xc32/v4.60/bin/bin/../../lib/gcc/pic32c/8.3.1/../../../../pic32c/lib/thumb/v6-m/nofp\libm-fast-emfloat.a(sqrt.o)
                              build/SAMD21_IOT_WG_ICM42688/debug/_ext/250963624/fg_frequency_harmonic_product_spectrum.o (sqrt)
c:/program files/microchip/xc32/v4.60/bin/bin/../../lib/gcc/pic32c/8.3.1/../../../../pic32c/lib/thumb/v6-m/nofp\libm-fast-emfloat.a(log10.o)
                              build/SAMD21_IOT_WG_ICM42688/debug/_ext/250963624/fg_frequency_spectral_entropy.o (log10)
c:/program files/microchip/xc32/v4.60/bin/bin/../../lib/gcc/pic32c/8.3.1/../../../../pic32c/lib/thumb/v6-m/nofp\libm-fast-emfloat.a(pow.o)
                              build/SAMD21_IOT_WG_ICM42688/debug/_ext/1341251756/Icm426xxSelfTest.o (pow)
c:/program files/microchip/xc32/v4.60/bin/bin/../../lib/gcc/pic32c/8.3.1/../../../../pic32c/lib/thumb/v6-m/nofp\libm-fast-emfloat.a(__SEGGER_RTL_aSqrtData.o)
                              c:/program files/microchip/xc32/v4.60/bin/bin/../../lib/gcc/pic32c/8.3.1/../../../../pic32c/lib/thumb/v6-m/nofp\libm-fast-emfloat.a(sqrtf.o) (__SEGGER_RTL_aSqrtData)
c:/program files/microchip/xc32/v4.60/bin/bin/../../lib/gcc/pic32c/8.3.1/../../../../pic32c/lib/thumb/v6-m/nofp\libm-fast-emfloat.a(__SEGGER_RTL_float64_SinCos.o)
                              c:/program files/microchip/xc32/v4.60/bin/bin/../../lib/gcc/pic32c/8.3.1/../../../../pic32c/lib/thumb/v6-m/nofp\libm-fast-emfloat.a(cos.o) (__SEGGER_RTL_float64_SinCos)
c:/program files/microchip/xc32/v4.60/bin/bin/../../lib/gcc/pic32c/8.3.1/../../../../pic32c/lib/thumb/v6-m/nofp\libm-fast-emfloat.a(__SEGGER_RTL_kahan_aT2.o)
                              c:/program files/microchip/xc32/v4.60/bin/bin/../../lib/gcc/pic32c/8.3.1/../../../../pic32c/lib/thumb/v6-m/nofp\libm-fast-emfloat.a(sqrt.o) (__SEGGER_RTL_kahan_aT2)
c:/program files/microchip/xc32/v4.60/bin/bin/../../lib/gcc/pic32c/8.3.1/../../../../pic32c/lib/thumb/v6-m/nofp\libm-fast-emfloat.a(__aeabi_fadd.o)
                              build/SAMD21_IOT_WG_ICM42688/debug/_ext/250963624/calc_area.o (__aeabi_fadd)
c:/program files/microchip/xc32/v4.60/bin/bin/../../lib/gcc/pic32c/8.3.1/../../../../pic32c/lib/thumb/v6-m/nofp\libm-fast-emfloat.a(__aeabi_dadd.o)
                              build/SAMD21_IOT_WG_ICM42688/debug/_ext/1341251756/Icm426xxSelfTest.o (__aeabi_dadd)
c:/program files/microchip/xc32/v4.60/bin/bin/../../lib/gcc/pic32c/8.3.1/../../../../pic32c/lib/thumb/v6-m/nofp\libm-fast-emfloat.a(__aeabi_fsub.o)
                              build/SAMD21_IOT_WG_ICM42688/debug/_ext/250963624/calc_area.o (__aeabi_fsub)
c:/program files/microchip/xc32/v4.60/bin/bin/../../lib/gcc/pic32c/8.3.1/../../../../pic32c/lib/thumb/v6-m/nofp\libm-fast-emfloat.a(__aeabi_dsub.o)
                              build/SAMD21_IOT_WG_ICM42688/debug/_ext/250963624/utils_array.o (__aeabi_dsub)
c:/program files/microchip/xc32/v4.60/bin/bin/../../lib/gcc/pic32c/8.3.1/../../../../pic32c/lib/thumb/v6-m/nofp\libm-fast-emfloat.a(__aeabi_fmul.o)
                              build/SAMD21_IOT_WG_ICM42688/debug/_ext/250963624/fg_area_power_spectrum_density.o (__aeabi_fmul)
c:/program files/microchip/xc32/v4.60/bin/bin/../../lib/gcc/pic32c/8.3.1/../../../../pic32c/lib/thumb/v6-m/nofp\libm-fast-emfloat.a(__aeabi_dmul_aux.o)
                              build/SAMD21_IOT_WG_ICM42688/debug/_ext/1341251756/Icm426xxSelfTest.o (__aeabi_dmul)
[...]
Memory Configuration

Name             Origin             Length             Attributes
rom              0x0000000000000000 0x0000000000040000 xrl
ram              0x0000000020000000 0x0000000000008000 xw !r
config_00804000  0x0000000000804000 0x0000000000000004
config_00804004  0x0000000000804004 0x0000000000000004
*default*        0x0000000000000000 0xffffffffffffffff

Linker script and memory map

LOAD c:/program files/microchip/xc32/v4.60/bin/bin/../../lib/gcc/pic32c/8.3.1/thumb/v6-m/nofp/crti.o
LOAD c:/program files/microchip/xc32/v4.60/bin/bin/../../lib/gcc/pic32c/8.3.1/thumb/v6-m/nofp/crtbegin.o
LOAD build/SAMD21_IOT_WG_ICM42688/debug/_ext/2048461350/icm42688_sensor.o
LOAD build/SAMD21_IOT_WG_ICM42688/debug/_ext/1750425231/plib_clock.o
LOAD build/SAMD21_IOT_WG_ICM42688/debug/_ext/503204096/plib_eic.o
LOAD build/SAMD21_IOT_WG_ICM42688/debug/_ext/1752574717/plib_evsys.o
LOAD build/SAMD21_IOT_WG_ICM42688/debug/_ext/1580823105/plib_nvic.o
LOAD build/SAMD21_IOT_WG_ICM42688/debug/_ext/11470383/plib_nvmctrl.o
LOAD build/SAMD21_IOT_WG_ICM42688/debug/_ext/1580876256/plib_port.o
LOAD build/SAMD21_IOT_WG_ICM42688/debug/_ext/1014017276/plib_sercom0_spi_master.o
LOAD build/SAMD21_IOT_WG_ICM42688/debug/_ext/177673482/plib_sercom5_usart.o
LOAD build/SAMD21_IOT_WG_ICM42688/debug/_ext/223004715/plib_systick.o
LOAD build/SAMD21_IOT_WG_ICM42688/debug/_ext/399410062/plib_tc3.o
LOAD build/SAMD21_IOT_WG_ICM42688/debug/_ext/1357625803/xc32_monitor.o
LOAD build/SAMD21_IOT_WG_ICM42688/debug/_ext/1832905403/initialization.o
LOAD build/SAMD21_IOT_WG_ICM42688/debug/_ext/1832905403/interrupts.o
LOAD build/SAMD21_IOT_WG_ICM42688/debug/_ext/1832905403/exceptions.o
LOAD build/SAMD21_IOT_WG_ICM42688/debug/_ext/1832905403/startup_xc32.o
LOAD build/SAMD21_IOT_WG_ICM42688/debug/_ext/1832905403/libc_syscalls.o
LOAD build/SAMD21_IOT_WG_ICM42688/debug/_ext/1341251756/Icm426xxDriver_HL.o
LOAD build/SAMD21_IOT_WG_ICM42688/debug/_ext/1341251756/Icm426xxDriver_HL_apex.o
LOAD build/SAMD21_IOT_WG_ICM42688/debug/_ext/1341251756/Icm426xxSelfTest.o
LOAD build/SAMD21_IOT_WG_ICM42688/debug/_ext/1341251756/Icm426xxTransport.o
LOAD build/SAMD21_IOT_WG_ICM42688/debug/_ext/1360937237/main.o
LOAD build/SAMD21_IOT_WG_ICM42688/debug/_ext/1360937237/ringbuffer.o
LOAD build/SAMD21_IOT_WG_ICM42688/debug/_ext/250963624/array_contains.o
LOAD build/SAMD21_IOT_WG_ICM42688/debug/_ext/250963624/calc_area.o
LOAD build/SAMD21_IOT_WG_ICM42688/debug/_ext/250963624/column_to_row_complex.o
LOAD build/SAMD21_IOT_WG_ICM42688/debug/_ext/250963624/crossing_rate.o
LOAD build/SAMD21_IOT_WG_ICM42688/debug/_ext/250963624/dsp_dtw_distance.o
LOAD build/SAMD21_IOT_WG_ICM42688/debug/_ext/250963624/dsp_l1_distance.o
LOAD build/SAMD21_IOT_WG_ICM42688/debug/_ext/250963624/dsp_lsup_distance.o
LOAD build/SAMD21_IOT_WG_ICM42688/debug/_ext/250963624/fftr.o
LOAD build/SAMD21_IOT_WG_ICM42688/debug/_ext/250963624/fftr_utils.o
LOAD build/SAMD21_IOT_WG_ICM42688/debug/_ext/250963624/fg_amplitude_global_p2p_low_frequency.o
LOAD build/SAMD21_IOT_WG_ICM42688/debug/_ext/250963624/fg_amplitude_peak_to_peak.o
LOAD build/SAMD21_IOT_WG_ICM42688/debug/_ext/250963624/fg_area_absolute_area_low_frequency.o
LOAD build/SAMD21_IOT_WG_ICM42688/debug/_ext/250963624/fg_area_power_spectrum_density.o
LOAD build/SAMD21_IOT_WG_ICM42688/debug/_ext/250963624/fg_area_total_area.o
LOAD build/SAMD21_IOT_WG_ICM42688/debug/_ext/250963624/fg_area_total_area_low_frequency.o
LOAD build/SAMD21_IOT_WG_ICM42688/debug/_ext/250963624/fg_cross_max_column.o
LOAD build/SAMD21_IOT_WG_ICM42688/debug/_ext/250963624/fg_cross_mean_difference.o
LOAD build/SAMD21_IOT_WG_ICM42688/debug/_ext/250963624/fg_cross_median_difference.o
LOAD build/SAMD21_IOT_WG_ICM42688/debug/_ext/250963624/fg_cross_min_column.o
LOAD build/SAMD21_IOT_WG_ICM42688/debug/_ext/250963624/fg_cross_p2p_difference.o
LOAD build/SAMD21_IOT_WG_ICM42688/debug/_ext/250963624/fg_cross_peak_location_difference.o
LOAD build/SAMD21_IOT_WG_ICM42688/debug/_ext/250963624/fg_frequency_harmonic_product_spectrum.o
LOAD build/SAMD21_IOT_WG_ICM42688/debug/_ext/250963624/fg_frequency_mfe.o
LOAD build/SAMD21_IOT_WG_ICM42688/debug/_ext/250963624/fg_frequency_power_spectrum.o
LOAD build/SAMD21_IOT_WG_ICM42688/debug/_ext/250963624/fg_frequency_spectral_entropy.o
LOAD build/SAMD21_IOT_WG_ICM42688/debug/_ext/250963624/fg_stats_abs_mean.o
LOAD build/SAMD21_IOT_WG_ICM42688/debug/_ext/250963624/fg_stats_iqr.o
LOAD build/SAMD21_IOT_WG_ICM42688/debug/_ext/250963624/fg_stats_linear_regression.o
LOAD build/SAMD21_IOT_WG_ICM42688/debug/_ext/250963624/fg_stats_maximum.o
LOAD build/SAMD21_IOT_WG_ICM42688/debug/_ext/250963624/fg_stats_minimum.o
LOAD build/SAMD21_IOT_WG_ICM42688/debug/_ext/250963624/fg_stats_pct025.o
LOAD build/SAMD21_IOT_WG_ICM42688/debug/_ext/250963624/fg_stats_pct075.o
LOAD build/SAMD21_IOT_WG_ICM42688/debug/_ext/250963624/fg_stats_skewness.o
LOAD build/SAMD21_IOT_WG_ICM42688/debug/_ext/250963624/fg_stats_variance.o
LOAD build/SAMD21_IOT_WG_ICM42688/debug/_ext/250963624/fg_time_average_time_over_threshold.o
LOAD build/SAMD21_IOT_WG_ICM42688/debug/_ext/250963624/fg_time_pct_time_over_zero.o
LOAD build/SAMD21_IOT_WG_ICM42688/debug/_ext/250963624/fixlog.o
LOAD build/SAMD21_IOT_WG_ICM42688/debug/_ext/250963624/imfcc.o
LOAD build/SAMD21_IOT_WG_ICM42688/debug/_ext/250963624/kb.o
LOAD build/SAMD21_IOT_WG_ICM42688/debug/_ext/250963624/kb_output.o
LOAD build/SAMD21_IOT_WG_ICM42688/debug/_ext/250963624/kb_pipeline.o
LOAD build/SAMD21_IOT_WG_ICM42688/debug/_ext/250963624/kb_post_processing.o
LOAD build/SAMD21_IOT_WG_ICM42688/debug/_ext/250963624/max_min_high_low_freq.o
LOAD build/SAMD21_IOT_WG_ICM42688/debug/_ext/250963624/ma_symmetric.o
LOAD build/SAMD21_IOT_WG_ICM42688/debug/_ext/250963624/mean.o
LOAD build/SAMD21_IOT_WG_ICM42688/debug/_ext/250963624/ratio_diff_impl.o
LOAD build/SAMD21_IOT_WG_ICM42688/debug/_ext/250963624/rb.o
LOAD build/SAMD21_IOT_WG_ICM42688/debug/_ext/250963624/save_sensor_data.o
LOAD build/SAMD21_IOT_WG_ICM42688/debug/_ext/250963624/sf_downsample_by_averaging.o
LOAD build/SAMD21_IOT_WG_ICM42688/debug/_ext/250963624/sf_downsample_by_decimation.o
LOAD build/SAMD21_IOT_WG_ICM42688/debug/_ext/250963624/sg_windowing.o
LOAD build/SAMD21_IOT_WG_ICM42688/debug/_ext/250963624/sortarray.o
LOAD build/SAMD21_IOT_WG_ICM42688/debug/_ext/250963624/sorted_copy.o
LOAD build/SAMD21_IOT_WG_ICM42688/debug/_ext/250963624/stats_percentile_presorted.o
LOAD build/SAMD21_IOT_WG_ICM42688/debug/_ext/250963624/stat_mean.o
LOAD build/SAMD21_IOT_WG_ICM42688/debug/_ext/250963624/stat_moment.o
LOAD build/SAMD21_IOT_WG_ICM42688/debug/_ext/250963624/std.o
LOAD build/SAMD21_IOT_WG_ICM42688/debug/_ext/250963624/st_absolute_average.o
LOAD build/SAMD21_IOT_WG_ICM42688/debug/_ext/250963624/st_average.o
LOAD build/SAMD21_IOT_WG_ICM42688/debug/_ext/250963624/st_high_pass_filter.o
LOAD build/SAMD21_IOT_WG_ICM42688/debug/_ext/250963624/st_moving_average.o
LOAD build/SAMD21_IOT_WG_ICM42688/debug/_ext/250963624/sum.o
LOAD build/SAMD21_IOT_WG_ICM42688/debug/_ext/250963624/tree_ensemble.o
LOAD build/SAMD21_IOT_WG_ICM42688/debug/_ext/250963624/tree_ensemble_trained_models.o
LOAD build/SAMD21_IOT_WG_ICM42688/debug/_ext/250963624/tr_min_max_scale.o
LOAD build/SAMD21_IOT_WG_ICM42688/debug/_ext/250963624/tr_sensor_magnitude.o
LOAD build/SAMD21_IOT_WG_ICM42688/debug/_ext/250963624/utils_array.o
LOAD build/SAMD21_IOT_WG_ICM42688/debug/_ext/250963624/utils_array_max_uint8.o
LOAD build/SAMD21_IOT_WG_ICM42688/debug/_ext/250963624/utils_bitwise_abs_val.o
LOAD build/SAMD21_IOT_WG_ICM42688/debug/_ext/250963624/utils_buffer_absmean.o
LOAD build/SAMD21_IOT_WG_ICM42688/debug/_ext/250963624/utils_buffer_abssum.o
LOAD build/SAMD21_IOT_WG_ICM42688/debug/_ext/250963624/utils_buffer_abs_max.o
LOAD build/SAMD21_IOT_WG_ICM42688/debug/_ext/250963624/utils_buffer_argmax.o
LOAD build/SAMD21_IOT_WG_ICM42688/debug/_ext/250963624/utils_buffer_autoscale.o
LOAD build/SAMD21_IOT_WG_ICM42688/debug/_ext/250963624/utils_buffer_cumsum.o
LOAD build/SAMD21_IOT_WG_ICM42688/debug/_ext/250963624/utils_buffer_max.o
LOAD build/SAMD21_IOT_WG_ICM42688/debug/_ext/250963624/utils_buffer_mean.o
LOAD build/SAMD21_IOT_WG_ICM42688/debug/_ext/250963624/utils_buffer_median.o
LOAD build/SAMD21_IOT_WG_ICM42688/debug/_ext/250963624/utils_buffer_min.o
LOAD build/SAMD21_IOT_WG_ICM42688/debug/_ext/250963624/utils_buffer_min_max.o
LOAD build/SAMD21_IOT_WG_ICM42688/debug/_ext/250963624/utils_buffer_pass_threshold.o
LOAD build/SAMD21_IOT_WG_ICM42688/debug/_ext/250963624/utils_buffer_std.o
LOAD build/SAMD21_IOT_WG_ICM42688/debug/_ext/250963624/utils_buffer_variance.o
LOAD build/SAMD21_IOT_WG_ICM42688/debug/_ext/250963624/utils_model_crossing_rate.o
LOAD build/SAMD21_IOT_WG_ICM42688/debug/_ext/250963624/utils_model_cross_column.o
LOAD build/SAMD21_IOT_WG_ICM42688/debug/_ext/250963624/utils_model_cross_difference.o
LOAD build/SAMD21_IOT_WG_ICM42688/debug/_ext/250963624/utils_model_mean_crossing_rate.o
LOAD build/SAMD21_IOT_WG_ICM42688/debug/_ext/250963624/utils_model_pct_time_over_sigma.o
LOAD build/SAMD21_IOT_WG_ICM42688/debug/_ext/250963624/utils_model_pct_time_over_threshold.o
LOAD build/SAMD21_IOT_WG_ICM42688/debug/_ext/250963624/utils_model_stats_max_min.o
LOAD build/SAMD21_IOT_WG_ICM42688/debug/_ext/250963624/utils_model_total_area.o
LOAD build/SAMD21_IOT_WG_ICM42688/debug/_ext/250963624/utils_model_total_energy.o
LOAD build/SAMD21_IOT_WG_ICM42688/debug/_ext/250963624/utils_tr_sensor.o
LOAD build/SAMD21_IOT_WG_ICM42688/debug/_ext/1018891514/sml_recognition_run.o
LOAD ..\mplabml\lib\libmplabml.a
                0x0000000000000001                __MPLAB_BUILD = 0x1
                0x0000000000040000                __rom_end = (ORIGIN (rom) + LENGTH (rom))
                0x0000000020008000                __ram_end = (ORIGIN (ram) + LENGTH (ram))

.config_00804000
                0x0000000000804000        0x4
 *(.config_00804000)
 .config_00804000
                0x0000000000804000        0x4 build/SAMD21_IOT_WG_ICM42688/debug/_ext/1832905403/initialization.o
                0x0000000000804000                __config_00804000

.config_00804004
                0x0000000000804004        0x4
 *(.config_00804004)
 .config_00804004
                0x0000000000804004        0x4 build/SAMD21_IOT_WG_ICM42688/debug/_ext/1832905403/initialization.o
                0x0000000000804004                __config_00804004

.vectors        0x0000000000000000       0xb0
                0x0000000000000000                . = ALIGN (0x4)
                0x0000000000000000                _sfixed = .
 *(.vectors .vectors.* .vectors_default .vectors_default.*)
 .vectors       0x0000000000000000       0xb0 build/SAMD21_IOT_WG_ICM42688/debug/_ext/1832905403/interrupts.o
                0x0000000000000000                exception_table
 *(.isr_vector)
 *(.reset*)
 *(.after_vectors)

.text           0x00000000000000b0       0x20
                0x00000000000000b0                . = ALIGN (0x4)
 *(.glue_7t)
 .glue_7t       0x00000000000000b0        0x0 linker stubs
 *(.glue_7)
 .glue_7        0x00000000000000b0        0x0 linker stubs
 *(.gnu.linkonce.r.*)
 *(.ARM.extab* .gnu.linkonce.armextab.*)
                0x00000000000000b0                . = ALIGN (0x4)
 *(.init)
 .init          0x00000000000000b0        0x4 c:/program files/microchip/xc32/v4.60/bin/bin/../../lib/gcc/pic32c/8.3.1/thumb/v6-m/nofp/crti.o
                0x00000000000000b0                _init
 .init          0x00000000000000b4        0x8 c:/program files/microchip/xc32/v4.60/bin/bin/../../lib/gcc/pic32c/8.3.1/thumb/v6-m/nofp/crtn.o
                0x00000000000000bc                . = ALIGN (0x4)
                0x00000000000000bc                __preinit_array_start = .
 *(.preinit_array)
                0x00000000000000bc                __preinit_array_end = .
                0x00000000000000bc                . = ALIGN (0x4)
                0x00000000000000bc                __init_array_start = .
 *(SORT_BY_NAME(.init_array.*))
 *(.init_array)
 .init_array    0x00000000000000bc        0x4 c:/program files/microchip/xc32/v4.60/bin/bin/../../lib/gcc/pic32c/8.3.1/thumb/v6-m/nofp/crtbegin.o
                0x00000000000000c0                __init_array_end = .
                0x00000000000000c0                . = ALIGN (0x4)
 *crtbegin.o(.ctors)
 *(EXCLUDE_FILE(*crtend.o) .ctors)
 *(SORT_BY_NAME(.ctors.*))
 *crtend.o(.ctors)
                0x00000000000000c0                . = ALIGN (0x4)
 *(.fini)
 .fini          0x00000000000000c0        0x4 c:/program files/microchip/xc32/v4.60/bin/bin/../../lib/gcc/pic32c/8.3.1/thumb/v6-m/nofp/crti.o
                0x00000000000000c0                _fini
 .fini          0x00000000000000c4        0x8 c:/program files/microchip/xc32/v4.60/bin/bin/../../lib/gcc/pic32c/8.3.1/thumb/v6-m/nofp/crtn.o
                0x00000000000000cc                . = ALIGN (0x4)
                0x00000000000000cc                __fini_array_start = .
 *(.fini_array)
 .fini_array    0x00000000000000cc        0x4 c:/program files/microchip/xc32/v4.60/bin/bin/../../lib/gcc/pic32c/8.3.1/thumb/v6-m/nofp/crtbegin.o
 *(SORT_BY_NAME(.fini_array.*))
                0x00000000000000d0                __fini_array_end = .
 *crtbegin.o(.dtors)
 *(EXCLUDE_FILE(*crtend.o) .dtors)
 *(SORT_BY_NAME(.dtors.*))
 *crtend.o(.dtors)
                0x00000000000000d0                . = ALIGN (0x4)
                0x00000000000000d0                _efixed = .
                [!provide]                        PROVIDE (__exidx_start = .)

.ARM.exidx      0x00000000000000d0       0x10
 *(.ARM.exidx* .gnu.linkonce.armexidx.*)
 .ARM.exidx     0x00000000000000d8        0x8 c:/program files/microchip/xc32/v4.60/bin/bin/../../lib/gcc/pic32c/8.3.1/thumb/v6-m/nofp\libgcc.a(_udivmoddi4.o)
 .ARM.exidx     0x00000000000000d0        0x8 c:/program files/microchip/xc32/v4.60/bin/bin/../../lib/gcc/pic32c/8.3.1/thumb/v6-m/nofp\libgcc.a(_divdi3.o)
                [!provide]                        PROVIDE (__exidx_end = .)
                0x00000000000000e0                . = ALIGN (0x4)
                0x00000000000000e0                _etext = .

.bss            0x0000000020000000        0x0
                0x0000000020000000                . = ALIGN (0x4)
                0x0000000020000000                __bss_start__ = .
                0x0000000020000000                _sbss = .
                0x0000000020000000                _szero = .
 *(COMMON)
                0x0000000020000000                . = ALIGN (0x4)
                0x0000000020000000                __bss_end__ = .
                0x0000000020000000                _ebss = .
                0x0000000020000000                _ezero = .
                0x0000000020000000                . = ALIGN (0x4)
                0x0000000020000000                _end = .
                0x0000000020007fff                _ram_end_ = ((ORIGIN (ram) + LENGTH (ram)) - 0x1)
                0x0000000000000001                __ICD2RAM = 0x1
                0x0000000000000001                __MPLAB_DEBUG = 0x1
                0x0000000000000001                __DEBUG = 0x1
                0x0000000000000200                _min_heap_size = 0x200
START GROUP
LOAD c:/program files/microchip/xc32/v4.60/bin/bin/../../lib/gcc/pic32c/8.3.1/../../../../pic32c/lib/thumb/v6-m/nofp\libpic32c.a
LOAD c:/program files/microchip/xc32/v4.60/bin/bin/../../lib/gcc/pic32c/8.3.1/../../../../pic32c/lib/thumb/v6-m/nofp\libc-size-musl.a
LOAD c:/program files/microchip/xc32/v4.60/bin/bin/../../lib/gcc/pic32c/8.3.1/../../../../pic32c/lib/thumb/v6-m/nofp\liblmalloc-musl.a
LOAD c:/program files/microchip/xc32/v4.60/bin/bin/../../lib/gcc/pic32c/8.3.1/../../../../pic32c/lib/thumb/v6-m/nofp\libm-fast-emfloat.a
LOAD c:/program files/microchip/xc32/v4.60/bin/bin/../../lib/gcc/pic32c/8.3.1/../../../../pic32c/lib/thumb/v6-m/nofp\libm-musl.a
LOAD c:/program files/microchip/xc32/v4.60/bin/bin/../../lib/gcc/pic32c/8.3.1/../../../../pic32c/lib/thumb/v6-m/nofp\libg-musl.a
LOAD c:/program files/microchip/xc32/v4.60/bin/bin/../../lib/gcc/pic32c/8.3.1/../../../../pic32c/lib/thumb/v6-m/nofp\libc-musl.a
LOAD c:/program files/microchip/xc32/v4.60/bin/bin/../../lib/gcc/pic32c/8.3.1/../../../../pic32c/lib/thumb/v6-m/nofp\libm-fast-emfloat.a
LOAD c:/program files/microchip/xc32/v4.60/bin/bin/../../lib/gcc/pic32c/8.3.1/../../../../pic32c/lib/thumb/v6-m/nofp\libm-musl.a
LOAD c:/program files/microchip/xc32/v4.60/bin/bin/../../lib/gcc/pic32c/8.3.1/thumb/v6-m/nofp\libgcc.a
END GROUP
LOAD c:/program files/microchip/xc32/v4.60/bin/bin/../../lib/gcc/pic32c/8.3.1/thumb/v6-m/nofp/crtend.o
LOAD c:/program files/microchip/xc32/v4.60/bin/bin/../../lib/gcc/pic32c/8.3.1/thumb/v6-m/nofp/crtn.o
OUTPUT(dist/SAMD21_IOT_WG_ICM42688/debug/samd21-iot-mplabml-wand.X.debug.elf elf32-littlearm)
LOAD data_init
LOAD stack

.ARM.attributes
                0x0000000000000000       0x2a
 .ARM.attributes
                0x0000000000000000       0x1e c:/program files/microchip/xc32/v4.60/bin/bin/../../lib/gcc/pic32c/8.3.1/thumb/v6-m/nofp/crti.o
 .ARM.attributes
                0x000000000000001e       0x2c c:/program files/microchip/xc32/v4.60/bin/bin/../../lib/gcc/pic32c/8.3.1/thumb/v6-m/nofp/crtbegin.o
 .ARM.attributes
                0x000000000000004a       0x2c build/SAMD21_IOT_WG_ICM42688/debug/_ext/2048461350/icm42688_sensor.o
 .ARM.attributes
                0x0000000000000076       0x2c build/SAMD21_IOT_WG_ICM42688/debug/_ext/1750425231/plib_clock.o
 .ARM.attributes
                0x00000000000000a2       0x2c build/SAMD21_IOT_WG_ICM42688/debug/_ext/503204096/plib_eic.o
 .ARM.attributes
                0x00000000000000ce       0x2c build/SAMD21_IOT_WG_ICM42688/debug/_ext/1752574717/plib_evsys.o
 .ARM.attributes
                0x00000000000000fa       0x2c build/SAMD21_IOT_WG_ICM42688/debug/_ext/1580823105/plib_nvic.o
 .ARM.attributes
                0x0000000000000126       0x2c build/SAMD21_IOT_WG_ICM42688/debug/_ext/11470383/plib_nvmctrl.o
 .ARM.attributes
                0x0000000000000152       0x2c build/SAMD21_IOT_WG_ICM42688/debug/_ext/1580876256/plib_port.o
 .ARM.attributes
                0x000000000000017e       0x2c build/SAMD21_IOT_WG_ICM42688/debug/_ext/1014017276/plib_sercom0_spi_master.o
 .ARM.attributes
                0x00000000000001aa       0x2c build/SAMD21_IOT_WG_ICM42688/debug/_ext/177673482/plib_sercom5_usart.o
 .ARM.attributes
                0x00000000000001d6       0x2c build/SAMD21_IOT_WG_ICM42688/debug/_ext/223004715/plib_systick.o
 .ARM.attributes
                0x0000000000000202       0x2c build/SAMD21_IOT_WG_ICM42688/debug/_ext/399410062/plib_tc3.o
 .ARM.attributes
                0x000000000000022e       0x2c build/SAMD21_IOT_WG_ICM42688/debug/_ext/1357625803/xc32_monitor.o
 .ARM.attributes
                0x000000000000025a       0x2c build/SAMD21_IOT_WG_ICM42688/debug/_ext/1832905403/initialization.o
 .ARM.attributes
                0x0000000000000286       0x2c build/SAMD21_IOT_WG_ICM42688/debug/_ext/1832905403/interrupts.o
 .ARM.attributes
                0x00000000000002b2       0x2c build/SAMD21_IOT_WG_ICM42688/debug/_ext/1832905403/exceptions.o
 .ARM.attributes
                0x00000000000002de       0x2c build/SAMD21_IOT_WG_ICM42688/debug/_ext/1832905403/startup_xc32.o
 .ARM.attributes
                0x000000000000030a       0x2c build/SAMD21_IOT_WG_ICM42688/debug/_ext/1341251756/Icm426xxDriver_HL.o
 .ARM.attributes
                0x0000000000000336       0x2c build/SAMD21_IOT_WG_ICM42688/debug/_ext/1341251756/Icm426xxTransport.o
 .ARM.attributes
                0x0000000000000362       0x2c build/SAMD21_IOT_WG_ICM42688/debug/_ext/1360937237/main.o
 .ARM.attributes
                0x000000000000038e       0x2c build/SAMD21_IOT_WG_ICM42688/debug/_ext/1360937237/ringbuffer.o
 .ARM.attributes
                0x00000000000003ba       0x2c build/SAMD21_IOT_WG_ICM42688/debug/_ext/250963624/fftr.o
 .ARM.attributes
                0x00000000000003e6       0x2c build/SAMD21_IOT_WG_ICM42688/debug/_ext/250963624/fftr_utils.o
 .ARM.attributes
                0x0000000000000412       0x2c build/SAMD21_IOT_WG_ICM42688/debug/_ext/250963624/fg_amplitude_global_p2p_low_frequency.o
 .ARM.attributes
                0x000000000000043e       0x2c build/SAMD21_IOT_WG_ICM42688/debug/_ext/250963624/fg_amplitude_peak_to_peak.o
 .ARM.attributes
                0x000000000000046a       0x2c build/SAMD21_IOT_WG_ICM42688/debug/_ext/250963624/fg_area_absolute_area_low_frequency.o
 .ARM.attributes
                0x0000000000000496       0x2c build/SAMD21_IOT_WG_ICM42688/debug/_ext/250963624/fg_area_power_spectrum_density.o
 .ARM.attributes
                0x00000000000004c2       0x2c build/SAMD21_IOT_WG_ICM42688/debug/_ext/250963624/fg_area_total_area.o
 .ARM.attributes
                0x00000000000004ee       0x2c build/SAMD21_IOT_WG_ICM42688/debug/_ext/250963624/fg_area_total_area_low_frequency.o
 .ARM.attributes
                0x000000000000051a       0x2c build/SAMD21_IOT_WG_ICM42688/debug/_ext/250963624/fg_cross_max_column.o
 .ARM.attributes
                0x0000000000000546       0x2c build/SAMD21_IOT_WG_ICM42688/debug/_ext/250963624/fg_cross_mean_difference.o
 .ARM.attributes
                0x0000000000000572       0x2c build/SAMD21_IOT_WG_ICM42688/debug/_ext/250963624/fg_cross_median_difference.o
 .ARM.attributes
                0x000000000000059e       0x2c build/SAMD21_IOT_WG_ICM42688/debug/_ext/250963624/fg_cross_min_column.o
 .ARM.attributes
                0x00000000000005ca       0x2c build/SAMD21_IOT_WG_ICM42688/debug/_ext/250963624/fg_cross_p2p_difference.o
 .ARM.attributes
                0x00000000000005f6       0x2c build/SAMD21_IOT_WG_ICM42688/debug/_ext/250963624/fg_cross_peak_location_difference.o
 .ARM.attributes
                0x0000000000000622       0x2c build/SAMD21_IOT_WG_ICM42688/debug/_ext/250963624/fg_frequency_harmonic_product_spectrum.o
 .ARM.attributes
                0x000000000000064e       0x2c build/SAMD21_IOT_WG_ICM42688/debug/_ext/250963624/fg_frequency_mfe.o
 .ARM.attributes
                0x000000000000067a       0x2c build/SAMD21_IOT_WG_ICM42688/debug/_ext/250963624/fg_frequency_power_spectrum.o
 .ARM.attributes
                0x00000000000006a6       0x2c build/SAMD21_IOT_WG_ICM42688/debug/_ext/250963624/fg_frequency_spectral_entropy.o
 .ARM.attributes
                0x00000000000006d2       0x2c build/SAMD21_IOT_WG_ICM42688/debug/_ext/250963624/fg_stats_abs_mean.o
 .ARM.attributes
                0x00000000000006fe       0x2c build/SAMD21_IOT_WG_ICM42688/debug/_ext/250963624/fg_stats_iqr.o
 .ARM.attributes
                0x000000000000072a       0x2c build/SAMD21_IOT_WG_ICM42688/debug/_ext/250963624/fg_stats_linear_regression.o
 .ARM.attributes
                0x0000000000000756       0x2c build/SAMD21_IOT_WG_ICM42688/debug/_ext/250963624/fg_stats_maximum.o
 .ARM.attributes
                0x0000000000000782       0x2c build/SAMD21_IOT_WG_ICM42688/debug/_ext/250963624/fg_stats_minimum.o
 .ARM.attributes
                0x00000000000007ae       0x2c build/SAMD21_IOT_WG_ICM42688/debug/_ext/250963624/fg_stats_pct025.o
 .ARM.attributes
                0x00000000000007da       0x2c build/SAMD21_IOT_WG_ICM42688/debug/_ext/250963624/fg_stats_pct075.o
 .ARM.attributes
                0x0000000000000806       0x2c build/SAMD21_IOT_WG_ICM42688/debug/_ext/250963624/fg_stats_skewness.o
 .ARM.attributes
                0x0000000000000832       0x2c build/SAMD21_IOT_WG_ICM42688/debug/_ext/250963624/fg_stats_variance.o
 .ARM.attributes
                0x000000000000085e       0x2c build/SAMD21_IOT_WG_ICM42688/debug/_ext/250963624/fg_time_average_time_over_threshold.o
 .ARM.attributes
                0x000000000000088a       0x2c build/SAMD21_IOT_WG_ICM42688/debug/_ext/250963624/fg_time_pct_time_over_zero.o
 .ARM.attributes
                0x00000000000008b6       0x2c build/SAMD21_IOT_WG_ICM42688/debug/_ext/250963624/fixlog.o
 .ARM.attributes
                0x00000000000008e2       0x2c build/SAMD21_IOT_WG_ICM42688/debug/_ext/250963624/imfcc.o
 .ARM.attributes
                0x000000000000090e       0x2c build/SAMD21_IOT_WG_ICM42688/debug/_ext/250963624/kb.o
 .ARM.attributes
                0x000000000000093a       0x2c build/SAMD21_IOT_WG_ICM42688/debug/_ext/250963624/kb_output.o
 .ARM.attributes
                0x0000000000000966       0x2c build/SAMD21_IOT_WG_ICM42688/debug/_ext/250963624/kb_pipeline.o
 .ARM.attributes
                0x0000000000000992       0x2c build/SAMD21_IOT_WG_ICM42688/debug/_ext/250963624/ma_symmetric.o
 .ARM.attributes
                0x00000000000009be       0x2c build/SAMD21_IOT_WG_ICM42688/debug/_ext/250963624/mean.o
 .ARM.attributes
                0x00000000000009ea       0x2c build/SAMD21_IOT_WG_ICM42688/debug/_ext/250963624/rb.o
 .ARM.attributes
                0x0000000000000a16       0x2c build/SAMD21_IOT_WG_ICM42688/debug/_ext/250963624/save_sensor_data.o
 .ARM.attributes
                0x0000000000000a42       0x2c build/SAMD21_IOT_WG_ICM42688/debug/_ext/250963624/sg_windowing.o
 .ARM.attributes
                0x0000000000000a6e       0x2c build/SAMD21_IOT_WG_ICM42688/debug/_ext/250963624/sortarray.o
 .ARM.attributes
                0x0000000000000a9a       0x2c build/SAMD21_IOT_WG_ICM42688/debug/_ext/250963624/sorted_copy.o
 .ARM.attributes
                0x0000000000000ac6       0x2c build/SAMD21_IOT_WG_ICM42688/debug/_ext/250963624/stats_percentile_presorted.o
 .ARM.attributes
                0x0000000000000af2       0x2c build/SAMD21_IOT_WG_ICM42688/debug/_ext/250963624/stat_moment.o
 .ARM.attributes
                0x0000000000000b1e       0x2c build/SAMD21_IOT_WG_ICM42688/debug/_ext/250963624/tree_ensemble.o
 .ARM.attributes
                0x0000000000000b4a       0x32 build/SAMD21_IOT_WG_ICM42688/debug/_ext/250963624/tree_ensemble_trained_models.o
 .ARM.attributes
                0x0000000000000b7c       0x2c build/SAMD21_IOT_WG_ICM42688/debug/_ext/250963624/tr_min_max_scale.o
 .ARM.attributes
                0x0000000000000ba8       0x2c build/SAMD21_IOT_WG_ICM42688/debug/_ext/250963624/tr_sensor_magnitude.o
 .ARM.attributes
                0x0000000000000bd4       0x2c build/SAMD21_IOT_WG_ICM42688/debug/_ext/250963624/utils_array.o
 .ARM.attributes
                0x0000000000000c00       0x2c build/SAMD21_IOT_WG_ICM42688/debug/_ext/250963624/utils_buffer_abssum.o
 .ARM.attributes
                0x0000000000000c2c       0x2c build/SAMD21_IOT_WG_ICM42688/debug/_ext/250963624/utils_buffer_argmax.o
 .ARM.attributes
                0x0000000000000c58       0x2c build/SAMD21_IOT_WG_ICM42688/debug/_ext/250963624/utils_buffer_cumsum.o
 .ARM.attributes
                0x0000000000000c84       0x2c build/SAMD21_IOT_WG_ICM42688/debug/_ext/250963624/utils_buffer_mean.o
 .ARM.attributes
                0x0000000000000cb0       0x2c build/SAMD21_IOT_WG_ICM42688/debug/_ext/250963624/utils_buffer_median.o
 .ARM.attributes
                0x0000000000000cdc       0x2c build/SAMD21_IOT_WG_ICM42688/debug/_ext/250963624/utils_buffer_min_max.o
 .ARM.attributes
                0x0000000000000d08       0x2c build/SAMD21_IOT_WG_ICM42688/debug/_ext/250963624/utils_buffer_std.o
 .ARM.attributes
                0x0000000000000d34       0x2c build/SAMD21_IOT_WG_ICM42688/debug/_ext/250963624/utils_buffer_variance.o
 .ARM.attributes
                0x0000000000000d60       0x2c build/SAMD21_IOT_WG_ICM42688/debug/_ext/250963624/utils_model_cross_column.o
 .ARM.attributes
                0x0000000000000d8c       0x2c build/SAMD21_IOT_WG_ICM42688/debug/_ext/250963624/utils_model_cross_difference.o
 .ARM.attributes
                0x0000000000000db8       0x2c build/SAMD21_IOT_WG_ICM42688/debug/_ext/250963624/utils_model_pct_time_over_threshold.o
 .ARM.attributes
                0x0000000000000de4       0x2c build/SAMD21_IOT_WG_ICM42688/debug/_ext/250963624/utils_model_stats_max_min.o
 .ARM.attributes
                0x0000000000000e10       0x2c build/SAMD21_IOT_WG_ICM42688/debug/_ext/250963624/utils_model_total_area.o
 .ARM.attributes
                0x0000000000000e3c       0x2c build/SAMD21_IOT_WG_ICM42688/debug/_ext/250963624/utils_tr_sensor.o
 .ARM.attributes
                0x0000000000000e68       0x2c build/SAMD21_IOT_WG_ICM42688/debug/_ext/1018891514/sml_recognition_run.o
 .ARM.attributes
                0x0000000000000e94       0x2c c:/program files/microchip/xc32/v4.60/bin/bin/../../lib/gcc/pic32c/8.3.1/../../../../pic32c/lib/thumb/v6-m/nofp\libpic32c.a(data_init.o)
 .ARM.attributes
                0x0000000000000ec0       0x2e c:/program files/microchip/xc32/v4.60/bin/bin/../../lib/gcc/pic32c/8.3.1/../../../../pic32c/lib/thumb/v6-m/nofp\libc-size-musl.a(memcpy.o)
 .ARM.attributes
                0x0000000000000eee       0x2e c:/program files/microchip/xc32/v4.60/bin/bin/../../lib/gcc/pic32c/8.3.1/../../../../pic32c/lib/thumb/v6-m/nofp\libc-size-musl.a(memset.o)
 .ARM.attributes
                0x0000000000000f1c       0x2c c:/program files/microchip/xc32/v4.60/bin/bin/../../lib/gcc/pic32c/8.3.1/../../../../pic32c/lib/thumb/v6-m/nofp\libm-fast-emfloat.a(modff.o)
 .ARM.attributes
                0x0000000000000f48       0x2c c:/program files/microchip/xc32/v4.60/bin/bin/../../lib/gcc/pic32c/8.3.1/../../../../pic32c/lib/thumb/v6-m/nofp\libm-fast-emfloat.a(cos.o)
 .ARM.attributes
                0x0000000000000f74       0x2c c:/program files/microchip/xc32/v4.60/bin/bin/../../lib/gcc/pic32c/8.3.1/../../../../pic32c/lib/thumb/v6-m/nofp\libm-fast-emfloat.a(sqrtf.o)
 .ARM.attributes
                0x0000000000000fa0       0x2c c:/program files/microchip/xc32/v4.60/bin/bin/../../lib/gcc/pic32c/8.3.1/../../../../pic32c/lib/thumb/v6-m/nofp\libm-fast-emfloat.a(sqrt.o)
 .ARM.attributes
                0x0000000000000fcc       0x2c c:/program files/microchip/xc32/v4.60/bin/bin/../../lib/gcc/pic32c/8.3.1/../../../../pic32c/lib/thumb/v6-m/nofp\libm-fast-emfloat.a(log10.o)
 .ARM.attributes
                0x0000000000000ff8       0x2c c:/program files/microchip/xc32/v4.60/bin/bin/../../lib/gcc/pic32c/8.3.1/../../../../pic32c/lib/thumb/v6-m/nofp\libm-fast-emfloat.a(pow.o)
 .ARM.attributes
                0x0000000000001024       0x2c c:/program files/microchip/xc32/v4.60/bin/bin/../../lib/gcc/pic32c/8.3.1/../../../../pic32c/lib/thumb/v6-m/nofp\libm-fast-emfloat.a(__SEGGER_RTL_aSqrtData.o)
 .ARM.attributes
                0x0000000000001050       0x2c c:/program files/microchip/xc32/v4.60/bin/bin/../../lib/gcc/pic32c/8.3.1/../../../../pic32c/lib/thumb/v6-m/nofp\libm-fast-emfloat.a(__SEGGER_RTL_float64_SinCos.o)
 .ARM.attributes
                0x000000000000107c       0x2c c:/program files/microchip/xc32/v4.60/bin/bin/../../lib/gcc/pic32c/8.3.1/../../../../pic32c/lib/thumb/v6-m/nofp\libm-fast-emfloat.a(__SEGGER_RTL_kahan_aT2.o)
 .ARM.attributes
                0x00000000000010a8       0x1c c:/program files/microchip/xc32/v4.60/bin/bin/../../lib/gcc/pic32c/8.3.1/../../../../pic32c/lib/thumb/v6-m/nofp\libm-fast-emfloat.a(__aeabi_fadd.o)
 .ARM.attributes
                0x00000000000010c4       0x1c c:/program files/microchip/xc32/v4.60/bin/bin/../../lib/gcc/pic32c/8.3.1/../../../../pic32c/lib/thumb/v6-m/nofp\libm-fast-emfloat.a(__aeabi_dadd.o)
 .ARM.attributes
                0x00000000000010e0       0x1c c:/program files/microchip/xc32/v4.60/bin/bin/../../lib/gcc/pic32c/8.3.1/../../../../pic32c/lib/thumb/v6-m/nofp\libm-fast-emfloat.a(__aeabi_fsub.o)
 .ARM.attributes
                0x00000000000010fc       0x1c c:/program files/microchip/xc32/v4.60/bin/bin/../../lib/gcc/pic32c/8.3.1/../../../../pic32c/lib/thumb/v6-m/nofp\libm-fast-emfloat.a(__aeabi_dsub.o)
 .ARM.attributes
                0x0000000000001118       0x1c c:/program files/microchip/xc32/v4.60/bin/bin/../../lib/gcc/pic32c/8.3.1/../../../../pic32c/lib/thumb/v6-m/nofp\libm-fast-emfloat.a(__aeabi_fmul.o)
 .ARM.attributes
                0x0000000000001134       0x1c c:/program files/microchip/xc32/v4.60/bin/bin/../../lib/gcc/pic32c/8.3.1/../../../../pic32c/lib/thumb/v6-m/nofp\libm-fast-emfloat.a(__aeabi_dmul_aux.o)
 .ARM.attributes
                0x0000000000001150       0x1c c:/program files/microchip/xc32/v4.60/bin/bin/../../lib/gcc/pic32c/8.3.1/../../../../pic32c/lib/thumb/v6-m/nofp\libm-fast-emfloat.a(__aeabi_fdiv.o)
 .ARM.attributes
                0x000000000000116c       0x1c c:/program files/microchip/xc32/v4.60/bin/bin/../../lib/gcc/pic32c/8.3.1/../../../../pic32c/lib/thumb/v6-m/nofp\libm-fast-emfloat.a(__aeabi_ddiv.o)
 .ARM.attributes
                0x0000000000001188       0x1c c:/program files/microchip/xc32/v4.60/bin/bin/../../lib/gcc/pic32c/8.3.1/../../../../pic32c/lib/thumb/v6-m/nofp\libm-fast-emfloat.a(__aeabi_fcmple.o)
 .ARM.attributes
                0x00000000000011a4       0x1c c:/program files/microchip/xc32/v4.60/bin/bin/../../lib/gcc/pic32c/8.3.1/../../../../pic32c/lib/thumb/v6-m/nofp\libm-fast-emfloat.a(__aeabi_fcmpeq.o)
 .ARM.attributes
                0x00000000000011c0       0x1c c:/program files/microchip/xc32/v4.60/bin/bin/../../lib/gcc/pic32c/8.3.1/../../../../pic32c/lib/thumb/v6-m/nofp\libm-fast-emfloat.a(__aeabi_dcmpeq.o)
 .ARM.attributes
                0x00000000000011dc       0x1c c:/program files/microchip/xc32/v4.60/bin/bin/../../lib/gcc/pic32c/8.3.1/../../../../pic32c/lib/thumb/v6-m/nofp\libm-fast-emfloat.a(__aeabi_fcmpge.o)
 .ARM.attributes
                0x00000000000011f8       0x1c c:/program files/microchip/xc32/v4.60/bin/bin/../../lib/gcc/pic32c/8.3.1/../../../../pic32c/lib/thumb/v6-m/nofp\libm-fast-emfloat.a(__aeabi_fcmpgt.o)
 .ARM.attributes
                0x0000000000001214       0x1c c:/program files/microchip/xc32/v4.60/bin/bin/../../lib/gcc/pic32c/8.3.1/../../../../pic32c/lib/thumb/v6-m/nofp\libm-fast-emfloat.a(__aeabi_dcmpgt.o)
 .ARM.attributes
                0x0000000000001230       0x1c c:/program files/microchip/xc32/v4.60/bin/bin/../../lib/gcc/pic32c/8.3.1/../../../../pic32c/lib/thumb/v6-m/nofp\libm-fast-emfloat.a(__aeabi_fcmplt.o)
 .ARM.attributes
                0x000000000000124c       0x1c c:/program files/microchip/xc32/v4.60/bin/bin/../../lib/gcc/pic32c/8.3.1/../../../../pic32c/lib/thumb/v6-m/nofp\libm-fast-emfloat.a(__aeabi_dcmplt.o)
 .ARM.attributes
                0x0000000000001268       0x1c c:/program files/microchip/xc32/v4.60/bin/bin/../../lib/gcc/pic32c/8.3.1/../../../../pic32c/lib/thumb/v6-m/nofp\libm-fast-emfloat.a(__aeabi_f2iz.o)
 .ARM.attributes
                0x0000000000001284       0x1c c:/program files/microchip/xc32/v4.60/bin/bin/../../lib/gcc/pic32c/8.3.1/../../../../pic32c/lib/thumb/v6-m/nofp\libm-fast-emfloat.a(__aeabi_d2iz.o)
 .ARM.attributes
                0x00000000000012a0       0x1c c:/program files/microchip/xc32/v4.60/bin/bin/../../lib/gcc/pic32c/8.3.1/../../../../pic32c/lib/thumb/v6-m/nofp\libm-fast-emfloat.a(__aeabi_f2uiz.o)
 .ARM.attributes
                0x00000000000012bc       0x1c c:/program files/microchip/xc32/v4.60/bin/bin/../../lib/gcc/pic32c/8.3.1/../../../../pic32c/lib/thumb/v6-m/nofp\libm-fast-emfloat.a(__aeabi_d2uiz.o)
 .ARM.attributes
                0x00000000000012d8       0x1c c:/program files/microchip/xc32/v4.60/bin/bin/../../lib/gcc/pic32c/8.3.1/../../../../pic32c/lib/thumb/v6-m/nofp\libm-fast-emfloat.a(__aeabi_i2f.o)
 .ARM.attributes
                0x00000000000012f4       0x1c c:/program files/microchip/xc32/v4.60/bin/bin/../../lib/gcc/pic32c/8.3.1/../../../../pic32c/lib/thumb/v6-m/nofp\libm-fast-emfloat.a(__aeabi_i2d.o)
 .ARM.attributes
                0x0000000000001310       0x1c c:/program files/microchip/xc32/v4.60/bin/bin/../../lib/gcc/pic32c/8.3.1/../../../../pic32c/lib/thumb/v6-m/nofp\libm-fast-emfloat.a(__aeabi_l2f.o)
 .ARM.attributes
                0x000000000000132c       0x1c c:/program files/microchip/xc32/v4.60/bin/bin/../../lib/gcc/pic32c/8.3.1/../../../../pic32c/lib/thumb/v6-m/nofp\libm-fast-emfloat.a(__aeabi_ui2f.o)
 .ARM.attributes
                0x0000000000001348       0x1c c:/program files/microchip/xc32/v4.60/bin/bin/../../lib/gcc/pic32c/8.3.1/../../../../pic32c/lib/thumb/v6-m/nofp\libm-fast-emfloat.a(__aeabi_ui2d.o)
 .ARM.attributes
                0x0000000000001364       0x1c c:/program files/microchip/xc32/v4.60/bin/bin/../../lib/gcc/pic32c/8.3.1/../../../../pic32c/lib/thumb/v6-m/nofp\libm-fast-emfloat.a(__aeabi_ul2f.o)
 .ARM.attributes
                0x0000000000001380       0x1c c:/program files/microchip/xc32/v4.60/bin/bin/../../lib/gcc/pic32c/8.3.1/../../../../pic32c/lib/thumb/v6-m/nofp\libm-fast-emfloat.a(__aeabi_f2d.o)
 .ARM.attributes
                0x000000000000139c       0x1c c:/program files/microchip/xc32/v4.60/bin/bin/../../lib/gcc/pic32c/8.3.1/../../../../pic32c/lib/thumb/v6-m/nofp\libm-fast-emfloat.a(__aeabi_d2f.o)
 .ARM.attributes
                0x00000000000013b8       0x2c c:/program files/microchip/xc32/v4.60/bin/bin/../../lib/gcc/pic32c/8.3.1/../../../../pic32c/lib/thumb/v6-m/nofp\libm-fast-emfloat.a(__SEGGER_RTL_float64_PolyEvalP.o)
 .ARM.attributes
                0x00000000000013e4       0x2c c:/program files/microchip/xc32/v4.60/bin/bin/../../lib/gcc/pic32c/8.3.1/../../../../pic32c/lib/thumb/v6-m/nofp\libm-fast-emfloat.a(ldexpf.o)
 .ARM.attributes
                0x0000000000001410       0x2c c:/program files/microchip/xc32/v4.60/bin/bin/../../lib/gcc/pic32c/8.3.1/../../../../pic32c/lib/thumb/v6-m/nofp\libm-fast-emfloat.a(ldexp.o)
 .ARM.attributes
                0x000000000000143c       0x2c c:/program files/microchip/xc32/v4.60/bin/bin/../../lib/gcc/pic32c/8.3.1/../../../../pic32c/lib/thumb/v6-m/nofp\libm-fast-emfloat.a(frexpf.o)
 .ARM.attributes
                0x0000000000001468       0x2c c:/program files/microchip/xc32/v4.60/bin/bin/../../lib/gcc/pic32c/8.3.1/../../../../pic32c/lib/thumb/v6-m/nofp\libm-fast-emfloat.a(log.o)
 .ARM.attributes
                0x0000000000001494       0x2c c:/program files/microchip/xc32/v4.60/bin/bin/../../lib/gcc/pic32c/8.3.1/../../../../pic32c/lib/thumb/v6-m/nofp\libm-fast-emfloat.a(exp.o)
 .ARM.attributes
                0x00000000000014c0       0x2c c:/program files/microchip/xc32/v4.60/bin/bin/../../lib/gcc/pic32c/8.3.1/../../../../pic32c/lib/thumb/v6-m/nofp\libm-fast-emfloat.a(__SEGGER_RTL_float64_Log.o)
 .ARM.attributes
                0x00000000000014ec       0x2c c:/program files/microchip/xc32/v4.60/bin/bin/../../lib/gcc/pic32c/8.3.1/../../../../pic32c/lib/thumb/v6-m/nofp\libm-fast-emfloat.a(__SEGGER_RTL_float64_PolyEvalQ.o)
 .ARM.attributes
                0x0000000000001518       0x2c c:/program files/microchip/xc32/v4.60/bin/bin/../../lib/gcc/pic32c/8.3.1/../../../../pic32c/lib/thumb/v6-m/nofp\libm-fast-emfloat.a(frexp.o)
 .ARM.attributes
                0x0000000000001544       0x2e c:/program files/microchip/xc32/v4.60/bin/bin/../../lib/gcc/pic32c/8.3.1/../../../../pic32c/lib/thumb/v6-m/nofp\libg-musl.a(__libc_start_main.o)
 .ARM.attributes
                0x0000000000001572       0x2e c:/program files/microchip/xc32/v4.60/bin/bin/../../lib/gcc/pic32c/8.3.1/../../../../pic32c/lib/thumb/v6-m/nofp\libg-musl.a(__errno_location.o)
 .ARM.attributes
                0x00000000000015a0       0x2e c:/program files/microchip/xc32/v4.60/bin/bin/../../lib/gcc/pic32c/8.3.1/../../../../pic32c/lib/thumb/v6-m/nofp\libg-musl.a(libc.o)
 .ARM.attributes
                0x00000000000015ce       0x2e c:/program files/microchip/xc32/v4.60/bin/bin/../../lib/gcc/pic32c/8.3.1/../../../../pic32c/lib/thumb/v6-m/nofp\libg-musl.a(__sio_printf_cdeEfFgGnpsxX.o)
 .ARM.attributes
                0x00000000000015fc       0x2e c:/program files/microchip/xc32/v4.60/bin/bin/../../lib/gcc/pic32c/8.3.1/../../../../pic32c/lib/thumb/v6-m/nofp\libg-musl.a(__sio_sprintf_cdeEfFgGnpsxX.o)
 .ARM.attributes
                0x000000000000162a       0x2e c:/program files/microchip/xc32/v4.60/bin/bin/../../lib/gcc/pic32c/8.3.1/../../../../pic32c/lib/thumb/v6-m/nofp\libg-musl.a(__fmt_d.o)
 .ARM.attributes
                0x0000000000001658       0x2e c:/program files/microchip/xc32/v4.60/bin/bin/../../lib/gcc/pic32c/8.3.1/../../../../pic32c/lib/thumb/v6-m/nofp\libg-musl.a(__fmt_fp.o)
 .ARM.attributes
                0x0000000000001686       0x2e c:/program files/microchip/xc32/v4.60/bin/bin/../../lib/gcc/pic32c/8.3.1/../../../../pic32c/lib/thumb/v6-m/nofp\libg-musl.a(__fmt_s.o)
 .ARM.attributes
                0x00000000000016b4       0x2e c:/program files/microchip/xc32/v4.60/bin/bin/../../lib/gcc/pic32c/8.3.1/../../../../pic32c/lib/thumb/v6-m/nofp\libg-musl.a(__fmt_x.o)
 .ARM.attributes
                0x00000000000016e2       0x2e c:/program files/microchip/xc32/v4.60/bin/bin/../../lib/gcc/pic32c/8.3.1/../../../../pic32c/lib/thumb/v6-m/nofp\libg-musl.a(__pop_float.o)
 .ARM.attributes
                0x0000000000001710       0x2e c:/program files/microchip/xc32/v4.60/bin/bin/../../lib/gcc/pic32c/8.3.1/../../../../pic32c/lib/thumb/v6-m/nofp\libg-musl.a(__pop_int.o)
 .ARM.attributes
                0x000000000000173e       0x2e c:/program files/microchip/xc32/v4.60/bin/bin/../../lib/gcc/pic32c/8.3.1/../../../../pic32c/lib/thumb/v6-m/nofp\libg-musl.a(__pop_ptr.o)
 .ARM.attributes
                0x000000000000176c       0x2e c:/program files/microchip/xc32/v4.60/bin/bin/../../lib/gcc/pic32c/8.3.1/../../../../pic32c/lib/thumb/v6-m/nofp\libg-musl.a(__printf_core.o)
 .ARM.attributes
                0x000000000000179a       0x2e c:/program files/microchip/xc32/v4.60/bin/bin/../../lib/gcc/pic32c/8.3.1/../../../../pic32c/lib/thumb/v6-m/nofp\libg-musl.a(stdin.o)
 .ARM.attributes
                0x00000000000017c8       0x2e c:/program files/microchip/xc32/v4.60/bin/bin/../../lib/gcc/pic32c/8.3.1/../../../../pic32c/lib/thumb/v6-m/nofp\libg-musl.a(stdout.o)
 .ARM.attributes
                0x00000000000017f6       0x2e c:/program files/microchip/xc32/v4.60/bin/bin/../../lib/gcc/pic32c/8.3.1/../../../../pic32c/lib/thumb/v6-m/nofp\libg-musl.a(putchar.o)
 .ARM.attributes
                0x0000000000001824       0x2e c:/program files/microchip/xc32/v4.60/bin/bin/../../lib/gcc/pic32c/8.3.1/../../../../pic32c/lib/thumb/v6-m/nofp\libg-musl.a(puts.o)
 .ARM.attributes
                0x0000000000001852       0x2e c:/program files/microchip/xc32/v4.60/bin/bin/../../lib/gcc/pic32c/8.3.1/../../../../pic32c/lib/thumb/v6-m/nofp\libg-musl.a(setbuf.o)
 .ARM.attributes
                0x0000000000001880       0x2e c:/program files/microchip/xc32/v4.60/bin/bin/../../lib/gcc/pic32c/8.3.1/../../../../pic32c/lib/thumb/v6-m/nofp\libg-musl.a(atoi.o)
 .ARM.attributes
                0x00000000000018ae       0x2e c:/program files/microchip/xc32/v4.60/bin/bin/../../lib/gcc/pic32c/8.3.1/../../../../pic32c/lib/thumb/v6-m/nofp\libg-musl.a(tolower.o)
 .ARM.attributes
                0x00000000000018dc       0x2e c:/program files/microchip/xc32/v4.60/bin/bin/../../lib/gcc/pic32c/8.3.1/../../../../pic32c/lib/thumb/v6-m/nofp\libg-musl.a(toupper.o)
 .ARM.attributes
                0x000000000000190a       0x2e c:/program files/microchip/xc32/v4.60/bin/bin/../../lib/gcc/pic32c/8.3.1/../../../../pic32c/lib/thumb/v6-m/nofp\libg-musl.a(__environ.o)
 .ARM.attributes
                0x0000000000001938       0x2e c:/program files/microchip/xc32/v4.60/bin/bin/../../lib/gcc/pic32c/8.3.1/../../../../pic32c/lib/thumb/v6-m/nofp\libg-musl.a(__int_vfprintf.o)
 .ARM.attributes
                0x0000000000001966       0x2e c:/program files/microchip/xc32/v4.60/bin/bin/../../lib/gcc/pic32c/8.3.1/../../../../pic32c/lib/thumb/v6-m/nofp\libg-musl.a(__int_vsprintf.o)
 .ARM.attributes
                0x0000000000001994       0x2e c:/program files/microchip/xc32/v4.60/bin/bin/../../lib/gcc/pic32c/8.3.1/../../../../pic32c/lib/thumb/v6-m/nofp\libg-musl.a(fputs.o)
 .ARM.attributes
                0x00000000000019c2       0x2e c:/program files/microchip/xc32/v4.60/bin/bin/../../lib/gcc/pic32c/8.3.1/../../../../pic32c/lib/thumb/v6-m/nofp\libg-musl.a(__cvt_u.o)
 .ARM.attributes
                0x00000000000019f0       0x2e c:/program files/microchip/xc32/v4.60/bin/bin/../../lib/gcc/pic32c/8.3.1/../../../../pic32c/lib/thumb/v6-m/nofp\libg-musl.a(__stdio_read.o)
 .ARM.attributes
                0x0000000000001a1e       0x2e c:/program files/microchip/xc32/v4.60/bin/bin/../../lib/gcc/pic32c/8.3.1/../../../../pic32c/lib/thumb/v6-m/nofp\libg-musl.a(__towrite_rw.o)
 .ARM.attributes
                0x0000000000001a4c       0x2e c:/program files/microchip/xc32/v4.60/bin/bin/../../lib/gcc/pic32c/8.3.1/../../../../pic32c/lib/thumb/v6-m/nofp\libg-musl.a(fwrite.o)
 .ARM.attributes
                0x0000000000001a7a       0x2e c:/program files/microchip/xc32/v4.60/bin/bin/../../lib/gcc/pic32c/8.3.1/../../../../pic32c/lib/thumb/v6-m/nofp\libg-musl.a(putc.o)
 .ARM.attributes
                0x0000000000001aa8       0x2e c:/program files/microchip/xc32/v4.60/bin/bin/../../lib/gcc/pic32c/8.3.1/../../../../pic32c/lib/thumb/v6-m/nofp\libg-musl.a(setvbuf.o)
 .ARM.attributes
                0x0000000000001ad6       0x2e c:/program files/microchip/xc32/v4.60/bin/bin/../../lib/gcc/pic32c/8.3.1/../../../../pic32c/lib/thumb/v6-m/nofp\libg-musl.a(readv.o)
 .ARM.attributes
                0x0000000000001b04       0x2e c:/program files/microchip/xc32/v4.60/bin/bin/../../lib/gcc/pic32c/8.3.1/../../../../pic32c/lib/thumb/v6-m/nofp\libg-musl.a(__int_vsnprintf.o)
 .ARM.attributes
                0x0000000000001b32       0x2e c:/program files/microchip/xc32/v4.60/bin/bin/../../lib/gcc/pic32c/8.3.1/../../../../pic32c/lib/thumb/v6-m/nofp\libg-musl.a(__init_stdio.o)
 .ARM.attributes
                0x0000000000001b60       0x2e c:/program files/microchip/xc32/v4.60/bin/bin/../../lib/gcc/pic32c/8.3.1/../../../../pic32c/lib/thumb/v6-m/nofp\libg-musl.a(__out.o)
 .ARM.attributes
                0x0000000000001b8e       0x2e c:/program files/microchip/xc32/v4.60/bin/bin/../../lib/gcc/pic32c/8.3.1/../../../../pic32c/lib/thumb/v6-m/nofp\libg-musl.a(__putc.o)
 .ARM.attributes
                0x0000000000001bbc       0x2e c:/program files/microchip/xc32/v4.60/bin/bin/../../lib/gcc/pic32c/8.3.1/../../../../pic32c/lib/thumb/v6-m/nofp\libg-musl.a(__stderr.o)
 .ARM.attributes
                0x0000000000001bea       0x2e c:/program files/microchip/xc32/v4.60/bin/bin/../../lib/gcc/pic32c/8.3.1/../../../../pic32c/lib/thumb/v6-m/nofp\libg-musl.a(__stdio_close.o)
 .ARM.attributes
                0x0000000000001c18       0x2e c:/program files/microchip/xc32/v4.60/bin/bin/../../lib/gcc/pic32c/8.3.1/../../../../pic32c/lib/thumb/v6-m/nofp\libg-musl.a(__stdio_write.o)
 .ARM.attributes
                0x0000000000001c46       0x2e c:/program files/microchip/xc32/v4.60/bin/bin/../../lib/gcc/pic32c/8.3.1/../../../../pic32c/lib/thumb/v6-m/nofp\libg-musl.a(__stdout.o)
 .ARM.attributes
                0x0000000000001c74       0x2e c:/program files/microchip/xc32/v4.60/bin/bin/../../lib/gcc/pic32c/8.3.1/../../../../pic32c/lib/thumb/v6-m/nofp\libg-musl.a(__towrite.o)
 .ARM.attributes
                0x0000000000001ca2       0x2e c:/program files/microchip/xc32/v4.60/bin/bin/../../lib/gcc/pic32c/8.3.1/../../../../pic32c/lib/thumb/v6-m/nofp\libg-musl.a(writev.o)
 .ARM.attributes
                0x0000000000001cd0       0x2e c:/program files/microchip/xc32/v4.60/bin/bin/../../lib/gcc/pic32c/8.3.1/../../../../pic32c/lib/thumb/v6-m/nofp\libg-musl.a(__overflow.o)
 .ARM.attributes
                0x0000000000001cfe       0x2e c:/program files/microchip/xc32/v4.60/bin/bin/../../lib/gcc/pic32c/8.3.1/../../../../pic32c/lib/thumb/v6-m/nofp\libg-musl.a(__fwrite.o)
 .ARM.attributes
                0x0000000000001d2c       0x2c c:/program files/microchip/xc32/v4.60/bin/bin/../../lib/gcc/pic32c/8.3.1/../../../../pic32c/lib/thumb/v6-m/nofp\libm-fast-emfloat.a(fma.o)
 .ARM.attributes
                0x0000000000001d58       0x2c c:/program files/microchip/xc32/v4.60/bin/bin/../../lib/gcc/pic32c/8.3.1/../../../../pic32c/lib/thumb/v6-m/nofp\libm-fast-emfloat.a(floor.o)
 .ARM.attributes
                0x0000000000001d84       0x1c c:/program files/microchip/xc32/v4.60/bin/bin/../../lib/gcc/pic32c/8.3.1/../../../../pic32c/lib/thumb/v6-m/nofp\libm-fast-emfloat.a(__aeabi_dcmple.o)
 .ARM.attributes
                0x0000000000001da0       0x1e c:/program files/microchip/xc32/v4.60/bin/bin/../../lib/gcc/pic32c/8.3.1/thumb/v6-m/nofp\libgcc.a(_udivsi3.o)
 .ARM.attributes
                0x0000000000001dbe       0x1e c:/program files/microchip/xc32/v4.60/bin/bin/../../lib/gcc/pic32c/8.3.1/thumb/v6-m/nofp\libgcc.a(_divsi3.o)
 .ARM.attributes
                0x0000000000001ddc       0x1e c:/program files/microchip/xc32/v4.60/bin/bin/../../lib/gcc/pic32c/8.3.1/thumb/v6-m/nofp\libgcc.a(_dvmd_tls.o)
 .ARM.attributes
                0x0000000000001dfa       0x1e c:/program files/microchip/xc32/v4.60/bin/bin/../../lib/gcc/pic32c/8.3.1/thumb/v6-m/nofp\libgcc.a(_aeabi_ldivmod.o)
 .ARM.attributes
                0x0000000000001e18       0x1e c:/program files/microchip/xc32/v4.60/bin/bin/../../lib/gcc/pic32c/8.3.1/thumb/v6-m/nofp\libgcc.a(_aeabi_uldivmod.o)
 .ARM.attributes
                0x0000000000001e36       0x2c c:/program files/microchip/xc32/v4.60/bin/bin/../../lib/gcc/pic32c/8.3.1/thumb/v6-m/nofp\libgcc.a(_muldi3.o)
 .ARM.attributes
                0x0000000000001e62       0x2c c:/program files/microchip/xc32/v4.60/bin/bin/../../lib/gcc/pic32c/8.3.1/thumb/v6-m/nofp\libgcc.a(_udivmoddi4.o)
 .ARM.attributes
                0x0000000000001e8e       0x2c c:/program files/microchip/xc32/v4.60/bin/bin/../../lib/gcc/pic32c/8.3.1/thumb/v6-m/nofp\libgcc.a(bpabi.o)
 .ARM.attributes
                0x0000000000001eba       0x1e c:/program files/microchip/xc32/v4.60/bin/bin/../../lib/gcc/pic32c/8.3.1/thumb/v6-m/nofp\libgcc.a(_lshrdi3.o)
 .ARM.attributes
                0x0000000000001ed8       0x1e c:/program files/microchip/xc32/v4.60/bin/bin/../../lib/gcc/pic32c/8.3.1/thumb/v6-m/nofp\libgcc.a(_ashldi3.o)
 .ARM.attributes
                0x0000000000001ef6       0x1e c:/program files/microchip/xc32/v4.60/bin/bin/../../lib/gcc/pic32c/8.3.1/thumb/v6-m/nofp\libgcc.a(_clzdi2.o)
 .ARM.attributes
                0x0000000000001f14       0x2c c:/program files/microchip/xc32/v4.60/bin/bin/../../lib/gcc/pic32c/8.3.1/thumb/v6-m/nofp\libgcc.a(_divdi3.o)
 .ARM.attributes
                0x0000000000001f40       0x1e c:/program files/microchip/xc32/v4.60/bin/bin/../../lib/gcc/pic32c/8.3.1/thumb/v6-m/nofp\libgcc.a(_clzsi2.o)
 .ARM.attributes
                0x0000000000001f5e       0x2c c:/program files/microchip/xc32/v4.60/bin/bin/../../lib/gcc/pic32c/8.3.1/../../../../pic32c/lib/thumb/v6-m/nofp\libpic32c.a(close.o)
 .ARM.attributes
                0x0000000000001f8a       0x2c c:/program files/microchip/xc32/v4.60/bin/bin/../../lib/gcc/pic32c/8.3.1/../../../../pic32c/lib/thumb/v6-m/nofp\libpic32c.a(lseek.o)
 .ARM.attributes
                0x0000000000001fb6       0x2c c:/program files/microchip/xc32/v4.60/bin/bin/../../lib/gcc/pic32c/8.3.1/../../../../pic32c/lib/thumb/v6-m/nofp\libpic32c.a(read.o)
 .ARM.attributes
                0x0000000000001fe2       0x2c c:/program files/microchip/xc32/v4.60/bin/bin/../../lib/gcc/pic32c/8.3.1/../../../../pic32c/lib/thumb/v6-m/nofp\libpic32c.a(write.o)
 .ARM.attributes
                0x000000000000200e       0x2e c:/program files/microchip/xc32/v4.60/bin/bin/../../lib/gcc/pic32c/8.3.1/../../../../pic32c/lib/thumb/v6-m/nofp\libc-size-musl.a(strlen.o)
 .ARM.attributes
                0x000000000000203c       0x2e c:/program files/microchip/xc32/v4.60/bin/bin/../../lib/gcc/pic32c/8.3.1/../../../../pic32c/lib/thumb/v6-m/nofp\libc-size-musl.a(strcpy.o)
 .ARM.attributes
                0x000000000000206a       0x2e c:/program files/microchip/xc32/v4.60/bin/bin/../../lib/gcc/pic32c/8.3.1/../../../../pic32c/lib/thumb/v6-m/nofp\libc-size-musl.a(stpcpy.o)
 .ARM.attributes
                0x0000000000002098       0x2e c:/program files/microchip/xc32/v4.60/bin/bin/../../lib/gcc/pic32c/8.3.1/../../../../pic32c/lib/thumb/v6-m/nofp\liblmalloc-musl.a(lite_malloc.o)
 .ARM.attributes
                0x00000000000020c6       0x2e c:/program files/microchip/xc32/v4.60/bin/bin/../../lib/gcc/pic32c/8.3.1/../../../../pic32c/lib/thumb/v6-m/nofp\liblmalloc-musl.a(lite_free.o)
 .ARM.attributes
                0x00000000000020f4       0x2e c:/program files/microchip/xc32/v4.60/bin/bin/../../lib/gcc/pic32c/8.3.1/../../../../pic32c/lib/thumb/v6-m/nofp\libg-musl.a(expand_heap.o)
 .ARM.attributes
                0x0000000000002122       0x2c c:/program files/microchip/xc32/v4.60/bin/bin/../../lib/gcc/pic32c/8.3.1/../../../../pic32c/lib/thumb/v6-m/nofp\libpic32c.a(sbrk.o)
 .ARM.attributes
                0x000000000000214e       0x1e c:/program files/microchip/xc32/v4.60/bin/bin/../../lib/gcc/pic32c/8.3.1/thumb/v6-m/nofp/crtn.o
 .ARM.attributes
                0x000000000000216c       0x2c c:/program files/microchip/xc32/v4.60/bin/bin/../../lib/gcc/pic32c/8.3.1/../../../../pic32c/lib/thumb/v6-m/nofp\libpic32c.a(pic32_data_init_clear.o)
 .ARM.attributes
                0x0000000000002198       0x2c c:/program files/microchip/xc32/v4.60/bin/bin/../../lib/gcc/pic32c/8.3.1/../../../../pic32c/lib/thumb/v6-m/nofp\libpic32c.a(pic32_data_init_copy.o)

.comment        0x0000000000000000       0x2b
 .comment       0x0000000000000000       0x2b c:/program files/microchip/xc32/v4.60/bin/bin/../../lib/gcc/pic32c/8.3.1/thumb/v6-m/nofp/crtbegin.o
                                         0x2c (size before relaxing)
 .comment       0x000000000000002b       0x2c build/SAMD21_IOT_WG_ICM42688/debug/_ext/2048461350/icm42688_sensor.o
 .comment       0x000000000000002b       0x2c build/SAMD21_IOT_WG_ICM42688/debug/_ext/1750425231/plib_clock.o
 .comment       0x000000000000002b       0x2c build/SAMD21_IOT_WG_ICM42688/debug/_ext/503204096/plib_eic.o
 .comment       0x000000000000002b       0x2c build/SAMD21_IOT_WG_ICM42688/debug/_ext/1752574717/plib_evsys.o
 .comment       0x000000000000002b       0x2c build/SAMD21_IOT_WG_ICM42688/debug/_ext/1580823105/plib_nvic.o
 .comment       0x000000000000002b       0x2c build/SAMD21_IOT_WG_ICM42688/debug/_ext/11470383/plib_nvmctrl.o
 .comment       0x000000000000002b       0x2c build/SAMD21_IOT_WG_ICM42688/debug/_ext/1580876256/plib_port.o
 .comment       0x000000000000002b       0x2c build/SAMD21_IOT_WG_ICM42688/debug/_ext/1014017276/plib_sercom0_spi_master.o
 .comment       0x000000000000002b       0x2c build/SAMD21_IOT_WG_ICM42688/debug/_ext/177673482/plib_sercom5_usart.o
 .comment       0x000000000000002b       0x2c build/SAMD21_IOT_WG_ICM42688/debug/_ext/223004715/plib_systick.o
 .comment       0x000000000000002b       0x2c build/SAMD21_IOT_WG_ICM42688/debug/_ext/399410062/plib_tc3.o
 .comment       0x000000000000002b       0x2c build/SAMD21_IOT_WG_ICM42688/debug/_ext/1357625803/xc32_monitor.o
 .comment       0x000000000000002b       0x2c build/SAMD21_IOT_WG_ICM42688/debug/_ext/1832905403/initialization.o
 .comment       0x000000000000002b       0x2c build/SAMD21_IOT_WG_ICM42688/debug/_ext/1832905403/interrupts.o
 .comment       0x000000000000002b       0x2c build/SAMD21_IOT_WG_ICM42688/debug/_ext/1832905403/exceptions.o
 .comment       0x000000000000002b       0x2c build/SAMD21_IOT_WG_ICM42688/debug/_ext/1832905403/startup_xc32.o
 .comment       0x000000000000002b       0x2c build/SAMD21_IOT_WG_ICM42688/debug/_ext/1341251756/Icm426xxDriver_HL.o
 .comment       0x000000000000002b       0x2c build/SAMD21_IOT_WG_ICM42688/debug/_ext/1341251756/Icm426xxTransport.o
 .comment       0x000000000000002b       0x2c build/SAMD21_IOT_WG_ICM42688/debug/_ext/1360937237/main.o
 .comment       0x000000000000002b       0x2c build/SAMD21_IOT_WG_ICM42688/debug/_ext/1360937237/ringbuffer.o
 .comment       0x000000000000002b       0x2c build/SAMD21_IOT_WG_ICM42688/debug/_ext/250963624/fftr.o
 .comment       0x000000000000002b       0x2c build/SAMD21_IOT_WG_ICM42688/debug/_ext/250963624/fftr_utils.o
 .comment       0x000000000000002b       0x2c build/SAMD21_IOT_WG_ICM42688/debug/_ext/250963624/fg_amplitude_global_p2p_low_frequency.o
 .comment       0x000000000000002b       0x2c build/SAMD21_IOT_WG_ICM42688/debug/_ext/250963624/fg_amplitude_peak_to_peak.o
 .comment       0x000000000000002b       0x2c build/SAMD21_IOT_WG_ICM42688/debug/_ext/250963624/fg_area_absolute_area_low_frequency.o
 .comment       0x000000000000002b       0x2c build/SAMD21_IOT_WG_ICM42688/debug/_ext/250963624/fg_area_power_spectrum_density.o
 .comment       0x000000000000002b       0x2c build/SAMD21_IOT_WG_ICM42688/debug/_ext/250963624/fg_area_total_area.o
 .comment       0x000000000000002b       0x2c build/SAMD21_IOT_WG_ICM42688/debug/_ext/250963624/fg_area_total_area_low_frequency.o
 .comment       0x000000000000002b       0x2c build/SAMD21_IOT_WG_ICM42688/debug/_ext/250963624/fg_cross_max_column.o
 .comment       0x000000000000002b       0x2c build/SAMD21_IOT_WG_ICM42688/debug/_ext/250963624/fg_cross_mean_difference.o
 .comment       0x000000000000002b       0x2c build/SAMD21_IOT_WG_ICM42688/debug/_ext/250963624/fg_cross_median_difference.o
 .comment       0x000000000000002b       0x2c build/SAMD21_IOT_WG_ICM42688/debug/_ext/250963624/fg_cross_min_column.o
 .comment       0x000000000000002b       0x2c build/SAMD21_IOT_WG_ICM42688/debug/_ext/250963624/fg_cross_p2p_difference.o
 .comment       0x000000000000002b       0x2c build/SAMD21_IOT_WG_ICM42688/debug/_ext/250963624/fg_cross_peak_location_difference.o
 .comment       0x000000000000002b       0x2c build/SAMD21_IOT_WG_ICM42688/debug/_ext/250963624/fg_frequency_harmonic_product_spectrum.o
 .comment       0x000000000000002b       0x2c build/SAMD21_IOT_WG_ICM42688/debug/_ext/250963624/fg_frequency_mfe.o
 .comment       0x000000000000002b       0x2c build/SAMD21_IOT_WG_ICM42688/debug/_ext/250963624/fg_frequency_power_spectrum.o
 .comment       0x000000000000002b       0x2c build/SAMD21_IOT_WG_ICM42688/debug/_ext/250963624/fg_frequency_spectral_entropy.o
 .comment       0x000000000000002b       0x2c build/SAMD21_IOT_WG_ICM42688/debug/_ext/250963624/fg_stats_abs_mean.o
 .comment       0x000000000000002b       0x2c build/SAMD21_IOT_WG_ICM42688/debug/_ext/250963624/fg_stats_iqr.o
 .comment       0x000000000000002b       0x2c build/SAMD21_IOT_WG_ICM42688/debug/_ext/250963624/fg_stats_linear_regression.o
 .comment       0x000000000000002b       0x2c build/SAMD21_IOT_WG_ICM42688/debug/_ext/250963624/fg_stats_maximum.o
 .comment       0x000000000000002b       0x2c build/SAMD21_IOT_WG_ICM42688/debug/_ext/250963624/fg_stats_minimum.o
 .comment       0x000000000000002b       0x2c build/SAMD21_IOT_WG_ICM42688/debug/_ext/250963624/fg_stats_pct025.o
 .comment       0x000000000000002b       0x2c build/SAMD21_IOT_WG_ICM42688/debug/_ext/250963624/fg_stats_pct075.o
 .comment       0x000000000000002b       0x2c build/SAMD21_IOT_WG_ICM42688/debug/_ext/250963624/fg_stats_skewness.o
 .comment       0x000000000000002b       0x2c build/SAMD21_IOT_WG_ICM42688/debug/_ext/250963624/fg_stats_variance.o
 .comment       0x000000000000002b       0x2c build/SAMD21_IOT_WG_ICM42688/debug/_ext/250963624/fg_time_average_time_over_threshold.o
 .comment       0x000000000000002b       0x2c build/SAMD21_IOT_WG_ICM42688/debug/_ext/250963624/fg_time_pct_time_over_zero.o
 .comment       0x000000000000002b       0x2c build/SAMD21_IOT_WG_ICM42688/debug/_ext/250963624/fixlog.o
 .comment       0x000000000000002b       0x2c build/SAMD21_IOT_WG_ICM42688/debug/_ext/250963624/imfcc.o
 .comment       0x000000000000002b       0x2c build/SAMD21_IOT_WG_ICM42688/debug/_ext/250963624/kb.o
 .comment       0x000000000000002b       0x2c build/SAMD21_IOT_WG_ICM42688/debug/_ext/250963624/kb_output.o
 .comment       0x000000000000002b       0x2c build/SAMD21_IOT_WG_ICM42688/debug/_ext/250963624/kb_pipeline.o
 .comment       0x000000000000002b       0x2c build/SAMD21_IOT_WG_ICM42688/debug/_ext/250963624/ma_symmetric.o
 .comment       0x000000000000002b       0x2c build/SAMD21_IOT_WG_ICM42688/debug/_ext/250963624/mean.o
 .comment       0x000000000000002b       0x2c build/SAMD21_IOT_WG_ICM42688/debug/_ext/250963624/rb.o
 .comment       0x000000000000002b       0x2c build/SAMD21_IOT_WG_ICM42688/debug/_ext/250963624/save_sensor_data.o
 .comment       0x000000000000002b       0x2c build/SAMD21_IOT_WG_ICM42688/debug/_ext/250963624/sg_windowing.o
 .comment       0x000000000000002b       0x2c build/SAMD21_IOT_WG_ICM42688/debug/_ext/250963624/sortarray.o
 .comment       0x000000000000002b       0x2c build/SAMD21_IOT_WG_ICM42688/debug/_ext/250963624/sorted_copy.o
 .comment       0x000000000000002b       0x2c build/SAMD21_IOT_WG_ICM42688/debug/_ext/250963624/stats_percentile_presorted.o
 .comment       0x000000000000002b       0x2c build/SAMD21_IOT_WG_ICM42688/debug/_ext/250963624/stat_moment.o
 .comment       0x000000000000002b       0x2c build/SAMD21_IOT_WG_ICM42688/debug/_ext/250963624/tree_ensemble.o
 .comment       0x000000000000002b       0x2c build/SAMD21_IOT_WG_ICM42688/debug/_ext/250963624/tree_ensemble_trained_models.o
 .comment       0x000000000000002b       0x2c build/SAMD21_IOT_WG_ICM42688/debug/_ext/250963624/tr_min_max_scale.o
 .comment       0x000000000000002b       0x2c build/SAMD21_IOT_WG_ICM42688/debug/_ext/250963624/tr_sensor_magnitude.o
 .comment       0x000000000000002b       0x2c build/SAMD21_IOT_WG_ICM42688/debug/_ext/250963624/utils_array.o
 .comment       0x000000000000002b       0x2c build/SAMD21_IOT_WG_ICM42688/debug/_ext/250963624/utils_buffer_abssum.o
 .comment       0x000000000000002b       0x2c build/SAMD21_IOT_WG_ICM42688/debug/_ext/250963624/utils_buffer_argmax.o
 .comment       0x000000000000002b       0x2c build/SAMD21_IOT_WG_ICM42688/debug/_ext/250963624/utils_buffer_cumsum.o
 .comment       0x000000000000002b       0x2c build/SAMD21_IOT_WG_ICM42688/debug/_ext/250963624/utils_buffer_mean.o
 .comment       0x000000000000002b       0x2c build/SAMD21_IOT_WG_ICM42688/debug/_ext/250963624/utils_buffer_median.o
 .comment       0x000000000000002b       0x2c build/SAMD21_IOT_WG_ICM42688/debug/_ext/250963624/utils_buffer_min_max.o
 .comment       0x000000000000002b       0x2c build/SAMD21_IOT_WG_ICM42688/debug/_ext/250963624/utils_buffer_std.o
 .comment       0x000000000000002b       0x2c build/SAMD21_IOT_WG_ICM42688/debug/_ext/250963624/utils_buffer_variance.o
 .comment       0x000000000000002b       0x2c build/SAMD21_IOT_WG_ICM42688/debug/_ext/250963624/utils_model_cross_column.o
 .comment       0x000000000000002b       0x2c build/SAMD21_IOT_WG_ICM42688/debug/_ext/250963624/utils_model_cross_difference.o
 .comment       0x000000000000002b       0x2c build/SAMD21_IOT_WG_ICM42688/debug/_ext/250963624/utils_model_pct_time_over_threshold.o
 .comment       0x000000000000002b       0x2c build/SAMD21_IOT_WG_ICM42688/debug/_ext/250963624/utils_model_stats_max_min.o
 .comment       0x000000000000002b       0x2c build/SAMD21_IOT_WG_ICM42688/debug/_ext/250963624/utils_model_total_area.o
 .comment       0x000000000000002b       0x2c build/SAMD21_IOT_WG_ICM42688/debug/_ext/250963624/utils_tr_sensor.o
 .comment       0x000000000000002b       0x2c build/SAMD21_IOT_WG_ICM42688/debug/_ext/1018891514/sml_recognition_run.o
 .comment       0x000000000000002b       0x2c c:/program files/microchip/xc32/v4.60/bin/bin/../../lib/gcc/pic32c/8.3.1/../../../../pic32c/lib/thumb/v6-m/nofp\libpic32c.a(data_init.o)
 .comment       0x000000000000002b       0x2c c:/program files/microchip/xc32/v4.60/bin/bin/../../lib/gcc/pic32c/8.3.1/../../../../pic32c/lib/thumb/v6-m/nofp\libc-size-musl.a(memcpy.o)
 .comment       0x000000000000002b       0x2c c:/program files/microchip/xc32/v4.60/bin/bin/../../lib/gcc/pic32c/8.3.1/../../../../pic32c/lib/thumb/v6-m/nofp\libc-size-musl.a(memset.o)
 .comment       0x000000000000002b       0x2c c:/program files/microchip/xc32/v4.60/bin/bin/../../lib/gcc/pic32c/8.3.1/../../../../pic32c/lib/thumb/v6-m/nofp\libm-fast-emfloat.a(modff.o)
 .comment       0x000000000000002b       0x2c c:/program files/microchip/xc32/v4.60/bin/bin/../../lib/gcc/pic32c/8.3.1/../../../../pic32c/lib/thumb/v6-m/nofp\libm-fast-emfloat.a(cos.o)
 .comment       0x000000000000002b       0x2c c:/program files/microchip/xc32/v4.60/bin/bin/../../lib/gcc/pic32c/8.3.1/../../../../pic32c/lib/thumb/v6-m/nofp\libm-fast-emfloat.a(sqrtf.o)
 .comment       0x000000000000002b       0x2c c:/program files/microchip/xc32/v4.60/bin/bin/../../lib/gcc/pic32c/8.3.1/../../../../pic32c/lib/thumb/v6-m/nofp\libm-fast-emfloat.a(sqrt.o)
 .comment       0x000000000000002b       0x2c c:/program files/microchip/xc32/v4.60/bin/bin/../../lib/gcc/pic32c/8.3.1/../../../../pic32c/lib/thumb/v6-m/nofp\libm-fast-emfloat.a(log10.o)
 .comment       0x000000000000002b       0x2c c:/program files/microchip/xc32/v4.60/bin/bin/../../lib/gcc/pic32c/8.3.1/../../../../pic32c/lib/thumb/v6-m/nofp\libm-fast-emfloat.a(pow.o)
 .comment       0x000000000000002b       0x2c c:/program files/microchip/xc32/v4.60/bin/bin/../../lib/gcc/pic32c/8.3.1/../../../../pic32c/lib/thumb/v6-m/nofp\libm-fast-emfloat.a(__SEGGER_RTL_aSqrtData.o)
 .comment       0x000000000000002b       0x2c c:/program files/microchip/xc32/v4.60/bin/bin/../../lib/gcc/pic32c/8.3.1/../../../../pic32c/lib/thumb/v6-m/nofp\libm-fast-emfloat.a(__SEGGER_RTL_float64_SinCos.o)
 .comment       0x000000000000002b       0x2c c:/program files/microchip/xc32/v4.60/bin/bin/../../lib/gcc/pic32c/8.3.1/../../../../pic32c/lib/thumb/v6-m/nofp\libm-fast-emfloat.a(__SEGGER_RTL_kahan_aT2.o)
 .comment       0x000000000000002b       0x2c c:/program files/microchip/xc32/v4.60/bin/bin/../../lib/gcc/pic32c/8.3.1/../../../../pic32c/lib/thumb/v6-m/nofp\libm-fast-emfloat.a(__SEGGER_RTL_float64_PolyEvalP.o)
 .comment       0x000000000000002b       0x2c c:/program files/microchip/xc32/v4.60/bin/bin/../../lib/gcc/pic32c/8.3.1/../../../../pic32c/lib/thumb/v6-m/nofp\libm-fast-emfloat.a(ldexpf.o)
 .comment       0x000000000000002b       0x2c c:/program files/microchip/xc32/v4.60/bin/bin/../../lib/gcc/pic32c/8.3.1/../../../../pic32c/lib/thumb/v6-m/nofp\libm-fast-emfloat.a(ldexp.o)
 .comment       0x000000000000002b       0x2c c:/program files/microchip/xc32/v4.60/bin/bin/../../lib/gcc/pic32c/8.3.1/../../../../pic32c/lib/thumb/v6-m/nofp\libm-fast-emfloat.a(frexpf.o)
 .comment       0x000000000000002b       0x2c c:/program files/microchip/xc32/v4.60/bin/bin/../../lib/gcc/pic32c/8.3.1/../../../../pic32c/lib/thumb/v6-m/nofp\libm-fast-emfloat.a(log.o)
 .comment       0x000000000000002b       0x2c c:/program files/microchip/xc32/v4.60/bin/bin/../../lib/gcc/pic32c/8.3.1/../../../../pic32c/lib/thumb/v6-m/nofp\libm-fast-emfloat.a(exp.o)
 .comment       0x000000000000002b       0x2c c:/program files/microchip/xc32/v4.60/bin/bin/../../lib/gcc/pic32c/8.3.1/../../../../pic32c/lib/thumb/v6-m/nofp\libm-fast-emfloat.a(__SEGGER_RTL_float64_Log.o)
 .comment       0x000000000000002b       0x2c c:/program files/microchip/xc32/v4.60/bin/bin/../../lib/gcc/pic32c/8.3.1/../../../../pic32c/lib/thumb/v6-m/nofp\libm-fast-emfloat.a(__SEGGER_RTL_float64_PolyEvalQ.o)
 .comment       0x000000000000002b       0x2c c:/program files/microchip/xc32/v4.60/bin/bin/../../lib/gcc/pic32c/8.3.1/../../../../pic32c/lib/thumb/v6-m/nofp\libm-fast-emfloat.a(frexp.o)
 .comment       0x000000000000002b       0x2c c:/program files/microchip/xc32/v4.60/bin/bin/../../lib/gcc/pic32c/8.3.1/../../../../pic32c/lib/thumb/v6-m/nofp\libg-musl.a(__libc_start_main.o)
 .comment       0x000000000000002b       0x2c c:/program files/microchip/xc32/v4.60/bin/bin/../../lib/gcc/pic32c/8.3.1/../../../../pic32c/lib/thumb/v6-m/nofp\libg-musl.a(__errno_location.o)
 .comment       0x000000000000002b       0x2c c:/program files/microchip/xc32/v4.60/bin/bin/../../lib/gcc/pic32c/8.3.1/../../../../pic32c/lib/thumb/v6-m/nofp\libg-musl.a(libc.o)
 .comment       0x000000000000002b       0x2c c:/program files/microchip/xc32/v4.60/bin/bin/../../lib/gcc/pic32c/8.3.1/../../../../pic32c/lib/thumb/v6-m/nofp\libg-musl.a(__sio_printf_cdeEfFgGnpsxX.o)
 .comment       0x000000000000002b       0x2c c:/program files/microchip/xc32/v4.60/bin/bin/../../lib/gcc/pic32c/8.3.1/../../../../pic32c/lib/thumb/v6-m/nofp\libg-musl.a(__sio_sprintf_cdeEfFgGnpsxX.o)
 .comment       0x000000000000002b       0x2c c:/program files/microchip/xc32/v4.60/bin/bin/../../lib/gcc/pic32c/8.3.1/../../../../pic32c/lib/thumb/v6-m/nofp\libg-musl.a(__fmt_d.o)
 .comment       0x000000000000002b       0x2c c:/program files/microchip/xc32/v4.60/bin/bin/../../lib/gcc/pic32c/8.3.1/../../../../pic32c/lib/thumb/v6-m/nofp\libg-musl.a(__fmt_fp.o)
 .comment       0x000000000000002b       0x2c c:/program files/microchip/xc32/v4.60/bin/bin/../../lib/gcc/pic32c/8.3.1/../../../../pic32c/lib/thumb/v6-m/nofp\libg-musl.a(__fmt_s.o)
 .comment       0x000000000000002b       0x2c c:/program files/microchip/xc32/v4.60/bin/bin/../../lib/gcc/pic32c/8.3.1/../../../../pic32c/lib/thumb/v6-m/nofp\libg-musl.a(__fmt_x.o)
 .comment       0x000000000000002b       0x2c c:/program files/microchip/xc32/v4.60/bin/bin/../../lib/gcc/pic32c/8.3.1/../../../../pic32c/lib/thumb/v6-m/nofp\libg-musl.a(__pop_float.o)
 .comment       0x000000000000002b       0x2c c:/program files/microchip/xc32/v4.60/bin/bin/../../lib/gcc/pic32c/8.3.1/../../../../pic32c/lib/thumb/v6-m/nofp\libg-musl.a(__pop_int.o)
 .comment       0x000000000000002b       0x2c c:/program files/microchip/xc32/v4.60/bin/bin/../../lib/gcc/pic32c/8.3.1/../../../../pic32c/lib/thumb/v6-m/nofp\libg-musl.a(__pop_ptr.o)
 .comment       0x000000000000002b       0x2c c:/program files/microchip/xc32/v4.60/bin/bin/../../lib/gcc/pic32c/8.3.1/../../../../pic32c/lib/thumb/v6-m/nofp\libg-musl.a(__printf_core.o)
 .comment       0x000000000000002b       0x2c c:/program files/microchip/xc32/v4.60/bin/bin/../../lib/gcc/pic32c/8.3.1/../../../../pic32c/lib/thumb/v6-m/nofp\libg-musl.a(stdin.o)
 .comment       0x000000000000002b       0x2c c:/program files/microchip/xc32/v4.60/bin/bin/../../lib/gcc/pic32c/8.3.1/../../../../pic32c/lib/thumb/v6-m/nofp\libg-musl.a(stdout.o)
 .comment       0x000000000000002b       0x2c c:/program files/microchip/xc32/v4.60/bin/bin/../../lib/gcc/pic32c/8.3.1/../../../../pic32c/lib/thumb/v6-m/nofp\libg-musl.a(putchar.o)
 .comment       0x000000000000002b       0x2c c:/program files/microchip/xc32/v4.60/bin/bin/../../lib/gcc/pic32c/8.3.1/../../../../pic32c/lib/thumb/v6-m/nofp\libg-musl.a(puts.o)
 .comment       0x000000000000002b       0x2c c:/program files/microchip/xc32/v4.60/bin/bin/../../lib/gcc/pic32c/8.3.1/../../../../pic32c/lib/thumb/v6-m/nofp\libg-musl.a(setbuf.o)
 .comment       0x000000000000002b       0x2c c:/program files/microchip/xc32/v4.60/bin/bin/../../lib/gcc/pic32c/8.3.1/../../../../pic32c/lib/thumb/v6-m/nofp\libg-musl.a(atoi.o)
 .comment       0x000000000000002b       0x2c c:/program files/microchip/xc32/v4.60/bin/bin/../../lib/gcc/pic32c/8.3.1/../../../../pic32c/lib/thumb/v6-m/nofp\libg-musl.a(tolower.o)
 .comment       0x000000000000002b       0x2c c:/program files/microchip/xc32/v4.60/bin/bin/../../lib/gcc/pic32c/8.3.1/../../../../pic32c/lib/thumb/v6-m/nofp\libg-musl.a(toupper.o)
 .comment       0x000000000000002b       0x2c c:/program files/microchip/xc32/v4.60/bin/bin/../../lib/gcc/pic32c/8.3.1/../../../../pic32c/lib/thumb/v6-m/nofp\libg-musl.a(__environ.o)
 .comment       0x000000000000002b       0x2c c:/program files/microchip/xc32/v4.60/bin/bin/../../lib/gcc/pic32c/8.3.1/../../../../pic32c/lib/thumb/v6-m/nofp\libg-musl.a(__int_vfprintf.o)
 .comment       0x000000000000002b       0x2c c:/program files/microchip/xc32/v4.60/bin/bin/../../lib/gcc/pic32c/8.3.1/../../../../pic32c/lib/thumb/v6-m/nofp\libg-musl.a(__int_vsprintf.o)
 .comment       0x000000000000002b       0x2c c:/program files/microchip/xc32/v4.60/bin/bin/../../lib/gcc/pic32c/8.3.1/../../../../pic32c/lib/thumb/v6-m/nofp\libg-musl.a(fputs.o)
 .comment       0x000000000000002b       0x2c c:/program files/microchip/xc32/v4.60/bin/bin/../../lib/gcc/pic32c/8.3.1/../../../../pic32c/lib/thumb/v6-m/nofp\libg-musl.a(__cvt_u.o)
 .comment       0x000000000000002b       0x2c c:/program files/microchip/xc32/v4.60/bin/bin/../../lib/gcc/pic32c/8.3.1/../../../../pic32c/lib/thumb/v6-m/nofp\libg-musl.a(__stdio_read.o)
 .comment       0x000000000000002b       0x2c c:/program files/microchip/xc32/v4.60/bin/bin/../../lib/gcc/pic32c/8.3.1/../../../../pic32c/lib/thumb/v6-m/nofp\libg-musl.a(__towrite_rw.o)
 .comment       0x000000000000002b       0x2c c:/program files/microchip/xc32/v4.60/bin/bin/../../lib/gcc/pic32c/8.3.1/../../../../pic32c/lib/thumb/v6-m/nofp\libg-musl.a(fwrite.o)
 .comment       0x000000000000002b       0x2c c:/program files/microchip/xc32/v4.60/bin/bin/../../lib/gcc/pic32c/8.3.1/../../../../pic32c/lib/thumb/v6-m/nofp\libg-musl.a(putc.o)
 .comment       0x000000000000002b       0x2c c:/program files/microchip/xc32/v4.60/bin/bin/../../lib/gcc/pic32c/8.3.1/../../../../pic32c/lib/thumb/v6-m/nofp\libg-musl.a(setvbuf.o)
 .comment       0x000000000000002b       0x2c c:/program files/microchip/xc32/v4.60/bin/bin/../../lib/gcc/pic32c/8.3.1/../../../../pic32c/lib/thumb/v6-m/nofp\libg-musl.a(readv.o)
 .comment       0x000000000000002b       0x2c c:/program files/microchip/xc32/v4.60/bin/bin/../../lib/gcc/pic32c/8.3.1/../../../../pic32c/lib/thumb/v6-m/nofp\libg-musl.a(__int_vsnprintf.o)
 .comment       0x000000000000002b       0x2c c:/program files/microchip/xc32/v4.60/bin/bin/../../lib/gcc/pic32c/8.3.1/../../../../pic32c/lib/thumb/v6-m/nofp\libg-musl.a(__init_stdio.o)
 .comment       0x000000000000002b       0x2c c:/program files/microchip/xc32/v4.60/bin/bin/../../lib/gcc/pic32c/8.3.1/../../../../pic32c/lib/thumb/v6-m/nofp\libg-musl.a(__out.o)
 .comment       0x000000000000002b       0x2c c:/program files/microchip/xc32/v4.60/bin/bin/../../lib/gcc/pic32c/8.3.1/../../../../pic32c/lib/thumb/v6-m/nofp\libg-musl.a(__putc.o)
 .comment       0x000000000000002b       0x2c c:/program files/microchip/xc32/v4.60/bin/bin/../../lib/gcc/pic32c/8.3.1/../../../../pic32c/lib/thumb/v6-m/nofp\libg-musl.a(__stderr.o)
 .comment       0x000000000000002b       0x2c c:/program files/microchip/xc32/v4.60/bin/bin/../../lib/gcc/pic32c/8.3.1/../../../../pic32c/lib/thumb/v6-m/nofp\libg-musl.a(__stdio_close.o)
 .comment       0x000000000000002b       0x2c c:/program files/microchip/xc32/v4.60/bin/bin/../../lib/gcc/pic32c/8.3.1/../../../../pic32c/lib/thumb/v6-m/nofp\libg-musl.a(__stdio_write.o)
 .comment       0x000000000000002b       0x2c c:/program files/microchip/xc32/v4.60/bin/bin/../../lib/gcc/pic32c/8.3.1/../../../../pic32c/lib/thumb/v6-m/nofp\libg-musl.a(__stdout.o)
 .comment       0x000000000000002b       0x2c c:/program files/microchip/xc32/v4.60/bin/bin/../../lib/gcc/pic32c/8.3.1/../../../../pic32c/lib/thumb/v6-m/nofp\libg-musl.a(__towrite.o)
 .comment       0x000000000000002b       0x2c c:/program files/microchip/xc32/v4.60/bin/bin/../../lib/gcc/pic32c/8.3.1/../../../../pic32c/lib/thumb/v6-m/nofp\libg-musl.a(writev.o)
 .comment       0x000000000000002b       0x2c c:/program files/microchip/xc32/v4.60/bin/bin/../../lib/gcc/pic32c/8.3.1/../../../../pic32c/lib/thumb/v6-m/nofp\libg-musl.a(__overflow.o)
 .comment       0x000000000000002b       0x2c c:/program files/microchip/xc32/v4.60/bin/bin/../../lib/gcc/pic32c/8.3.1/../../../../pic32c/lib/thumb/v6-m/nofp\libg-musl.a(__fwrite.o)
 .comment       0x000000000000002b       0x2c c:/program files/microchip/xc32/v4.60/bin/bin/../../lib/gcc/pic32c/8.3.1/../../../../pic32c/lib/thumb/v6-m/nofp\libm-fast-emfloat.a(fma.o)
 .comment       0x000000000000002b       0x2c c:/program files/microchip/xc32/v4.60/bin/bin/../../lib/gcc/pic32c/8.3.1/../../../../pic32c/lib/thumb/v6-m/nofp\libm-fast-emfloat.a(floor.o)
 .comment       0x000000000000002b       0x2c c:/program files/microchip/xc32/v4.60/bin/bin/../../lib/gcc/pic32c/8.3.1/thumb/v6-m/nofp\libgcc.a(_muldi3.o)
 .comment       0x000000000000002b       0x2c c:/program files/microchip/xc32/v4.60/bin/bin/../../lib/gcc/pic32c/8.3.1/thumb/v6-m/nofp\libgcc.a(_udivmoddi4.o)
 .comment       0x000000000000002b       0x2c c:/program files/microchip/xc32/v4.60/bin/bin/../../lib/gcc/pic32c/8.3.1/thumb/v6-m/nofp\libgcc.a(bpabi.o)
 .comment       0x000000000000002b       0x2c c:/program files/microchip/xc32/v4.60/bin/bin/../../lib/gcc/pic32c/8.3.1/thumb/v6-m/nofp\libgcc.a(_divdi3.o)
 .comment       0x000000000000002b       0x2c c:/program files/microchip/xc32/v4.60/bin/bin/../../lib/gcc/pic32c/8.3.1/../../../../pic32c/lib/thumb/v6-m/nofp\libpic32c.a(close.o)
 .comment       0x000000000000002b       0x2c c:/program files/microchip/xc32/v4.60/bin/bin/../../lib/gcc/pic32c/8.3.1/../../../../pic32c/lib/thumb/v6-m/nofp\libpic32c.a(lseek.o)
 .comment       0x000000000000002b       0x2c c:/program files/microchip/xc32/v4.60/bin/bin/../../lib/gcc/pic32c/8.3.1/../../../../pic32c/lib/thumb/v6-m/nofp\libpic32c.a(read.o)
 .comment       0x000000000000002b       0x2c c:/program files/microchip/xc32/v4.60/bin/bin/../../lib/gcc/pic32c/8.3.1/../../../../pic32c/lib/thumb/v6-m/nofp\libpic32c.a(write.o)
 .comment       0x000000000000002b       0x2c c:/program files/microchip/xc32/v4.60/bin/bin/../../lib/gcc/pic32c/8.3.1/../../../../pic32c/lib/thumb/v6-m/nofp\libc-size-musl.a(strlen.o)
 .comment       0x000000000000002b       0x2c c:/program files/microchip/xc32/v4.60/bin/bin/../../lib/gcc/pic32c/8.3.1/../../../../pic32c/lib/thumb/v6-m/nofp\libc-size-musl.a(strcpy.o)
 .comment       0x000000000000002b       0x2c c:/program files/microchip/xc32/v4.60/bin/bin/../../lib/gcc/pic32c/8.3.1/../../../../pic32c/lib/thumb/v6-m/nofp\libc-size-musl.a(stpcpy.o)
 .comment       0x000000000000002b       0x2c c:/program files/microchip/xc32/v4.60/bin/bin/../../lib/gcc/pic32c/8.3.1/../../../../pic32c/lib/thumb/v6-m/nofp\liblmalloc-musl.a(lite_malloc.o)
 .comment       0x000000000000002b       0x2c c:/program files/microchip/xc32/v4.60/bin/bin/../../lib/gcc/pic32c/8.3.1/../../../../pic32c/lib/thumb/v6-m/nofp\liblmalloc-musl.a(lite_free.o)
 .comment       0x000000000000002b       0x2c c:/program files/microchip/xc32/v4.60/bin/bin/../../lib/gcc/pic32c/8.3.1/../../../../pic32c/lib/thumb/v6-m/nofp\libg-musl.a(expand_heap.o)
 .comment       0x000000000000002b       0x2c c:/program files/microchip/xc32/v4.60/bin/bin/../../lib/gcc/pic32c/8.3.1/../../../../pic32c/lib/thumb/v6-m/nofp\libpic32c.a(sbrk.o)
 .comment       0x000000000000002b       0x2c c:/program files/microchip/xc32/v4.60/bin/bin/../../lib/gcc/pic32c/8.3.1/../../../../pic32c/lib/thumb/v6-m/nofp\libpic32c.a(pic32_data_init_clear.o)
 .comment       0x000000000000002b       0x2c c:/program files/microchip/xc32/v4.60/bin/bin/../../lib/gcc/pic32c/8.3.1/../../../../pic32c/lib/thumb/v6-m/nofp\libpic32c.a(pic32_data_init_copy.o)

.debug_info     0x0000000000000000    0x3069d
 .debug_info    0x0000000000000000      0xdf1 build/SAMD21_IOT_WG_ICM42688/debug/_ext/2048461350/icm42688_sensor.o
 .debug_info    0x0000000000000df1      0x5d1 build/SAMD21_IOT_WG_ICM42688/debug/_ext/1750425231/plib_clock.o
 .debug_info    0x00000000000013c2      0x320 build/SAMD21_IOT_WG_ICM42688/debug/_ext/503204096/plib_eic.o
 .debug_info    0x00000000000016e2       0x97 build/SAMD21_IOT_WG_ICM42688/debug/_ext/1752574717/plib_evsys.o
 .debug_info    0x0000000000001779      0x6dd build/SAMD21_IOT_WG_ICM42688/debug/_ext/1580823105/plib_nvic.o
 .debug_info    0x0000000000001e56      0x414 build/SAMD21_IOT_WG_ICM42688/debug/_ext/11470383/plib_nvmctrl.o
 .debug_info    0x000000000000226a      0x682 build/SAMD21_IOT_WG_ICM42688/debug/_ext/1580876256/plib_port.o
 .debug_info    0x00000000000028ec      0xe68 build/SAMD21_IOT_WG_ICM42688/debug/_ext/1014017276/plib_sercom0_spi_master.o
 .debug_info    0x0000000000003754      0xeed build/SAMD21_IOT_WG_ICM42688/debug/_ext/177673482/plib_sercom5_usart.o
 .debug_info    0x0000000000004641      0x30f build/SAMD21_IOT_WG_ICM42688/debug/_ext/223004715/plib_systick.o
 .debug_info    0x0000000000004950      0x77e build/SAMD21_IOT_WG_ICM42688/debug/_ext/399410062/plib_tc3.o
 .debug_info    0x00000000000050ce      0x165 build/SAMD21_IOT_WG_ICM42688/debug/_ext/1357625803/xc32_monitor.o
 .debug_info    0x0000000000005233      0x396 build/SAMD21_IOT_WG_ICM42688/debug/_ext/1832905403/initialization.o
 .debug_info    0x00000000000055c9      0x3b2 build/SAMD21_IOT_WG_ICM42688/debug/_ext/1832905403/interrupts.o
 .debug_info    0x000000000000597b       0xb0 build/SAMD21_IOT_WG_ICM42688/debug/_ext/1832905403/exceptions.o
 .debug_info    0x0000000000005a2b      0x211 build/SAMD21_IOT_WG_ICM42688/debug/_ext/1832905403/startup_xc32.o
 .debug_info    0x0000000000005c3c     0x529a build/SAMD21_IOT_WG_ICM42688/debug/_ext/1341251756/Icm426xxDriver_HL.o
 .debug_info    0x000000000000aed6      0x6c6 build/SAMD21_IOT_WG_ICM42688/debug/_ext/1341251756/Icm426xxTransport.o
 .debug_info    0x000000000000b59c     0x1aae build/SAMD21_IOT_WG_ICM42688/debug/_ext/1360937237/main.o
 .debug_info    0x000000000000d04a      0x878 build/SAMD21_IOT_WG_ICM42688/debug/_ext/1360937237/ringbuffer.o
 .debug_info    0x000000000000d8c2      0x697 build/SAMD21_IOT_WG_ICM42688/debug/_ext/250963624/fftr.o
 .debug_info    0x000000000000df59      0x56e build/SAMD21_IOT_WG_ICM42688/debug/_ext/250963624/fftr_utils.o
 .debug_info    0x000000000000e4c7      0x6f7 build/SAMD21_IOT_WG_ICM42688/debug/_ext/250963624/fg_amplitude_global_p2p_low_frequency.o
 .debug_info    0x000000000000ebbe      0x6a7 build/SAMD21_IOT_WG_ICM42688/debug/_ext/250963624/fg_amplitude_peak_to_peak.o
 .debug_info    0x000000000000f265      0x713 build/SAMD21_IOT_WG_ICM42688/debug/_ext/250963624/fg_area_absolute_area_low_frequency.o
 .debug_info    0x000000000000f978      0x6f1 build/SAMD21_IOT_WG_ICM42688/debug/_ext/250963624/fg_area_power_spectrum_density.o
 .debug_info    0x0000000000010069      0x685 build/SAMD21_IOT_WG_ICM42688/debug/_ext/250963624/fg_area_total_area.o
 .debug_info    0x00000000000106ee      0x713 build/SAMD21_IOT_WG_ICM42688/debug/_ext/250963624/fg_area_total_area_low_frequency.o
 .debug_info    0x0000000000010e01      0x685 build/SAMD21_IOT_WG_ICM42688/debug/_ext/250963624/fg_cross_max_column.o
 .debug_info    0x0000000000011486      0x66a build/SAMD21_IOT_WG_ICM42688/debug/_ext/250963624/fg_cross_mean_difference.o
 .debug_info    0x0000000000011af0      0x692 build/SAMD21_IOT_WG_ICM42688/debug/_ext/250963624/fg_cross_median_difference.o
 .debug_info    0x0000000000012182      0x708 build/SAMD21_IOT_WG_ICM42688/debug/_ext/250963624/fg_cross_min_column.o
 .debug_info    0x000000000001288a      0x685 build/SAMD21_IOT_WG_ICM42688/debug/_ext/250963624/fg_cross_p2p_difference.o
 .debug_info    0x0000000000012f0f      0x692 build/SAMD21_IOT_WG_ICM42688/debug/_ext/250963624/fg_cross_peak_location_difference.o
 .debug_info    0x00000000000135a1      0x87f build/SAMD21_IOT_WG_ICM42688/debug/_ext/250963624/fg_frequency_harmonic_product_spectrum.o
 .debug_info    0x0000000000013e20     0x11bd build/SAMD21_IOT_WG_ICM42688/debug/_ext/250963624/fg_frequency_mfe.o
 .debug_info    0x0000000000014fdd      0x83f build/SAMD21_IOT_WG_ICM42688/debug/_ext/250963624/fg_frequency_power_spectrum.o
 .debug_info    0x000000000001581c      0x840 build/SAMD21_IOT_WG_ICM42688/debug/_ext/250963624/fg_frequency_spectral_entropy.o
 .debug_info    0x000000000001605c      0x6a0 build/SAMD21_IOT_WG_ICM42688/debug/_ext/250963624/fg_stats_abs_mean.o
 .debug_info    0x00000000000166fc      0x6e9 build/SAMD21_IOT_WG_ICM42688/debug/_ext/250963624/fg_stats_iqr.o
 .debug_info    0x0000000000016de5      0x7ed build/SAMD21_IOT_WG_ICM42688/debug/_ext/250963624/fg_stats_linear_regression.o
 .debug_info    0x00000000000175d2      0x685 build/SAMD21_IOT_WG_ICM42688/debug/_ext/250963624/fg_stats_maximum.o
 .debug_info    0x0000000000017c57      0x685 build/SAMD21_IOT_WG_ICM42688/debug/_ext/250963624/fg_stats_minimum.o
 .debug_info    0x00000000000182dc      0x6a6 build/SAMD21_IOT_WG_ICM42688/debug/_ext/250963624/fg_stats_pct025.o
 .debug_info    0x0000000000018982      0x6a6 build/SAMD21_IOT_WG_ICM42688/debug/_ext/250963624/fg_stats_pct075.o
 .debug_info    0x0000000000019028      0x6e8 build/SAMD21_IOT_WG_ICM42688/debug/_ext/250963624/fg_stats_skewness.o
 .debug_info    0x0000000000019710      0x73a build/SAMD21_IOT_WG_ICM42688/debug/_ext/250963624/fg_stats_variance.o
 .debug_info    0x0000000000019e4a      0x73d build/SAMD21_IOT_WG_ICM42688/debug/_ext/250963624/fg_time_average_time_over_threshold.o
 .debug_info    0x000000000001a587      0x685 build/SAMD21_IOT_WG_ICM42688/debug/_ext/250963624/fg_time_pct_time_over_zero.o
 .debug_info    0x000000000001ac0c      0x2b2 build/SAMD21_IOT_WG_ICM42688/debug/_ext/250963624/fixlog.o
 .debug_info    0x000000000001aebe      0x9ce build/SAMD21_IOT_WG_ICM42688/debug/_ext/250963624/imfcc.o
 .debug_info    0x000000000001b88c     0x2fe5 build/SAMD21_IOT_WG_ICM42688/debug/_ext/250963624/kb.o
 .debug_info    0x000000000001e871      0xcdf build/SAMD21_IOT_WG_ICM42688/debug/_ext/250963624/kb_output.o
 .debug_info    0x000000000001f550     0x136b build/SAMD21_IOT_WG_ICM42688/debug/_ext/250963624/kb_pipeline.o
 .debug_info    0x00000000000208bb      0x8b6 build/SAMD21_IOT_WG_ICM42688/debug/_ext/250963624/ma_symmetric.o
 .debug_info    0x0000000000021171      0x2c8 build/SAMD21_IOT_WG_ICM42688/debug/_ext/250963624/mean.o
 .debug_info    0x0000000000021439      0x92a build/SAMD21_IOT_WG_ICM42688/debug/_ext/250963624/rb.o
 .debug_info    0x0000000000021d63      0x25a build/SAMD21_IOT_WG_ICM42688/debug/_ext/250963624/save_sensor_data.o
 .debug_info    0x0000000000021fbd      0x660 build/SAMD21_IOT_WG_ICM42688/debug/_ext/250963624/sg_windowing.o
 .debug_info    0x000000000002261d      0x137 build/SAMD21_IOT_WG_ICM42688/debug/_ext/250963624/sortarray.o
 .debug_info    0x0000000000022754      0x21d build/SAMD21_IOT_WG_ICM42688/debug/_ext/250963624/sorted_copy.o
 .debug_info    0x0000000000022971      0x1b3 build/SAMD21_IOT_WG_ICM42688/debug/_ext/250963624/stats_percentile_presorted.o
 .debug_info    0x0000000000022b24      0x514 build/SAMD21_IOT_WG_ICM42688/debug/_ext/250963624/stat_moment.o
 .debug_info    0x0000000000023038      0x55c build/SAMD21_IOT_WG_ICM42688/debug/_ext/250963624/tree_ensemble.o
 .debug_info    0x0000000000023594      0x965 build/SAMD21_IOT_WG_ICM42688/debug/_ext/250963624/tree_ensemble_trained_models.o
 .debug_info    0x0000000000023ef9      0x264 build/SAMD21_IOT_WG_ICM42688/debug/_ext/250963624/tr_min_max_scale.o
 .debug_info    0x000000000002415d      0x1a4 build/SAMD21_IOT_WG_ICM42688/debug/_ext/250963624/tr_sensor_magnitude.o
 .debug_info    0x0000000000024301      0x57a build/SAMD21_IOT_WG_ICM42688/debug/_ext/250963624/utils_array.o
 .debug_info    0x000000000002487b      0x1f3 build/SAMD21_IOT_WG_ICM42688/debug/_ext/250963624/utils_buffer_abssum.o
 .debug_info    0x0000000000024a6e      0x1f6 build/SAMD21_IOT_WG_ICM42688/debug/_ext/250963624/utils_buffer_argmax.o
 .debug_info    0x0000000000024c64      0x320 build/SAMD21_IOT_WG_ICM42688/debug/_ext/250963624/utils_buffer_cumsum.o
 .debug_info    0x0000000000024f84      0x1f1 build/SAMD21_IOT_WG_ICM42688/debug/_ext/250963624/utils_buffer_mean.o
 .debug_info    0x0000000000025175      0x203 build/SAMD21_IOT_WG_ICM42688/debug/_ext/250963624/utils_buffer_median.o
 .debug_info    0x0000000000025378      0x232 build/SAMD21_IOT_WG_ICM42688/debug/_ext/250963624/utils_buffer_min_max.o
 .debug_info    0x00000000000255aa      0x208 build/SAMD21_IOT_WG_ICM42688/debug/_ext/250963624/utils_buffer_std.o
 .debug_info    0x00000000000257b2      0x256 build/SAMD21_IOT_WG_ICM42688/debug/_ext/250963624/utils_buffer_variance.o
 .debug_info    0x0000000000025a08      0x6f6 build/SAMD21_IOT_WG_ICM42688/debug/_ext/250963624/utils_model_cross_column.o
 .debug_info    0x00000000000260fe      0x735 build/SAMD21_IOT_WG_ICM42688/debug/_ext/250963624/utils_model_cross_difference.o
 .debug_info    0x0000000000026833      0x714 build/SAMD21_IOT_WG_ICM42688/debug/_ext/250963624/utils_model_pct_time_over_threshold.o
 .debug_info    0x0000000000026f47      0x6fc build/SAMD21_IOT_WG_ICM42688/debug/_ext/250963624/utils_model_stats_max_min.o
 .debug_info    0x0000000000027643      0x6c4 build/SAMD21_IOT_WG_ICM42688/debug/_ext/250963624/utils_model_total_area.o
 .debug_info    0x0000000000027d07      0x151 build/SAMD21_IOT_WG_ICM42688/debug/_ext/250963624/utils_tr_sensor.o
 .debug_info    0x0000000000027e58      0x250 build/SAMD21_IOT_WG_ICM42688/debug/_ext/1018891514/sml_recognition_run.o
 .debug_info    0x00000000000280a8       0x68 c:/program files/microchip/xc32/v4.60/bin/bin/../../lib/gcc/pic32c/8.3.1/../../../../pic32c/lib/thumb/v6-m/nofp\libpic32c.a(data_init.o)
 .debug_info    0x0000000000028110       0xed c:/program files/microchip/xc32/v4.60/bin/bin/../../lib/gcc/pic32c/8.3.1/../../../../pic32c/lib/thumb/v6-m/nofp\libc-size-musl.a(memcpy.o)
 .debug_info    0x00000000000281fd       0xbb c:/program files/microchip/xc32/v4.60/bin/bin/../../lib/gcc/pic32c/8.3.1/../../../../pic32c/lib/thumb/v6-m/nofp\libc-size-musl.a(memset.o)
 .debug_info    0x00000000000282b8      0x2fb c:/program files/microchip/xc32/v4.60/bin/bin/../../lib/gcc/pic32c/8.3.1/../../../../pic32c/lib/thumb/v6-m/nofp\libg-musl.a(__libc_start_main.o)
 .debug_info    0x00000000000285b3       0x5b c:/program files/microchip/xc32/v4.60/bin/bin/../../lib/gcc/pic32c/8.3.1/../../../../pic32c/lib/thumb/v6-m/nofp\libg-musl.a(__errno_location.o)
 .debug_info    0x000000000002860e      0x276 c:/program files/microchip/xc32/v4.60/bin/bin/../../lib/gcc/pic32c/8.3.1/../../../../pic32c/lib/thumb/v6-m/nofp\libg-musl.a(libc.o)
 .debug_info    0x0000000000028884      0x216 c:/program files/microchip/xc32/v4.60/bin/bin/../../lib/gcc/pic32c/8.3.1/../../../../pic32c/lib/thumb/v6-m/nofp\libg-musl.a(__sio_printf_cdeEfFgGnpsxX.o)
 .debug_info    0x0000000000028a9a      0x203 c:/program files/microchip/xc32/v4.60/bin/bin/../../lib/gcc/pic32c/8.3.1/../../../../pic32c/lib/thumb/v6-m/nofp\libg-musl.a(__sio_sprintf_cdeEfFgGnpsxX.o)
 .debug_info    0x0000000000028c9d      0x330 c:/program files/microchip/xc32/v4.60/bin/bin/../../lib/gcc/pic32c/8.3.1/../../../../pic32c/lib/thumb/v6-m/nofp\libg-musl.a(__fmt_d.o)
 .debug_info    0x0000000000028fcd      0x676 c:/program files/microchip/xc32/v4.60/bin/bin/../../lib/gcc/pic32c/8.3.1/../../../../pic32c/lib/thumb/v6-m/nofp\libg-musl.a(__fmt_fp.o)
 .debug_info    0x0000000000029643      0x2e9 c:/program files/microchip/xc32/v4.60/bin/bin/../../lib/gcc/pic32c/8.3.1/../../../../pic32c/lib/thumb/v6-m/nofp\libg-musl.a(__fmt_s.o)
 .debug_info    0x000000000002992c      0x335 c:/program files/microchip/xc32/v4.60/bin/bin/../../lib/gcc/pic32c/8.3.1/../../../../pic32c/lib/thumb/v6-m/nofp\libg-musl.a(__fmt_x.o)
 .debug_info    0x0000000000029c61      0x162 c:/program files/microchip/xc32/v4.60/bin/bin/../../lib/gcc/pic32c/8.3.1/../../../../pic32c/lib/thumb/v6-m/nofp\libg-musl.a(__pop_float.o)
 .debug_info    0x0000000000029dc3      0x183 c:/program files/microchip/xc32/v4.60/bin/bin/../../lib/gcc/pic32c/8.3.1/../../../../pic32c/lib/thumb/v6-m/nofp\libg-musl.a(__pop_int.o)
 .debug_info    0x0000000000029f46      0x18d c:/program files/microchip/xc32/v4.60/bin/bin/../../lib/gcc/pic32c/8.3.1/../../../../pic32c/lib/thumb/v6-m/nofp\libg-musl.a(__pop_ptr.o)
 .debug_info    0x000000000002a0d3      0xa6f c:/program files/microchip/xc32/v4.60/bin/bin/../../lib/gcc/pic32c/8.3.1/../../../../pic32c/lib/thumb/v6-m/nofp\libg-musl.a(__printf_core.o)
 .debug_info    0x000000000002ab42      0x404 c:/program files/microchip/xc32/v4.60/bin/bin/../../lib/gcc/pic32c/8.3.1/../../../../pic32c/lib/thumb/v6-m/nofp\libg-musl.a(stdin.o)
 .debug_info    0x000000000002af46      0x1e9 c:/program files/microchip/xc32/v4.60/bin/bin/../../lib/gcc/pic32c/8.3.1/../../../../pic32c/lib/thumb/v6-m/nofp\libg-musl.a(stdout.o)
 .debug_info    0x000000000002b12f       0xd0 c:/program files/microchip/xc32/v4.60/bin/bin/../../lib/gcc/pic32c/8.3.1/../../../../pic32c/lib/thumb/v6-m/nofp\libg-musl.a(putchar.o)
 .debug_info    0x000000000002b1ff      0x3ac c:/program files/microchip/xc32/v4.60/bin/bin/../../lib/gcc/pic32c/8.3.1/../../../../pic32c/lib/thumb/v6-m/nofp\libg-musl.a(puts.o)
 .debug_info    0x000000000002b5ab       0xe6 c:/program files/microchip/xc32/v4.60/bin/bin/../../lib/gcc/pic32c/8.3.1/../../../../pic32c/lib/thumb/v6-m/nofp\libg-musl.a(setbuf.o)
 .debug_info    0x000000000002b691       0xf4 c:/program files/microchip/xc32/v4.60/bin/bin/../../lib/gcc/pic32c/8.3.1/../../../../pic32c/lib/thumb/v6-m/nofp\libg-musl.a(atoi.o)
 .debug_info    0x000000000002b785      0x131 c:/program files/microchip/xc32/v4.60/bin/bin/../../lib/gcc/pic32c/8.3.1/../../../../pic32c/lib/thumb/v6-m/nofp\libg-musl.a(tolower.o)
 .debug_info    0x000000000002b8b6      0x131 c:/program files/microchip/xc32/v4.60/bin/bin/../../lib/gcc/pic32c/8.3.1/../../../../pic32c/lib/thumb/v6-m/nofp\libg-musl.a(toupper.o)
 .debug_info    0x000000000002b9e7       0x97 c:/program files/microchip/xc32/v4.60/bin/bin/../../lib/gcc/pic32c/8.3.1/../../../../pic32c/lib/thumb/v6-m/nofp\libg-musl.a(__environ.o)
 .debug_info    0x000000000002ba7e      0x1ff c:/program files/microchip/xc32/v4.60/bin/bin/../../lib/gcc/pic32c/8.3.1/../../../../pic32c/lib/thumb/v6-m/nofp\libg-musl.a(__int_vfprintf.o)
 .debug_info    0x000000000002bc7d      0x13f c:/program files/microchip/xc32/v4.60/bin/bin/../../lib/gcc/pic32c/8.3.1/../../../../pic32c/lib/thumb/v6-m/nofp\libg-musl.a(__int_vsprintf.o)
 .debug_info    0x000000000002bdbc      0x3b6 c:/program files/microchip/xc32/v4.60/bin/bin/../../lib/gcc/pic32c/8.3.1/../../../../pic32c/lib/thumb/v6-m/nofp\libg-musl.a(fputs.o)
 .debug_info    0x000000000002c172      0x1cf c:/program files/microchip/xc32/v4.60/bin/bin/../../lib/gcc/pic32c/8.3.1/../../../../pic32c/lib/thumb/v6-m/nofp\libg-musl.a(__cvt_u.o)
 .debug_info    0x000000000002c341      0x3ef c:/program files/microchip/xc32/v4.60/bin/bin/../../lib/gcc/pic32c/8.3.1/../../../../pic32c/lib/thumb/v6-m/nofp\libg-musl.a(__stdio_read.o)
 .debug_info    0x000000000002c730      0x331 c:/program files/microchip/xc32/v4.60/bin/bin/../../lib/gcc/pic32c/8.3.1/../../../../pic32c/lib/thumb/v6-m/nofp\libg-musl.a(__towrite_rw.o)
 .debug_info    0x000000000002ca61      0x257 c:/program files/microchip/xc32/v4.60/bin/bin/../../lib/gcc/pic32c/8.3.1/../../../../pic32c/lib/thumb/v6-m/nofp\libg-musl.a(fwrite.o)
 .debug_info    0x000000000002ccb8      0x224 c:/program files/microchip/xc32/v4.60/bin/bin/../../lib/gcc/pic32c/8.3.1/../../../../pic32c/lib/thumb/v6-m/nofp\libg-musl.a(putc.o)
 .debug_info    0x000000000002cedc      0x2bd c:/program files/microchip/xc32/v4.60/bin/bin/../../lib/gcc/pic32c/8.3.1/../../../../pic32c/lib/thumb/v6-m/nofp\libg-musl.a(setvbuf.o)
 .debug_info    0x000000000002d199      0x146 c:/program files/microchip/xc32/v4.60/bin/bin/../../lib/gcc/pic32c/8.3.1/../../../../pic32c/lib/thumb/v6-m/nofp\libg-musl.a(readv.o)
 .debug_info    0x000000000002d2df      0x21a c:/program files/microchip/xc32/v4.60/bin/bin/../../lib/gcc/pic32c/8.3.1/../../../../pic32c/lib/thumb/v6-m/nofp\libg-musl.a(__int_vsnprintf.o)
 .debug_info    0x000000000002d4f9       0xc3 c:/program files/microchip/xc32/v4.60/bin/bin/../../lib/gcc/pic32c/8.3.1/../../../../pic32c/lib/thumb/v6-m/nofp\libg-musl.a(__init_stdio.o)