Archive member included to satisfy reference by file (symbol)

c:/program files/microchip/xc32/v4.60/bin/bin/../../lib/gcc/pic32c/8.3.1/../../../../pic32c/lib/thumb/v6-m/nofp\libpic32c.a(data_init.o)
                              build/SAMD21_IOT_WG_ICM42688/production/_ext/1832905403/startup_xc32.o (__pic32c_data_initialization)
c:/program files/microchip/xc32/v4.60/bin/bin/../../lib/gcc/pic32c/8.3.1/../../../../pic32c/lib/thumb/v6-m/nofp\libc-size-musl.a(memcpy.o)
                              build/SAMD21_IOT_WG_ICM42688/production/_ext/101005277/wdrv_winc_spi.o (memcpy)
c:/program files/microchip/xc32/v4.60/bin/bin/../../lib/gcc/pic32c/8.3.1/../../../../pic32c/lib/thumb/v6-m/nofp\libc-size-musl.a(memset.o)
                              build/SAMD21_IOT_WG_ICM42688/production/_ext/2048461350/icm42688_sensor.o (memset)
c:/program files/microchip/xc32/v4.60/bin/bin/../../lib/gcc/pic32c/8.3.1/../../../../pic32c/lib/thumb/v6-m/nofp\libc-size-musl.a(strlen.o)
                              build/SAMD21_IOT_WG_ICM42688/production/_ext/121554788/m2m_wifi.o (strlen)
c:/program files/microchip/xc32/v4.60/bin/bin/../../lib/gcc/pic32c/8.3.1/../../../../pic32c/lib/thumb/v6-m/nofp\libc-size-musl.a(strchr.o)
                              build/SAMD21_IOT_WG_ICM42688/production/_ext/907429946/wdrv_winc_sta.o (strchr)
c:/program files/microchip/xc32/v4.60/bin/bin/../../lib/gcc/pic32c/8.3.1/../../../../pic32c/lib/thumb/v6-m/nofp\libc-size-musl.a(strchrnul.o)
                              c:/program files/microchip/xc32/v4.60/bin/bin/../../lib/gcc/pic32c/8.3.1/../../../../pic32c/lib/thumb/v6-m/nofp\libc-size-musl.a(strchr.o) (__strchrnul)
c:/program files/microchip/xc32/v4.60/bin/bin/../../lib/gcc/pic32c/8.3.1/../../../../pic32c/lib/thumb/v6-m/nofp\libc-size-musl.a(strcmp.o)
                              build/SAMD21_IOT_WG_ICM42688/production/_ext/299863938/ssi_comms.o (strcmp)
c:/program files/microchip/xc32/v4.60/bin/bin/../../lib/gcc/pic32c/8.3.1/../../../../pic32c/lib/thumb/v6-m/nofp\libc-size-musl.a(strnlen.o)
                              build/SAMD21_IOT_WG_ICM42688/production/_ext/121554788/m2m_ota.o (strnlen)
c:/program files/microchip/xc32/v4.60/bin/bin/../../lib/gcc/pic32c/8.3.1/../../../../pic32c/lib/thumb/v6-m/nofp\libc-size-musl.a(memchr.o)
                              c:/program files/microchip/xc32/v4.60/bin/bin/../../lib/gcc/pic32c/8.3.1/../../../../pic32c/lib/thumb/v6-m/nofp\libc-size-musl.a(strnlen.o) (memchr)
c:/program files/microchip/xc32/v4.60/bin/bin/../../lib/gcc/pic32c/8.3.1/../../../../pic32c/lib/thumb/v6-m/nofp\liblmalloc-musl.a(lite_calloc.o)
                              build/SAMD21_IOT_WG_ICM42688/production/_ext/121554788/m2m_wifi.o (calloc)
c:/program files/microchip/xc32/v4.60/bin/bin/../../lib/gcc/pic32c/8.3.1/../../../../pic32c/lib/thumb/v6-m/nofp\liblmalloc-musl.a(lite_free.o)
                              build/SAMD21_IOT_WG_ICM42688/production/_ext/121554788/m2m_wifi.o (free)
c:/program files/microchip/xc32/v4.60/bin/bin/../../lib/gcc/pic32c/8.3.1/../../../../pic32c/lib/thumb/v6-m/nofp\liblmalloc-musl.a(lite_malloc.o)
                              c:/program files/microchip/xc32/v4.60/bin/bin/../../lib/gcc/pic32c/8.3.1/../../../../pic32c/lib/thumb/v6-m/nofp\liblmalloc-musl.a(lite_calloc.o) (__simple_malloc)
c:/program files/microchip/xc32/v4.60/bin/bin/../../lib/gcc/pic32c/8.3.1/../../../../pic32c/lib/thumb/v6-m/nofp\libm-fast-emfloat.a(modff.o)
                              build/SAMD21_IOT_WG_ICM42688/production/_ext/596309756/stats_percentile_presorted.o (modff)
c:/program files/microchip/xc32/v4.60/bin/bin/../../lib/gcc/pic32c/8.3.1/../../../../pic32c/lib/thumb/v6-m/nofp\libm-fast-emfloat.a(cos.o)
                              build/SAMD21_IOT_WG_ICM42688/production/_ext/596309756/utils_array.o (cos)
c:/program files/microchip/xc32/v4.60/bin/bin/../../lib/gcc/pic32c/8.3.1/../../../../pic32c/lib/thumb/v6-m/nofp\libm-fast-emfloat.a(sqrt.o)
                              build/SAMD21_IOT_WG_ICM42688/production/_ext/596309756/std.o (sqrt)
c:/program files/microchip/xc32/v4.60/bin/bin/../../lib/gcc/pic32c/8.3.1/../../../../pic32c/lib/thumb/v6-m/nofp\libm-fast-emfloat.a(pow.o)
                              build/SAMD21_IOT_WG_ICM42688/production/_ext/1341251756/Icm426xxSelfTest.o (pow)
c:/program files/microchip/xc32/v4.60/bin/bin/../../lib/gcc/pic32c/8.3.1/../../../../pic32c/lib/thumb/v6-m/nofp\libm-fast-emfloat.a(__SEGGER_RTL_float64_SinCos.o)
                              c:/program files/microchip/xc32/v4.60/bin/bin/../../lib/gcc/pic32c/8.3.1/../../../../pic32c/lib/thumb/v6-m/nofp\libm-fast-emfloat.a(cos.o) (__SEGGER_RTL_float64_SinCos)
c:/program files/microchip/xc32/v4.60/bin/bin/../../lib/gcc/pic32c/8.3.1/../../../../pic32c/lib/thumb/v6-m/nofp\libm-fast-emfloat.a(__SEGGER_RTL_kahan_aT2.o)
[...]
Memory Configuration

Name             Origin             Length             Attributes
rom              0x0000000000000000 0x0000000000040000 xrl
ram              0x0000000020000000 0x0000000000008000 xw !r
config_00804000  0x0000000000804000 0x0000000000000004
config_00804004  0x0000000000804004 0x0000000000000004
*default*        0x0000000000000000 0xffffffffffffffff

Linker script and memory map

LOAD c:/program files/microchip/xc32/v4.60/bin/bin/../../lib/gcc/pic32c/8.3.1/thumb/v6-m/nofp/crti.o
LOAD c:/program files/microchip/xc32/v4.60/bin/bin/../../lib/gcc/pic32c/8.3.1/thumb/v6-m/nofp/crtbegin.o
LOAD build/SAMD21_IOT_WG_ICM42688/production/_ext/2048461350/icm42688_sensor.o
LOAD build/SAMD21_IOT_WG_ICM42688/production/_ext/171618134/sml_recognition_run.o
LOAD build/SAMD21_IOT_WG_ICM42688/production/_ext/1660664302/drv_spi.o
LOAD build/SAMD21_IOT_WG_ICM42688/production/_ext/1164161090/wdrv_winc_gpio.o
LOAD build/SAMD21_IOT_WG_ICM42688/production/_ext/1164161090/wdrv_winc_eint.o
LOAD build/SAMD21_IOT_WG_ICM42688/production/_ext/101005277/wdrv_winc_spi.o
LOAD build/SAMD21_IOT_WG_ICM42688/production/_ext/90265895/nm_common.o
LOAD build/SAMD21_IOT_WG_ICM42688/production/_ext/121554788/m2m_ssl.o
LOAD build/SAMD21_IOT_WG_ICM42688/production/_ext/121554788/m2m_hif.o
LOAD build/SAMD21_IOT_WG_ICM42688/production/_ext/121554788/m2m_wifi.o
LOAD build/SAMD21_IOT_WG_ICM42688/production/_ext/121554788/nmspi.o
LOAD build/SAMD21_IOT_WG_ICM42688/production/_ext/121554788/nmdrv.o
LOAD build/SAMD21_IOT_WG_ICM42688/production/_ext/121554788/m2m_periph.o
LOAD build/SAMD21_IOT_WG_ICM42688/production/_ext/121554788/m2m_ota.o
LOAD build/SAMD21_IOT_WG_ICM42688/production/_ext/121554788/nmasic.o
LOAD build/SAMD21_IOT_WG_ICM42688/production/_ext/121554788/nmbus.o
LOAD build/SAMD21_IOT_WG_ICM42688/production/_ext/548032175/socket.o
LOAD build/SAMD21_IOT_WG_ICM42688/production/_ext/548032175/inet_addr.o
LOAD build/SAMD21_IOT_WG_ICM42688/production/_ext/548032175/inet_ntop.o
LOAD build/SAMD21_IOT_WG_ICM42688/production/_ext/609036575/flexible_flash.o
LOAD build/SAMD21_IOT_WG_ICM42688/production/_ext/609036575/spi_flash.o
LOAD build/SAMD21_IOT_WG_ICM42688/production/_ext/1784303044/wdrv_winc_osal.o
LOAD build/SAMD21_IOT_WG_ICM42688/production/_ext/907429946/wdrv_winc_softap.o
LOAD build/SAMD21_IOT_WG_ICM42688/production/_ext/907429946/wdrv_winc_bssfind.o
LOAD build/SAMD21_IOT_WG_ICM42688/production/_ext/907429946/wdrv_winc_sta.o
LOAD build/SAMD21_IOT_WG_ICM42688/production/_ext/907429946/wdrv_winc_wps.o
LOAD build/SAMD21_IOT_WG_ICM42688/production/_ext/907429946/wdrv_winc_assoc.o
LOAD build/SAMD21_IOT_WG_ICM42688/production/_ext/907429946/wdrv_winc_socket.o
LOAD build/SAMD21_IOT_WG_ICM42688/production/_ext/907429946/wdrv_winc_systime.o
LOAD build/SAMD21_IOT_WG_ICM42688/production/_ext/907429946/wdrv_winc_enterprise.o
LOAD build/SAMD21_IOT_WG_ICM42688/production/_ext/907429946/wdrv_winc_nvm.o
LOAD build/SAMD21_IOT_WG_ICM42688/production/_ext/907429946/wdrv_winc_httpprovctx.o
LOAD build/SAMD21_IOT_WG_ICM42688/production/_ext/907429946/wdrv_winc_powersave.o
LOAD build/SAMD21_IOT_WG_ICM42688/production/_ext/907429946/wdrv_winc_authctx.o
LOAD build/SAMD21_IOT_WG_ICM42688/production/_ext/907429946/wdrv_winc_ssl.o
LOAD build/SAMD21_IOT_WG_ICM42688/production/_ext/907429946/wdrv_winc_custie.o
LOAD build/SAMD21_IOT_WG_ICM42688/production/_ext/907429946/wdrv_winc_host_file.o
LOAD build/SAMD21_IOT_WG_ICM42688/production/_ext/907429946/wdrv_winc.o
LOAD build/SAMD21_IOT_WG_ICM42688/production/_ext/907429946/wdrv_winc_bssctx.o
LOAD build/SAMD21_IOT_WG_ICM42688/production/_ext/1750425231/plib_clock.o
LOAD build/SAMD21_IOT_WG_ICM42688/production/_ext/1580516298/plib_dmac.o
LOAD build/SAMD21_IOT_WG_ICM42688/production/_ext/503204096/plib_eic.o
LOAD build/SAMD21_IOT_WG_ICM42688/production/_ext/1752574717/plib_evsys.o
LOAD build/SAMD21_IOT_WG_ICM42688/production/_ext/1580823105/plib_nvic.o
LOAD build/SAMD21_IOT_WG_ICM42688/production/_ext/11470383/plib_nvmctrl.o
LOAD build/SAMD21_IOT_WG_ICM42688/production/_ext/1580876256/plib_port.o
LOAD build/SAMD21_IOT_WG_ICM42688/production/_ext/1014017276/plib_sercom0_spi_master.o
LOAD build/SAMD21_IOT_WG_ICM42688/production/_ext/1014017276/plib_sercom2_spi_master.o
LOAD build/SAMD21_IOT_WG_ICM42688/production/_ext/177673482/plib_sercom5_usart.o
LOAD build/SAMD21_IOT_WG_ICM42688/production/_ext/223004715/plib_systick.o
LOAD build/SAMD21_IOT_WG_ICM42688/production/_ext/399410062/plib_tc3.o
LOAD build/SAMD21_IOT_WG_ICM42688/production/_ext/399410062/plib_tc4.o
LOAD build/SAMD21_IOT_WG_ICM42688/production/_ext/1357625803/xc32_monitor.o
LOAD build/SAMD21_IOT_WG_ICM42688/production/_ext/1584719636/sys_dma.o
LOAD build/SAMD21_IOT_WG_ICM42688/production/_ext/1318297016/sys_int.o
LOAD build/SAMD21_IOT_WG_ICM42688/production/_ext/386530258/sys_time.o
LOAD build/SAMD21_IOT_WG_ICM42688/production/_ext/1832905403/initialization.o
LOAD build/SAMD21_IOT_WG_ICM42688/production/_ext/1832905403/interrupts.o
LOAD build/SAMD21_IOT_WG_ICM42688/production/_ext/1832905403/exceptions.o
LOAD build/SAMD21_IOT_WG_ICM42688/production/_ext/1832905403/startup_xc32.o
LOAD build/SAMD21_IOT_WG_ICM42688/production/_ext/1832905403/libc_syscalls.o
LOAD build/SAMD21_IOT_WG_ICM42688/production/_ext/1832905403/tasks.o
LOAD build/SAMD21_IOT_WG_ICM42688/production/_ext/1341251756/Icm426xxDriver_HL.o
LOAD build/SAMD21_IOT_WG_ICM42688/production/_ext/1341251756/Icm426xxDriver_HL_apex.o
LOAD build/SAMD21_IOT_WG_ICM42688/production/_ext/1341251756/Icm426xxSelfTest.o
LOAD build/SAMD21_IOT_WG_ICM42688/production/_ext/1341251756/Icm426xxTransport.o
LOAD build/SAMD21_IOT_WG_ICM42688/production/_ext/596309756/array_contains.o
LOAD build/SAMD21_IOT_WG_ICM42688/production/_ext/596309756/calc_area.o
LOAD build/SAMD21_IOT_WG_ICM42688/production/_ext/596309756/column_to_row_complex.o
LOAD build/SAMD21_IOT_WG_ICM42688/production/_ext/596309756/crossing_rate.o
LOAD build/SAMD21_IOT_WG_ICM42688/production/_ext/596309756/dsp_dtw_distance.o
LOAD build/SAMD21_IOT_WG_ICM42688/production/_ext/596309756/dsp_l1_distance.o
LOAD build/SAMD21_IOT_WG_ICM42688/production/_ext/596309756/dsp_lsup_distance.o
LOAD build/SAMD21_IOT_WG_ICM42688/production/_ext/596309756/fftr.o
LOAD build/SAMD21_IOT_WG_ICM42688/production/_ext/596309756/fftr_utils.o
LOAD build/SAMD21_IOT_WG_ICM42688/production/_ext/596309756/fg_amplitude_global_p2p_low_frequency.o
LOAD build/SAMD21_IOT_WG_ICM42688/production/_ext/596309756/fg_amplitude_peak_to_peak.o
LOAD build/SAMD21_IOT_WG_ICM42688/production/_ext/596309756/fg_area_absolute_area_low_frequency.o
LOAD build/SAMD21_IOT_WG_ICM42688/production/_ext/596309756/fg_cross_p2p_difference.o
LOAD build/SAMD21_IOT_WG_ICM42688/production/_ext/596309756/fg_sampling_downsample.o
LOAD build/SAMD21_IOT_WG_ICM42688/production/_ext/596309756/fg_stats_abs_mean.o
LOAD build/SAMD21_IOT_WG_ICM42688/production/_ext/596309756/fg_stats_minimum.o
LOAD build/SAMD21_IOT_WG_ICM42688/production/_ext/596309756/fixlog.o
LOAD build/SAMD21_IOT_WG_ICM42688/production/_ext/596309756/imfcc.o
LOAD build/SAMD21_IOT_WG_ICM42688/production/_ext/596309756/kb.o
LOAD build/SAMD21_IOT_WG_ICM42688/production/_ext/596309756/kb_output.o
LOAD build/SAMD21_IOT_WG_ICM42688/production/_ext/596309756/kb_pipeline.o
LOAD build/SAMD21_IOT_WG_ICM42688/production/_ext/596309756/kb_post_processing.o
LOAD build/SAMD21_IOT_WG_ICM42688/production/_ext/596309756/max_min_high_low_freq.o
LOAD build/SAMD21_IOT_WG_ICM42688/production/_ext/596309756/ma_symmetric.o
LOAD build/SAMD21_IOT_WG_ICM42688/production/_ext/596309756/mean.o
LOAD build/SAMD21_IOT_WG_ICM42688/production/_ext/596309756/pme.o
LOAD build/SAMD21_IOT_WG_ICM42688/production/_ext/596309756/pme_trained_neurons.o
LOAD build/SAMD21_IOT_WG_ICM42688/production/_ext/596309756/ratio_diff_impl.o
LOAD build/SAMD21_IOT_WG_ICM42688/production/_ext/596309756/rb.o
LOAD build/SAMD21_IOT_WG_ICM42688/production/_ext/596309756/save_sensor_data.o
LOAD build/SAMD21_IOT_WG_ICM42688/production/_ext/596309756/sf_downsample_by_averaging.o
LOAD build/SAMD21_IOT_WG_ICM42688/production/_ext/596309756/sf_downsample_by_decimation.o
LOAD build/SAMD21_IOT_WG_ICM42688/production/_ext/596309756/sg_windowing.o
LOAD build/SAMD21_IOT_WG_ICM42688/production/_ext/596309756/sortarray.o
LOAD build/SAMD21_IOT_WG_ICM42688/production/_ext/596309756/sorted_copy.o
LOAD build/SAMD21_IOT_WG_ICM42688/production/_ext/596309756/stats_percentile_presorted.o
LOAD build/SAMD21_IOT_WG_ICM42688/production/_ext/596309756/stat_mean.o
LOAD build/SAMD21_IOT_WG_ICM42688/production/_ext/596309756/stat_moment.o
LOAD build/SAMD21_IOT_WG_ICM42688/production/_ext/596309756/std.o
LOAD build/SAMD21_IOT_WG_ICM42688/production/_ext/596309756/st_absolute_average.o
LOAD build/SAMD21_IOT_WG_ICM42688/production/_ext/596309756/st_average.o
LOAD build/SAMD21_IOT_WG_ICM42688/production/_ext/596309756/st_high_pass_filter.o
LOAD build/SAMD21_IOT_WG_ICM42688/production/_ext/596309756/st_moving_average.o
LOAD build/SAMD21_IOT_WG_ICM42688/production/_ext/596309756/sum.o
LOAD build/SAMD21_IOT_WG_ICM42688/production/_ext/596309756/tr_min_max_scale.o
LOAD build/SAMD21_IOT_WG_ICM42688/production/_ext/596309756/utils_array.o
LOAD build/SAMD21_IOT_WG_ICM42688/production/_ext/596309756/utils_array_max_uint8.o
LOAD build/SAMD21_IOT_WG_ICM42688/production/_ext/596309756/utils_bitwise_abs_val.o
LOAD build/SAMD21_IOT_WG_ICM42688/production/_ext/596309756/utils_buffer_absmean.o
LOAD build/SAMD21_IOT_WG_ICM42688/production/_ext/596309756/utils_buffer_abssum.o
LOAD build/SAMD21_IOT_WG_ICM42688/production/_ext/596309756/utils_buffer_abs_max.o
LOAD build/SAMD21_IOT_WG_ICM42688/production/_ext/596309756/utils_buffer_argmax.o
LOAD build/SAMD21_IOT_WG_ICM42688/production/_ext/596309756/utils_buffer_autoscale.o
LOAD build/SAMD21_IOT_WG_ICM42688/production/_ext/596309756/utils_buffer_cumsum.o
LOAD build/SAMD21_IOT_WG_ICM42688/production/_ext/596309756/utils_buffer_max.o
LOAD build/SAMD21_IOT_WG_ICM42688/production/_ext/596309756/utils_buffer_mean.o
LOAD build/SAMD21_IOT_WG_ICM42688/production/_ext/596309756/utils_buffer_median.o
LOAD build/SAMD21_IOT_WG_ICM42688/production/_ext/596309756/utils_buffer_min.o
LOAD build/SAMD21_IOT_WG_ICM42688/production/_ext/596309756/utils_buffer_min_max.o
LOAD build/SAMD21_IOT_WG_ICM42688/production/_ext/596309756/utils_buffer_pass_threshold.o
LOAD build/SAMD21_IOT_WG_ICM42688/production/_ext/596309756/utils_buffer_std.o
LOAD build/SAMD21_IOT_WG_ICM42688/production/_ext/596309756/utils_buffer_variance.o
LOAD build/SAMD21_IOT_WG_ICM42688/production/_ext/596309756/utils_model_crossing_rate.o
LOAD build/SAMD21_IOT_WG_ICM42688/production/_ext/596309756/utils_model_cross_column.o
LOAD build/SAMD21_IOT_WG_ICM42688/production/_ext/596309756/utils_model_cross_difference.o
LOAD build/SAMD21_IOT_WG_ICM42688/production/_ext/596309756/utils_model_mean_crossing_rate.o
LOAD build/SAMD21_IOT_WG_ICM42688/production/_ext/596309756/utils_model_pct_time_over_sigma.o
LOAD build/SAMD21_IOT_WG_ICM42688/production/_ext/596309756/utils_model_pct_time_over_threshold.o
LOAD build/SAMD21_IOT_WG_ICM42688/production/_ext/596309756/utils_model_stats_max_min.o
LOAD build/SAMD21_IOT_WG_ICM42688/production/_ext/596309756/utils_model_total_area.o
LOAD build/SAMD21_IOT_WG_ICM42688/production/_ext/596309756/utils_model_total_energy.o
LOAD build/SAMD21_IOT_WG_ICM42688/production/_ext/596309756/utils_tr_sensor.o
LOAD build/SAMD21_IOT_WG_ICM42688/production/_ext/299863938/ssi_comms.o
LOAD build/SAMD21_IOT_WG_ICM42688/production/_ext/1360937237/main.o
LOAD build/SAMD21_IOT_WG_ICM42688/production/_ext/1360937237/ringbuffer.o
LOAD build/SAMD21_IOT_WG_ICM42688/production/_ext/1360937237/app.o
LOAD build/SAMD21_IOT_WG_ICM42688/production/_ext/1360937237/ws2812.o
LOAD build/SAMD21_IOT_WG_ICM42688/production/_ext/1360937237/winc1500_udp_client.o
                0x0000000000000001                __MPLAB_BUILD = 0x1
                0x0000000000040000                __rom_end = (ORIGIN (rom) + LENGTH (rom))
                0x0000000020008000                __ram_end = (ORIGIN (ram) + LENGTH (ram))

.config_00804000
                0x0000000000804000        0x4
 *(.config_00804000)
 .config_00804000
                0x0000000000804000        0x4 build/SAMD21_IOT_WG_ICM42688/production/_ext/1832905403/initialization.o
                0x0000000000804000                __config_00804000

.config_00804004
                0x0000000000804004        0x4
 *(.config_00804004)
 .config_00804004
                0x0000000000804004        0x4 build/SAMD21_IOT_WG_ICM42688/production/_ext/1832905403/initialization.o
                0x0000000000804004                __config_00804004

.vectors        0x0000000000000000       0xb0
                0x0000000000000000                . = ALIGN (0x4)
                0x0000000000000000                _sfixed = .
 *(.vectors .vectors.* .vectors_default .vectors_default.*)
 .vectors       0x0000000000000000       0xb0 build/SAMD21_IOT_WG_ICM42688/production/_ext/1832905403/interrupts.o
                0x0000000000000000                exception_table
 *(.isr_vector)
 *(.reset*)
 *(.after_vectors)

.text           0x00000000000000b0       0x20
                0x00000000000000b0                . = ALIGN (0x4)
 *(.glue_7t)
 .glue_7t       0x00000000000000b0        0x0 linker stubs
 *(.glue_7)
 .glue_7        0x00000000000000b0        0x0 linker stubs
 *(.gnu.linkonce.r.*)
 *(.ARM.extab* .gnu.linkonce.armextab.*)
                0x00000000000000b0                . = ALIGN (0x4)
 *(.init)
 .init          0x00000000000000b0        0x4 c:/program files/microchip/xc32/v4.60/bin/bin/../../lib/gcc/pic32c/8.3.1/thumb/v6-m/nofp/crti.o
                0x00000000000000b0                _init
 .init          0x00000000000000b4        0x8 c:/program files/microchip/xc32/v4.60/bin/bin/../../lib/gcc/pic32c/8.3.1/thumb/v6-m/nofp/crtn.o
                0x00000000000000bc                . = ALIGN (0x4)
                0x00000000000000bc                __preinit_array_start = .
 *(.preinit_array)
                0x00000000000000bc                __preinit_array_end = .
                0x00000000000000bc                . = ALIGN (0x4)
                0x00000000000000bc                __init_array_start = .
 *(SORT_BY_NAME(.init_array.*))
 *(.init_array)
 .init_array    0x00000000000000bc        0x4 c:/program files/microchip/xc32/v4.60/bin/bin/../../lib/gcc/pic32c/8.3.1/thumb/v6-m/nofp/crtbegin.o
                0x00000000000000c0                __init_array_end = .
                0x00000000000000c0                . = ALIGN (0x4)
 *crtbegin.o(.ctors)
 *(EXCLUDE_FILE(*crtend.o) .ctors)
 *(SORT_BY_NAME(.ctors.*))
 *crtend.o(.ctors)
                0x00000000000000c0                . = ALIGN (0x4)
 *(.fini)
 .fini          0x00000000000000c0        0x4 c:/program files/microchip/xc32/v4.60/bin/bin/../../lib/gcc/pic32c/8.3.1/thumb/v6-m/nofp/crti.o
                0x00000000000000c0                _fini
 .fini          0x00000000000000c4        0x8 c:/program files/microchip/xc32/v4.60/bin/bin/../../lib/gcc/pic32c/8.3.1/thumb/v6-m/nofp/crtn.o
                0x00000000000000cc                . = ALIGN (0x4)
                0x00000000000000cc                __fini_array_start = .
 *(.fini_array)
 .fini_array    0x00000000000000cc        0x4 c:/program files/microchip/xc32/v4.60/bin/bin/../../lib/gcc/pic32c/8.3.1/thumb/v6-m/nofp/crtbegin.o
 *(SORT_BY_NAME(.fini_array.*))
                0x00000000000000d0                __fini_array_end = .
 *crtbegin.o(.dtors)
 *(EXCLUDE_FILE(*crtend.o) .dtors)
 *(SORT_BY_NAME(.dtors.*))
 *crtend.o(.dtors)
                0x00000000000000d0                . = ALIGN (0x4)
                0x00000000000000d0                _efixed = .
                [!provide]                        PROVIDE (__exidx_start = .)

.ARM.exidx      0x00000000000000d0       0x10
 *(.ARM.exidx* .gnu.linkonce.armexidx.*)
 .ARM.exidx     0x00000000000000d8        0x8 c:/program files/microchip/xc32/v4.60/bin/bin/../../lib/gcc/pic32c/8.3.1/thumb/v6-m/nofp\libgcc.a(_udivmoddi4.o)
 .ARM.exidx     0x00000000000000d0        0x8 c:/program files/microchip/xc32/v4.60/bin/bin/../../lib/gcc/pic32c/8.3.1/thumb/v6-m/nofp\libgcc.a(_divdi3.o)
                [!provide]                        PROVIDE (__exidx_end = .)
                0x00000000000000e0                . = ALIGN (0x4)
                0x00000000000000e0                _etext = .

.bss            0x0000000020000000        0x0
                0x0000000020000000                . = ALIGN (0x4)
                0x0000000020000000                __bss_start__ = .
                0x0000000020000000                _sbss = .
                0x0000000020000000                _szero = .
 *(COMMON)
                0x0000000020000000                . = ALIGN (0x4)
                0x0000000020000000                __bss_end__ = .
                0x0000000020000000                _ebss = .
                0x0000000020000000                _ezero = .
                0x0000000020000000                . = ALIGN (0x4)
                0x0000000020000000                _end = .
                0x0000000020007fff                _ram_end_ = ((ORIGIN (ram) + LENGTH (ram)) - 0x1)
                0x0000000000000200                _min_heap_size = 0x200
START GROUP
LOAD c:/program files/microchip/xc32/v4.60/bin/bin/../../lib/gcc/pic32c/8.3.1/../../../../pic32c/lib/thumb/v6-m/nofp\libpic32c.a
LOAD c:/program files/microchip/xc32/v4.60/bin/bin/../../lib/gcc/pic32c/8.3.1/../../../../pic32c/lib/thumb/v6-m/nofp\libc-size-musl.a
LOAD c:/program files/microchip/xc32/v4.60/bin/bin/../../lib/gcc/pic32c/8.3.1/../../../../pic32c/lib/thumb/v6-m/nofp\liblmalloc-musl.a
LOAD c:/program files/microchip/xc32/v4.60/bin/bin/../../lib/gcc/pic32c/8.3.1/../../../../pic32c/lib/thumb/v6-m/nofp\libm-fast-emfloat.a
LOAD c:/program files/microchip/xc32/v4.60/bin/bin/../../lib/gcc/pic32c/8.3.1/../../../../pic32c/lib/thumb/v6-m/nofp\libm-musl.a
LOAD c:/program files/microchip/xc32/v4.60/bin/bin/../../lib/gcc/pic32c/8.3.1/../../../../pic32c/lib/thumb/v6-m/nofp\libc-musl.a
LOAD c:/program files/microchip/xc32/v4.60/bin/bin/../../lib/gcc/pic32c/8.3.1/../../../../pic32c/lib/thumb/v6-m/nofp\libm-fast-emfloat.a
LOAD c:/program files/microchip/xc32/v4.60/bin/bin/../../lib/gcc/pic32c/8.3.1/../../../../pic32c/lib/thumb/v6-m/nofp\libm-musl.a
LOAD c:/program files/microchip/xc32/v4.60/bin/bin/../../lib/gcc/pic32c/8.3.1/thumb/v6-m/nofp\libgcc.a
END GROUP
LOAD c:/program files/microchip/xc32/v4.60/bin/bin/../../lib/gcc/pic32c/8.3.1/thumb/v6-m/nofp/crtend.o
LOAD c:/program files/microchip/xc32/v4.60/bin/bin/../../lib/gcc/pic32c/8.3.1/thumb/v6-m/nofp/crtn.o
OUTPUT(dist/SAMD21_IOT_WG_ICM42688/production/samd21_iot_wand.X.production.elf elf32-littlearm)
LOAD data_init
LOAD stack

.ARM.attributes
                0x0000000000000000       0x2a
 .ARM.attributes
                0x0000000000000000       0x1e c:/program files/microchip/xc32/v4.60/bin/bin/../../lib/gcc/pic32c/8.3.1/thumb/v6-m/nofp/crti.o
 .ARM.attributes
                0x000000000000001e       0x2c c:/program files/microchip/xc32/v4.60/bin/bin/../../lib/gcc/pic32c/8.3.1/thumb/v6-m/nofp/crtbegin.o
 .ARM.attributes
                0x000000000000004a       0x2c build/SAMD21_IOT_WG_ICM42688/production/_ext/2048461350/icm42688_sensor.o
 .ARM.attributes
                0x0000000000000076       0x2c build/SAMD21_IOT_WG_ICM42688/production/_ext/171618134/sml_recognition_run.o
 .ARM.attributes
                0x00000000000000a2       0x2c build/SAMD21_IOT_WG_ICM42688/production/_ext/1660664302/drv_spi.o
 .ARM.attributes
                0x00000000000000ce       0x2c build/SAMD21_IOT_WG_ICM42688/production/_ext/1164161090/wdrv_winc_gpio.o
 .ARM.attributes
                0x00000000000000fa       0x2c build/SAMD21_IOT_WG_ICM42688/production/_ext/1164161090/wdrv_winc_eint.o
 .ARM.attributes
                0x0000000000000126       0x2c build/SAMD21_IOT_WG_ICM42688/production/_ext/101005277/wdrv_winc_spi.o
 .ARM.attributes
                0x0000000000000152       0x2c build/SAMD21_IOT_WG_ICM42688/production/_ext/90265895/nm_common.o
 .ARM.attributes
                0x000000000000017e       0x2c build/SAMD21_IOT_WG_ICM42688/production/_ext/121554788/m2m_ssl.o
 .ARM.attributes
                0x00000000000001aa       0x2c build/SAMD21_IOT_WG_ICM42688/production/_ext/121554788/m2m_hif.o
 .ARM.attributes
                0x00000000000001d6       0x2c build/SAMD21_IOT_WG_ICM42688/production/_ext/121554788/m2m_wifi.o
 .ARM.attributes
                0x0000000000000202       0x2c build/SAMD21_IOT_WG_ICM42688/production/_ext/121554788/nmspi.o
 .ARM.attributes
                0x000000000000022e       0x2c build/SAMD21_IOT_WG_ICM42688/production/_ext/121554788/nmdrv.o
 .ARM.attributes
                0x000000000000025a       0x2c build/SAMD21_IOT_WG_ICM42688/production/_ext/121554788/m2m_ota.o
 .ARM.attributes
                0x0000000000000286       0x2c build/SAMD21_IOT_WG_ICM42688/production/_ext/121554788/nmasic.o
 .ARM.attributes
                0x00000000000002b2       0x2c build/SAMD21_IOT_WG_ICM42688/production/_ext/121554788/nmbus.o
 .ARM.attributes
                0x00000000000002de       0x2c build/SAMD21_IOT_WG_ICM42688/production/_ext/548032175/socket.o
 .ARM.attributes
                0x000000000000030a       0x2c build/SAMD21_IOT_WG_ICM42688/production/_ext/548032175/inet_addr.o
 .ARM.attributes
                0x0000000000000336       0x2c build/SAMD21_IOT_WG_ICM42688/production/_ext/548032175/inet_ntop.o
 .ARM.attributes
                0x0000000000000362       0x2c build/SAMD21_IOT_WG_ICM42688/production/_ext/609036575/flexible_flash.o
 .ARM.attributes
                0x000000000000038e       0x2c build/SAMD21_IOT_WG_ICM42688/production/_ext/609036575/spi_flash.o
 .ARM.attributes
                0x00000000000003ba       0x2c build/SAMD21_IOT_WG_ICM42688/production/_ext/1784303044/wdrv_winc_osal.o
 .ARM.attributes
                0x00000000000003e6       0x2c build/SAMD21_IOT_WG_ICM42688/production/_ext/907429946/wdrv_winc_sta.o
 .ARM.attributes
                0x0000000000000412       0x2c build/SAMD21_IOT_WG_ICM42688/production/_ext/907429946/wdrv_winc_socket.o
 .ARM.attributes
                0x000000000000043e       0x2c build/SAMD21_IOT_WG_ICM42688/production/_ext/907429946/wdrv_winc_systime.o
 .ARM.attributes
                0x000000000000046a       0x2c build/SAMD21_IOT_WG_ICM42688/production/_ext/907429946/wdrv_winc_authctx.o
 .ARM.attributes
                0x0000000000000496       0x2c build/SAMD21_IOT_WG_ICM42688/production/_ext/907429946/wdrv_winc_host_file.o
 .ARM.attributes
                0x00000000000004c2       0x2c build/SAMD21_IOT_WG_ICM42688/production/_ext/907429946/wdrv_winc.o
 .ARM.attributes
                0x00000000000004ee       0x2c build/SAMD21_IOT_WG_ICM42688/production/_ext/907429946/wdrv_winc_bssctx.o
 .ARM.attributes
                0x000000000000051a       0x2c build/SAMD21_IOT_WG_ICM42688/production/_ext/1750425231/plib_clock.o
 .ARM.attributes
                0x0000000000000546       0x2c build/SAMD21_IOT_WG_ICM42688/production/_ext/1580516298/plib_dmac.o
 .ARM.attributes
                0x0000000000000572       0x2c build/SAMD21_IOT_WG_ICM42688/production/_ext/503204096/plib_eic.o
 .ARM.attributes
                0x000000000000059e       0x2c build/SAMD21_IOT_WG_ICM42688/production/_ext/1580823105/plib_nvic.o
 .ARM.attributes
                0x00000000000005ca       0x2c build/SAMD21_IOT_WG_ICM42688/production/_ext/11470383/plib_nvmctrl.o
 .ARM.attributes
                0x00000000000005f6       0x2c build/SAMD21_IOT_WG_ICM42688/production/_ext/1580876256/plib_port.o
 .ARM.attributes
                0x0000000000000622       0x2c build/SAMD21_IOT_WG_ICM42688/production/_ext/1014017276/plib_sercom0_spi_master.o
 .ARM.attributes
                0x000000000000064e       0x2c build/SAMD21_IOT_WG_ICM42688/production/_ext/1014017276/plib_sercom2_spi_master.o
 .ARM.attributes
                0x000000000000067a       0x2c build/SAMD21_IOT_WG_ICM42688/production/_ext/177673482/plib_sercom5_usart.o
 .ARM.attributes
                0x00000000000006a6       0x2c build/SAMD21_IOT_WG_ICM42688/production/_ext/223004715/plib_systick.o
 .ARM.attributes
                0x00000000000006d2       0x2c build/SAMD21_IOT_WG_ICM42688/production/_ext/399410062/plib_tc3.o
 .ARM.attributes
                0x00000000000006fe       0x2c build/SAMD21_IOT_WG_ICM42688/production/_ext/399410062/plib_tc4.o
 .ARM.attributes
                0x000000000000072a       0x2c build/SAMD21_IOT_WG_ICM42688/production/_ext/1357625803/xc32_monitor.o
 .ARM.attributes
                0x0000000000000756       0x2c build/SAMD21_IOT_WG_ICM42688/production/_ext/1584719636/sys_dma.o
 .ARM.attributes
                0x0000000000000782       0x2c build/SAMD21_IOT_WG_ICM42688/production/_ext/1318297016/sys_int.o
 .ARM.attributes
                0x00000000000007ae       0x2c build/SAMD21_IOT_WG_ICM42688/production/_ext/386530258/sys_time.o
 .ARM.attributes
                0x00000000000007da       0x2c build/SAMD21_IOT_WG_ICM42688/production/_ext/1832905403/initialization.o
 .ARM.attributes
                0x0000000000000806       0x2c build/SAMD21_IOT_WG_ICM42688/production/_ext/1832905403/interrupts.o
 .ARM.attributes
                0x0000000000000832       0x2c build/SAMD21_IOT_WG_ICM42688/production/_ext/1832905403/exceptions.o
 .ARM.attributes
                0x000000000000085e       0x2c build/SAMD21_IOT_WG_ICM42688/production/_ext/1832905403/startup_xc32.o
 .ARM.attributes
                0x000000000000088a       0x2c build/SAMD21_IOT_WG_ICM42688/production/_ext/1832905403/tasks.o
 .ARM.attributes
                0x00000000000008b6       0x2c build/SAMD21_IOT_WG_ICM42688/production/_ext/1341251756/Icm426xxDriver_HL.o
 .ARM.attributes
                0x00000000000008e2       0x2c build/SAMD21_IOT_WG_ICM42688/production/_ext/1341251756/Icm426xxTransport.o
 .ARM.attributes
                0x000000000000090e       0x2c build/SAMD21_IOT_WG_ICM42688/production/_ext/596309756/dsp_dtw_distance.o
 .ARM.attributes
                0x000000000000093a       0x2c build/SAMD21_IOT_WG_ICM42688/production/_ext/596309756/dsp_l1_distance.o
 .ARM.attributes
                0x0000000000000966       0x2c build/SAMD21_IOT_WG_ICM42688/production/_ext/596309756/dsp_lsup_distance.o
 .ARM.attributes
                0x0000000000000992       0x2c build/SAMD21_IOT_WG_ICM42688/production/_ext/596309756/fg_amplitude_global_p2p_low_frequency.o
 .ARM.attributes
                0x00000000000009be       0x2c build/SAMD21_IOT_WG_ICM42688/production/_ext/596309756/fg_amplitude_peak_to_peak.o
 .ARM.attributes
                0x00000000000009ea       0x2c build/SAMD21_IOT_WG_ICM42688/production/_ext/596309756/fg_area_absolute_area_low_frequency.o
 .ARM.attributes
                0x0000000000000a16       0x2c build/SAMD21_IOT_WG_ICM42688/production/_ext/596309756/fg_cross_p2p_difference.o
 .ARM.attributes
                0x0000000000000a42       0x2c build/SAMD21_IOT_WG_ICM42688/production/_ext/596309756/fg_sampling_downsample.o
 .ARM.attributes
                0x0000000000000a6e       0x2c build/SAMD21_IOT_WG_ICM42688/production/_ext/596309756/fg_stats_abs_mean.o
 .ARM.attributes
                0x0000000000000a9a       0x2c build/SAMD21_IOT_WG_ICM42688/production/_ext/596309756/fg_stats_minimum.o
 .ARM.attributes
                0x0000000000000ac6       0x2c build/SAMD21_IOT_WG_ICM42688/production/_ext/596309756/kb.o
 .ARM.attributes
                0x0000000000000af2       0x2c build/SAMD21_IOT_WG_ICM42688/production/_ext/596309756/kb_output.o
 .ARM.attributes
                0x0000000000000b1e       0x2c build/SAMD21_IOT_WG_ICM42688/production/_ext/596309756/kb_pipeline.o
 .ARM.attributes
                0x0000000000000b4a       0x2c build/SAMD21_IOT_WG_ICM42688/production/_ext/596309756/ma_symmetric.o
 .ARM.attributes
                0x0000000000000b76       0x2c build/SAMD21_IOT_WG_ICM42688/production/_ext/596309756/mean.o
 .ARM.attributes
                0x0000000000000ba2       0x2c build/SAMD21_IOT_WG_ICM42688/production/_ext/596309756/pme.o
 .ARM.attributes
                0x0000000000000bce       0x32 build/SAMD21_IOT_WG_ICM42688/production/_ext/596309756/pme_trained_neurons.o
 .ARM.attributes
                0x0000000000000c00       0x2c build/SAMD21_IOT_WG_ICM42688/production/_ext/596309756/rb.o
 .ARM.attributes
                0x0000000000000c2c       0x2c build/SAMD21_IOT_WG_ICM42688/production/_ext/596309756/save_sensor_data.o
 .ARM.attributes
                0x0000000000000c58       0x2c build/SAMD21_IOT_WG_ICM42688/production/_ext/596309756/sf_downsample_by_averaging.o
 .ARM.attributes
                0x0000000000000c84       0x2c build/SAMD21_IOT_WG_ICM42688/production/_ext/596309756/sg_windowing.o
 .ARM.attributes
                0x0000000000000cb0       0x2c build/SAMD21_IOT_WG_ICM42688/production/_ext/596309756/sortarray.o
 .ARM.attributes
                0x0000000000000cdc       0x2c build/SAMD21_IOT_WG_ICM42688/production/_ext/596309756/sorted_copy.o
 .ARM.attributes
                0x0000000000000d08       0x2c build/SAMD21_IOT_WG_ICM42688/production/_ext/596309756/tr_min_max_scale.o
 .ARM.attributes
                0x0000000000000d34       0x2c build/SAMD21_IOT_WG_ICM42688/production/_ext/596309756/utils_array_max_uint8.o
 .ARM.attributes
                0x0000000000000d60       0x2c build/SAMD21_IOT_WG_ICM42688/production/_ext/596309756/utils_bitwise_abs_val.o
 .ARM.attributes
                0x0000000000000d8c       0x2c build/SAMD21_IOT_WG_ICM42688/production/_ext/596309756/utils_buffer_abssum.o
 .ARM.attributes
                0x0000000000000db8       0x2c build/SAMD21_IOT_WG_ICM42688/production/_ext/596309756/utils_buffer_cumsum.o
 .ARM.attributes
                0x0000000000000de4       0x2c build/SAMD21_IOT_WG_ICM42688/production/_ext/596309756/utils_buffer_min_max.o
 .ARM.attributes
                0x0000000000000e10       0x2c build/SAMD21_IOT_WG_ICM42688/production/_ext/596309756/utils_model_cross_difference.o
 .ARM.attributes
                0x0000000000000e3c       0x2c build/SAMD21_IOT_WG_ICM42688/production/_ext/596309756/utils_model_stats_max_min.o
 .ARM.attributes
                0x0000000000000e68       0x2c build/SAMD21_IOT_WG_ICM42688/production/_ext/596309756/utils_tr_sensor.o
 .ARM.attributes
                0x0000000000000e94       0x2c build/SAMD21_IOT_WG_ICM42688/production/_ext/1360937237/main.o
 .ARM.attributes
                0x0000000000000ec0       0x2c build/SAMD21_IOT_WG_ICM42688/production/_ext/1360937237/ringbuffer.o
 .ARM.attributes
                0x0000000000000eec       0x2c build/SAMD21_IOT_WG_ICM42688/production/_ext/1360937237/app.o
 .ARM.attributes
                0x0000000000000f18       0x2c build/SAMD21_IOT_WG_ICM42688/production/_ext/1360937237/ws2812.o
 .ARM.attributes
                0x0000000000000f44       0x2c build/SAMD21_IOT_WG_ICM42688/production/_ext/1360937237/winc1500_udp_client.o
 .ARM.attributes
                0x0000000000000f70       0x2c c:/program files/microchip/xc32/v4.60/bin/bin/../../lib/gcc/pic32c/8.3.1/../../../../pic32c/lib/thumb/v6-m/nofp\libpic32c.a(data_init.o)
 .ARM.attributes
                0x0000000000000f9c       0x2e c:/program files/microchip/xc32/v4.60/bin/bin/../../lib/gcc/pic32c/8.3.1/../../../../pic32c/lib/thumb/v6-m/nofp\libc-size-musl.a(memcpy.o)
 .ARM.attributes
                0x0000000000000fca       0x2e c:/program files/microchip/xc32/v4.60/bin/bin/../../lib/gcc/pic32c/8.3.1/../../../../pic32c/lib/thumb/v6-m/nofp\libc-size-musl.a(memset.o)
 .ARM.attributes
                0x0000000000000ff8       0x2e c:/program files/microchip/xc32/v4.60/bin/bin/../../lib/gcc/pic32c/8.3.1/../../../../pic32c/lib/thumb/v6-m/nofp\libc-size-musl.a(strlen.o)
 .ARM.attributes
                0x0000000000001026       0x2e c:/program files/microchip/xc32/v4.60/bin/bin/../../lib/gcc/pic32c/8.3.1/../../../../pic32c/lib/thumb/v6-m/nofp\libc-size-musl.a(strchr.o)
 .ARM.attributes
                0x0000000000001054       0x2e c:/program files/microchip/xc32/v4.60/bin/bin/../../lib/gcc/pic32c/8.3.1/../../../../pic32c/lib/thumb/v6-m/nofp\libc-size-musl.a(strchrnul.o)
 .ARM.attributes
                0x0000000000001082       0x2e c:/program files/microchip/xc32/v4.60/bin/bin/../../lib/gcc/pic32c/8.3.1/../../../../pic32c/lib/thumb/v6-m/nofp\libc-size-musl.a(strnlen.o)
 .ARM.attributes
                0x00000000000010b0       0x2e c:/program files/microchip/xc32/v4.60/bin/bin/../../lib/gcc/pic32c/8.3.1/../../../../pic32c/lib/thumb/v6-m/nofp\libc-size-musl.a(memchr.o)
 .ARM.attributes
                0x00000000000010de       0x2e c:/program files/microchip/xc32/v4.60/bin/bin/../../lib/gcc/pic32c/8.3.1/../../../../pic32c/lib/thumb/v6-m/nofp\liblmalloc-musl.a(lite_calloc.o)
 .ARM.attributes
                0x000000000000110c       0x2e c:/program files/microchip/xc32/v4.60/bin/bin/../../lib/gcc/pic32c/8.3.1/../../../../pic32c/lib/thumb/v6-m/nofp\liblmalloc-musl.a(lite_free.o)
 .ARM.attributes
                0x000000000000113a       0x2e c:/program files/microchip/xc32/v4.60/bin/bin/../../lib/gcc/pic32c/8.3.1/../../../../pic32c/lib/thumb/v6-m/nofp\liblmalloc-musl.a(lite_malloc.o)
 .ARM.attributes
                0x0000000000001168       0x1c c:/program files/microchip/xc32/v4.60/bin/bin/../../lib/gcc/pic32c/8.3.1/../../../../pic32c/lib/thumb/v6-m/nofp\libm-fast-emfloat.a(__aeabi_fadd.o)
 .ARM.attributes
                0x0000000000001184       0x1c c:/program files/microchip/xc32/v4.60/bin/bin/../../lib/gcc/pic32c/8.3.1/../../../../pic32c/lib/thumb/v6-m/nofp\libm-fast-emfloat.a(__aeabi_dadd.o)
 .ARM.attributes
                0x00000000000011a0       0x1c c:/program files/microchip/xc32/v4.60/bin/bin/../../lib/gcc/pic32c/8.3.1/../../../../pic32c/lib/thumb/v6-m/nofp\libm-fast-emfloat.a(__aeabi_fsub.o)
 .ARM.attributes
                0x00000000000011bc       0x1c c:/program files/microchip/xc32/v4.60/bin/bin/../../lib/gcc/pic32c/8.3.1/../../../../pic32c/lib/thumb/v6-m/nofp\libm-fast-emfloat.a(__aeabi_fmul.o)
 .ARM.attributes
                0x00000000000011d8       0x1c c:/program files/microchip/xc32/v4.60/bin/bin/../../lib/gcc/pic32c/8.3.1/../../../../pic32c/lib/thumb/v6-m/nofp\libm-fast-emfloat.a(__aeabi_dmul_aux.o)
 .ARM.attributes
                0x00000000000011f4       0x1c c:/program files/microchip/xc32/v4.60/bin/bin/../../lib/gcc/pic32c/8.3.1/../../../../pic32c/lib/thumb/v6-m/nofp\libm-fast-emfloat.a(__aeabi_fdiv.o)
 .ARM.attributes
                0x0000000000001210       0x1c c:/program files/microchip/xc32/v4.60/bin/bin/../../lib/gcc/pic32c/8.3.1/../../../../pic32c/lib/thumb/v6-m/nofp\libm-fast-emfloat.a(__aeabi_ddiv.o)
 .ARM.attributes
                0x000000000000122c       0x1c c:/program files/microchip/xc32/v4.60/bin/bin/../../lib/gcc/pic32c/8.3.1/../../../../pic32c/lib/thumb/v6-m/nofp\libm-fast-emfloat.a(__aeabi_fcmpeq.o)
 .ARM.attributes
                0x0000000000001248       0x1c c:/program files/microchip/xc32/v4.60/bin/bin/../../lib/gcc/pic32c/8.3.1/../../../../pic32c/lib/thumb/v6-m/nofp\libm-fast-emfloat.a(__aeabi_dcmpeq.o)
 .ARM.attributes
                0x0000000000001264       0x1c c:/program files/microchip/xc32/v4.60/bin/bin/../../lib/gcc/pic32c/8.3.1/../../../../pic32c/lib/thumb/v6-m/nofp\libm-fast-emfloat.a(__aeabi_fcmpge.o)
 .ARM.attributes
                0x0000000000001280       0x1c c:/program files/microchip/xc32/v4.60/bin/bin/../../lib/gcc/pic32c/8.3.1/../../../../pic32c/lib/thumb/v6-m/nofp\libm-fast-emfloat.a(__aeabi_fcmpgt.o)
 .ARM.attributes
                0x000000000000129c       0x1c c:/program files/microchip/xc32/v4.60/bin/bin/../../lib/gcc/pic32c/8.3.1/../../../../pic32c/lib/thumb/v6-m/nofp\libm-fast-emfloat.a(__aeabi_dcmpgt.o)
 .ARM.attributes
                0x00000000000012b8       0x1c c:/program files/microchip/xc32/v4.60/bin/bin/../../lib/gcc/pic32c/8.3.1/../../../../pic32c/lib/thumb/v6-m/nofp\libm-fast-emfloat.a(__aeabi_fcmplt.o)
 .ARM.attributes
                0x00000000000012d4       0x1c c:/program files/microchip/xc32/v4.60/bin/bin/../../lib/gcc/pic32c/8.3.1/../../../../pic32c/lib/thumb/v6-m/nofp\libm-fast-emfloat.a(__aeabi_dcmplt.o)
 .ARM.attributes
                0x00000000000012f0       0x1c c:/program files/microchip/xc32/v4.60/bin/bin/../../lib/gcc/pic32c/8.3.1/../../../../pic32c/lib/thumb/v6-m/nofp\libm-fast-emfloat.a(__aeabi_f2iz.o)
 .ARM.attributes
                0x000000000000130c       0x1c c:/program files/microchip/xc32/v4.60/bin/bin/../../lib/gcc/pic32c/8.3.1/../../../../pic32c/lib/thumb/v6-m/nofp\libm-fast-emfloat.a(__aeabi_d2iz.o)
 .ARM.attributes
                0x0000000000001328       0x1c c:/program files/microchip/xc32/v4.60/bin/bin/../../lib/gcc/pic32c/8.3.1/../../../../pic32c/lib/thumb/v6-m/nofp\libm-fast-emfloat.a(__aeabi_f2uiz.o)
 .ARM.attributes
                0x0000000000001344       0x1c c:/program files/microchip/xc32/v4.60/bin/bin/../../lib/gcc/pic32c/8.3.1/../../../../pic32c/lib/thumb/v6-m/nofp\libm-fast-emfloat.a(__aeabi_d2uiz.o)
 .ARM.attributes
                0x0000000000001360       0x1c c:/program files/microchip/xc32/v4.60/bin/bin/../../lib/gcc/pic32c/8.3.1/../../../../pic32c/lib/thumb/v6-m/nofp\libm-fast-emfloat.a(__aeabi_i2f.o)
 .ARM.attributes
                0x000000000000137c       0x1c c:/program files/microchip/xc32/v4.60/bin/bin/../../lib/gcc/pic32c/8.3.1/../../../../pic32c/lib/thumb/v6-m/nofp\libm-fast-emfloat.a(__aeabi_i2d.o)
 .ARM.attributes
                0x0000000000001398       0x1c c:/program files/microchip/xc32/v4.60/bin/bin/../../lib/gcc/pic32c/8.3.1/../../../../pic32c/lib/thumb/v6-m/nofp\libm-fast-emfloat.a(__aeabi_l2f.o)
 .ARM.attributes
                0x00000000000013b4       0x1c c:/program files/microchip/xc32/v4.60/bin/bin/../../lib/gcc/pic32c/8.3.1/../../../../pic32c/lib/thumb/v6-m/nofp\libm-fast-emfloat.a(__aeabi_ui2f.o)
 .ARM.attributes
                0x00000000000013d0       0x1c c:/program files/microchip/xc32/v4.60/bin/bin/../../lib/gcc/pic32c/8.3.1/../../../../pic32c/lib/thumb/v6-m/nofp\libm-fast-emfloat.a(__aeabi_ui2d.o)
 .ARM.attributes
                0x00000000000013ec       0x1c c:/program files/microchip/xc32/v4.60/bin/bin/../../lib/gcc/pic32c/8.3.1/../../../../pic32c/lib/thumb/v6-m/nofp\libm-fast-emfloat.a(__aeabi_ul2f.o)
 .ARM.attributes
                0x0000000000001408       0x1c c:/program files/microchip/xc32/v4.60/bin/bin/../../lib/gcc/pic32c/8.3.1/../../../../pic32c/lib/thumb/v6-m/nofp\libm-fast-emfloat.a(__aeabi_f2d.o)
 .ARM.attributes
                0x0000000000001424       0x1c c:/program files/microchip/xc32/v4.60/bin/bin/../../lib/gcc/pic32c/8.3.1/../../../../pic32c/lib/thumb/v6-m/nofp\libm-fast-emfloat.a(__aeabi_d2f.o)
 .ARM.attributes
                0x0000000000001440       0x2e c:/program files/microchip/xc32/v4.60/bin/bin/../../lib/gcc/pic32c/8.3.1/../../../../pic32c/lib/thumb/v6-m/nofp\libc-musl.a(__libc_start_main.o)
 .ARM.attributes
                0x000000000000146e       0x2e c:/program files/microchip/xc32/v4.60/bin/bin/../../lib/gcc/pic32c/8.3.1/../../../../pic32c/lib/thumb/v6-m/nofp\libc-musl.a(__errno_location.o)
 .ARM.attributes
                0x000000000000149c       0x2e c:/program files/microchip/xc32/v4.60/bin/bin/../../lib/gcc/pic32c/8.3.1/../../../../pic32c/lib/thumb/v6-m/nofp\libc-musl.a(libc.o)
 .ARM.attributes
                0x00000000000014ca       0x2e c:/program files/microchip/xc32/v4.60/bin/bin/../../lib/gcc/pic32c/8.3.1/../../../../pic32c/lib/thumb/v6-m/nofp\libc-musl.a(expand_heap.o)
 .ARM.attributes
                0x00000000000014f8       0x2e c:/program files/microchip/xc32/v4.60/bin/bin/../../lib/gcc/pic32c/8.3.1/../../../../pic32c/lib/thumb/v6-m/nofp\libc-musl.a(__sio_printf_cdeEfFgGnpsuxX.o)
 .ARM.attributes
                0x0000000000001526       0x2e c:/program files/microchip/xc32/v4.60/bin/bin/../../lib/gcc/pic32c/8.3.1/../../../../pic32c/lib/thumb/v6-m/nofp\libc-musl.a(__sio_sprintf_cdeEfFgGnpsuxX.o)
 .ARM.attributes
                0x0000000000001554       0x2e c:/program files/microchip/xc32/v4.60/bin/bin/../../lib/gcc/pic32c/8.3.1/../../../../pic32c/lib/thumb/v6-m/nofp\libc-musl.a(__fmt_d.o)
 .ARM.attributes
                0x0000000000001582       0x2e c:/program files/microchip/xc32/v4.60/bin/bin/../../lib/gcc/pic32c/8.3.1/../../../../pic32c/lib/thumb/v6-m/nofp\libc-musl.a(__fmt_fp.o)
 .ARM.attributes
                0x00000000000015b0       0x2e c:/program files/microchip/xc32/v4.60/bin/bin/../../lib/gcc/pic32c/8.3.1/../../../../pic32c/lib/thumb/v6-m/nofp\libc-musl.a(__fmt_s.o)
 .ARM.attributes
                0x00000000000015de       0x2e c:/program files/microchip/xc32/v4.60/bin/bin/../../lib/gcc/pic32c/8.3.1/../../../../pic32c/lib/thumb/v6-m/nofp\libc-musl.a(__fmt_u.o)
 .ARM.attributes
                0x000000000000160c       0x2e c:/program files/microchip/xc32/v4.60/bin/bin/../../lib/gcc/pic32c/8.3.1/../../../../pic32c/lib/thumb/v6-m/nofp\libc-musl.a(__fmt_x.o)
 .ARM.attributes
                0x000000000000163a       0x2e c:/program files/microchip/xc32/v4.60/bin/bin/../../lib/gcc/pic32c/8.3.1/../../../../pic32c/lib/thumb/v6-m/nofp\libc-musl.a(__pop_float.o)
 .ARM.attributes
                0x0000000000001668       0x2e c:/program files/microchip/xc32/v4.60/bin/bin/../../lib/gcc/pic32c/8.3.1/../../../../pic32c/lib/thumb/v6-m/nofp\libc-musl.a(__pop_int.o)
 .ARM.attributes
                0x0000000000001696       0x2e c:/program files/microchip/xc32/v4.60/bin/bin/../../lib/gcc/pic32c/8.3.1/../../../../pic32c/lib/thumb/v6-m/nofp\libc-musl.a(__pop_ptr.o)
 .ARM.attributes
                0x00000000000016c4       0x2e c:/program files/microchip/xc32/v4.60/bin/bin/../../lib/gcc/pic32c/8.3.1/../../../../pic32c/lib/thumb/v6-m/nofp\libc-musl.a(__printf_core.o)
 .ARM.attributes
                0x00000000000016f2       0x2e c:/program files/microchip/xc32/v4.60/bin/bin/../../lib/gcc/pic32c/8.3.1/../../../../pic32c/lib/thumb/v6-m/nofp\libc-musl.a(stdin.o)
 .ARM.attributes
                0x0000000000001720       0x2e c:/program files/microchip/xc32/v4.60/bin/bin/../../lib/gcc/pic32c/8.3.1/../../../../pic32c/lib/thumb/v6-m/nofp\libc-musl.a(stdout.o)
 .ARM.attributes
                0x000000000000174e       0x2e c:/program files/microchip/xc32/v4.60/bin/bin/../../lib/gcc/pic32c/8.3.1/../../../../pic32c/lib/thumb/v6-m/nofp\libc-musl.a(putchar.o)
 .ARM.attributes
                0x000000000000177c       0x2e c:/program files/microchip/xc32/v4.60/bin/bin/../../lib/gcc/pic32c/8.3.1/../../../../pic32c/lib/thumb/v6-m/nofp\libc-musl.a(puts.o)
 .ARM.attributes
                0x00000000000017aa       0x2e c:/program files/microchip/xc32/v4.60/bin/bin/../../lib/gcc/pic32c/8.3.1/../../../../pic32c/lib/thumb/v6-m/nofp\libc-musl.a(setbuf.o)
 .ARM.attributes
                0x00000000000017d8       0x2e c:/program files/microchip/xc32/v4.60/bin/bin/../../lib/gcc/pic32c/8.3.1/../../../../pic32c/lib/thumb/v6-m/nofp\libc-musl.a(atoi.o)
 .ARM.attributes
                0x0000000000001806       0x2e c:/program files/microchip/xc32/v4.60/bin/bin/../../lib/gcc/pic32c/8.3.1/../../../../pic32c/lib/thumb/v6-m/nofp\libc-musl.a(gmtime.o)
 .ARM.attributes
                0x0000000000001834       0x2e c:/program files/microchip/xc32/v4.60/bin/bin/../../lib/gcc/pic32c/8.3.1/../../../../pic32c/lib/thumb/v6-m/nofp\libc-musl.a(gmtime_r.o)
 .ARM.attributes
                0x0000000000001862       0x2e c:/program files/microchip/xc32/v4.60/bin/bin/../../lib/gcc/pic32c/8.3.1/../../../../pic32c/lib/thumb/v6-m/nofp\libc-musl.a(mktime.o)
 .ARM.attributes
                0x0000000000001890       0x2e c:/program files/microchip/xc32/v4.60/bin/bin/../../lib/gcc/pic32c/8.3.1/../../../../pic32c/lib/thumb/v6-m/nofp\libc-musl.a(tolower.o)
 .ARM.attributes
                0x00000000000018be       0x2e c:/program files/microchip/xc32/v4.60/bin/bin/../../lib/gcc/pic32c/8.3.1/../../../../pic32c/lib/thumb/v6-m/nofp\libc-musl.a(toupper.o)
 .ARM.attributes
                0x00000000000018ec       0x2e c:/program files/microchip/xc32/v4.60/bin/bin/../../lib/gcc/pic32c/8.3.1/../../../../pic32c/lib/thumb/v6-m/nofp\libc-musl.a(__environ.o)
 .ARM.attributes
                0x000000000000191a       0x2e c:/program files/microchip/xc32/v4.60/bin/bin/../../lib/gcc/pic32c/8.3.1/../../../../pic32c/lib/thumb/v6-m/nofp\libc-musl.a(__int_vfprintf.o)
 .ARM.attributes
                0x0000000000001948       0x2e c:/program files/microchip/xc32/v4.60/bin/bin/../../lib/gcc/pic32c/8.3.1/../../../../pic32c/lib/thumb/v6-m/nofp\libc-musl.a(__int_vsprintf.o)
 .ARM.attributes
                0x0000000000001976       0x2e c:/program files/microchip/xc32/v4.60/bin/bin/../../lib/gcc/pic32c/8.3.1/../../../../pic32c/lib/thumb/v6-m/nofp\libc-musl.a(fputs.o)
 .ARM.attributes
                0x00000000000019a4       0x2e c:/program files/microchip/xc32/v4.60/bin/bin/../../lib/gcc/pic32c/8.3.1/../../../../pic32c/lib/thumb/v6-m/nofp\libc-musl.a(__cvt_u.o)
 .ARM.attributes
                0x00000000000019d2       0x2e c:/program files/microchip/xc32/v4.60/bin/bin/../../lib/gcc/pic32c/8.3.1/../../../../pic32c/lib/thumb/v6-m/nofp\libc-musl.a(__stdio_read.o)
 .ARM.attributes
                0x0000000000001a00       0x2e c:/program files/microchip/xc32/v4.60/bin/bin/../../lib/gcc/pic32c/8.3.1/../../../../pic32c/lib/thumb/v6-m/nofp\libc-musl.a(__towrite_rw.o)
 .ARM.attributes
                0x0000000000001a2e       0x2e c:/program files/microchip/xc32/v4.60/bin/bin/../../lib/gcc/pic32c/8.3.1/../../../../pic32c/lib/thumb/v6-m/nofp\libc-musl.a(fwrite.o)
 .ARM.attributes
                0x0000000000001a5c       0x2e c:/program files/microchip/xc32/v4.60/bin/bin/../../lib/gcc/pic32c/8.3.1/../../../../pic32c/lib/thumb/v6-m/nofp\libc-musl.a(putc.o)
 .ARM.attributes
                0x0000000000001a8a       0x2e c:/program files/microchip/xc32/v4.60/bin/bin/../../lib/gcc/pic32c/8.3.1/../../../../pic32c/lib/thumb/v6-m/nofp\libc-musl.a(setvbuf.o)
 .ARM.attributes
                0x0000000000001ab8       0x2e c:/program files/microchip/xc32/v4.60/bin/bin/../../lib/gcc/pic32c/8.3.1/../../../../pic32c/lib/thumb/v6-m/nofp\libc-musl.a(__tm_to_secs.o)
 .ARM.attributes
                0x0000000000001ae6       0x2e c:/program files/microchip/xc32/v4.60/bin/bin/../../lib/gcc/pic32c/8.3.1/../../../../pic32c/lib/thumb/v6-m/nofp\libc-musl.a(__year_to_secs.o)
 .ARM.attributes
                0x0000000000001b14       0x2e c:/program files/microchip/xc32/v4.60/bin/bin/../../lib/gcc/pic32c/8.3.1/../../../../pic32c/lib/thumb/v6-m/nofp\libc-musl.a(__secs_to_tm.o)
 .ARM.attributes
                0x0000000000001b42       0x2e c:/program files/microchip/xc32/v4.60/bin/bin/../../lib/gcc/pic32c/8.3.1/../../../../pic32c/lib/thumb/v6-m/nofp\libc-musl.a(readv.o)
 .ARM.attributes
                0x0000000000001b70       0x2e c:/program files/microchip/xc32/v4.60/bin/bin/../../lib/gcc/pic32c/8.3.1/../../../../pic32c/lib/thumb/v6-m/nofp\libc-musl.a(__int_vsnprintf.o)
 .ARM.attributes
                0x0000000000001b9e       0x2e c:/program files/microchip/xc32/v4.60/bin/bin/../../lib/gcc/pic32c/8.3.1/../../../../pic32c/lib/thumb/v6-m/nofp\libc-musl.a(__init_stdio.o)
 .ARM.attributes
                0x0000000000001bcc       0x2e c:/program files/microchip/xc32/v4.60/bin/bin/../../lib/gcc/pic32c/8.3.1/../../../../pic32c/lib/thumb/v6-m/nofp\libc-musl.a(__out.o)
 .ARM.attributes
                0x0000000000001bfa       0x2e c:/program files/microchip/xc32/v4.60/bin/bin/../../lib/gcc/pic32c/8.3.1/../../../../pic32c/lib/thumb/v6-m/nofp\libc-musl.a(__putc.o)
 .ARM.attributes
                0x0000000000001c28       0x2e c:/program files/microchip/xc32/v4.60/bin/bin/../../lib/gcc/pic32c/8.3.1/../../../../pic32c/lib/thumb/v6-m/nofp\libc-musl.a(__stderr.o)
 .ARM.attributes
                0x0000000000001c56       0x2e c:/program files/microchip/xc32/v4.60/bin/bin/../../lib/gcc/pic32c/8.3.1/../../../../pic32c/lib/thumb/v6-m/nofp\libc-musl.a(__stdio_close.o)
 .ARM.attributes
                0x0000000000001c84       0x2e c:/program files/microchip/xc32/v4.60/bin/bin/../../lib/gcc/pic32c/8.3.1/../../../../pic32c/lib/thumb/v6-m/nofp\libc-musl.a(__stdio_write.o)
 .ARM.attributes
                0x0000000000001cb2       0x2e c:/program files/microchip/xc32/v4.60/bin/bin/../../lib/gcc/pic32c/8.3.1/../../../../pic32c/lib/thumb/v6-m/nofp\libc-musl.a(__stdout.o)
 .ARM.attributes
                0x0000000000001ce0       0x2e c:/program files/microchip/xc32/v4.60/bin/bin/../../lib/gcc/pic32c/8.3.1/../../../../pic32c/lib/thumb/v6-m/nofp\libc-musl.a(__towrite.o)
 .ARM.attributes
                0x0000000000001d0e       0x2e c:/program files/microchip/xc32/v4.60/bin/bin/../../lib/gcc/pic32c/8.3.1/../../../../pic32c/lib/thumb/v6-m/nofp\libc-musl.a(__month_to_secs.o)
 .ARM.attributes
                0x0000000000001d3c       0x2e c:/program files/microchip/xc32/v4.60/bin/bin/../../lib/gcc/pic32c/8.3.1/../../../../pic32c/lib/thumb/v6-m/nofp\libc-musl.a(writev.o)
 .ARM.attributes
                0x0000000000001d6a       0x2e c:/program files/microchip/xc32/v4.60/bin/bin/../../lib/gcc/pic32c/8.3.1/../../../../pic32c/lib/thumb/v6-m/nofp\libc-musl.a(__overflow.o)
 .ARM.attributes
                0x0000000000001d98       0x2e c:/program files/microchip/xc32/v4.60/bin/bin/../../lib/gcc/pic32c/8.3.1/../../../../pic32c/lib/thumb/v6-m/nofp\libc-musl.a(__fwrite.o)
 .ARM.attributes
                0x0000000000001dc6       0x2c c:/program files/microchip/xc32/v4.60/bin/bin/../../lib/gcc/pic32c/8.3.1/../../../../pic32c/lib/thumb/v6-m/nofp\libm-fast-emfloat.a(fma.o)
 .ARM.attributes
                0x0000000000001df2       0x2c c:/program files/microchip/xc32/v4.60/bin/bin/../../lib/gcc/pic32c/8.3.1/../../../../pic32c/lib/thumb/v6-m/nofp\libm-fast-emfloat.a(floor.o)
 .ARM.attributes
                0x0000000000001e1e       0x1c c:/program files/microchip/xc32/v4.60/bin/bin/../../lib/gcc/pic32c/8.3.1/../../../../pic32c/lib/thumb/v6-m/nofp\libm-fast-emfloat.a(__aeabi_dcmple.o)
 .ARM.attributes
                0x0000000000001e3a       0x1e c:/program files/microchip/xc32/v4.60/bin/bin/../../lib/gcc/pic32c/8.3.1/thumb/v6-m/nofp\libgcc.a(_udivsi3.o)
 .ARM.attributes
                0x0000000000001e58       0x1e c:/program files/microchip/xc32/v4.60/bin/bin/../../lib/gcc/pic32c/8.3.1/thumb/v6-m/nofp\libgcc.a(_divsi3.o)
 .ARM.attributes
                0x0000000000001e76       0x1e c:/program files/microchip/xc32/v4.60/bin/bin/../../lib/gcc/pic32c/8.3.1/thumb/v6-m/nofp\libgcc.a(_dvmd_tls.o)
 .ARM.attributes
                0x0000000000001e94       0x1e c:/program files/microchip/xc32/v4.60/bin/bin/../../lib/gcc/pic32c/8.3.1/thumb/v6-m/nofp\libgcc.a(_aeabi_ldivmod.o)
 .ARM.attributes
                0x0000000000001eb2       0x1e c:/program files/microchip/xc32/v4.60/bin/bin/../../lib/gcc/pic32c/8.3.1/thumb/v6-m/nofp\libgcc.a(_aeabi_uldivmod.o)
 .ARM.attributes
                0x0000000000001ed0       0x2c c:/program files/microchip/xc32/v4.60/bin/bin/../../lib/gcc/pic32c/8.3.1/thumb/v6-m/nofp\libgcc.a(_muldi3.o)
 .ARM.attributes
                0x0000000000001efc       0x2c c:/program files/microchip/xc32/v4.60/bin/bin/../../lib/gcc/pic32c/8.3.1/thumb/v6-m/nofp\libgcc.a(_udivmoddi4.o)
 .ARM.attributes
                0x0000000000001f28       0x2c c:/program files/microchip/xc32/v4.60/bin/bin/../../lib/gcc/pic32c/8.3.1/thumb/v6-m/nofp\libgcc.a(bpabi.o)
 .ARM.attributes
                0x0000000000001f54       0x1e c:/program files/microchip/xc32/v4.60/bin/bin/../../lib/gcc/pic32c/8.3.1/thumb/v6-m/nofp\libgcc.a(_lshrdi3.o)
 .ARM.attributes
                0x0000000000001f72       0x1e c:/program files/microchip/xc32/v4.60/bin/bin/../../lib/gcc/pic32c/8.3.1/thumb/v6-m/nofp\libgcc.a(_ashldi3.o)
 .ARM.attributes
                0x0000000000001f90       0x1e c:/program files/microchip/xc32/v4.60/bin/bin/../../lib/gcc/pic32c/8.3.1/thumb/v6-m/nofp\libgcc.a(_clzdi2.o)
 .ARM.attributes
                0x0000000000001fae       0x2c c:/program files/microchip/xc32/v4.60/bin/bin/../../lib/gcc/pic32c/8.3.1/thumb/v6-m/nofp\libgcc.a(_divdi3.o)
 .ARM.attributes
                0x0000000000001fda       0x1e c:/program files/microchip/xc32/v4.60/bin/bin/../../lib/gcc/pic32c/8.3.1/thumb/v6-m/nofp\libgcc.a(_clzsi2.o)
 .ARM.attributes
                0x0000000000001ff8       0x2c c:/program files/microchip/xc32/v4.60/bin/bin/../../lib/gcc/pic32c/8.3.1/../../../../pic32c/lib/thumb/v6-m/nofp\libpic32c.a(close.o)
 .ARM.attributes
                0x0000000000002024       0x2c c:/program files/microchip/xc32/v4.60/bin/bin/../../lib/gcc/pic32c/8.3.1/../../../../pic32c/lib/thumb/v6-m/nofp\libpic32c.a(lseek.o)
 .ARM.attributes
                0x0000000000002050       0x2c c:/program files/microchip/xc32/v4.60/bin/bin/../../lib/gcc/pic32c/8.3.1/../../../../pic32c/lib/thumb/v6-m/nofp\libpic32c.a(sbrk.o)
 .ARM.attributes
                0x000000000000207c       0x2e c:/program files/microchip/xc32/v4.60/bin/bin/../../lib/gcc/pic32c/8.3.1/../../../../pic32c/lib/thumb/v6-m/nofp\libc-size-musl.a(strcpy.o)
 .ARM.attributes
                0x00000000000020aa       0x2e c:/program files/microchip/xc32/v4.60/bin/bin/../../lib/gcc/pic32c/8.3.1/../../../../pic32c/lib/thumb/v6-m/nofp\libc-size-musl.a(stpcpy.o)
 .ARM.attributes
                0x00000000000020d8       0x1e c:/program files/microchip/xc32/v4.60/bin/bin/../../lib/gcc/pic32c/8.3.1/thumb/v6-m/nofp/crtn.o
 .ARM.attributes
                0x00000000000020f6       0x2c c:/program files/microchip/xc32/v4.60/bin/bin/../../lib/gcc/pic32c/8.3.1/../../../../pic32c/lib/thumb/v6-m/nofp\libpic32c.a(pic32_data_init_clear.o)
 .ARM.attributes
                0x0000000000002122       0x2c c:/program files/microchip/xc32/v4.60/bin/bin/../../lib/gcc/pic32c/8.3.1/../../../../pic32c/lib/thumb/v6-m/nofp\libpic32c.a(pic32_data_init_copy.o)

.comment        0x0000000000000000       0x2b
 .comment       0x0000000000000000       0x2b c:/program files/microchip/xc32/v4.60/bin/bin/../../lib/gcc/pic32c/8.3.1/thumb/v6-m/nofp/crtbegin.o
                                         0x2c (size before relaxing)
 .comment       0x000000000000002b       0x2c build/SAMD21_IOT_WG_ICM42688/production/_ext/2048461350/icm42688_sensor.o
 .comment       0x000000000000002b       0x2c build/SAMD21_IOT_WG_ICM42688/production/_ext/171618134/sml_recognition_run.o
 .comment       0x000000000000002b       0x2c build/SAMD21_IOT_WG_ICM42688/production/_ext/1660664302/drv_spi.o
 .comment       0x000000000000002b       0x2c build/SAMD21_IOT_WG_ICM42688/production/_ext/1164161090/wdrv_winc_gpio.o
 .comment       0x000000000000002b       0x2c build/SAMD21_IOT_WG_ICM42688/production/_ext/1164161090/wdrv_winc_eint.o
 .comment       0x000000000000002b       0x2c build/SAMD21_IOT_WG_ICM42688/production/_ext/101005277/wdrv_winc_spi.o
 .comment       0x000000000000002b       0x2c build/SAMD21_IOT_WG_ICM42688/production/_ext/90265895/nm_common.o
 .comment       0x000000000000002b       0x2c build/SAMD21_IOT_WG_ICM42688/production/_ext/121554788/m2m_ssl.o
 .comment       0x000000000000002b       0x2c build/SAMD21_IOT_WG_ICM42688/production/_ext/121554788/m2m_hif.o
 .comment       0x000000000000002b       0x2c build/SAMD21_IOT_WG_ICM42688/production/_ext/121554788/m2m_wifi.o
 .comment       0x000000000000002b       0x2c build/SAMD21_IOT_WG_ICM42688/production/_ext/121554788/nmspi.o
 .comment       0x000000000000002b       0x2c build/SAMD21_IOT_WG_ICM42688/production/_ext/121554788/nmdrv.o
 .comment       0x000000000000002b       0x2c build/SAMD21_IOT_WG_ICM42688/production/_ext/121554788/m2m_ota.o
 .comment       0x000000000000002b       0x2c build/SAMD21_IOT_WG_ICM42688/production/_ext/121554788/nmasic.o
 .comment       0x000000000000002b       0x2c build/SAMD21_IOT_WG_ICM42688/production/_ext/121554788/nmbus.o
 .comment       0x000000000000002b       0x2c build/SAMD21_IOT_WG_ICM42688/production/_ext/548032175/socket.o
 .comment       0x000000000000002b       0x2c build/SAMD21_IOT_WG_ICM42688/production/_ext/548032175/inet_addr.o
 .comment       0x000000000000002b       0x2c build/SAMD21_IOT_WG_ICM42688/production/_ext/548032175/inet_ntop.o
 .comment       0x000000000000002b       0x2c build/SAMD21_IOT_WG_ICM42688/production/_ext/609036575/flexible_flash.o
 .comment       0x000000000000002b       0x2c build/SAMD21_IOT_WG_ICM42688/production/_ext/609036575/spi_flash.o
 .comment       0x000000000000002b       0x2c build/SAMD21_IOT_WG_ICM42688/production/_ext/1784303044/wdrv_winc_osal.o
 .comment       0x000000000000002b       0x2c build/SAMD21_IOT_WG_ICM42688/production/_ext/907429946/wdrv_winc_sta.o
 .comment       0x000000000000002b       0x2c build/SAMD21_IOT_WG_ICM42688/production/_ext/907429946/wdrv_winc_socket.o
 .comment       0x000000000000002b       0x2c build/SAMD21_IOT_WG_ICM42688/production/_ext/907429946/wdrv_winc_systime.o
 .comment       0x000000000000002b       0x2c build/SAMD21_IOT_WG_ICM42688/production/_ext/907429946/wdrv_winc_authctx.o
 .comment       0x000000000000002b       0x2c build/SAMD21_IOT_WG_ICM42688/production/_ext/907429946/wdrv_winc_host_file.o
 .comment       0x000000000000002b       0x2c build/SAMD21_IOT_WG_ICM42688/production/_ext/907429946/wdrv_winc.o
 .comment       0x000000000000002b       0x2c build/SAMD21_IOT_WG_ICM42688/production/_ext/907429946/wdrv_winc_bssctx.o
 .comment       0x000000000000002b       0x2c build/SAMD21_IOT_WG_ICM42688/production/_ext/1750425231/plib_clock.o
 .comment       0x000000000000002b       0x2c build/SAMD21_IOT_WG_ICM42688/production/_ext/1580516298/plib_dmac.o
 .comment       0x000000000000002b       0x2c build/SAMD21_IOT_WG_ICM42688/production/_ext/503204096/plib_eic.o
 .comment       0x000000000000002b       0x2c build/SAMD21_IOT_WG_ICM42688/production/_ext/1580823105/plib_nvic.o
 .comment       0x000000000000002b       0x2c build/SAMD21_IOT_WG_ICM42688/production/_ext/11470383/plib_nvmctrl.o
 .comment       0x000000000000002b       0x2c build/SAMD21_IOT_WG_ICM42688/production/_ext/1580876256/plib_port.o
 .comment       0x000000000000002b       0x2c build/SAMD21_IOT_WG_ICM42688/production/_ext/1014017276/plib_sercom0_spi_master.o
 .comment       0x000000000000002b       0x2c build/SAMD21_IOT_WG_ICM42688/production/_ext/1014017276/plib_sercom2_spi_master.o
 .comment       0x000000000000002b       0x2c build/SAMD21_IOT_WG_ICM42688/production/_ext/177673482/plib_sercom5_usart.o
 .comment       0x000000000000002b       0x2c build/SAMD21_IOT_WG_ICM42688/production/_ext/223004715/plib_systick.o
 .comment       0x000000000000002b       0x2c build/SAMD21_IOT_WG_ICM42688/production/_ext/399410062/plib_tc3.o
 .comment       0x000000000000002b       0x2c build/SAMD21_IOT_WG_ICM42688/production/_ext/399410062/plib_tc4.o
 .comment       0x000000000000002b       0x2c build/SAMD21_IOT_WG_ICM42688/production/_ext/1357625803/xc32_monitor.o
 .comment       0x000000000000002b       0x2c build/SAMD21_IOT_WG_ICM42688/production/_ext/1584719636/sys_dma.o
 .comment       0x000000000000002b       0x2c build/SAMD21_IOT_WG_ICM42688/production/_ext/1318297016/sys_int.o
 .comment       0x000000000000002b       0x2c build/SAMD21_IOT_WG_ICM42688/production/_ext/386530258/sys_time.o
 .comment       0x000000000000002b       0x2c build/SAMD21_IOT_WG_ICM42688/production/_ext/1832905403/initialization.o
 .comment       0x000000000000002b       0x2c build/SAMD21_IOT_WG_ICM42688/production/_ext/1832905403/interrupts.o
 .comment       0x000000000000002b       0x2c build/SAMD21_IOT_WG_ICM42688/production/_ext/1832905403/exceptions.o
 .comment       0x000000000000002b       0x2c build/SAMD21_IOT_WG_ICM42688/production/_ext/1832905403/startup_xc32.o
 .comment       0x000000000000002b       0x2c build/SAMD21_IOT_WG_ICM42688/production/_ext/1832905403/tasks.o
 .comment       0x000000000000002b       0x2c build/SAMD21_IOT_WG_ICM42688/production/_ext/1341251756/Icm426xxDriver_HL.o
 .comment       0x000000000000002b       0x2c build/SAMD21_IOT_WG_ICM42688/production/_ext/1341251756/Icm426xxTransport.o
 .comment       0x000000000000002b       0x2c build/SAMD21_IOT_WG_ICM42688/production/_ext/596309756/dsp_dtw_distance.o
 .comment       0x000000000000002b       0x2c build/SAMD21_IOT_WG_ICM42688/production/_ext/596309756/dsp_l1_distance.o
 .comment       0x000000000000002b       0x2c build/SAMD21_IOT_WG_ICM42688/production/_ext/596309756/dsp_lsup_distance.o
 .comment       0x000000000000002b       0x2c build/SAMD21_IOT_WG_ICM42688/production/_ext/596309756/fg_amplitude_global_p2p_low_frequency.o
 .comment       0x000000000000002b       0x2c build/SAMD21_IOT_WG_ICM42688/production/_ext/596309756/fg_amplitude_peak_to_peak.o
 .comment       0x000000000000002b       0x2c build/SAMD21_IOT_WG_ICM42688/production/_ext/596309756/fg_area_absolute_area_low_frequency.o
 .comment       0x000000000000002b       0x2c build/SAMD21_IOT_WG_ICM42688/production/_ext/596309756/fg_cross_p2p_difference.o
 .comment       0x000000000000002b       0x2c build/SAMD21_IOT_WG_ICM42688/production/_ext/596309756/fg_sampling_downsample.o
 .comment       0x000000000000002b       0x2c build/SAMD21_IOT_WG_ICM42688/production/_ext/596309756/fg_stats_abs_mean.o
 .comment       0x000000000000002b       0x2c build/SAMD21_IOT_WG_ICM42688/production/_ext/596309756/fg_stats_minimum.o
 .comment       0x000000000000002b       0x2c build/SAMD21_IOT_WG_ICM42688/production/_ext/596309756/kb.o
 .comment       0x000000000000002b       0x2c build/SAMD21_IOT_WG_ICM42688/production/_ext/596309756/kb_output.o
 .comment       0x000000000000002b       0x2c build/SAMD21_IOT_WG_ICM42688/production/_ext/596309756/kb_pipeline.o
 .comment       0x000000000000002b       0x2c build/SAMD21_IOT_WG_ICM42688/production/_ext/596309756/ma_symmetric.o
 .comment       0x000000000000002b       0x2c build/SAMD21_IOT_WG_ICM42688/production/_ext/596309756/mean.o
 .comment       0x000000000000002b       0x2c build/SAMD21_IOT_WG_ICM42688/production/_ext/596309756/pme.o
 .comment       0x000000000000002b       0x2c build/SAMD21_IOT_WG_ICM42688/production/_ext/596309756/pme_trained_neurons.o
 .comment       0x000000000000002b       0x2c build/SAMD21_IOT_WG_ICM42688/production/_ext/596309756/rb.o
 .comment       0x000000000000002b       0x2c build/SAMD21_IOT_WG_ICM42688/production/_ext/596309756/save_sensor_data.o
 .comment       0x000000000000002b       0x2c build/SAMD21_IOT_WG_ICM42688/production/_ext/596309756/sf_downsample_by_averaging.o
 .comment       0x000000000000002b       0x2c build/SAMD21_IOT_WG_ICM42688/production/_ext/596309756/sg_windowing.o
 .comment       0x000000000000002b       0x2c build/SAMD21_IOT_WG_ICM42688/production/_ext/596309756/sortarray.o
 .comment       0x000000000000002b       0x2c build/SAMD21_IOT_WG_ICM42688/production/_ext/596309756/sorted_copy.o
 .comment       0x000000000000002b       0x2c build/SAMD21_IOT_WG_ICM42688/production/_ext/596309756/tr_min_max_scale.o
 .comment       0x000000000000002b       0x2c build/SAMD21_IOT_WG_ICM42688/production/_ext/596309756/utils_array_max_uint8.o
 .comment       0x000000000000002b       0x2c build/SAMD21_IOT_WG_ICM42688/production/_ext/596309756/utils_bitwise_abs_val.o
 .comment       0x000000000000002b       0x2c build/SAMD21_IOT_WG_ICM42688/production/_ext/596309756/utils_buffer_abssum.o
 .comment       0x000000000000002b       0x2c build/SAMD21_IOT_WG_ICM42688/production/_ext/596309756/utils_buffer_cumsum.o
 .comment       0x000000000000002b       0x2c build/SAMD21_IOT_WG_ICM42688/production/_ext/596309756/utils_buffer_min_max.o
 .comment       0x000000000000002b       0x2c build/SAMD21_IOT_WG_ICM42688/production/_ext/596309756/utils_model_cross_difference.o
 .comment       0x000000000000002b       0x2c build/SAMD21_IOT_WG_ICM42688/production/_ext/596309756/utils_model_stats_max_min.o
 .comment       0x000000000000002b       0x2c build/SAMD21_IOT_WG_ICM42688/production/_ext/596309756/utils_tr_sensor.o
 .comment       0x000000000000002b       0x2c build/SAMD21_IOT_WG_ICM42688/production/_ext/1360937237/main.o
 .comment       0x000000000000002b       0x2c build/SAMD21_IOT_WG_ICM42688/production/_ext/1360937237/ringbuffer.o
 .comment       0x000000000000002b       0x2c build/SAMD21_IOT_WG_ICM42688/production/_ext/1360937237/app.o
 .comment       0x000000000000002b       0x2c build/SAMD21_IOT_WG_ICM42688/production/_ext/1360937237/ws2812.o
 .comment       0x000000000000002b       0x2c build/SAMD21_IOT_WG_ICM42688/production/_ext/1360937237/winc1500_udp_client.o
 .comment       0x000000000000002b       0x2c c:/program files/microchip/xc32/v4.60/bin/bin/../../lib/gcc/pic32c/8.3.1/../../../../pic32c/lib/thumb/v6-m/nofp\libpic32c.a(data_init.o)
 .comment       0x000000000000002b       0x2c c:/program files/microchip/xc32/v4.60/bin/bin/../../lib/gcc/pic32c/8.3.1/../../../../pic32c/lib/thumb/v6-m/nofp\libc-size-musl.a(memcpy.o)
 .comment       0x000000000000002b       0x2c c:/program files/microchip/xc32/v4.60/bin/bin/../../lib/gcc/pic32c/8.3.1/../../../../pic32c/lib/thumb/v6-m/nofp\libc-size-musl.a(memset.o)
 .comment       0x000000000000002b       0x2c c:/program files/microchip/xc32/v4.60/bin/bin/../../lib/gcc/pic32c/8.3.1/../../../../pic32c/lib/thumb/v6-m/nofp\libc-size-musl.a(strlen.o)
 .comment       0x000000000000002b       0x2c c:/program files/microchip/xc32/v4.60/bin/bin/../../lib/gcc/pic32c/8.3.1/../../../../pic32c/lib/thumb/v6-m/nofp\libc-size-musl.a(strchr.o)
 .comment       0x000000000000002b       0x2c c:/program files/microchip/xc32/v4.60/bin/bin/../../lib/gcc/pic32c/8.3.1/../../../../pic32c/lib/thumb/v6-m/nofp\libc-size-musl.a(strchrnul.o)
 .comment       0x000000000000002b       0x2c c:/program files/microchip/xc32/v4.60/bin/bin/../../lib/gcc/pic32c/8.3.1/../../../../pic32c/lib/thumb/v6-m/nofp\libc-size-musl.a(strnlen.o)
 .comment       0x000000000000002b       0x2c c:/program files/microchip/xc32/v4.60/bin/bin/../../lib/gcc/pic32c/8.3.1/../../../../pic32c/lib/thumb/v6-m/nofp\libc-size-musl.a(memchr.o)
 .comment       0x000000000000002b       0x2c c:/program files/microchip/xc32/v4.60/bin/bin/../../lib/gcc/pic32c/8.3.1/../../../../pic32c/lib/thumb/v6-m/nofp\liblmalloc-musl.a(lite_calloc.o)
 .comment       0x000000000000002b       0x2c c:/program files/microchip/xc32/v4.60/bin/bin/../../lib/gcc/pic32c/8.3.1/../../../../pic32c/lib/thumb/v6-m/nofp\liblmalloc-musl.a(lite_free.o)
 .comment       0x000000000000002b       0x2c c:/program files/microchip/xc32/v4.60/bin/bin/../../lib/gcc/pic32c/8.3.1/../../../../pic32c/lib/thumb/v6-m/nofp\liblmalloc-musl.a(lite_malloc.o)
 .comment       0x000000000000002b       0x2c c:/program files/microchip/xc32/v4.60/bin/bin/../../lib/gcc/pic32c/8.3.1/../../../../pic32c/lib/thumb/v6-m/nofp\libc-musl.a(__libc_start_main.o)
 .comment       0x000000000000002b       0x2c c:/program files/microchip/xc32/v4.60/bin/bin/../../lib/gcc/pic32c/8.3.1/../../../../pic32c/lib/thumb/v6-m/nofp\libc-musl.a(__errno_location.o)
 .comment       0x000000000000002b       0x2c c:/program files/microchip/xc32/v4.60/bin/bin/../../lib/gcc/pic32c/8.3.1/../../../../pic32c/lib/thumb/v6-m/nofp\libc-musl.a(libc.o)
 .comment       0x000000000000002b       0x2c c:/program files/microchip/xc32/v4.60/bin/bin/../../lib/gcc/pic32c/8.3.1/../../../../pic32c/lib/thumb/v6-m/nofp\libc-musl.a(expand_heap.o)
 .comment       0x000000000000002b       0x2c c:/program files/microchip/xc32/v4.60/bin/bin/../../lib/gcc/pic32c/8.3.1/../../../../pic32c/lib/thumb/v6-m/nofp\libc-musl.a(__sio_printf_cdeEfFgGnpsuxX.o)
 .comment       0x000000000000002b       0x2c c:/program files/microchip/xc32/v4.60/bin/bin/../../lib/gcc/pic32c/8.3.1/../../../../pic32c/lib/thumb/v6-m/nofp\libc-musl.a(__sio_sprintf_cdeEfFgGnpsuxX.o)
 .comment       0x000000000000002b       0x2c c:/program files/microchip/xc32/v4.60/bin/bin/../../lib/gcc/pic32c/8.3.1/../../../../pic32c/lib/thumb/v6-m/nofp\libc-musl.a(__fmt_d.o)
 .comment       0x000000000000002b       0x2c c:/program files/microchip/xc32/v4.60/bin/bin/../../lib/gcc/pic32c/8.3.1/../../../../pic32c/lib/thumb/v6-m/nofp\libc-musl.a(__fmt_fp.o)
 .comment       0x000000000000002b       0x2c c:/program files/microchip/xc32/v4.60/bin/bin/../../lib/gcc/pic32c/8.3.1/../../../../pic32c/lib/thumb/v6-m/nofp\libc-musl.a(__fmt_s.o)
 .comment       0x000000000000002b       0x2c c:/program files/microchip/xc32/v4.60/bin/bin/../../lib/gcc/pic32c/8.3.1/../../../../pic32c/lib/thumb/v6-m/nofp\libc-musl.a(__fmt_u.o)
 .comment       0x000000000000002b       0x2c c:/program files/microchip/xc32/v4.60/bin/bin/../../lib/gcc/pic32c/8.3.1/../../../../pic32c/lib/thumb/v6-m/nofp\libc-musl.a(__fmt_x.o)
 .comment       0x000000000000002b       0x2c c:/program files/microchip/xc32/v4.60/bin/bin/../../lib/gcc/pic32c/8.3.1/../../../../pic32c/lib/thumb/v6-m/nofp\libc-musl.a(__pop_float.o)
 .comment       0x000000000000002b       0x2c c:/program files/microchip/xc32/v4.60/bin/bin/../../lib/gcc/pic32c/8.3.1/../../../../pic32c/lib/thumb/v6-m/nofp\libc-musl.a(__pop_int.o)
 .comment       0x000000000000002b       0x2c c:/program files/microchip/xc32/v4.60/bin/bin/../../lib/gcc/pic32c/8.3.1/../../../../pic32c/lib/thumb/v6-m/nofp\libc-musl.a(__pop_ptr.o)
 .comment       0x000000000000002b       0x2c c:/program files/microchip/xc32/v4.60/bin/bin/../../lib/gcc/pic32c/8.3.1/../../../../pic32c/lib/thumb/v6-m/nofp\libc-musl.a(__printf_core.o)
 .comment       0x000000000000002b       0x2c c:/program files/microchip/xc32/v4.60/bin/bin/../../lib/gcc/pic32c/8.3.1/../../../../pic32c/lib/thumb/v6-m/nofp\libc-musl.a(stdin.o)
 .comment       0x000000000000002b       0x2c c:/program files/microchip/xc32/v4.60/bin/bin/../../lib/gcc/pic32c/8.3.1/../../../../pic32c/lib/thumb/v6-m/nofp\libc-musl.a(stdout.o)
 .comment       0x000000000000002b       0x2c c:/program files/microchip/xc32/v4.60/bin/bin/../../lib/gcc/pic32c/8.3.1/../../../../pic32c/lib/thumb/v6-m/nofp\libc-musl.a(putchar.o)
 .comment       0x000000000000002b       0x2c c:/program files/microchip/xc32/v4.60/bin/bin/../../lib/gcc/pic32c/8.3.1/../../../../pic32c/lib/thumb/v6-m/nofp\libc-musl.a(puts.o)
 .comment       0x000000000000002b       0x2c c:/program files/microchip/xc32/v4.60/bin/bin/../../lib/gcc/pic32c/8.3.1/../../../../pic32c/lib/thumb/v6-m/nofp\libc-musl.a(setbuf.o)
 .comment       0x000000000000002b       0x2c c:/program files/microchip/xc32/v4.60/bin/bin/../../lib/gcc/pic32c/8.3.1/../../../../pic32c/lib/thumb/v6-m/nofp\libc-musl.a(atoi.o)
 .comment       0x000000000000002b       0x2c c:/program files/microchip/xc32/v4.60/bin/bin/../../lib/gcc/pic32c/8.3.1/../../../../pic32c/lib/thumb/v6-m/nofp\libc-musl.a(gmtime.o)
 .comment       0x000000000000002b       0x2c c:/program files/microchip/xc32/v4.60/bin/bin/../../lib/gcc/pic32c/8.3.1/../../../../pic32c/lib/thumb/v6-m/nofp\libc-musl.a(gmtime_r.o)
 .comment       0x000000000000002b       0x2c c:/program files/microchip/xc32/v4.60/bin/bin/../../lib/gcc/pic32c/8.3.1/../../../../pic32c/lib/thumb/v6-m/nofp\libc-musl.a(mktime.o)
 .comment       0x000000000000002b       0x2c c:/program files/microchip/xc32/v4.60/bin/bin/../../lib/gcc/pic32c/8.3.1/../../../../pic32c/lib/thumb/v6-m/nofp\libc-musl.a(tolower.o)
 .comment       0x000000000000002b       0x2c c:/program files/microchip/xc32/v4.60/bin/bin/../../lib/gcc/pic32c/8.3.1/../../../../pic32c/lib/thumb/v6-m/nofp\libc-musl.a(toupper.o)
 .comment       0x000000000000002b       0x2c c:/program files/microchip/xc32/v4.60/bin/bin/../../lib/gcc/pic32c/8.3.1/../../../../pic32c/lib/thumb/v6-m/nofp\libc-musl.a(__environ.o)
 .comment       0x000000000000002b       0x2c c:/program files/microchip/xc32/v4.60/bin/bin/../../lib/gcc/pic32c/8.3.1/../../../../pic32c/lib/thumb/v6-m/nofp\libc-musl.a(__int_vfprintf.o)
 .comment       0x000000000000002b       0x2c c:/program files/microchip/xc32/v4.60/bin/bin/../../lib/gcc/pic32c/8.3.1/../../../../pic32c/lib/thumb/v6-m/nofp\libc-musl.a(__int_vsprintf.o)
 .comment       0x000000000000002b       0x2c c:/program files/microchip/xc32/v4.60/bin/bin/../../lib/gcc/pic32c/8.3.1/../../../../pic32c/lib/thumb/v6-m/nofp\libc-musl.a(fputs.o)
 .comment       0x000000000000002b       0x2c c:/program files/microchip/xc32/v4.60/bin/bin/../../lib/gcc/pic32c/8.3.1/../../../../pic32c/lib/thumb/v6-m/nofp\libc-musl.a(__cvt_u.o)
 .comment       0x000000000000002b       0x2c c:/program files/microchip/xc32/v4.60/bin/bin/../../lib/gcc/pic32c/8.3.1/../../../../pic32c/lib/thumb/v6-m/nofp\libc-musl.a(__stdio_read.o)
 .comment       0x000000000000002b       0x2c c:/program files/microchip/xc32/v4.60/bin/bin/../../lib/gcc/pic32c/8.3.1/../../../../pic32c/lib/thumb/v6-m/nofp\libc-musl.a(__towrite_rw.o)
 .comment       0x000000000000002b       0x2c c:/program files/microchip/xc32/v4.60/bin/bin/../../lib/gcc/pic32c/8.3.1/../../../../pic32c/lib/thumb/v6-m/nofp\libc-musl.a(fwrite.o)
 .comment       0x000000000000002b       0x2c c:/program files/microchip/xc32/v4.60/bin/bin/../../lib/gcc/pic32c/8.3.1/../../../../pic32c/lib/thumb/v6-m/nofp\libc-musl.a(putc.o)
 .comment       0x000000000000002b       0x2c c:/program files/microchip/xc32/v4.60/bin/bin/../../lib/gcc/pic32c/8.3.1/../../../../pic32c/lib/thumb/v6-m/nofp\libc-musl.a(setvbuf.o)
 .comment       0x000000000000002b       0x2c c:/program files/microchip/xc32/v4.60/bin/bin/../../lib/gcc/pic32c/8.3.1/../../../../pic32c/lib/thumb/v6-m/nofp\libc-musl.a(__tm_to_secs.o)
 .comment       0x000000000000002b       0x2c c:/program files/microchip/xc32/v4.60/bin/bin/../../lib/gcc/pic32c/8.3.1/../../../../pic32c/lib/thumb/v6-m/nofp\libc-musl.a(__year_to_secs.o)
 .comment       0x000000000000002b       0x2c c:/program files/microchip/xc32/v4.60/bin/bin/../../lib/gcc/pic32c/8.3.1/../../../../pic32c/lib/thumb/v6-m/nofp\libc-musl.a(__secs_to_tm.o)
 .comment       0x000000000000002b       0x2c c:/program files/microchip/xc32/v4.60/bin/bin/../../lib/gcc/pic32c/8.3.1/../../../../pic32c/lib/thumb/v6-m/nofp\libc-musl.a(readv.o)
 .comment       0x000000000000002b       0x2c c:/program files/microchip/xc32/v4.60/bin/bin/../../lib/gcc/pic32c/8.3.1/../../../../pic32c/lib/thumb/v6-m/nofp\libc-musl.a(__int_vsnprintf.o)
 .comment       0x000000000000002b       0x2c c:/program files/microchip/xc32/v4.60/bin/bin/../../lib/gcc/pic32c/8.3.1/../../../../pic32c/lib/thumb/v6-m/nofp\libc-musl.a(__init_stdio.o)
 .comment       0x000000000000002b       0x2c c:/program files/microchip/xc32/v4.60/bin/bin/../../lib/gcc/pic32c/8.3.1/../../../../pic32c/lib/thumb/v6-m/nofp\libc-musl.a(__out.o)
 .comment       0x000000000000002b       0x2c c:/program files/microchip/xc32/v4.60/bin/bin/../../lib/gcc/pic32c/8.3.1/../../../../pic32c/lib/thumb/v6-m/nofp\libc-musl.a(__putc.o)
 .comment       0x000000000000002b       0x2c c:/program files/microchip/xc32/v4.60/bin/bin/../../lib/gcc/pic32c/8.3.1/../../../../pic32c/lib/thumb/v6-m/nofp\libc-musl.a(__stderr.o)
 .comment       0x000000000000002b       0x2c c:/program files/microchip/xc32/v4.60/bin/bin/../../lib/gcc/pic32c/8.3.1/../../../../pic32c/lib/thumb/v6-m/nofp\libc-musl.a(__stdio_close.o)
 .comment       0x000000000000002b       0x2c c:/program files/microchip/xc32/v4.60/bin/bin/../../lib/gcc/pic32c/8.3.1/../../../../pic32c/lib/thumb/v6-m/nofp\libc-musl.a(__stdio_write.o)
 .comment       0x000000000000002b       0x2c c:/program files/microchip/xc32/v4.60/bin/bin/../../lib/gcc/pic32c/8.3.1/../../../../pic32c/lib/thumb/v6-m/nofp\libc-musl.a(__stdout.o)
 .comment       0x000000000000002b       0x2c c:/program files/microchip/xc32/v4.60/bin/bin/../../lib/gcc/pic32c/8.3.1/../../../../pic32c/lib/thumb/v6-m/nofp\libc-musl.a(__towrite.o)
 .comment       0x000000000000002b       0x2c c:/program files/microchip/xc32/v4.60/bin/bin/../../lib/gcc/pic32c/8.3.1/../../../../pic32c/lib/thumb/v6-m/nofp\libc-musl.a(__month_to_secs.o)
 .comment       0x000000000000002b       0x2c c:/program files/microchip/xc32/v4.60/bin/bin/../../lib/gcc/pic32c/8.3.1/../../../../pic32c/lib/thumb/v6-m/nofp\libc-musl.a(writev.o)
 .comment       0x000000000000002b       0x2c c:/program files/microchip/xc32/v4.60/bin/bin/../../lib/gcc/pic32c/8.3.1/../../../../pic32c/lib/thumb/v6-m/nofp\libc-musl.a(__overflow.o)
 .comment       0x000000000000002b       0x2c c:/program files/microchip/xc32/v4.60/bin/bin/../../lib/gcc/pic32c/8.3.1/../../../../pic32c/lib/thumb/v6-m/nofp\libc-musl.a(__fwrite.o)
 .comment       0x000000000000002b       0x2c c:/program files/microchip/xc32/v4.60/bin/bin/../../lib/gcc/pic32c/8.3.1/../../../../pic32c/lib/thumb/v6-m/nofp\libm-fast-emfloat.a(fma.o)
 .comment       0x000000000000002b       0x2c c:/program files/microchip/xc32/v4.60/bin/bin/../../lib/gcc/pic32c/8.3.1/../../../../pic32c/lib/thumb/v6-m/nofp\libm-fast-emfloat.a(floor.o)
 .comment       0x000000000000002b       0x2c c:/program files/microchip/xc32/v4.60/bin/bin/../../lib/gcc/pic32c/8.3.1/thumb/v6-m/nofp\libgcc.a(_muldi3.o)
 .comment       0x000000000000002b       0x2c c:/program files/microchip/xc32/v4.60/bin/bin/../../lib/gcc/pic32c/8.3.1/thumb/v6-m/nofp\libgcc.a(_udivmoddi4.o)
 .comment       0x000000000000002b       0x2c c:/program files/microchip/xc32/v4.60/bin/bin/../../lib/gcc/pic32c/8.3.1/thumb/v6-m/nofp\libgcc.a(bpabi.o)
 .comment       0x000000000000002b       0x2c c:/program files/microchip/xc32/v4.60/bin/bin/../../lib/gcc/pic32c/8.3.1/thumb/v6-m/nofp\libgcc.a(_divdi3.o)
 .comment       0x000000000000002b       0x2c c:/program files/microchip/xc32/v4.60/bin/bin/../../lib/gcc/pic32c/8.3.1/../../../../pic32c/lib/thumb/v6-m/nofp\libpic32c.a(close.o)
 .comment       0x000000000000002b       0x2c c:/program files/microchip/xc32/v4.60/bin/bin/../../lib/gcc/pic32c/8.3.1/../../../../pic32c/lib/thumb/v6-m/nofp\libpic32c.a(lseek.o)
 .comment       0x000000000000002b       0x2c c:/program files/microchip/xc32/v4.60/bin/bin/../../lib/gcc/pic32c/8.3.1/../../../../pic32c/lib/thumb/v6-m/nofp\libpic32c.a(sbrk.o)
 .comment       0x000000000000002b       0x2c c:/program files/microchip/xc32/v4.60/bin/bin/../../lib/gcc/pic32c/8.3.1/../../../../pic32c/lib/thumb/v6-m/nofp\libc-size-musl.a(strcpy.o)
 .comment       0x000000000000002b       0x2c c:/program files/microchip/xc32/v4.60/bin/bin/../../lib/gcc/pic32c/8.3.1/../../../../pic32c/lib/thumb/v6-m/nofp\libc-size-musl.a(stpcpy.o)
 .comment       0x000000000000002b       0x2c c:/program files/microchip/xc32/v4.60/bin/bin/../../lib/gcc/pic32c/8.3.1/../../../../pic32c/lib/thumb/v6-m/nofp\libpic32c.a(pic32_data_init_clear.o)
 .comment       0x000000000000002b       0x2c c:/program files/microchip/xc32/v4.60/bin/bin/../../lib/gcc/pic32c/8.3.1/../../../../pic32c/lib/thumb/v6-m/nofp\libpic32c.a(pic32_data_init_copy.o)

.debug_info     0x0000000000000000    0x4eb95
 .debug_info    0x0000000000000000      0xe30 build/SAMD21_IOT_WG_ICM42688/production/_ext/2048461350/icm42688_sensor.o
 .debug_info    0x0000000000000e30      0x250 build/SAMD21_IOT_WG_ICM42688/production/_ext/171618134/sml_recognition_run.o
 .debug_info    0x0000000000001080     0x2c78 build/SAMD21_IOT_WG_ICM42688/production/_ext/1660664302/drv_spi.o
 .debug_info    0x0000000000003cf8      0x2ac build/SAMD21_IOT_WG_ICM42688/production/_ext/1164161090/wdrv_winc_gpio.o
 .debug_info    0x0000000000003fa4      0x17a build/SAMD21_IOT_WG_ICM42688/production/_ext/1164161090/wdrv_winc_eint.o
 .debug_info    0x000000000000411e      0xf98 build/SAMD21_IOT_WG_ICM42688/production/_ext/101005277/wdrv_winc_spi.o
 .debug_info    0x00000000000050b6      0x210 build/SAMD21_IOT_WG_ICM42688/production/_ext/90265895/nm_common.o
 .debug_info    0x00000000000052c6      0xdfd build/SAMD21_IOT_WG_ICM42688/production/_ext/121554788/m2m_ssl.o
 .debug_info    0x00000000000060c3     0x1333 build/SAMD21_IOT_WG_ICM42688/production/_ext/121554788/m2m_hif.o
 .debug_info    0x00000000000073f6     0x55b0 build/SAMD21_IOT_WG_ICM42688/production/_ext/121554788/m2m_wifi.o
 .debug_info    0x000000000000c9a6     0x18ce build/SAMD21_IOT_WG_ICM42688/production/_ext/121554788/nmspi.o
 .debug_info    0x000000000000e274      0x904 build/SAMD21_IOT_WG_ICM42688/production/_ext/121554788/nmdrv.o
 .debug_info    0x000000000000eb78     0x144b build/SAMD21_IOT_WG_ICM42688/production/_ext/121554788/m2m_ota.o
 .debug_info    0x000000000000ffc3     0x1121 build/SAMD21_IOT_WG_ICM42688/production/_ext/121554788/nmasic.o
 .debug_info    0x00000000000110e4      0x6d7 build/SAMD21_IOT_WG_ICM42688/production/_ext/121554788/nmbus.o
 .debug_info    0x00000000000117bb     0x2662 build/SAMD21_IOT_WG_ICM42688/production/_ext/548032175/socket.o
 .debug_info    0x0000000000013e1d      0x14f build/SAMD21_IOT_WG_ICM42688/production/_ext/548032175/inet_addr.o
 .debug_info    0x0000000000013f6c      0x1dd build/SAMD21_IOT_WG_ICM42688/production/_ext/548032175/inet_ntop.o
 .debug_info    0x0000000000014149      0x1e6 build/SAMD21_IOT_WG_ICM42688/production/_ext/609036575/flexible_flash.o
 .debug_info    0x000000000001432f     0x12b9 build/SAMD21_IOT_WG_ICM42688/production/_ext/609036575/spi_flash.o
 .debug_info    0x00000000000155e8      0x148 build/SAMD21_IOT_WG_ICM42688/production/_ext/1784303044/wdrv_winc_osal.o
 .debug_info    0x0000000000015730     0x1916 build/SAMD21_IOT_WG_ICM42688/production/_ext/907429946/wdrv_winc_sta.o
 .debug_info    0x0000000000017046     0x1c03 build/SAMD21_IOT_WG_ICM42688/production/_ext/907429946/wdrv_winc_socket.o
 .debug_info    0x0000000000018c49     0x154a build/SAMD21_IOT_WG_ICM42688/production/_ext/907429946/wdrv_winc_systime.o
 .debug_info    0x000000000001a193      0xc2e build/SAMD21_IOT_WG_ICM42688/production/_ext/907429946/wdrv_winc_authctx.o
 .debug_info    0x000000000001adc1     0x2649 build/SAMD21_IOT_WG_ICM42688/production/_ext/907429946/wdrv_winc_host_file.o
 .debug_info    0x000000000001d40a     0x49d4 build/SAMD21_IOT_WG_ICM42688/production/_ext/907429946/wdrv_winc.o
 .debug_info    0x0000000000021dde      0x677 build/SAMD21_IOT_WG_ICM42688/production/_ext/907429946/wdrv_winc_bssctx.o
 .debug_info    0x0000000000022455      0x5b8 build/SAMD21_IOT_WG_ICM42688/production/_ext/1750425231/plib_clock.o
 .debug_info    0x0000000000022a0d      0xc0f build/SAMD21_IOT_WG_ICM42688/production/_ext/1580516298/plib_dmac.o
 .debug_info    0x000000000002361c      0x34d build/SAMD21_IOT_WG_ICM42688/production/_ext/503204096/plib_eic.o
 .debug_info    0x0000000000023969      0xa46 build/SAMD21_IOT_WG_ICM42688/production/_ext/1580823105/plib_nvic.o
 .debug_info    0x00000000000243af      0x59c build/SAMD21_IOT_WG_ICM42688/production/_ext/11470383/plib_nvmctrl.o
 .debug_info    0x000000000002494b      0x6a3 build/SAMD21_IOT_WG_ICM42688/production/_ext/1580876256/plib_port.o
 .debug_info    0x0000000000024fee      0xe88 build/SAMD21_IOT_WG_ICM42688/production/_ext/1014017276/plib_sercom0_spi_master.o
 .debug_info    0x0000000000025e76      0xf98 build/SAMD21_IOT_WG_ICM42688/production/_ext/1014017276/plib_sercom2_spi_master.o
 .debug_info    0x0000000000026e0e      0xf59 build/SAMD21_IOT_WG_ICM42688/production/_ext/177673482/plib_sercom5_usart.o
 .debug_info    0x0000000000027d67      0x336 build/SAMD21_IOT_WG_ICM42688/production/_ext/223004715/plib_systick.o
 .debug_info    0x000000000002809d      0x770 build/SAMD21_IOT_WG_ICM42688/production/_ext/399410062/plib_tc3.o
 .debug_info    0x000000000002880d      0x799 build/SAMD21_IOT_WG_ICM42688/production/_ext/399410062/plib_tc4.o
 .debug_info    0x0000000000028fa6      0x1e4 build/SAMD21_IOT_WG_ICM42688/production/_ext/1357625803/xc32_monitor.o
 .debug_info    0x000000000002918a      0x2e6 build/SAMD21_IOT_WG_ICM42688/production/_ext/1584719636/sys_dma.o
 .debug_info    0x0000000000029470      0x556 build/SAMD21_IOT_WG_ICM42688/production/_ext/1318297016/sys_int.o
 .debug_info    0x00000000000299c6     0x2299 build/SAMD21_IOT_WG_ICM42688/production/_ext/386530258/sys_time.o
 .debug_info    0x000000000002bc5f     0x1a6a build/SAMD21_IOT_WG_ICM42688/production/_ext/1832905403/initialization.o
 .debug_info    0x000000000002d6c9      0x3e1 build/SAMD21_IOT_WG_ICM42688/production/_ext/1832905403/interrupts.o
 .debug_info    0x000000000002daaa       0xb6 build/SAMD21_IOT_WG_ICM42688/production/_ext/1832905403/exceptions.o
 .debug_info    0x000000000002db60      0x205 build/SAMD21_IOT_WG_ICM42688/production/_ext/1832905403/startup_xc32.o
 .debug_info    0x000000000002dd65       0xc7 build/SAMD21_IOT_WG_ICM42688/production/_ext/1832905403/tasks.o
 .debug_info    0x000000000002de2c     0x529a build/SAMD21_IOT_WG_ICM42688/production/_ext/1341251756/Icm426xxDriver_HL.o
 .debug_info    0x00000000000330c6      0x6c6 build/SAMD21_IOT_WG_ICM42688/production/_ext/1341251756/Icm426xxTransport.o
 .debug_info    0x000000000003378c      0x1ab build/SAMD21_IOT_WG_ICM42688/production/_ext/596309756/dsp_dtw_distance.o
 .debug_info    0x0000000000033937      0x160 build/SAMD21_IOT_WG_ICM42688/production/_ext/596309756/dsp_l1_distance.o
 .debug_info    0x0000000000033a97      0x184 build/SAMD21_IOT_WG_ICM42688/production/_ext/596309756/dsp_lsup_distance.o
 .debug_info    0x0000000000033c1b      0x6f7 build/SAMD21_IOT_WG_ICM42688/production/_ext/596309756/fg_amplitude_global_p2p_low_frequency.o
 .debug_info    0x0000000000034312      0x6a7 build/SAMD21_IOT_WG_ICM42688/production/_ext/596309756/fg_amplitude_peak_to_peak.o
 .debug_info    0x00000000000349b9      0x713 build/SAMD21_IOT_WG_ICM42688/production/_ext/596309756/fg_area_absolute_area_low_frequency.o
 .debug_info    0x00000000000350cc      0x685 build/SAMD21_IOT_WG_ICM42688/production/_ext/596309756/fg_cross_p2p_difference.o
 .debug_info    0x0000000000035751      0x6fd build/SAMD21_IOT_WG_ICM42688/production/_ext/596309756/fg_sampling_downsample.o
 .debug_info    0x0000000000035e4e      0x6a0 build/SAMD21_IOT_WG_ICM42688/production/_ext/596309756/fg_stats_abs_mean.o
 .debug_info    0x00000000000364ee      0x685 build/SAMD21_IOT_WG_ICM42688/production/_ext/596309756/fg_stats_minimum.o
 .debug_info    0x0000000000036b73     0x31b1 build/SAMD21_IOT_WG_ICM42688/production/_ext/596309756/kb.o
 .debug_info    0x0000000000039d24      0xcdf build/SAMD21_IOT_WG_ICM42688/production/_ext/596309756/kb_output.o
 .debug_info    0x000000000003aa03      0xb6b build/SAMD21_IOT_WG_ICM42688/production/_ext/596309756/kb_pipeline.o
 .debug_info    0x000000000003b56e      0x8b6 build/SAMD21_IOT_WG_ICM42688/production/_ext/596309756/ma_symmetric.o
 .debug_info    0x000000000003be24      0x2c8 build/SAMD21_IOT_WG_ICM42688/production/_ext/596309756/mean.o
 .debug_info    0x000000000003c0ec     0x1aa4 build/SAMD21_IOT_WG_ICM42688/production/_ext/596309756/pme.o
 .debug_info    0x000000000003db90      0x2fe build/SAMD21_IOT_WG_ICM42688/production/_ext/596309756/pme_trained_neurons.o
 .debug_info    0x000000000003de8e      0x92a build/SAMD21_IOT_WG_ICM42688/production/_ext/596309756/rb.o
 .debug_info    0x000000000003e7b8      0x25a build/SAMD21_IOT_WG_ICM42688/production/_ext/596309756/save_sensor_data.o
 .debug_info    0x000000000003ea12      0x2c3 build/SAMD21_IOT_WG_ICM42688/production/_ext/596309756/sf_downsample_by_averaging.o
 .debug_info    0x000000000003ecd5      0x660 build/SAMD21_IOT_WG_ICM42688/production/_ext/596309756/sg_windowing.o
 .debug_info    0x000000000003f335      0x137 build/SAMD21_IOT_WG_ICM42688/production/_ext/596309756/sortarray.o
 .debug_info    0x000000000003f46c      0x21d build/SAMD21_IOT_WG_ICM42688/production/_ext/596309756/sorted_copy.o
 .debug_info    0x000000000003f689      0x264 build/SAMD21_IOT_WG_ICM42688/production/_ext/596309756/tr_min_max_scale.o
 .debug_info    0x000000000003f8ed      0x166 build/SAMD21_IOT_WG_ICM42688/production/_ext/596309756/utils_array_max_uint8.o
 .debug_info    0x000000000003fa53       0xe7 build/SAMD21_IOT_WG_ICM42688/production/_ext/596309756/utils_bitwise_abs_val.o
 .debug_info    0x000000000003fb3a      0x1f3 build/SAMD21_IOT_WG_ICM42688/production/_ext/596309756/utils_buffer_abssum.o
 .debug_info    0x000000000003fd2d      0x320 build/SAMD21_IOT_WG_ICM42688/production/_ext/596309756/utils_buffer_cumsum.o
 .debug_info    0x000000000004004d      0x232 build/SAMD21_IOT_WG_ICM42688/production/_ext/596309756/utils_buffer_min_max.o
 .debug_info    0x000000000004027f      0x735 build/SAMD21_IOT_WG_ICM42688/production/_ext/596309756/utils_model_cross_difference.o
 .debug_info    0x00000000000409b4      0x6fc build/SAMD21_IOT_WG_ICM42688/production/_ext/596309756/utils_model_stats_max_min.o
 .debug_info    0x00000000000410b0      0x151 build/SAMD21_IOT_WG_ICM42688/production/_ext/596309756/utils_tr_sensor.o
 .debug_info    0x0000000000041201     0x1df0 build/SAMD21_IOT_WG_ICM42688/production/_ext/1360937237/main.o
 .debug_info    0x0000000000042ff1      0x878 build/SAMD21_IOT_WG_ICM42688/production/_ext/1360937237/ringbuffer.o
 .debug_info    0x0000000000043869      0x59f build/SAMD21_IOT_WG_ICM42688/production/_ext/1360937237/app.o
 .debug_info    0x0000000000043e08      0x73d build/SAMD21_IOT_WG_ICM42688/production/_ext/1360937237/ws2812.o
 .debug_info    0x0000000000044545      0xd19 build/SAMD21_IOT_WG_ICM42688/production/_ext/1360937237/winc1500_udp_client.o
 .debug_info    0x000000000004525e       0x68 c:/program files/microchip/xc32/v4.60/bin/bin/../../lib/gcc/pic32c/8.3.1/../../../../pic32c/lib/thumb/v6-m/nofp\libpic32c.a(data_init.o)
 .debug_info    0x00000000000452c6       0xed c:/program files/microchip/xc32/v4.60/bin/bin/../../lib/gcc/pic32c/8.3.1/../../../../pic32c/lib/thumb/v6-m/nofp\libc-size-musl.a(memcpy.o)
 .debug_info    0x00000000000453b3       0xbb c:/program files/microchip/xc32/v4.60/bin/bin/../../lib/gcc/pic32c/8.3.1/../../../../pic32c/lib/thumb/v6-m/nofp\libc-size-musl.a(memset.o)
 .debug_info    0x000000000004546e       0xa4 c:/program files/microchip/xc32/v4.60/bin/bin/../../lib/gcc/pic32c/8.3.1/../../../../pic32c/lib/thumb/v6-m/nofp\libc-size-musl.a(strlen.o)
 .debug_info    0x0000000000045512       0xd2 c:/program files/microchip/xc32/v4.60/bin/bin/../../lib/gcc/pic32c/8.3.1/../../../../pic32c/lib/thumb/v6-m/nofp\libc-size-musl.a(strchr.o)
 .debug_info    0x00000000000455e4      0x133 c:/program files/microchip/xc32/v4.60/bin/bin/../../lib/gcc/pic32c/8.3.1/../../../../pic32c/lib/thumb/v6-m/nofp\libc-size-musl.a(strchrnul.o)
 .debug_info    0x0000000000045717       0xd5 c:/program files/microchip/xc32/v4.60/bin/bin/../../lib/gcc/pic32c/8.3.1/../../../../pic32c/lib/thumb/v6-m/nofp\libc-size-musl.a(strnlen.o)
 .debug_info    0x00000000000457ec       0xe5 c:/program files/microchip/xc32/v4.60/bin/bin/../../lib/gcc/pic32c/8.3.1/../../../../pic32c/lib/thumb/v6-m/nofp\libc-size-musl.a(memchr.o)
 .debug_info    0x00000000000458d1      0x133 c:/program files/microchip/xc32/v4.60/bin/bin/../../lib/gcc/pic32c/8.3.1/../../../../pic32c/lib/thumb/v6-m/nofp\liblmalloc-musl.a(lite_calloc.o)
 .debug_info    0x0000000000045a04      0x272 c:/program files/microchip/xc32/v4.60/bin/bin/../../lib/gcc/pic32c/8.3.1/../../../../pic32c/lib/thumb/v6-m/nofp\liblmalloc-musl.a(lite_free.o)
 .debug_info    0x0000000000045c76      0x1bd c:/program files/microchip/xc32/v4.60/bin/bin/../../lib/gcc/pic32c/8.3.1/../../../../pic32c/lib/thumb/v6-m/nofp\liblmalloc-musl.a(lite_malloc.o)
 .debug_info    0x0000000000045e33      0x2fb c:/program files/microchip/xc32/v4.60/bin/bin/../../lib/gcc/pic32c/8.3.1/../../../../pic32c/lib/thumb/v6-m/nofp\libc-musl.a(__libc_start_main.o)
 .debug_info    0x000000000004612e       0x5b c:/program files/microchip/xc32/v4.60/bin/bin/../../lib/gcc/pic32c/8.3.1/../../../../pic32c/lib/thumb/v6-m/nofp\libc-musl.a(__errno_location.o)
 .debug_info    0x0000000000046189      0x276 c:/program files/microchip/xc32/v4.60/bin/bin/../../lib/gcc/pic32c/8.3.1/../../../../pic32c/lib/thumb/v6-m/nofp\libc-musl.a(libc.o)
 .debug_info    0x00000000000463ff      0x10e c:/program files/microchip/xc32/v4.60/bin/bin/../../lib/gcc/pic32c/8.3.1/../../../../pic32c/lib/thumb/v6-m/nofp\libc-musl.a(expand_heap.o)
 .debug_info    0x000000000004650d      0x22d c:/program files/microchip/xc32/v4.60/bin/bin/../../lib/gcc/pic32c/8.3.1/../../../../pic32c/lib/thumb/v6-m/nofp\libc-musl.a(__sio_printf_cdeEfFgGnpsuxX.o)
 .debug_info    0x000000000004673a      0x21a c:/program files/microchip/xc32/v4.60/bin/bin/../../lib/gcc/pic32c/8.3.1/../../../../pic32c/lib/thumb/v6-m/nofp\libc-musl.a(__sio_sprintf_cdeEfFgGnpsuxX.o)
 .debug_info    0x0000000000046954      0x330 c:/program files/microchip/xc32/v4.60/bin/bin/../../lib/gcc/pic32c/8.3.1/../../../../pic32c/lib/thumb/v6-m/nofp\libc-musl.a(__fmt_d.o)
 .debug_info    0x0000000000046c84      0x676 c:/program files/microchip/xc32/v4.60/bin/bin/../../lib/gcc/pic32c/8.3.1/../../../../pic32c/lib/thumb/v6-m/nofp\libc-musl.a(__fmt_fp.o)
 .debug_info    0x00000000000472fa      0x2e9 c:/program files/microchip/xc32/v4.60/bin/bin/../../lib/gcc/pic32c/8.3.1/../../../../pic32c/lib/thumb/v6-m/nofp\libc-musl.a(__fmt_s.o)
 .debug_info    0x00000000000475e3      0x301 c:/program files/microchip/xc32/v4.60/bin/bin/../../lib/gcc/pic32c/8.3.1/../../../../pic32c/lib/thumb/v6-m/nofp\libc-musl.a(__fmt_u.o)
 .debug_info    0x00000000000478e4      0x335 c:/program files/microchip/xc32/v4.60/bin/bin/../../lib/gcc/pic32c/8.3.1/../../../../pic32c/lib/thumb/v6-m/nofp\libc-musl.a(__fmt_x.o)
 .debug_info    0x0000000000047c19      0x162 c:/program files/microchip/xc32/v4.60/bin/bin/../../lib/gcc/pic32c/8.3.1/../../../../pic32c/lib/thumb/v6-m/nofp\libc-musl.a(__pop_float.o)
 .debug_info    0x0000000000047d7b      0x183 c:/program files/microchip/xc32/v4.60/bin/bin/../../lib/gcc/pic32c/8.3.1/../../../../pic32c/lib/thumb/v6-m/nofp\libc-musl.a(__pop_int.o)
 .debug_info    0x0000000000047efe      0x18d c:/program files/microchip/xc32/v4.60/bin/bin/../../lib/gcc/pic32c/8.3.1/../../../../pic32c/lib/thumb/v6-m/nofp\libc-musl.a(__pop_ptr.o)
 .debug_info    0x000000000004808b      0xa6f c:/program files/microchip/xc32/v4.60/bin/bin/../../lib/gcc/pic32c/8.3.1/../../../../pic32c/lib/thumb/v6-m/nofp\libc-musl.a(__printf_core.o)
 .debug_info    0x0000000000048afa      0x404 c:/program files/microchip/xc32/v4.60/bin/bin/../../lib/gcc/pic32c/8.3.1/../../../../pic32c/lib/thumb/v6-m/nofp\libc-musl.a(stdin.o)
 .debug_info    0x0000000000048efe      0x1e9 c:/program files/microchip/xc32/v4.60/bin/bin/../../lib/gcc/pic32c/8.3.1/../../../../pic32c/lib/thumb/v6-m/nofp\libc-musl.a(stdout.o)
 .debug_info    0x00000000000490e7       0xd0 c:/program files/microchip/xc32/v4.60/bin/bin/../../lib/gcc/pic32c/8.3.1/../../../../pic32c/lib/thumb/v6-m/nofp\libc-musl.a(putchar.o)
 .debug_info    0x00000000000491b7      0x3ac c:/program files/microchip/xc32/v4.60/bin/bin/../../lib/gcc/pic32c/8.3.1/../../../../pic32c/lib/thumb/v6-m/nofp\libc-musl.a(puts.o)
 .debug_info    0x0000000000049563       0xe6 c:/program files/microchip/xc32/v4.60/bin/bin/../../lib/gcc/pic32c/8.3.1/../../../../pic32c/lib/thumb/v6-m/nofp\libc-musl.a(setbuf.o)
 .debug_info    0x0000000000049649       0xf4 c:/program files/microchip/xc32/v4.60/bin/bin/../../lib/gcc/pic32c/8.3.1/../../../../pic32c/lib/thumb/v6-m/nofp\libc-musl.a(atoi.o)
 .debug_info    0x000000000004973d      0x199 c:/program files/microchip/xc32/v4.60/bin/bin/../../lib/gcc/pic32c/8.3.1/../../../../pic32c/lib/thumb/v6-m/nofp\libc-musl.a(gmtime.o)