Archive member included to satisfy reference by file (symbol)

c:/program files/microchip/xc32/v4.60/bin/bin/../../lib/gcc/pic32c/8.3.1/../../../../pic32c/lib/thumb/v6-m/nofp\libpic32c.a(data_init.o)
                              build/SAMD21_IOT_WG_BMI160/debug/_ext/1503348509/startup_xc32.o (__pic32c_data_initialization)
c:/program files/microchip/xc32/v4.60/bin/bin/../../lib/gcc/pic32c/8.3.1/../../../../pic32c/lib/thumb/v6-m/nofp\libc-size-musl.a(memcpy.o)
                              build/SAMD21_IOT_WG_BMI160/debug/_ext/21102530/bmi160_sensor.o (memcpy)
c:/program files/microchip/xc32/v4.60/bin/bin/../../lib/gcc/pic32c/8.3.1/../../../../pic32c/lib/thumb/v6-m/nofp\libc-size-musl.a(memset.o)
                              build/SAMD21_IOT_WG_BMI160/debug/_ext/1360937237/ringbuffer.o (memset)
c:/program files/microchip/xc32/v4.60/bin/bin/../../lib/gcc/pic32c/8.3.1/../../../../pic32c/lib/thumb/v6-m/nofp\libc-size-musl.a(strcmp.o)
                              build/SAMD21_IOT_WG_BMI160/debug/_ext/299863938/ssi_comms.o (strcmp)
c:/program files/microchip/xc32/v4.60/bin/bin/../../lib/gcc/pic32c/8.3.1/../../../../pic32c/lib/thumb/v6-m/nofp\libm-fast-emfloat.a(__aeabi_fadd.o)
                              build/SAMD21_IOT_WG_BMI160/debug/_ext/2001189678/plib_sercom1_i2c_master.o (__aeabi_fadd)
c:/program files/microchip/xc32/v4.60/bin/bin/../../lib/gcc/pic32c/8.3.1/../../../../pic32c/lib/thumb/v6-m/nofp\libm-fast-emfloat.a(__aeabi_fsub.o)
                              build/SAMD21_IOT_WG_BMI160/debug/_ext/2001189678/plib_sercom1_i2c_master.o (__aeabi_fsub)
c:/program files/microchip/xc32/v4.60/bin/bin/../../lib/gcc/pic32c/8.3.1/../../../../pic32c/lib/thumb/v6-m/nofp\libm-fast-emfloat.a(__aeabi_fmul.o)
                              build/SAMD21_IOT_WG_BMI160/debug/_ext/2001189678/plib_sercom1_i2c_master.o (__aeabi_fmul)
c:/program files/microchip/xc32/v4.60/bin/bin/../../lib/gcc/pic32c/8.3.1/../../../../pic32c/lib/thumb/v6-m/nofp\libm-fast-emfloat.a(__aeabi_fdiv.o)
                              build/SAMD21_IOT_WG_BMI160/debug/_ext/2001189678/plib_sercom1_i2c_master.o (__aeabi_fdiv)
c:/program files/microchip/xc32/v4.60/bin/bin/../../lib/gcc/pic32c/8.3.1/../../../../pic32c/lib/thumb/v6-m/nofp\libm-fast-emfloat.a(__aeabi_f2uiz.o)
                              build/SAMD21_IOT_WG_BMI160/debug/_ext/2001189678/plib_sercom1_i2c_master.o (__aeabi_f2uiz)
c:/program files/microchip/xc32/v4.60/bin/bin/../../lib/gcc/pic32c/8.3.1/../../../../pic32c/lib/thumb/v6-m/nofp\libm-fast-emfloat.a(__aeabi_ui2f.o)
                              build/SAMD21_IOT_WG_BMI160/debug/_ext/2001189678/plib_sercom1_i2c_master.o (__aeabi_ui2f)
c:/program files/microchip/xc32/v4.60/bin/bin/../../lib/gcc/pic32c/8.3.1/../../../../pic32c/lib/thumb/v6-m/nofp\libg-musl.a(__libc_start_main.o)
                              build/SAMD21_IOT_WG_BMI160/debug/_ext/1503348509/startup_xc32.o (__libc_init_array)
c:/program files/microchip/xc32/v4.60/bin/bin/../../lib/gcc/pic32c/8.3.1/../../../../pic32c/lib/thumb/v6-m/nofp\libg-musl.a(libc.o)
                              c:/program files/microchip/xc32/v4.60/bin/bin/../../lib/gcc/pic32c/8.3.1/../../../../pic32c/lib/thumb/v6-m/nofp\libg-musl.a(__libc_start_main.o) (__progname_full)
c:/program files/microchip/xc32/v4.60/bin/bin/../../lib/gcc/pic32c/8.3.1/../../../../pic32c/lib/thumb/v6-m/nofp\libg-musl.a(__sio_printf_cdns.o)
                              (_printf_cdns)
c:/program files/microchip/xc32/v4.60/bin/bin/../../lib/gcc/pic32c/8.3.1/../../../../pic32c/lib/thumb/v6-m/nofp\libg-musl.a(__fmt_d.o)
                              c:/program files/microchip/xc32/v4.60/bin/bin/../../lib/gcc/pic32c/8.3.1/../../../../pic32c/lib/thumb/v6-m/nofp\libg-musl.a(__sio_printf_cdns.o) (__fmt_d_needed)
c:/program files/microchip/xc32/v4.60/bin/bin/../../lib/gcc/pic32c/8.3.1/../../../../pic32c/lib/thumb/v6-m/nofp\libg-musl.a(__fmt_s.o)
                              c:/program files/microchip/xc32/v4.60/bin/bin/../../lib/gcc/pic32c/8.3.1/../../../../pic32c/lib/thumb/v6-m/nofp\libg-musl.a(__sio_printf_cdns.o) (__fmt_s_needed)
c:/program files/microchip/xc32/v4.60/bin/bin/../../lib/gcc/pic32c/8.3.1/../../../../pic32c/lib/thumb/v6-m/nofp\libg-musl.a(__pop_int.o)
                              c:/program files/microchip/xc32/v4.60/bin/bin/../../lib/gcc/pic32c/8.3.1/../../../../pic32c/lib/thumb/v6-m/nofp\libg-musl.a(__sio_printf_cdns.o) (__pop_int_needed)
c:/program files/microchip/xc32/v4.60/bin/bin/../../lib/gcc/pic32c/8.3.1/../../../../pic32c/lib/thumb/v6-m/nofp\libg-musl.a(__pop_ptr.o)
                              c:/program files/microchip/xc32/v4.60/bin/bin/../../lib/gcc/pic32c/8.3.1/../../../../pic32c/lib/thumb/v6-m/nofp\libg-musl.a(__sio_printf_cdns.o) (__pop_ptr_needed)
c:/program files/microchip/xc32/v4.60/bin/bin/../../lib/gcc/pic32c/8.3.1/../../../../pic32c/lib/thumb/v6-m/nofp\libg-musl.a(__printf_core.o)
[...]
Memory Configuration

Name             Origin             Length             Attributes
rom              0x0000000000000000 0x0000000000040000 xrl
ram              0x0000000020000000 0x0000000000008000 xw !r
config_00804000  0x0000000000804000 0x0000000000000004
config_00804004  0x0000000000804004 0x0000000000000004
*default*        0x0000000000000000 0xffffffffffffffff

Linker script and memory map

LOAD c:/program files/microchip/xc32/v4.60/bin/bin/../../lib/gcc/pic32c/8.3.1/thumb/v6-m/nofp/crti.o
LOAD c:/program files/microchip/xc32/v4.60/bin/bin/../../lib/gcc/pic32c/8.3.1/thumb/v6-m/nofp/crtbegin.o
LOAD build/SAMD21_IOT_WG_BMI160/debug/_ext/21102530/bmi160_sensor.o
LOAD build/SAMD21_IOT_WG_BMI160/debug/_ext/1301132388/bmi160.o
LOAD build/SAMD21_IOT_WG_BMI160/debug/_ext/913417575/plib_clock.o
LOAD build/SAMD21_IOT_WG_BMI160/debug/_ext/1538380760/plib_eic.o
LOAD build/SAMD21_IOT_WG_BMI160/debug/_ext/915567061/plib_evsys.o
LOAD build/SAMD21_IOT_WG_BMI160/debug/_ext/445444201/plib_nvic.o
LOAD build/SAMD21_IOT_WG_BMI160/debug/_ext/1216943447/plib_nvmctrl.o
LOAD build/SAMD21_IOT_WG_BMI160/debug/_ext/445497352/plib_port.o
LOAD build/SAMD21_IOT_WG_BMI160/debug/_ext/2001189678/plib_sercom1_i2c_master.o
LOAD build/SAMD21_IOT_WG_BMI160/debug/_ext/2012233442/plib_sercom5_usart.o
LOAD build/SAMD21_IOT_WG_BMI160/debug/_ext/982468349/plib_systick.o
LOAD build/SAMD21_IOT_WG_BMI160/debug/_ext/465267638/plib_tc3.o
LOAD build/SAMD21_IOT_WG_BMI160/debug/_ext/81778269/xc32_monitor.o
LOAD build/SAMD21_IOT_WG_BMI160/debug/_ext/1503348509/initialization.o
LOAD build/SAMD21_IOT_WG_BMI160/debug/_ext/1503348509/interrupts.o
LOAD build/SAMD21_IOT_WG_BMI160/debug/_ext/1503348509/exceptions.o
LOAD build/SAMD21_IOT_WG_BMI160/debug/_ext/1503348509/startup_xc32.o
LOAD build/SAMD21_IOT_WG_BMI160/debug/_ext/1503348509/libc_syscalls.o
LOAD build/SAMD21_IOT_WG_BMI160/debug/_ext/299863938/ssi_comms.o
LOAD build/SAMD21_IOT_WG_BMI160/debug/_ext/1360937237/main.o
LOAD build/SAMD21_IOT_WG_BMI160/debug/_ext/1360937237/ringbuffer.o
                0x0000000000000001                __MPLAB_BUILD = 0x1
                0x0000000000040000                __rom_end = (ORIGIN (rom) + LENGTH (rom))
                0x0000000020008000                __ram_end = (ORIGIN (ram) + LENGTH (ram))

.config_00804000
 *(.config_00804000)

.config_00804004
 *(.config_00804004)

.vectors        0x0000000000000000       0xb0
                0x0000000000000000                . = ALIGN (0x4)
                0x0000000000000000                _sfixed = .
 *(.vectors .vectors.* .vectors_default .vectors_default.*)
 .vectors.exception_table
                0x0000000000000000       0xb0 build/SAMD21_IOT_WG_BMI160/debug/_ext/1503348509/interrupts.o
                0x0000000000000000                exception_table
 *(.isr_vector)
 *(.reset*)
 *(.after_vectors)

.text           0x00000000000000b0       0x20
                0x00000000000000b0                . = ALIGN (0x4)
 *(.glue_7t)
 .glue_7t       0x00000000000000b0        0x0 linker stubs
 *(.glue_7)
 .glue_7        0x00000000000000b0        0x0 linker stubs
 *(.gnu.linkonce.r.*)
 *(.ARM.extab* .gnu.linkonce.armextab.*)
                0x00000000000000b0                . = ALIGN (0x4)
 *(.init)
 .init          0x00000000000000b0        0x4 c:/program files/microchip/xc32/v4.60/bin/bin/../../lib/gcc/pic32c/8.3.1/thumb/v6-m/nofp/crti.o
                0x00000000000000b0                _init
 .init          0x00000000000000b4        0x8 c:/program files/microchip/xc32/v4.60/bin/bin/../../lib/gcc/pic32c/8.3.1/thumb/v6-m/nofp/crtn.o
                0x00000000000000bc                . = ALIGN (0x4)
                0x00000000000000bc                __preinit_array_start = .
 *(.preinit_array)
                0x00000000000000bc                __preinit_array_end = .
                0x00000000000000bc                . = ALIGN (0x4)
                0x00000000000000bc                __init_array_start = .
 *(SORT_BY_NAME(.init_array.*))
 *(.init_array)
 .init_array    0x00000000000000bc        0x4 c:/program files/microchip/xc32/v4.60/bin/bin/../../lib/gcc/pic32c/8.3.1/thumb/v6-m/nofp/crtbegin.o
                0x00000000000000c0                __init_array_end = .
                0x00000000000000c0                . = ALIGN (0x4)
 *crtbegin.o(.ctors)
 *(EXCLUDE_FILE(*crtend.o) .ctors)
 *(SORT_BY_NAME(.ctors.*))
 *crtend.o(.ctors)
                0x00000000000000c0                . = ALIGN (0x4)
 *(.fini)
 .fini          0x00000000000000c0        0x4 c:/program files/microchip/xc32/v4.60/bin/bin/../../lib/gcc/pic32c/8.3.1/thumb/v6-m/nofp/crti.o
                0x00000000000000c0                _fini
 .fini          0x00000000000000c4        0x8 c:/program files/microchip/xc32/v4.60/bin/bin/../../lib/gcc/pic32c/8.3.1/thumb/v6-m/nofp/crtn.o
                0x00000000000000cc                . = ALIGN (0x4)
                0x00000000000000cc                __fini_array_start = .
 *(.fini_array)
 .fini_array    0x00000000000000cc        0x4 c:/program files/microchip/xc32/v4.60/bin/bin/../../lib/gcc/pic32c/8.3.1/thumb/v6-m/nofp/crtbegin.o
 *(SORT_BY_NAME(.fini_array.*))
                0x00000000000000d0                __fini_array_end = .
 *crtbegin.o(.dtors)
 *(EXCLUDE_FILE(*crtend.o) .dtors)
 *(SORT_BY_NAME(.dtors.*))
 *crtend.o(.dtors)
                0x00000000000000d0                . = ALIGN (0x4)
                0x00000000000000d0                _efixed = .
                [!provide]                        PROVIDE (__exidx_start = .)

.ARM.exidx      0x00000000000000d0        0x8
 *(.ARM.exidx* .gnu.linkonce.armexidx.*)
 .ARM.exidx     0x00000000000000d0        0x8 c:/program files/microchip/xc32/v4.60/bin/bin/../../lib/gcc/pic32c/8.3.1/thumb/v6-m/nofp\libgcc.a(_udivmoddi4.o)
                [!provide]                        PROVIDE (__exidx_end = .)
                0x00000000000000d8                . = ALIGN (0x4)
                0x00000000000000d8                _etext = .

.bss            0x0000000020000000        0x0
                0x0000000020000000                . = ALIGN (0x4)
                0x0000000020000000                __bss_start__ = .
                0x0000000020000000                _sbss = .
                0x0000000020000000                _szero = .
 *(COMMON)
                0x0000000020000000                . = ALIGN (0x4)
                0x0000000020000000                __bss_end__ = .
                0x0000000020000000                _ebss = .
                0x0000000020000000                _ezero = .
                0x0000000020000000                . = ALIGN (0x4)
                0x0000000020000000                _end = .
                0x0000000020007fff                _ram_end_ = ((ORIGIN (ram) + LENGTH (ram)) - 0x1)
                0x0000000000000001                __ICD2RAM = 0x1
                0x0000000000000001                __MPLAB_DEBUG = 0x1
                0x0000000000000001                __DEBUG = 0x1
                0x0000000000000000                _min_heap_size = 0x0
START GROUP
LOAD c:/program files/microchip/xc32/v4.60/bin/bin/../../lib/gcc/pic32c/8.3.1/../../../../pic32c/lib/thumb/v6-m/nofp\libpic32c.a
LOAD c:/program files/microchip/xc32/v4.60/bin/bin/../../lib/gcc/pic32c/8.3.1/../../../../pic32c/lib/thumb/v6-m/nofp\libc-size-musl.a
LOAD c:/program files/microchip/xc32/v4.60/bin/bin/../../lib/gcc/pic32c/8.3.1/../../../../pic32c/lib/thumb/v6-m/nofp\liblmalloc-musl.a
LOAD c:/program files/microchip/xc32/v4.60/bin/bin/../../lib/gcc/pic32c/8.3.1/../../../../pic32c/lib/thumb/v6-m/nofp\libm-fast-emfloat.a
LOAD c:/program files/microchip/xc32/v4.60/bin/bin/../../lib/gcc/pic32c/8.3.1/../../../../pic32c/lib/thumb/v6-m/nofp\libm-musl.a
LOAD c:/program files/microchip/xc32/v4.60/bin/bin/../../lib/gcc/pic32c/8.3.1/../../../../pic32c/lib/thumb/v6-m/nofp\libg-musl.a
LOAD c:/program files/microchip/xc32/v4.60/bin/bin/../../lib/gcc/pic32c/8.3.1/../../../../pic32c/lib/thumb/v6-m/nofp\libc-musl.a
LOAD c:/program files/microchip/xc32/v4.60/bin/bin/../../lib/gcc/pic32c/8.3.1/../../../../pic32c/lib/thumb/v6-m/nofp\libm-fast-emfloat.a
LOAD c:/program files/microchip/xc32/v4.60/bin/bin/../../lib/gcc/pic32c/8.3.1/../../../../pic32c/lib/thumb/v6-m/nofp\libm-musl.a
LOAD c:/program files/microchip/xc32/v4.60/bin/bin/../../lib/gcc/pic32c/8.3.1/thumb/v6-m/nofp\libgcc.a
END GROUP
LOAD c:/program files/microchip/xc32/v4.60/bin/bin/../../lib/gcc/pic32c/8.3.1/thumb/v6-m/nofp/crtend.o
LOAD c:/program files/microchip/xc32/v4.60/bin/bin/../../lib/gcc/pic32c/8.3.1/thumb/v6-m/nofp/crtn.o
OUTPUT(dist/SAMD21_IOT_WG_BMI160/debug/samd21_iot_imu.X.debug.elf elf32-littlearm)
LOAD data_init
LOAD stack

.ARM.attributes
                0x0000000000000000       0x2a
 .ARM.attributes
                0x0000000000000000       0x1e c:/program files/microchip/xc32/v4.60/bin/bin/../../lib/gcc/pic32c/8.3.1/thumb/v6-m/nofp/crti.o
 .ARM.attributes
                0x000000000000001e       0x2c c:/program files/microchip/xc32/v4.60/bin/bin/../../lib/gcc/pic32c/8.3.1/thumb/v6-m/nofp/crtbegin.o
 .ARM.attributes
                0x000000000000004a       0x2c build/SAMD21_IOT_WG_BMI160/debug/_ext/21102530/bmi160_sensor.o
 .ARM.attributes
                0x0000000000000076       0x2c build/SAMD21_IOT_WG_BMI160/debug/_ext/1301132388/bmi160.o
 .ARM.attributes
                0x00000000000000a2       0x2c build/SAMD21_IOT_WG_BMI160/debug/_ext/913417575/plib_clock.o
 .ARM.attributes
                0x00000000000000ce       0x2c build/SAMD21_IOT_WG_BMI160/debug/_ext/1538380760/plib_eic.o
 .ARM.attributes
                0x00000000000000fa       0x2c build/SAMD21_IOT_WG_BMI160/debug/_ext/915567061/plib_evsys.o
 .ARM.attributes
                0x0000000000000126       0x2c build/SAMD21_IOT_WG_BMI160/debug/_ext/445444201/plib_nvic.o
 .ARM.attributes
                0x0000000000000152       0x2c build/SAMD21_IOT_WG_BMI160/debug/_ext/1216943447/plib_nvmctrl.o
 .ARM.attributes
                0x000000000000017e       0x2c build/SAMD21_IOT_WG_BMI160/debug/_ext/445497352/plib_port.o
 .ARM.attributes
                0x00000000000001aa       0x2c build/SAMD21_IOT_WG_BMI160/debug/_ext/2001189678/plib_sercom1_i2c_master.o
 .ARM.attributes
                0x00000000000001d6       0x2c build/SAMD21_IOT_WG_BMI160/debug/_ext/2012233442/plib_sercom5_usart.o
 .ARM.attributes
                0x0000000000000202       0x2c build/SAMD21_IOT_WG_BMI160/debug/_ext/982468349/plib_systick.o
 .ARM.attributes
                0x000000000000022e       0x2c build/SAMD21_IOT_WG_BMI160/debug/_ext/465267638/plib_tc3.o
 .ARM.attributes
                0x000000000000025a       0x2c build/SAMD21_IOT_WG_BMI160/debug/_ext/81778269/xc32_monitor.o
 .ARM.attributes
                0x0000000000000286       0x2c build/SAMD21_IOT_WG_BMI160/debug/_ext/1503348509/initialization.o
 .ARM.attributes
                0x00000000000002b2       0x2c build/SAMD21_IOT_WG_BMI160/debug/_ext/1503348509/interrupts.o
 .ARM.attributes
                0x00000000000002de       0x2c build/SAMD21_IOT_WG_BMI160/debug/_ext/1503348509/exceptions.o
 .ARM.attributes
                0x000000000000030a       0x2c build/SAMD21_IOT_WG_BMI160/debug/_ext/1503348509/startup_xc32.o
 .ARM.attributes
                0x0000000000000336       0x2c build/SAMD21_IOT_WG_BMI160/debug/_ext/1360937237/main.o
 .ARM.attributes
                0x0000000000000362       0x2c build/SAMD21_IOT_WG_BMI160/debug/_ext/1360937237/ringbuffer.o
 .ARM.attributes
                0x000000000000038e       0x2c c:/program files/microchip/xc32/v4.60/bin/bin/../../lib/gcc/pic32c/8.3.1/../../../../pic32c/lib/thumb/v6-m/nofp\libpic32c.a(data_init.o)
 .ARM.attributes
                0x00000000000003ba       0x2e c:/program files/microchip/xc32/v4.60/bin/bin/../../lib/gcc/pic32c/8.3.1/../../../../pic32c/lib/thumb/v6-m/nofp\libc-size-musl.a(memcpy.o)
 .ARM.attributes
                0x00000000000003e8       0x2e c:/program files/microchip/xc32/v4.60/bin/bin/../../lib/gcc/pic32c/8.3.1/../../../../pic32c/lib/thumb/v6-m/nofp\libc-size-musl.a(memset.o)
 .ARM.attributes
                0x0000000000000416       0x2e c:/program files/microchip/xc32/v4.60/bin/bin/../../lib/gcc/pic32c/8.3.1/../../../../pic32c/lib/thumb/v6-m/nofp\libg-musl.a(__libc_start_main.o)
 .ARM.attributes
                0x0000000000000444       0x2e c:/program files/microchip/xc32/v4.60/bin/bin/../../lib/gcc/pic32c/8.3.1/../../../../pic32c/lib/thumb/v6-m/nofp\libg-musl.a(libc.o)
 .ARM.attributes
                0x0000000000000472       0x2e c:/program files/microchip/xc32/v4.60/bin/bin/../../lib/gcc/pic32c/8.3.1/../../../../pic32c/lib/thumb/v6-m/nofp\libg-musl.a(__sio_printf_cdns.o)
 .ARM.attributes
                0x00000000000004a0       0x2e c:/program files/microchip/xc32/v4.60/bin/bin/../../lib/gcc/pic32c/8.3.1/../../../../pic32c/lib/thumb/v6-m/nofp\libg-musl.a(__fmt_d.o)
 .ARM.attributes
                0x00000000000004ce       0x2e c:/program files/microchip/xc32/v4.60/bin/bin/../../lib/gcc/pic32c/8.3.1/../../../../pic32c/lib/thumb/v6-m/nofp\libg-musl.a(__fmt_s.o)
 .ARM.attributes
                0x00000000000004fc       0x2e c:/program files/microchip/xc32/v4.60/bin/bin/../../lib/gcc/pic32c/8.3.1/../../../../pic32c/lib/thumb/v6-m/nofp\libg-musl.a(__pop_int.o)
 .ARM.attributes
                0x000000000000052a       0x2e c:/program files/microchip/xc32/v4.60/bin/bin/../../lib/gcc/pic32c/8.3.1/../../../../pic32c/lib/thumb/v6-m/nofp\libg-musl.a(__pop_ptr.o)
 .ARM.attributes
                0x0000000000000558       0x2e c:/program files/microchip/xc32/v4.60/bin/bin/../../lib/gcc/pic32c/8.3.1/../../../../pic32c/lib/thumb/v6-m/nofp\libg-musl.a(__printf_core.o)
 .ARM.attributes
                0x0000000000000586       0x2e c:/program files/microchip/xc32/v4.60/bin/bin/../../lib/gcc/pic32c/8.3.1/../../../../pic32c/lib/thumb/v6-m/nofp\libg-musl.a(stdin.o)
 .ARM.attributes
                0x00000000000005b4       0x2e c:/program files/microchip/xc32/v4.60/bin/bin/../../lib/gcc/pic32c/8.3.1/../../../../pic32c/lib/thumb/v6-m/nofp\libg-musl.a(stdout.o)
 .ARM.attributes
                0x00000000000005e2       0x2e c:/program files/microchip/xc32/v4.60/bin/bin/../../lib/gcc/pic32c/8.3.1/../../../../pic32c/lib/thumb/v6-m/nofp\libg-musl.a(putchar.o)
 .ARM.attributes
                0x0000000000000610       0x2e c:/program files/microchip/xc32/v4.60/bin/bin/../../lib/gcc/pic32c/8.3.1/../../../../pic32c/lib/thumb/v6-m/nofp\libg-musl.a(puts.o)
 .ARM.attributes
                0x000000000000063e       0x2e c:/program files/microchip/xc32/v4.60/bin/bin/../../lib/gcc/pic32c/8.3.1/../../../../pic32c/lib/thumb/v6-m/nofp\libg-musl.a(setbuf.o)
 .ARM.attributes
                0x000000000000066c       0x2e c:/program files/microchip/xc32/v4.60/bin/bin/../../lib/gcc/pic32c/8.3.1/../../../../pic32c/lib/thumb/v6-m/nofp\libg-musl.a(atoi.o)
 .ARM.attributes
                0x000000000000069a       0x2e c:/program files/microchip/xc32/v4.60/bin/bin/../../lib/gcc/pic32c/8.3.1/../../../../pic32c/lib/thumb/v6-m/nofp\libg-musl.a(tolower.o)
 .ARM.attributes
                0x00000000000006c8       0x2e c:/program files/microchip/xc32/v4.60/bin/bin/../../lib/gcc/pic32c/8.3.1/../../../../pic32c/lib/thumb/v6-m/nofp\libg-musl.a(__environ.o)
 .ARM.attributes
                0x00000000000006f6       0x2e c:/program files/microchip/xc32/v4.60/bin/bin/../../lib/gcc/pic32c/8.3.1/../../../../pic32c/lib/thumb/v6-m/nofp\libg-musl.a(__errno_location.o)
 .ARM.attributes
                0x0000000000000724       0x2e c:/program files/microchip/xc32/v4.60/bin/bin/../../lib/gcc/pic32c/8.3.1/../../../../pic32c/lib/thumb/v6-m/nofp\libg-musl.a(__int_vfprintf.o)
 .ARM.attributes
                0x0000000000000752       0x2e c:/program files/microchip/xc32/v4.60/bin/bin/../../lib/gcc/pic32c/8.3.1/../../../../pic32c/lib/thumb/v6-m/nofp\libg-musl.a(fputs.o)
 .ARM.attributes
                0x0000000000000780       0x2e c:/program files/microchip/xc32/v4.60/bin/bin/../../lib/gcc/pic32c/8.3.1/../../../../pic32c/lib/thumb/v6-m/nofp\libg-musl.a(__cvt_u.o)
 .ARM.attributes
                0x00000000000007ae       0x2e c:/program files/microchip/xc32/v4.60/bin/bin/../../lib/gcc/pic32c/8.3.1/../../../../pic32c/lib/thumb/v6-m/nofp\libg-musl.a(__pop_float.o)
 .ARM.attributes
                0x00000000000007dc       0x2e c:/program files/microchip/xc32/v4.60/bin/bin/../../lib/gcc/pic32c/8.3.1/../../../../pic32c/lib/thumb/v6-m/nofp\libg-musl.a(__stdio_read.o)
 .ARM.attributes
                0x000000000000080a       0x2e c:/program files/microchip/xc32/v4.60/bin/bin/../../lib/gcc/pic32c/8.3.1/../../../../pic32c/lib/thumb/v6-m/nofp\libg-musl.a(__towrite_rw.o)
 .ARM.attributes
                0x0000000000000838       0x2e c:/program files/microchip/xc32/v4.60/bin/bin/../../lib/gcc/pic32c/8.3.1/../../../../pic32c/lib/thumb/v6-m/nofp\libg-musl.a(fwrite.o)
 .ARM.attributes
                0x0000000000000866       0x2e c:/program files/microchip/xc32/v4.60/bin/bin/../../lib/gcc/pic32c/8.3.1/../../../../pic32c/lib/thumb/v6-m/nofp\libg-musl.a(putc.o)
 .ARM.attributes
                0x0000000000000894       0x2e c:/program files/microchip/xc32/v4.60/bin/bin/../../lib/gcc/pic32c/8.3.1/../../../../pic32c/lib/thumb/v6-m/nofp\libg-musl.a(setvbuf.o)
 .ARM.attributes
                0x00000000000008c2       0x2e c:/program files/microchip/xc32/v4.60/bin/bin/../../lib/gcc/pic32c/8.3.1/../../../../pic32c/lib/thumb/v6-m/nofp\libg-musl.a(readv.o)
 .ARM.attributes
                0x00000000000008f0       0x2e c:/program files/microchip/xc32/v4.60/bin/bin/../../lib/gcc/pic32c/8.3.1/../../../../pic32c/lib/thumb/v6-m/nofp\libg-musl.a(__init_stdio.o)
 .ARM.attributes
                0x000000000000091e       0x2e c:/program files/microchip/xc32/v4.60/bin/bin/../../lib/gcc/pic32c/8.3.1/../../../../pic32c/lib/thumb/v6-m/nofp\libg-musl.a(__out.o)
 .ARM.attributes
                0x000000000000094c       0x2e c:/program files/microchip/xc32/v4.60/bin/bin/../../lib/gcc/pic32c/8.3.1/../../../../pic32c/lib/thumb/v6-m/nofp\libg-musl.a(__putc.o)
 .ARM.attributes
                0x000000000000097a       0x2e c:/program files/microchip/xc32/v4.60/bin/bin/../../lib/gcc/pic32c/8.3.1/../../../../pic32c/lib/thumb/v6-m/nofp\libg-musl.a(__stderr.o)
 .ARM.attributes
                0x00000000000009a8       0x2e c:/program files/microchip/xc32/v4.60/bin/bin/../../lib/gcc/pic32c/8.3.1/../../../../pic32c/lib/thumb/v6-m/nofp\libg-musl.a(__stdio_close.o)
 .ARM.attributes
                0x00000000000009d6       0x2e c:/program files/microchip/xc32/v4.60/bin/bin/../../lib/gcc/pic32c/8.3.1/../../../../pic32c/lib/thumb/v6-m/nofp\libg-musl.a(__stdio_write.o)
 .ARM.attributes
                0x0000000000000a04       0x2e c:/program files/microchip/xc32/v4.60/bin/bin/../../lib/gcc/pic32c/8.3.1/../../../../pic32c/lib/thumb/v6-m/nofp\libg-musl.a(__stdout.o)
 .ARM.attributes
                0x0000000000000a32       0x2e c:/program files/microchip/xc32/v4.60/bin/bin/../../lib/gcc/pic32c/8.3.1/../../../../pic32c/lib/thumb/v6-m/nofp\libg-musl.a(__towrite.o)
 .ARM.attributes
                0x0000000000000a60       0x2e c:/program files/microchip/xc32/v4.60/bin/bin/../../lib/gcc/pic32c/8.3.1/../../../../pic32c/lib/thumb/v6-m/nofp\libg-musl.a(writev.o)
 .ARM.attributes
                0x0000000000000a8e       0x2e c:/program files/microchip/xc32/v4.60/bin/bin/../../lib/gcc/pic32c/8.3.1/../../../../pic32c/lib/thumb/v6-m/nofp\libg-musl.a(__overflow.o)
 .ARM.attributes
                0x0000000000000abc       0x2e c:/program files/microchip/xc32/v4.60/bin/bin/../../lib/gcc/pic32c/8.3.1/../../../../pic32c/lib/thumb/v6-m/nofp\libg-musl.a(__fwrite.o)
 .ARM.attributes
                0x0000000000000aea       0x1e c:/program files/microchip/xc32/v4.60/bin/bin/../../lib/gcc/pic32c/8.3.1/thumb/v6-m/nofp\libgcc.a(_udivsi3.o)
 .ARM.attributes
                0x0000000000000b08       0x1e c:/program files/microchip/xc32/v4.60/bin/bin/../../lib/gcc/pic32c/8.3.1/thumb/v6-m/nofp\libgcc.a(_dvmd_tls.o)
 .ARM.attributes
                0x0000000000000b26       0x1e c:/program files/microchip/xc32/v4.60/bin/bin/../../lib/gcc/pic32c/8.3.1/thumb/v6-m/nofp\libgcc.a(_aeabi_uldivmod.o)
 .ARM.attributes
                0x0000000000000b44       0x2c c:/program files/microchip/xc32/v4.60/bin/bin/../../lib/gcc/pic32c/8.3.1/thumb/v6-m/nofp\libgcc.a(_udivmoddi4.o)
 .ARM.attributes
                0x0000000000000b70       0x1e c:/program files/microchip/xc32/v4.60/bin/bin/../../lib/gcc/pic32c/8.3.1/thumb/v6-m/nofp\libgcc.a(_lshrdi3.o)
 .ARM.attributes
                0x0000000000000b8e       0x1e c:/program files/microchip/xc32/v4.60/bin/bin/../../lib/gcc/pic32c/8.3.1/thumb/v6-m/nofp\libgcc.a(_ashldi3.o)
 .ARM.attributes
                0x0000000000000bac       0x1e c:/program files/microchip/xc32/v4.60/bin/bin/../../lib/gcc/pic32c/8.3.1/thumb/v6-m/nofp\libgcc.a(_clzdi2.o)
 .ARM.attributes
                0x0000000000000bca       0x1e c:/program files/microchip/xc32/v4.60/bin/bin/../../lib/gcc/pic32c/8.3.1/thumb/v6-m/nofp\libgcc.a(_clzsi2.o)
 .ARM.attributes
                0x0000000000000be8       0x2c c:/program files/microchip/xc32/v4.60/bin/bin/../../lib/gcc/pic32c/8.3.1/../../../../pic32c/lib/thumb/v6-m/nofp\libpic32c.a(close.o)
 .ARM.attributes
                0x0000000000000c14       0x2c c:/program files/microchip/xc32/v4.60/bin/bin/../../lib/gcc/pic32c/8.3.1/../../../../pic32c/lib/thumb/v6-m/nofp\libpic32c.a(lseek.o)
 .ARM.attributes
                0x0000000000000c40       0x2c c:/program files/microchip/xc32/v4.60/bin/bin/../../lib/gcc/pic32c/8.3.1/../../../../pic32c/lib/thumb/v6-m/nofp\libpic32c.a(read.o)
 .ARM.attributes
                0x0000000000000c6c       0x2c c:/program files/microchip/xc32/v4.60/bin/bin/../../lib/gcc/pic32c/8.3.1/../../../../pic32c/lib/thumb/v6-m/nofp\libpic32c.a(write.o)
 .ARM.attributes
                0x0000000000000c98       0x2e c:/program files/microchip/xc32/v4.60/bin/bin/../../lib/gcc/pic32c/8.3.1/../../../../pic32c/lib/thumb/v6-m/nofp\libc-size-musl.a(strlen.o)
 .ARM.attributes
                0x0000000000000cc6       0x2e c:/program files/microchip/xc32/v4.60/bin/bin/../../lib/gcc/pic32c/8.3.1/../../../../pic32c/lib/thumb/v6-m/nofp\liblmalloc-musl.a(lite_malloc.o)
 .ARM.attributes
                0x0000000000000cf4       0x2e c:/program files/microchip/xc32/v4.60/bin/bin/../../lib/gcc/pic32c/8.3.1/../../../../pic32c/lib/thumb/v6-m/nofp\liblmalloc-musl.a(lite_free.o)
 .ARM.attributes
                0x0000000000000d22       0x2e c:/program files/microchip/xc32/v4.60/bin/bin/../../lib/gcc/pic32c/8.3.1/../../../../pic32c/lib/thumb/v6-m/nofp\libg-musl.a(expand_heap.o)
 .ARM.attributes
                0x0000000000000d50       0x2c c:/program files/microchip/xc32/v4.60/bin/bin/../../lib/gcc/pic32c/8.3.1/../../../../pic32c/lib/thumb/v6-m/nofp\libpic32c.a(sbrk.o)
 .ARM.attributes
                0x0000000000000d7c       0x1e c:/program files/microchip/xc32/v4.60/bin/bin/../../lib/gcc/pic32c/8.3.1/thumb/v6-m/nofp/crtn.o
 .ARM.attributes
                0x0000000000000d9a       0x2c c:/program files/microchip/xc32/v4.60/bin/bin/../../lib/gcc/pic32c/8.3.1/../../../../pic32c/lib/thumb/v6-m/nofp\libpic32c.a(pic32_data_init_clear.o)
 .ARM.attributes
                0x0000000000000dc6       0x2c c:/program files/microchip/xc32/v4.60/bin/bin/../../lib/gcc/pic32c/8.3.1/../../../../pic32c/lib/thumb/v6-m/nofp\libpic32c.a(pic32_data_init_copy.o)

.comment        0x0000000000000000       0x2b
 .comment       0x0000000000000000       0x2b c:/program files/microchip/xc32/v4.60/bin/bin/../../lib/gcc/pic32c/8.3.1/thumb/v6-m/nofp/crtbegin.o
                                         0x2c (size before relaxing)
 .comment       0x000000000000002b       0x2c build/SAMD21_IOT_WG_BMI160/debug/_ext/21102530/bmi160_sensor.o
 .comment       0x000000000000002b       0x2c build/SAMD21_IOT_WG_BMI160/debug/_ext/1301132388/bmi160.o
 .comment       0x000000000000002b       0x2c build/SAMD21_IOT_WG_BMI160/debug/_ext/913417575/plib_clock.o
 .comment       0x000000000000002b       0x2c build/SAMD21_IOT_WG_BMI160/debug/_ext/1538380760/plib_eic.o
 .comment       0x000000000000002b       0x2c build/SAMD21_IOT_WG_BMI160/debug/_ext/915567061/plib_evsys.o
 .comment       0x000000000000002b       0x2c build/SAMD21_IOT_WG_BMI160/debug/_ext/445444201/plib_nvic.o
 .comment       0x000000000000002b       0x2c build/SAMD21_IOT_WG_BMI160/debug/_ext/1216943447/plib_nvmctrl.o
 .comment       0x000000000000002b       0x2c build/SAMD21_IOT_WG_BMI160/debug/_ext/445497352/plib_port.o
 .comment       0x000000000000002b       0x2c build/SAMD21_IOT_WG_BMI160/debug/_ext/2001189678/plib_sercom1_i2c_master.o
 .comment       0x000000000000002b       0x2c build/SAMD21_IOT_WG_BMI160/debug/_ext/2012233442/plib_sercom5_usart.o
 .comment       0x000000000000002b       0x2c build/SAMD21_IOT_WG_BMI160/debug/_ext/982468349/plib_systick.o
 .comment       0x000000000000002b       0x2c build/SAMD21_IOT_WG_BMI160/debug/_ext/465267638/plib_tc3.o
 .comment       0x000000000000002b       0x2c build/SAMD21_IOT_WG_BMI160/debug/_ext/81778269/xc32_monitor.o
 .comment       0x000000000000002b       0x2c build/SAMD21_IOT_WG_BMI160/debug/_ext/1503348509/initialization.o
 .comment       0x000000000000002b       0x2c build/SAMD21_IOT_WG_BMI160/debug/_ext/1503348509/interrupts.o
 .comment       0x000000000000002b       0x2c build/SAMD21_IOT_WG_BMI160/debug/_ext/1503348509/exceptions.o
 .comment       0x000000000000002b       0x2c build/SAMD21_IOT_WG_BMI160/debug/_ext/1503348509/startup_xc32.o
 .comment       0x000000000000002b       0x2c build/SAMD21_IOT_WG_BMI160/debug/_ext/1360937237/main.o
 .comment       0x000000000000002b       0x2c build/SAMD21_IOT_WG_BMI160/debug/_ext/1360937237/ringbuffer.o
 .comment       0x000000000000002b       0x2c c:/program files/microchip/xc32/v4.60/bin/bin/../../lib/gcc/pic32c/8.3.1/../../../../pic32c/lib/thumb/v6-m/nofp\libpic32c.a(data_init.o)
 .comment       0x000000000000002b       0x2c c:/program files/microchip/xc32/v4.60/bin/bin/../../lib/gcc/pic32c/8.3.1/../../../../pic32c/lib/thumb/v6-m/nofp\libc-size-musl.a(memcpy.o)
 .comment       0x000000000000002b       0x2c c:/program files/microchip/xc32/v4.60/bin/bin/../../lib/gcc/pic32c/8.3.1/../../../../pic32c/lib/thumb/v6-m/nofp\libc-size-musl.a(memset.o)
 .comment       0x000000000000002b       0x2c c:/program files/microchip/xc32/v4.60/bin/bin/../../lib/gcc/pic32c/8.3.1/../../../../pic32c/lib/thumb/v6-m/nofp\libg-musl.a(__libc_start_main.o)
 .comment       0x000000000000002b       0x2c c:/program files/microchip/xc32/v4.60/bin/bin/../../lib/gcc/pic32c/8.3.1/../../../../pic32c/lib/thumb/v6-m/nofp\libg-musl.a(libc.o)
 .comment       0x000000000000002b       0x2c c:/program files/microchip/xc32/v4.60/bin/bin/../../lib/gcc/pic32c/8.3.1/../../../../pic32c/lib/thumb/v6-m/nofp\libg-musl.a(__sio_printf_cdns.o)
 .comment       0x000000000000002b       0x2c c:/program files/microchip/xc32/v4.60/bin/bin/../../lib/gcc/pic32c/8.3.1/../../../../pic32c/lib/thumb/v6-m/nofp\libg-musl.a(__fmt_d.o)
 .comment       0x000000000000002b       0x2c c:/program files/microchip/xc32/v4.60/bin/bin/../../lib/gcc/pic32c/8.3.1/../../../../pic32c/lib/thumb/v6-m/nofp\libg-musl.a(__fmt_s.o)
 .comment       0x000000000000002b       0x2c c:/program files/microchip/xc32/v4.60/bin/bin/../../lib/gcc/pic32c/8.3.1/../../../../pic32c/lib/thumb/v6-m/nofp\libg-musl.a(__pop_int.o)
 .comment       0x000000000000002b       0x2c c:/program files/microchip/xc32/v4.60/bin/bin/../../lib/gcc/pic32c/8.3.1/../../../../pic32c/lib/thumb/v6-m/nofp\libg-musl.a(__pop_ptr.o)
 .comment       0x000000000000002b       0x2c c:/program files/microchip/xc32/v4.60/bin/bin/../../lib/gcc/pic32c/8.3.1/../../../../pic32c/lib/thumb/v6-m/nofp\libg-musl.a(__printf_core.o)
 .comment       0x000000000000002b       0x2c c:/program files/microchip/xc32/v4.60/bin/bin/../../lib/gcc/pic32c/8.3.1/../../../../pic32c/lib/thumb/v6-m/nofp\libg-musl.a(stdin.o)
 .comment       0x000000000000002b       0x2c c:/program files/microchip/xc32/v4.60/bin/bin/../../lib/gcc/pic32c/8.3.1/../../../../pic32c/lib/thumb/v6-m/nofp\libg-musl.a(stdout.o)
 .comment       0x000000000000002b       0x2c c:/program files/microchip/xc32/v4.60/bin/bin/../../lib/gcc/pic32c/8.3.1/../../../../pic32c/lib/thumb/v6-m/nofp\libg-musl.a(putchar.o)
 .comment       0x000000000000002b       0x2c c:/program files/microchip/xc32/v4.60/bin/bin/../../lib/gcc/pic32c/8.3.1/../../../../pic32c/lib/thumb/v6-m/nofp\libg-musl.a(puts.o)
 .comment       0x000000000000002b       0x2c c:/program files/microchip/xc32/v4.60/bin/bin/../../lib/gcc/pic32c/8.3.1/../../../../pic32c/lib/thumb/v6-m/nofp\libg-musl.a(setbuf.o)
 .comment       0x000000000000002b       0x2c c:/program files/microchip/xc32/v4.60/bin/bin/../../lib/gcc/pic32c/8.3.1/../../../../pic32c/lib/thumb/v6-m/nofp\libg-musl.a(atoi.o)
 .comment       0x000000000000002b       0x2c c:/program files/microchip/xc32/v4.60/bin/bin/../../lib/gcc/pic32c/8.3.1/../../../../pic32c/lib/thumb/v6-m/nofp\libg-musl.a(tolower.o)
 .comment       0x000000000000002b       0x2c c:/program files/microchip/xc32/v4.60/bin/bin/../../lib/gcc/pic32c/8.3.1/../../../../pic32c/lib/thumb/v6-m/nofp\libg-musl.a(__environ.o)
 .comment       0x000000000000002b       0x2c c:/program files/microchip/xc32/v4.60/bin/bin/../../lib/gcc/pic32c/8.3.1/../../../../pic32c/lib/thumb/v6-m/nofp\libg-musl.a(__errno_location.o)
 .comment       0x000000000000002b       0x2c c:/program files/microchip/xc32/v4.60/bin/bin/../../lib/gcc/pic32c/8.3.1/../../../../pic32c/lib/thumb/v6-m/nofp\libg-musl.a(__int_vfprintf.o)
 .comment       0x000000000000002b       0x2c c:/program files/microchip/xc32/v4.60/bin/bin/../../lib/gcc/pic32c/8.3.1/../../../../pic32c/lib/thumb/v6-m/nofp\libg-musl.a(fputs.o)
 .comment       0x000000000000002b       0x2c c:/program files/microchip/xc32/v4.60/bin/bin/../../lib/gcc/pic32c/8.3.1/../../../../pic32c/lib/thumb/v6-m/nofp\libg-musl.a(__cvt_u.o)
 .comment       0x000000000000002b       0x2c c:/program files/microchip/xc32/v4.60/bin/bin/../../lib/gcc/pic32c/8.3.1/../../../../pic32c/lib/thumb/v6-m/nofp\libg-musl.a(__pop_float.o)
 .comment       0x000000000000002b       0x2c c:/program files/microchip/xc32/v4.60/bin/bin/../../lib/gcc/pic32c/8.3.1/../../../../pic32c/lib/thumb/v6-m/nofp\libg-musl.a(__stdio_read.o)
 .comment       0x000000000000002b       0x2c c:/program files/microchip/xc32/v4.60/bin/bin/../../lib/gcc/pic32c/8.3.1/../../../../pic32c/lib/thumb/v6-m/nofp\libg-musl.a(__towrite_rw.o)
 .comment       0x000000000000002b       0x2c c:/program files/microchip/xc32/v4.60/bin/bin/../../lib/gcc/pic32c/8.3.1/../../../../pic32c/lib/thumb/v6-m/nofp\libg-musl.a(fwrite.o)
 .comment       0x000000000000002b       0x2c c:/program files/microchip/xc32/v4.60/bin/bin/../../lib/gcc/pic32c/8.3.1/../../../../pic32c/lib/thumb/v6-m/nofp\libg-musl.a(putc.o)
 .comment       0x000000000000002b       0x2c c:/program files/microchip/xc32/v4.60/bin/bin/../../lib/gcc/pic32c/8.3.1/../../../../pic32c/lib/thumb/v6-m/nofp\libg-musl.a(setvbuf.o)
 .comment       0x000000000000002b       0x2c c:/program files/microchip/xc32/v4.60/bin/bin/../../lib/gcc/pic32c/8.3.1/../../../../pic32c/lib/thumb/v6-m/nofp\libg-musl.a(readv.o)
 .comment       0x000000000000002b       0x2c c:/program files/microchip/xc32/v4.60/bin/bin/../../lib/gcc/pic32c/8.3.1/../../../../pic32c/lib/thumb/v6-m/nofp\libg-musl.a(__init_stdio.o)
 .comment       0x000000000000002b       0x2c c:/program files/microchip/xc32/v4.60/bin/bin/../../lib/gcc/pic32c/8.3.1/../../../../pic32c/lib/thumb/v6-m/nofp\libg-musl.a(__out.o)
 .comment       0x000000000000002b       0x2c c:/program files/microchip/xc32/v4.60/bin/bin/../../lib/gcc/pic32c/8.3.1/../../../../pic32c/lib/thumb/v6-m/nofp\libg-musl.a(__putc.o)
 .comment       0x000000000000002b       0x2c c:/program files/microchip/xc32/v4.60/bin/bin/../../lib/gcc/pic32c/8.3.1/../../../../pic32c/lib/thumb/v6-m/nofp\libg-musl.a(__stderr.o)
 .comment       0x000000000000002b       0x2c c:/program files/microchip/xc32/v4.60/bin/bin/../../lib/gcc/pic32c/8.3.1/../../../../pic32c/lib/thumb/v6-m/nofp\libg-musl.a(__stdio_close.o)
 .comment       0x000000000000002b       0x2c c:/program files/microchip/xc32/v4.60/bin/bin/../../lib/gcc/pic32c/8.3.1/../../../../pic32c/lib/thumb/v6-m/nofp\libg-musl.a(__stdio_write.o)
 .comment       0x000000000000002b       0x2c c:/program files/microchip/xc32/v4.60/bin/bin/../../lib/gcc/pic32c/8.3.1/../../../../pic32c/lib/thumb/v6-m/nofp\libg-musl.a(__stdout.o)
 .comment       0x000000000000002b       0x2c c:/program files/microchip/xc32/v4.60/bin/bin/../../lib/gcc/pic32c/8.3.1/../../../../pic32c/lib/thumb/v6-m/nofp\libg-musl.a(__towrite.o)
 .comment       0x000000000000002b       0x2c c:/program files/microchip/xc32/v4.60/bin/bin/../../lib/gcc/pic32c/8.3.1/../../../../pic32c/lib/thumb/v6-m/nofp\libg-musl.a(writev.o)
 .comment       0x000000000000002b       0x2c c:/program files/microchip/xc32/v4.60/bin/bin/../../lib/gcc/pic32c/8.3.1/../../../../pic32c/lib/thumb/v6-m/nofp\libg-musl.a(__overflow.o)
 .comment       0x000000000000002b       0x2c c:/program files/microchip/xc32/v4.60/bin/bin/../../lib/gcc/pic32c/8.3.1/../../../../pic32c/lib/thumb/v6-m/nofp\libg-musl.a(__fwrite.o)
 .comment       0x000000000000002b       0x2c c:/program files/microchip/xc32/v4.60/bin/bin/../../lib/gcc/pic32c/8.3.1/thumb/v6-m/nofp\libgcc.a(_udivmoddi4.o)
 .comment       0x000000000000002b       0x2c c:/program files/microchip/xc32/v4.60/bin/bin/../../lib/gcc/pic32c/8.3.1/../../../../pic32c/lib/thumb/v6-m/nofp\libpic32c.a(close.o)
 .comment       0x000000000000002b       0x2c c:/program files/microchip/xc32/v4.60/bin/bin/../../lib/gcc/pic32c/8.3.1/../../../../pic32c/lib/thumb/v6-m/nofp\libpic32c.a(lseek.o)
 .comment       0x000000000000002b       0x2c c:/program files/microchip/xc32/v4.60/bin/bin/../../lib/gcc/pic32c/8.3.1/../../../../pic32c/lib/thumb/v6-m/nofp\libpic32c.a(read.o)
 .comment       0x000000000000002b       0x2c c:/program files/microchip/xc32/v4.60/bin/bin/../../lib/gcc/pic32c/8.3.1/../../../../pic32c/lib/thumb/v6-m/nofp\libpic32c.a(write.o)
 .comment       0x000000000000002b       0x2c c:/program files/microchip/xc32/v4.60/bin/bin/../../lib/gcc/pic32c/8.3.1/../../../../pic32c/lib/thumb/v6-m/nofp\libc-size-musl.a(strlen.o)
 .comment       0x000000000000002b       0x2c c:/program files/microchip/xc32/v4.60/bin/bin/../../lib/gcc/pic32c/8.3.1/../../../../pic32c/lib/thumb/v6-m/nofp\liblmalloc-musl.a(lite_malloc.o)
 .comment       0x000000000000002b       0x2c c:/program files/microchip/xc32/v4.60/bin/bin/../../lib/gcc/pic32c/8.3.1/../../../../pic32c/lib/thumb/v6-m/nofp\liblmalloc-musl.a(lite_free.o)
 .comment       0x000000000000002b       0x2c c:/program files/microchip/xc32/v4.60/bin/bin/../../lib/gcc/pic32c/8.3.1/../../../../pic32c/lib/thumb/v6-m/nofp\libg-musl.a(expand_heap.o)
 .comment       0x000000000000002b       0x2c c:/program files/microchip/xc32/v4.60/bin/bin/../../lib/gcc/pic32c/8.3.1/../../../../pic32c/lib/thumb/v6-m/nofp\libpic32c.a(sbrk.o)
 .comment       0x000000000000002b       0x2c c:/program files/microchip/xc32/v4.60/bin/bin/../../lib/gcc/pic32c/8.3.1/../../../../pic32c/lib/thumb/v6-m/nofp\libpic32c.a(pic32_data_init_clear.o)
 .comment       0x000000000000002b       0x2c c:/program files/microchip/xc32/v4.60/bin/bin/../../lib/gcc/pic32c/8.3.1/../../../../pic32c/lib/thumb/v6-m/nofp\libpic32c.a(pic32_data_init_copy.o)

.debug_info     0x0000000000000000    0x16934
 .debug_info    0x0000000000000000      0xe0c build/SAMD21_IOT_WG_BMI160/debug/_ext/21102530/bmi160_sensor.o
 .debug_info    0x0000000000000e0c     0x7e95 build/SAMD21_IOT_WG_BMI160/debug/_ext/1301132388/bmi160.o
 .debug_info    0x0000000000008ca1      0x5d9 build/SAMD21_IOT_WG_BMI160/debug/_ext/913417575/plib_clock.o
 .debug_info    0x000000000000927a      0x32a build/SAMD21_IOT_WG_BMI160/debug/_ext/1538380760/plib_eic.o
 .debug_info    0x00000000000095a4       0x9b build/SAMD21_IOT_WG_BMI160/debug/_ext/915567061/plib_evsys.o
 .debug_info    0x000000000000963f      0x6e0 build/SAMD21_IOT_WG_BMI160/debug/_ext/445444201/plib_nvic.o
 .debug_info    0x0000000000009d1f      0x418 build/SAMD21_IOT_WG_BMI160/debug/_ext/1216943447/plib_nvmctrl.o
 .debug_info    0x000000000000a137      0x685 build/SAMD21_IOT_WG_BMI160/debug/_ext/445497352/plib_port.o
 .debug_info    0x000000000000a7bc     0x11b2 build/SAMD21_IOT_WG_BMI160/debug/_ext/2001189678/plib_sercom1_i2c_master.o
 .debug_info    0x000000000000b96e      0xe7f build/SAMD21_IOT_WG_BMI160/debug/_ext/2012233442/plib_sercom5_usart.o
 .debug_info    0x000000000000c7ed      0x1ea build/SAMD21_IOT_WG_BMI160/debug/_ext/982468349/plib_systick.o
 .debug_info    0x000000000000c9d7      0x782 build/SAMD21_IOT_WG_BMI160/debug/_ext/465267638/plib_tc3.o
 .debug_info    0x000000000000d159      0x169 build/SAMD21_IOT_WG_BMI160/debug/_ext/81778269/xc32_monitor.o
 .debug_info    0x000000000000d2c2      0x39e build/SAMD21_IOT_WG_BMI160/debug/_ext/1503348509/initialization.o
 .debug_info    0x000000000000d660      0x3b2 build/SAMD21_IOT_WG_BMI160/debug/_ext/1503348509/interrupts.o
 .debug_info    0x000000000000da12       0xba build/SAMD21_IOT_WG_BMI160/debug/_ext/1503348509/exceptions.o
 .debug_info    0x000000000000dacc      0x211 build/SAMD21_IOT_WG_BMI160/debug/_ext/1503348509/startup_xc32.o
 .debug_info    0x000000000000dcdd     0x17ef build/SAMD21_IOT_WG_BMI160/debug/_ext/1360937237/main.o
 .debug_info    0x000000000000f4cc      0x69e build/SAMD21_IOT_WG_BMI160/debug/_ext/1360937237/ringbuffer.o
 .debug_info    0x000000000000fb6a       0x68 c:/program files/microchip/xc32/v4.60/bin/bin/../../lib/gcc/pic32c/8.3.1/../../../../pic32c/lib/thumb/v6-m/nofp\libpic32c.a(data_init.o)
 .debug_info    0x000000000000fbd2       0xed c:/program files/microchip/xc32/v4.60/bin/bin/../../lib/gcc/pic32c/8.3.1/../../../../pic32c/lib/thumb/v6-m/nofp\libc-size-musl.a(memcpy.o)
 .debug_info    0x000000000000fcbf       0xbb c:/program files/microchip/xc32/v4.60/bin/bin/../../lib/gcc/pic32c/8.3.1/../../../../pic32c/lib/thumb/v6-m/nofp\libc-size-musl.a(memset.o)
 .debug_info    0x000000000000fd7a      0x2fb c:/program files/microchip/xc32/v4.60/bin/bin/../../lib/gcc/pic32c/8.3.1/../../../../pic32c/lib/thumb/v6-m/nofp\libg-musl.a(__libc_start_main.o)
 .debug_info    0x0000000000010075      0x276 c:/program files/microchip/xc32/v4.60/bin/bin/../../lib/gcc/pic32c/8.3.1/../../../../pic32c/lib/thumb/v6-m/nofp\libg-musl.a(libc.o)
 .debug_info    0x00000000000102eb      0x1d1 c:/program files/microchip/xc32/v4.60/bin/bin/../../lib/gcc/pic32c/8.3.1/../../../../pic32c/lib/thumb/v6-m/nofp\libg-musl.a(__sio_printf_cdns.o)
 .debug_info    0x00000000000104bc      0x330 c:/program files/microchip/xc32/v4.60/bin/bin/../../lib/gcc/pic32c/8.3.1/../../../../pic32c/lib/thumb/v6-m/nofp\libg-musl.a(__fmt_d.o)
 .debug_info    0x00000000000107ec      0x2e9 c:/program files/microchip/xc32/v4.60/bin/bin/../../lib/gcc/pic32c/8.3.1/../../../../pic32c/lib/thumb/v6-m/nofp\libg-musl.a(__fmt_s.o)
 .debug_info    0x0000000000010ad5      0x183 c:/program files/microchip/xc32/v4.60/bin/bin/../../lib/gcc/pic32c/8.3.1/../../../../pic32c/lib/thumb/v6-m/nofp\libg-musl.a(__pop_int.o)
 .debug_info    0x0000000000010c58      0x18d c:/program files/microchip/xc32/v4.60/bin/bin/../../lib/gcc/pic32c/8.3.1/../../../../pic32c/lib/thumb/v6-m/nofp\libg-musl.a(__pop_ptr.o)
 .debug_info    0x0000000000010de5      0xa6f c:/program files/microchip/xc32/v4.60/bin/bin/../../lib/gcc/pic32c/8.3.1/../../../../pic32c/lib/thumb/v6-m/nofp\libg-musl.a(__printf_core.o)
 .debug_info    0x0000000000011854      0x404 c:/program files/microchip/xc32/v4.60/bin/bin/../../lib/gcc/pic32c/8.3.1/../../../../pic32c/lib/thumb/v6-m/nofp\libg-musl.a(stdin.o)
 .debug_info    0x0000000000011c58      0x1e9 c:/program files/microchip/xc32/v4.60/bin/bin/../../lib/gcc/pic32c/8.3.1/../../../../pic32c/lib/thumb/v6-m/nofp\libg-musl.a(stdout.o)
 .debug_info    0x0000000000011e41       0xd0 c:/program files/microchip/xc32/v4.60/bin/bin/../../lib/gcc/pic32c/8.3.1/../../../../pic32c/lib/thumb/v6-m/nofp\libg-musl.a(putchar.o)
 .debug_info    0x0000000000011f11      0x3ac c:/program files/microchip/xc32/v4.60/bin/bin/../../lib/gcc/pic32c/8.3.1/../../../../pic32c/lib/thumb/v6-m/nofp\libg-musl.a(puts.o)
 .debug_info    0x00000000000122bd       0xe6 c:/program files/microchip/xc32/v4.60/bin/bin/../../lib/gcc/pic32c/8.3.1/../../../../pic32c/lib/thumb/v6-m/nofp\libg-musl.a(setbuf.o)
 .debug_info    0x00000000000123a3       0xf4 c:/program files/microchip/xc32/v4.60/bin/bin/../../lib/gcc/pic32c/8.3.1/../../../../pic32c/lib/thumb/v6-m/nofp\libg-musl.a(atoi.o)
 .debug_info    0x0000000000012497      0x131 c:/program files/microchip/xc32/v4.60/bin/bin/../../lib/gcc/pic32c/8.3.1/../../../../pic32c/lib/thumb/v6-m/nofp\libg-musl.a(tolower.o)
 .debug_info    0x00000000000125c8       0x97 c:/program files/microchip/xc32/v4.60/bin/bin/../../lib/gcc/pic32c/8.3.1/../../../../pic32c/lib/thumb/v6-m/nofp\libg-musl.a(__environ.o)
 .debug_info    0x000000000001265f       0x5b c:/program files/microchip/xc32/v4.60/bin/bin/../../lib/gcc/pic32c/8.3.1/../../../../pic32c/lib/thumb/v6-m/nofp\libg-musl.a(__errno_location.o)
 .debug_info    0x00000000000126ba      0x1ff c:/program files/microchip/xc32/v4.60/bin/bin/../../lib/gcc/pic32c/8.3.1/../../../../pic32c/lib/thumb/v6-m/nofp\libg-musl.a(__int_vfprintf.o)
 .debug_info    0x00000000000128b9      0x3b6 c:/program files/microchip/xc32/v4.60/bin/bin/../../lib/gcc/pic32c/8.3.1/../../../../pic32c/lib/thumb/v6-m/nofp\libg-musl.a(fputs.o)
 .debug_info    0x0000000000012c6f      0x1cf c:/program files/microchip/xc32/v4.60/bin/bin/../../lib/gcc/pic32c/8.3.1/../../../../pic32c/lib/thumb/v6-m/nofp\libg-musl.a(__cvt_u.o)
 .debug_info    0x0000000000012e3e      0x162 c:/program files/microchip/xc32/v4.60/bin/bin/../../lib/gcc/pic32c/8.3.1/../../../../pic32c/lib/thumb/v6-m/nofp\libg-musl.a(__pop_float.o)
 .debug_info    0x0000000000012fa0      0x3ef c:/program files/microchip/xc32/v4.60/bin/bin/../../lib/gcc/pic32c/8.3.1/../../../../pic32c/lib/thumb/v6-m/nofp\libg-musl.a(__stdio_read.o)
 .debug_info    0x000000000001338f      0x331 c:/program files/microchip/xc32/v4.60/bin/bin/../../lib/gcc/pic32c/8.3.1/../../../../pic32c/lib/thumb/v6-m/nofp\libg-musl.a(__towrite_rw.o)
 .debug_info    0x00000000000136c0      0x257 c:/program files/microchip/xc32/v4.60/bin/bin/../../lib/gcc/pic32c/8.3.1/../../../../pic32c/lib/thumb/v6-m/nofp\libg-musl.a(fwrite.o)
 .debug_info    0x0000000000013917      0x224 c:/program files/microchip/xc32/v4.60/bin/bin/../../lib/gcc/pic32c/8.3.1/../../../../pic32c/lib/thumb/v6-m/nofp\libg-musl.a(putc.o)
 .debug_info    0x0000000000013b3b      0x2bd c:/program files/microchip/xc32/v4.60/bin/bin/../../lib/gcc/pic32c/8.3.1/../../../../pic32c/lib/thumb/v6-m/nofp\libg-musl.a(setvbuf.o)
 .debug_info    0x0000000000013df8      0x146 c:/program files/microchip/xc32/v4.60/bin/bin/../../lib/gcc/pic32c/8.3.1/../../../../pic32c/lib/thumb/v6-m/nofp\libg-musl.a(readv.o)
 .debug_info    0x0000000000013f3e       0xc3 c:/program files/microchip/xc32/v4.60/bin/bin/../../lib/gcc/pic32c/8.3.1/../../../../pic32c/lib/thumb/v6-m/nofp\libg-musl.a(__init_stdio.o)
 .debug_info    0x0000000000014001      0x2ba c:/program files/microchip/xc32/v4.60/bin/bin/../../lib/gcc/pic32c/8.3.1/../../../../pic32c/lib/thumb/v6-m/nofp\libg-musl.a(__out.o)
 .debug_info    0x00000000000142bb      0x28d c:/program files/microchip/xc32/v4.60/bin/bin/../../lib/gcc/pic32c/8.3.1/../../../../pic32c/lib/thumb/v6-m/nofp\libg-musl.a(__putc.o)
 .debug_info    0x0000000000014548      0x3a9 c:/program files/microchip/xc32/v4.60/bin/bin/../../lib/gcc/pic32c/8.3.1/../../../../pic32c/lib/thumb/v6-m/nofp\libg-musl.a(__stderr.o)
 .debug_info    0x00000000000148f1      0x3fd c:/program files/microchip/xc32/v4.60/bin/bin/../../lib/gcc/pic32c/8.3.1/../../../../pic32c/lib/thumb/v6-m/nofp\libg-musl.a(__stdio_close.o)
 .debug_info    0x0000000000014cee      0x43e c:/program files/microchip/xc32/v4.60/bin/bin/../../lib/gcc/pic32c/8.3.1/../../../../pic32c/lib/thumb/v6-m/nofp\libg-musl.a(__stdio_write.o)
 .debug_info    0x000000000001512c      0x3a9 c:/program files/microchip/xc32/v4.60/bin/bin/../../lib/gcc/pic32c/8.3.1/../../../../pic32c/lib/thumb/v6-m/nofp\libg-musl.a(__stdout.o)
 .debug_info    0x00000000000154d5      0x275 c:/program files/microchip/xc32/v4.60/bin/bin/../../lib/gcc/pic32c/8.3.1/../../../../pic32c/lib/thumb/v6-m/nofp\libg-musl.a(__towrite.o)
 .debug_info    0x000000000001574a      0x146 c:/program files/microchip/xc32/v4.60/bin/bin/../../lib/gcc/pic32c/8.3.1/../../../../pic32c/lib/thumb/v6-m/nofp\libg-musl.a(writev.o)
 .debug_info    0x0000000000015890      0x388 c:/program files/microchip/xc32/v4.60/bin/bin/../../lib/gcc/pic32c/8.3.1/../../../../pic32c/lib/thumb/v6-m/nofp\libg-musl.a(__overflow.o)
 .debug_info    0x0000000000015c18      0x2b7 c:/program files/microchip/xc32/v4.60/bin/bin/../../lib/gcc/pic32c/8.3.1/../../../../pic32c/lib/thumb/v6-m/nofp\libg-musl.a(__fwrite.o)
 .debug_info    0x0000000000015ecf       0x26 c:/program files/microchip/xc32/v4.60/bin/bin/../../lib/gcc/pic32c/8.3.1/thumb/v6-m/nofp\libgcc.a(_udivsi3.o)
 .debug_info    0x0000000000015ef5       0x26 c:/program files/microchip/xc32/v4.60/bin/bin/../../lib/gcc/pic32c/8.3.1/thumb/v6-m/nofp\libgcc.a(_dvmd_tls.o)
 .debug_info    0x0000000000015f1b       0x26 c:/program files/microchip/xc32/v4.60/bin/bin/../../lib/gcc/pic32c/8.3.1/thumb/v6-m/nofp\libgcc.a(_aeabi_uldivmod.o)
 .debug_info    0x0000000000015f41      0x193 c:/program files/microchip/xc32/v4.60/bin/bin/../../lib/gcc/pic32c/8.3.1/thumb/v6-m/nofp\libgcc.a(_udivmoddi4.o)
 .debug_info    0x00000000000160d4       0x26 c:/program files/microchip/xc32/v4.60/bin/bin/../../lib/gcc/pic32c/8.3.1/thumb/v6-m/nofp\libgcc.a(_lshrdi3.o)
 .debug_info    0x00000000000160fa       0x26 c:/program files/microchip/xc32/v4.60/bin/bin/../../lib/gcc/pic32c/8.3.1/thumb/v6-m/nofp\libgcc.a(_ashldi3.o)
 .debug_info    0x0000000000016120       0x26 c:/program files/microchip/xc32/v4.60/bin/bin/../../lib/gcc/pic32c/8.3.1/thumb/v6-m/nofp\libgcc.a(_clzdi2.o)
 .debug_info    0x0000000000016146       0x26 c:/program files/microchip/xc32/v4.60/bin/bin/../../lib/gcc/pic32c/8.3.1/thumb/v6-m/nofp\libgcc.a(_clzsi2.o)
 .debug_info    0x000000000001616c       0x3f c:/program files/microchip/xc32/v4.60/bin/bin/../../lib/gcc/pic32c/8.3.1/../../../../pic32c/lib/thumb/v6-m/nofp\libpic32c.a(close.o)
 .debug_info    0x00000000000161ab       0x3f c:/program files/microchip/xc32/v4.60/bin/bin/../../lib/gcc/pic32c/8.3.1/../../../../pic32c/lib/thumb/v6-m/nofp\libpic32c.a(lseek.o)
 .debug_info    0x00000000000161ea       0x40 c:/program files/microchip/xc32/v4.60/bin/bin/../../lib/gcc/pic32c/8.3.1/../../../../pic32c/lib/thumb/v6-m/nofp\libpic32c.a(read.o)
 .debug_info    0x000000000001622a       0x40 c:/program files/microchip/xc32/v4.60/bin/bin/../../lib/gcc/pic32c/8.3.1/../../../../pic32c/lib/thumb/v6-m/nofp\libpic32c.a(write.o)
 .debug_info    0x000000000001626a       0xa4 c:/program files/microchip/xc32/v4.60/bin/bin/../../lib/gcc/pic32c/8.3.1/../../../../pic32c/lib/thumb/v6-m/nofp\libc-size-musl.a(strlen.o)
 .debug_info    0x000000000001630e      0x1bd c:/program files/microchip/xc32/v4.60/bin/bin/../../lib/gcc/pic32c/8.3.1/../../../../pic32c/lib/thumb/v6-m/nofp\liblmalloc-musl.a(lite_malloc.o)
 .debug_info    0x00000000000164cb      0x272 c:/program files/microchip/xc32/v4.60/bin/bin/../../lib/gcc/pic32c/8.3.1/../../../../pic32c/lib/thumb/v6-m/nofp\liblmalloc-musl.a(lite_free.o)
 .debug_info    0x000000000001673d      0x10e c:/program files/microchip/xc32/v4.60/bin/bin/../../lib/gcc/pic32c/8.3.1/../../../../pic32c/lib/thumb/v6-m/nofp\libg-musl.a(expand_heap.o)
 .debug_info    0x000000000001684b       0x6a c:/program files/microchip/xc32/v4.60/bin/bin/../../lib/gcc/pic32c/8.3.1/../../../../pic32c/lib/thumb/v6-m/nofp\libpic32c.a(sbrk.o)
 .debug_info    0x00000000000168b5       0x3f c:/program files/microchip/xc32/v4.60/bin/bin/../../lib/gcc/pic32c/8.3.1/../../../../pic32c/lib/thumb/v6-m/nofp\libpic32c.a(pic32_data_init_clear.o)
 .debug_info    0x00000000000168f4       0x40 c:/program files/microchip/xc32/v4.60/bin/bin/../../lib/gcc/pic32c/8.3.1/../../../../pic32c/lib/thumb/v6-m/nofp\libpic32c.a(pic32_data_init_copy.o)

.debug_abbrev   0x0000000000000000     0x5425
 .debug_abbrev  0x0000000000000000      0x216 build/SAMD21_IOT_WG_BMI160/debug/_ext/21102530/bmi160_sensor.o
 .debug_abbrev  0x0000000000000216      0x41e build/SAMD21_IOT_WG_BMI160/debug/_ext/1301132388/bmi160.o
 .debug_abbrev  0x0000000000000634      0x138 build/SAMD21_IOT_WG_BMI160/debug/_ext/913417575/plib_clock.o
 .debug_abbrev  0x000000000000076c      0x1aa build/SAMD21_IOT_WG_BMI160/debug/_ext/1538380760/plib_eic.o
 .debug_abbrev  0x0000000000000916       0x46 build/SAMD21_IOT_WG_BMI160/debug/_ext/915567061/plib_evsys.o
 .debug_abbrev  0x000000000000095c      0x219 build/SAMD21_IOT_WG_BMI160/debug/_ext/445444201/plib_nvic.o
 .debug_abbrev  0x0000000000000b75      0x197 build/SAMD21_IOT_WG_BMI160/debug/_ext/1216943447/plib_nvmctrl.o
 .debug_abbrev  0x0000000000000d0c      0x1cd build/SAMD21_IOT_WG_BMI160/debug/_ext/445497352/plib_port.o
 .debug_abbrev  0x0000000000000ed9      0x360 build/SAMD21_IOT_WG_BMI160/debug/_ext/2001189678/plib_sercom1_i2c_master.o
 .debug_abbrev  0x0000000000001239      0x284 build/SAMD21_IOT_WG_BMI160/debug/_ext/2012233442/plib_sercom5_usart.o
 .debug_abbrev  0x00000000000014bd       0xe0 build/SAMD21_IOT_WG_BMI160/debug/_ext/982468349/plib_systick.o
 .debug_abbrev  0x000000000000159d      0x1c0 build/SAMD21_IOT_WG_BMI160/debug/_ext/465267638/plib_tc3.o
 .debug_abbrev  0x000000000000175d       0xde build/SAMD21_IOT_WG_BMI160/debug/_ext/81778269/xc32_monitor.o
 .debug_abbrev  0x000000000000183b      0x166 build/SAMD21_IOT_WG_BMI160/debug/_ext/1503348509/initialization.o
 .debug_abbrev  0x00000000000019a1       0xc0 build/SAMD21_IOT_WG_BMI160/debug/_ext/1503348509/interrupts.o
 .debug_abbrev  0x0000000000001a61       0x49 build/SAMD21_IOT_WG_BMI160/debug/_ext/1503348509/exceptions.o
 .debug_abbrev  0x0000000000001aaa      0x118 build/SAMD21_IOT_WG_BMI160/debug/_ext/1503348509/startup_xc32.o
 .debug_abbrev  0x0000000000001bc2      0x332 build/SAMD21_IOT_WG_BMI160/debug/_ext/1360937237/main.o
 .debug_abbrev  0x0000000000001ef4      0x1a4 build/SAMD21_IOT_WG_BMI160/debug/_ext/1360937237/ringbuffer.o
 .debug_abbrev  0x0000000000002098       0x44 c:/program files/microchip/xc32/v4.60/bin/bin/../../lib/gcc/pic32c/8.3.1/../../../../pic32c/lib/thumb/v6-m/nofp\libpic32c.a(data_init.o)
 .debug_abbrev  0x00000000000020dc       0xbb c:/program files/microchip/xc32/v4.60/bin/bin/../../lib/gcc/pic32c/8.3.1/../../../../pic32c/lib/thumb/v6-m/nofp\libc-size-musl.a(memcpy.o)
 .debug_abbrev  0x0000000000002197       0xa2 c:/program files/microchip/xc32/v4.60/bin/bin/../../lib/gcc/pic32c/8.3.1/../../../../pic32c/lib/thumb/v6-m/nofp\libc-size-musl.a(memset.o)
 .debug_abbrev  0x0000000000002239      0x133 c:/program files/microchip/xc32/v4.60/bin/bin/../../lib/gcc/pic32c/8.3.1/../../../../pic32c/lib/thumb/v6-m/nofp\libg-musl.a(__libc_start_main.o)
 .debug_abbrev  0x000000000000236c       0xd4 c:/program files/microchip/xc32/v4.60/bin/bin/../../lib/gcc/pic32c/8.3.1/../../../../pic32c/lib/thumb/v6-m/nofp\libg-musl.a(libc.o)
 .debug_abbrev  0x0000000000002440      0x142 c:/program files/microchip/xc32/v4.60/bin/bin/../../lib/gcc/pic32c/8.3.1/../../../../pic32c/lib/thumb/v6-m/nofp\libg-musl.a(__sio_printf_cdns.o)
 .debug_abbrev  0x0000000000002582      0x161 c:/program files/microchip/xc32/v4.60/bin/bin/../../lib/gcc/pic32c/8.3.1/../../../../pic32c/lib/thumb/v6-m/nofp\libg-musl.a(__fmt_d.o)
 .debug_abbrev  0x00000000000026e3      0x15e c:/program files/microchip/xc32/v4.60/bin/bin/../../lib/gcc/pic32c/8.3.1/../../../../pic32c/lib/thumb/v6-m/nofp\libg-musl.a(__fmt_s.o)
 .debug_abbrev  0x0000000000002841       0xdc c:/program files/microchip/xc32/v4.60/bin/bin/../../lib/gcc/pic32c/8.3.1/../../../../pic32c/lib/thumb/v6-m/nofp\libg-musl.a(__pop_int.o)
 .debug_abbrev  0x000000000000291d       0xdc c:/program files/microchip/xc32/v4.60/bin/bin/../../lib/gcc/pic32c/8.3.1/../../../../pic32c/lib/thumb/v6-m/nofp\libg-musl.a(__pop_ptr.o)
 .debug_abbrev  0x00000000000029f9      0x317 c:/program files/microchip/xc32/v4.60/bin/bin/../../lib/gcc/pic32c/8.3.1/../../../../pic32c/lib/thumb/v6-m/nofp\libg-musl.a(__printf_core.o)
 .debug_abbrev  0x0000000000002d10      0x1b3 c:/program files/microchip/xc32/v4.60/bin/bin/../../lib/gcc/pic32c/8.3.1/../../../../pic32c/lib/thumb/v6-m/nofp\libg-musl.a(stdin.o)
 .debug_abbrev  0x0000000000002ec3      0x145 c:/program files/microchip/xc32/v4.60/bin/bin/../../lib/gcc/pic32c/8.3.1/../../../../pic32c/lib/thumb/v6-m/nofp\libg-musl.a(stdout.o)
 .debug_abbrev  0x0000000000003008       0xc4 c:/program files/microchip/xc32/v4.60/bin/bin/../../lib/gcc/pic32c/8.3.1/../../../../pic32c/lib/thumb/v6-m/nofp\libg-musl.a(putchar.o)
 .debug_abbrev  0x00000000000030cc      0x159 c:/program files/microchip/xc32/v4.60/bin/bin/../../lib/gcc/pic32c/8.3.1/../../../../pic32c/lib/thumb/v6-m/nofp\libg-musl.a(puts.o)
 .debug_abbrev  0x0000000000003225       0xa8 c:/program files/microchip/xc32/v4.60/bin/bin/../../lib/gcc/pic32c/8.3.1/../../../../pic32c/lib/thumb/v6-m/nofp\libg-musl.a(setbuf.o)
 .debug_abbrev  0x00000000000032cd       0xc6 c:/program files/microchip/xc32/v4.60/bin/bin/../../lib/gcc/pic32c/8.3.1/../../../../pic32c/lib/thumb/v6-m/nofp\libg-musl.a(atoi.o)
 .debug_abbrev  0x0000000000003393       0xf4 c:/program files/microchip/xc32/v4.60/bin/bin/../../lib/gcc/pic32c/8.3.1/../../../../pic32c/lib/thumb/v6-m/nofp\libg-musl.a(tolower.o)
 .debug_abbrev  0x0000000000003487       0x62 c:/program files/microchip/xc32/v4.60/bin/bin/../../lib/gcc/pic32c/8.3.1/../../../../pic32c/lib/thumb/v6-m/nofp\libg-musl.a(__environ.o)
 .debug_abbrev  0x00000000000034e9       0x39 c:/program files/microchip/xc32/v4.60/bin/bin/../../lib/gcc/pic32c/8.3.1/../../../../pic32c/lib/thumb/v6-m/nofp\libg-musl.a(__errno_location.o)
 .debug_abbrev  0x0000000000003522      0x132 c:/program files/microchip/xc32/v4.60/bin/bin/../../lib/gcc/pic32c/8.3.1/../../../../pic32c/lib/thumb/v6-m/nofp\libg-musl.a(__int_vfprintf.o)
 .debug_abbrev  0x0000000000003654      0x146 c:/program files/microchip/xc32/v4.60/bin/bin/../../lib/gcc/pic32c/8.3.1/../../../../pic32c/lib/thumb/v6-m/nofp\libg-musl.a(fputs.o)
 .debug_abbrev  0x000000000000379a       0xf3 c:/program files/microchip/xc32/v4.60/bin/bin/../../lib/gcc/pic32c/8.3.1/../../../../pic32c/lib/thumb/v6-m/nofp\libg-musl.a(__cvt_u.o)
 .debug_abbrev  0x000000000000388d       0xdc c:/program files/microchip/xc32/v4.60/bin/bin/../../lib/gcc/pic32c/8.3.1/../../../../pic32c/lib/thumb/v6-m/nofp\libg-musl.a(__pop_float.o)
 .debug_abbrev  0x0000000000003969      0x16c c:/program files/microchip/xc32/v4.60/bin/bin/../../lib/gcc/pic32c/8.3.1/../../../../pic32c/lib/thumb/v6-m/nofp\libg-musl.a(__stdio_read.o)
 .debug_abbrev  0x0000000000003ad5       0xf8 c:/program files/microchip/xc32/v4.60/bin/bin/../../lib/gcc/pic32c/8.3.1/../../../../pic32c/lib/thumb/v6-m/nofp\libg-musl.a(__towrite_rw.o)
 .debug_abbrev  0x0000000000003bcd      0x13c c:/program files/microchip/xc32/v4.60/bin/bin/../../lib/gcc/pic32c/8.3.1/../../../../pic32c/lib/thumb/v6-m/nofp\libg-musl.a(fwrite.o)
 .debug_abbrev  0x0000000000003d09      0x122 c:/program files/microchip/xc32/v4.60/bin/bin/../../lib/gcc/pic32c/8.3.1/../../../../pic32c/lib/thumb/v6-m/nofp\libg-musl.a(putc.o)
 .debug_abbrev  0x0000000000003e2b      0x135 c:/program files/microchip/xc32/v4.60/bin/bin/../../lib/gcc/pic32c/8.3.1/../../../../pic32c/lib/thumb/v6-m/nofp\libg-musl.a(setvbuf.o)
 .debug_abbrev  0x0000000000003f60       0xf7 c:/program files/microchip/xc32/v4.60/bin/bin/../../lib/gcc/pic32c/8.3.1/../../../../pic32c/lib/thumb/v6-m/nofp\libg-musl.a(readv.o)
 .debug_abbrev  0x0000000000004057       0x65 c:/program files/microchip/xc32/v4.60/bin/bin/../../lib/gcc/pic32c/8.3.1/../../../../pic32c/lib/thumb/v6-m/nofp\libg-musl.a(__init_stdio.o)
 .debug_abbrev  0x00000000000040bc      0x177 c:/program files/microchip/xc32/v4.60/bin/bin/../../lib/gcc/pic32c/8.3.1/../../../../pic32c/lib/thumb/v6-m/nofp\libg-musl.a(__out.o)
 .debug_abbrev  0x0000000000004233      0x109 c:/program files/microchip/xc32/v4.60/bin/bin/../../lib/gcc/pic32c/8.3.1/../../../../pic32c/lib/thumb/v6-m/nofp\libg-musl.a(__putc.o)
 .debug_abbrev  0x000000000000433c      0x17e c:/program files/microchip/xc32/v4.60/bin/bin/../../lib/gcc/pic32c/8.3.1/../../../../pic32c/lib/thumb/v6-m/nofp\libg-musl.a(__stderr.o)
 .debug_abbrev  0x00000000000044ba      0x14f c:/program files/microchip/xc32/v4.60/bin/bin/../../lib/gcc/pic32c/8.3.1/../../../../pic32c/lib/thumb/v6-m/nofp\libg-musl.a(__stdio_close.o)
 .debug_abbrev  0x0000000000004609      0x1bd c:/program files/microchip/xc32/v4.60/bin/bin/../../lib/gcc/pic32c/8.3.1/../../../../pic32c/lib/thumb/v6-m/nofp\libg-musl.a(__stdio_write.o)
 .debug_abbrev  0x00000000000047c6      0x17e c:/program files/microchip/xc32/v4.60/bin/bin/../../lib/gcc/pic32c/8.3.1/../../../../pic32c/lib/thumb/v6-m/nofp\libg-musl.a(__stdout.o)
 .debug_abbrev  0x0000000000004944      0x114 c:/program files/microchip/xc32/v4.60/bin/bin/../../lib/gcc/pic32c/8.3.1/../../../../pic32c/lib/thumb/v6-m/nofp\libg-musl.a(__towrite.o)
 .debug_abbrev  0x0000000000004a58       0xf7 c:/program files/microchip/xc32/v4.60/bin/bin/../../lib/gcc/pic32c/8.3.1/../../../../pic32c/lib/thumb/v6-m/nofp\libg-musl.a(writev.o)
 .debug_abbrev  0x0000000000004b4f      0x141 c:/program files/microchip/xc32/v4.60/bin/bin/../../lib/gcc/pic32c/8.3.1/../../../../pic32c/lib/thumb/v6-m/nofp\libg-musl.a(__overflow.o)
 .debug_abbrev  0x0000000000004c90      0x121 c:/program files/microchip/xc32/v4.60/bin/bin/../../lib/gcc/pic32c/8.3.1/../../../../pic32c/lib/thumb/v6-m/nofp\libg-musl.a(__fwrite.o)
 .debug_abbrev  0x0000000000004db1       0x14 c:/program files/microchip/xc32/v4.60/bin/bin/../../lib/gcc/pic32c/8.3.1/thumb/v6-m/nofp\libgcc.a(_udivsi3.o)
 .debug_abbrev  0x0000000000004dc5       0x14 c:/program files/microchip/xc32/v4.60/bin/bin/../../lib/gcc/pic32c/8.3.1/thumb/v6-m/nofp\libgcc.a(_dvmd_tls.o)
 .debug_abbrev  0x0000000000004dd9       0x14 c:/program files/microchip/xc32/v4.60/bin/bin/../../lib/gcc/pic32c/8.3.1/thumb/v6-m/nofp\libgcc.a(_aeabi_uldivmod.o)
 .debug_abbrev  0x0000000000004ded       0x99 c:/program files/microchip/xc32/v4.60/bin/bin/../../lib/gcc/pic32c/8.3.1/thumb/v6-m/nofp\libgcc.a(_udivmoddi4.o)
 .debug_abbrev  0x0000000000004e86       0x14 c:/program files/microchip/xc32/v4.60/bin/bin/../../lib/gcc/pic32c/8.3.1/thumb/v6-m/nofp\libgcc.a(_lshrdi3.o)
 .debug_abbrev  0x0000000000004e9a       0x14 c:/program files/microchip/xc32/v4.60/bin/bin/../../lib/gcc/pic32c/8.3.1/thumb/v6-m/nofp\libgcc.a(_ashldi3.o)
 .debug_abbrev  0x0000000000004eae       0x14 c:/program files/microchip/xc32/v4.60/bin/bin/../../lib/gcc/pic32c/8.3.1/thumb/v6-m/nofp\libgcc.a(_clzdi2.o)
 .debug_abbrev  0x0000000000004ec2       0x14 c:/program files/microchip/xc32/v4.60/bin/bin/../../lib/gcc/pic32c/8.3.1/thumb/v6-m/nofp\libgcc.a(_clzsi2.o)
 .debug_abbrev  0x0000000000004ed6       0x2e c:/program files/microchip/xc32/v4.60/bin/bin/../../lib/gcc/pic32c/8.3.1/../../../../pic32c/lib/thumb/v6-m/nofp\libpic32c.a(close.o)
 .debug_abbrev  0x0000000000004f04       0x2e c:/program files/microchip/xc32/v4.60/bin/bin/../../lib/gcc/pic32c/8.3.1/../../../../pic32c/lib/thumb/v6-m/nofp\libpic32c.a(lseek.o)
 .debug_abbrev  0x0000000000004f32       0x2e c:/program files/microchip/xc32/v4.60/bin/bin/../../lib/gcc/pic32c/8.3.1/../../../../pic32c/lib/thumb/v6-m/nofp\libpic32c.a(read.o)
 .debug_abbrev  0x0000000000004f60       0x2e c:/program files/microchip/xc32/v4.60/bin/bin/../../lib/gcc/pic32c/8.3.1/../../../../pic32c/lib/thumb/v6-m/nofp\libpic32c.a(write.o)
 .debug_abbrev  0x0000000000004f8e       0x91 c:/program files/microchip/xc32/v4.60/bin/bin/../../lib/gcc/pic32c/8.3.1/../../../../pic32c/lib/thumb/v6-m/nofp\libc-size-musl.a(strlen.o)
 .debug_abbrev  0x000000000000501f      0x117 c:/program files/microchip/xc32/v4.60/bin/bin/../../lib/gcc/pic32c/8.3.1/../../../../pic32c/lib/thumb/v6-m/nofp\liblmalloc-musl.a(lite_malloc.o)
 .debug_abbrev  0x0000000000005136      0x18b c:/program files/microchip/xc32/v4.60/bin/bin/../../lib/gcc/pic32c/8.3.1/../../../../pic32c/lib/thumb/v6-m/nofp\liblmalloc-musl.a(lite_free.o)
 .debug_abbrev  0x00000000000052c1       0xc4 c:/program files/microchip/xc32/v4.60/bin/bin/../../lib/gcc/pic32c/8.3.1/../../../../pic32c/lib/thumb/v6-m/nofp\libg-musl.a(expand_heap.o)
 .debug_abbrev  0x0000000000005385       0x44 c:/program files/microchip/xc32/v4.60/bin/bin/../../lib/gcc/pic32c/8.3.1/../../../../pic32c/lib/thumb/v6-m/nofp\libpic32c.a(sbrk.o)
 .debug_abbrev  0x00000000000053c9       0x2e c:/program files/microchip/xc32/v4.60/bin/bin/../../lib/gcc/pic32c/8.3.1/../../../../pic32c/lib/thumb/v6-m/nofp\libpic32c.a(pic32_data_init_clear.o)
 .debug_abbrev  0x00000000000053f7       0x2e c:/program files/microchip/xc32/v4.60/bin/bin/../../lib/gcc/pic32c/8.3.1/../../../../pic32c/lib/thumb/v6-m/nofp\libpic32c.a(pic32_data_init_copy.o)

.debug_loc      0x0000000000000000     0xf2b0
 .debug_loc     0x0000000000000000      0x3c9 build/SAMD21_IOT_WG_BMI160/debug/_ext/21102530/bmi160_sensor.o
 .debug_loc     0x00000000000003c9     0x960f build/SAMD21_IOT_WG_BMI160/debug/_ext/1301132388/bmi160.o
 .debug_loc     0x00000000000099d8       0x8e build/SAMD21_IOT_WG_BMI160/debug/_ext/913417575/plib_clock.o
 .debug_loc     0x0000000000009a66      0x109 build/SAMD21_IOT_WG_BMI160/debug/_ext/1538380760/plib_eic.o
 .debug_loc     0x0000000000009b6f      0x156 build/SAMD21_IOT_WG_BMI160/debug/_ext/445444201/plib_nvic.o
 .debug_loc     0x0000000000009cc5      0x228 build/SAMD21_IOT_WG_BMI160/debug/_ext/1216943447/plib_nvmctrl.o
 .debug_loc     0x0000000000009eed      0x226 build/SAMD21_IOT_WG_BMI160/debug/_ext/445497352/plib_port.o
 .debug_loc     0x000000000000a113      0xac0 build/SAMD21_IOT_WG_BMI160/debug/_ext/2001189678/plib_sercom1_i2c_master.o
 .debug_loc     0x000000000000abd3      0x59f build/SAMD21_IOT_WG_BMI160/debug/_ext/2012233442/plib_sercom5_usart.o
 .debug_loc     0x000000000000b172       0x24 build/SAMD21_IOT_WG_BMI160/debug/_ext/982468349/plib_systick.o
 .debug_loc     0x000000000000b196       0x5f build/SAMD21_IOT_WG_BMI160/debug/_ext/465267638/plib_tc3.o
 .debug_loc     0x000000000000b1f5       0xbc build/SAMD21_IOT_WG_BMI160/debug/_ext/81778269/xc32_monitor.o
 .debug_loc     0x000000000000b2b1       0x45 build/SAMD21_IOT_WG_BMI160/debug/_ext/1503348509/initialization.o
 .debug_loc     0x000000000000b2f6       0x20 build/SAMD21_IOT_WG_BMI160/debug/_ext/1503348509/startup_xc32.o
 .debug_loc     0x000000000000b316      0x406 build/SAMD21_IOT_WG_BMI160/debug/_ext/1360937237/main.o
 .debug_loc     0x000000000000b71c      0x70d build/SAMD21_IOT_WG_BMI160/debug/_ext/1360937237/ringbuffer.o
 .debug_loc     0x000000000000be29       0x14 c:/program files/microchip/xc32/v4.60/bin/bin/../../lib/gcc/pic32c/8.3.1/../../../../pic32c/lib/thumb/v6-m/nofp\libpic32c.a(data_init.o)
 .debug_loc     0x000000000000be3d      0x12d c:/program files/microchip/xc32/v4.60/bin/bin/../../lib/gcc/pic32c/8.3.1/../../../../pic32c/lib/thumb/v6-m/nofp\libc-size-musl.a(memcpy.o)
 .debug_loc     0x000000000000bf6a       0xcd c:/program files/microchip/xc32/v4.60/bin/bin/../../lib/gcc/pic32c/8.3.1/../../../../pic32c/lib/thumb/v6-m/nofp\libc-size-musl.a(memset.o)
 .debug_loc     0x000000000000c037       0x5e c:/program files/microchip/xc32/v4.60/bin/bin/../../lib/gcc/pic32c/8.3.1/../../../../pic32c/lib/thumb/v6-m/nofp\libg-musl.a(__libc_start_main.o)
 .debug_loc     0x000000000000c095       0x61 c:/program files/microchip/xc32/v4.60/bin/bin/../../lib/gcc/pic32c/8.3.1/../../../../pic32c/lib/thumb/v6-m/nofp\libg-musl.a(__sio_printf_cdns.o)
 .debug_loc     0x000000000000c0f6      0x2a6 c:/program files/microchip/xc32/v4.60/bin/bin/../../lib/gcc/pic32c/8.3.1/../../../../pic32c/lib/thumb/v6-m/nofp\libg-musl.a(__fmt_d.o)
 .debug_loc     0x000000000000c39c      0x144 c:/program files/microchip/xc32/v4.60/bin/bin/../../lib/gcc/pic32c/8.3.1/../../../../pic32c/lib/thumb/v6-m/nofp\libg-musl.a(__fmt_s.o)
 .debug_loc     0x000000000000c4e0      0x34c c:/program files/microchip/xc32/v4.60/bin/bin/../../lib/gcc/pic32c/8.3.1/../../../../pic32c/lib/thumb/v6-m/nofp\libg-musl.a(__pop_int.o)
 .debug_loc     0x000000000000c82c      0x1fe c:/program files/microchip/xc32/v4.60/bin/bin/../../lib/gcc/pic32c/8.3.1/../../../../pic32c/lib/thumb/v6-m/nofp\libg-musl.a(__pop_ptr.o)
 .debug_loc     0x000000000000ca2a      0x6d9 c:/program files/microchip/xc32/v4.60/bin/bin/../../lib/gcc/pic32c/8.3.1/../../../../pic32c/lib/thumb/v6-m/nofp\libg-musl.a(__printf_core.o)
 .debug_loc     0x000000000000d103       0x45 c:/program files/microchip/xc32/v4.60/bin/bin/../../lib/gcc/pic32c/8.3.1/../../../../pic32c/lib/thumb/v6-m/nofp\libg-musl.a(stdin.o)
 .debug_loc     0x000000000000d148       0x40 c:/program files/microchip/xc32/v4.60/bin/bin/../../lib/gcc/pic32c/8.3.1/../../../../pic32c/lib/thumb/v6-m/nofp\libg-musl.a(stdout.o)
 .debug_loc     0x000000000000d188       0x45 c:/program files/microchip/xc32/v4.60/bin/bin/../../lib/gcc/pic32c/8.3.1/../../../../pic32c/lib/thumb/v6-m/nofp\libg-musl.a(putchar.o)
 .debug_loc     0x000000000000d1cd       0x6a c:/program files/microchip/xc32/v4.60/bin/bin/../../lib/gcc/pic32c/8.3.1/../../../../pic32c/lib/thumb/v6-m/nofp\libg-musl.a(puts.o)
 .debug_loc     0x000000000000d237       0x6a c:/program files/microchip/xc32/v4.60/bin/bin/../../lib/gcc/pic32c/8.3.1/../../../../pic32c/lib/thumb/v6-m/nofp\libg-musl.a(setbuf.o)
 .debug_loc     0x000000000000d2a1       0xdc c:/program files/microchip/xc32/v4.60/bin/bin/../../lib/gcc/pic32c/8.3.1/../../../../pic32c/lib/thumb/v6-m/nofp\libg-musl.a(atoi.o)
 .debug_loc     0x000000000000d37d       0x8f c:/program files/microchip/xc32/v4.60/bin/bin/../../lib/gcc/pic32c/8.3.1/../../../../pic32c/lib/thumb/v6-m/nofp\libg-musl.a(tolower.o)
 .debug_loc     0x000000000000d40c       0xb0 c:/program files/microchip/xc32/v4.60/bin/bin/../../lib/gcc/pic32c/8.3.1/../../../../pic32c/lib/thumb/v6-m/nofp\libg-musl.a(__int_vfprintf.o)
 .debug_loc     0x000000000000d4bc       0xb3 c:/program files/microchip/xc32/v4.60/bin/bin/../../lib/gcc/pic32c/8.3.1/../../../../pic32c/lib/thumb/v6-m/nofp\libg-musl.a(fputs.o)
 .debug_loc     0x000000000000d56f      0x1d3 c:/program files/microchip/xc32/v4.60/bin/bin/../../lib/gcc/pic32c/8.3.1/../../../../pic32c/lib/thumb/v6-m/nofp\libg-musl.a(__cvt_u.o)
 .debug_loc     0x000000000000d742       0x6f c:/program files/microchip/xc32/v4.60/bin/bin/../../lib/gcc/pic32c/8.3.1/../../../../pic32c/lib/thumb/v6-m/nofp\libg-musl.a(__pop_float.o)
 .debug_loc     0x000000000000d7b1      0x107 c:/program files/microchip/xc32/v4.60/bin/bin/../../lib/gcc/pic32c/8.3.1/../../../../pic32c/lib/thumb/v6-m/nofp\libg-musl.a(__stdio_read.o)
 .debug_loc     0x000000000000d8b8       0x42 c:/program files/microchip/xc32/v4.60/bin/bin/../../lib/gcc/pic32c/8.3.1/../../../../pic32c/lib/thumb/v6-m/nofp\libg-musl.a(__towrite_rw.o)
 .debug_loc     0x000000000000d8fa      0x1c5 c:/program files/microchip/xc32/v4.60/bin/bin/../../lib/gcc/pic32c/8.3.1/../../../../pic32c/lib/thumb/v6-m/nofp\libg-musl.a(fwrite.o)
 .debug_loc     0x000000000000dabf      0x13b c:/program files/microchip/xc32/v4.60/bin/bin/../../lib/gcc/pic32c/8.3.1/../../../../pic32c/lib/thumb/v6-m/nofp\libg-musl.a(putc.o)
 .debug_loc     0x000000000000dbfa      0x115 c:/program files/microchip/xc32/v4.60/bin/bin/../../lib/gcc/pic32c/8.3.1/../../../../pic32c/lib/thumb/v6-m/nofp\libg-musl.a(setvbuf.o)
 .debug_loc     0x000000000000dd0f      0x130 c:/program files/microchip/xc32/v4.60/bin/bin/../../lib/gcc/pic32c/8.3.1/../../../../pic32c/lib/thumb/v6-m/nofp\libg-musl.a(readv.o)
 .debug_loc     0x000000000000de3f       0x20 c:/program files/microchip/xc32/v4.60/bin/bin/../../lib/gcc/pic32c/8.3.1/../../../../pic32c/lib/thumb/v6-m/nofp\libg-musl.a(__init_stdio.o)
 .debug_loc     0x000000000000de5f      0x1e6 c:/program files/microchip/xc32/v4.60/bin/bin/../../lib/gcc/pic32c/8.3.1/../../../../pic32c/lib/thumb/v6-m/nofp\libg-musl.a(__out.o)
 .debug_loc     0x000000000000e045       0xbe c:/program files/microchip/xc32/v4.60/bin/bin/../../lib/gcc/pic32c/8.3.1/../../../../pic32c/lib/thumb/v6-m/nofp\libg-musl.a(__putc.o)
 .debug_loc     0x000000000000e103       0x45 c:/program files/microchip/xc32/v4.60/bin/bin/../../lib/gcc/pic32c/8.3.1/../../../../pic32c/lib/thumb/v6-m/nofp\libg-musl.a(__stderr.o)
 .debug_loc     0x000000000000e148      0x1d8 c:/program files/microchip/xc32/v4.60/bin/bin/../../lib/gcc/pic32c/8.3.1/../../../../pic32c/lib/thumb/v6-m/nofp\libg-musl.a(__stdio_close.o)
 .debug_loc     0x000000000000e320      0x364 c:/program files/microchip/xc32/v4.60/bin/bin/../../lib/gcc/pic32c/8.3.1/../../../../pic32c/lib/thumb/v6-m/nofp\libg-musl.a(__stdio_write.o)
 .debug_loc     0x000000000000e684       0x45 c:/program files/microchip/xc32/v4.60/bin/bin/../../lib/gcc/pic32c/8.3.1/../../../../pic32c/lib/thumb/v6-m/nofp\libg-musl.a(__stdout.o)
 .debug_loc     0x000000000000e6c9       0x8c c:/program files/microchip/xc32/v4.60/bin/bin/../../lib/gcc/pic32c/8.3.1/../../../../pic32c/lib/thumb/v6-m/nofp\libg-musl.a(__towrite.o)
 .debug_loc     0x000000000000e755      0x130 c:/program files/microchip/xc32/v4.60/bin/bin/../../lib/gcc/pic32c/8.3.1/../../../../pic32c/lib/thumb/v6-m/nofp\libg-musl.a(writev.o)
 .debug_loc     0x000000000000e885       0xbb c:/program files/microchip/xc32/v4.60/bin/bin/../../lib/gcc/pic32c/8.3.1/../../../../pic32c/lib/thumb/v6-m/nofp\libg-musl.a(__overflow.o)
 .debug_loc     0x000000000000e940      0x106 c:/program files/microchip/xc32/v4.60/bin/bin/../../lib/gcc/pic32c/8.3.1/../../../../pic32c/lib/thumb/v6-m/nofp\libg-musl.a(__fwrite.o)
 .debug_loc     0x000000000000ea46      0x2e4 c:/program files/microchip/xc32/v4.60/bin/bin/../../lib/gcc/pic32c/8.3.1/thumb/v6-m/nofp\libgcc.a(_udivmoddi4.o)
 .debug_loc     0x000000000000ed2a       0x14 c:/program files/microchip/xc32/v4.60/bin/bin/../../lib/gcc/pic32c/8.3.1/../../../../pic32c/lib/thumb/v6-m/nofp\libpic32c.a(read.o)
 .debug_loc     0x000000000000ed3e       0x14 c:/program files/microchip/xc32/v4.60/bin/bin/../../lib/gcc/pic32c/8.3.1/../../../../pic32c/lib/thumb/v6-m/nofp\libpic32c.a(write.o)
 .debug_loc     0x000000000000ed52       0x81 c:/program files/microchip/xc32/v4.60/bin/bin/../../lib/gcc/pic32c/8.3.1/../../../../pic32c/lib/thumb/v6-m/nofp\libc-size-musl.a(strlen.o)
 .debug_loc     0x000000000000edd3       0xe2 c:/program files/microchip/xc32/v4.60/bin/bin/../../lib/gcc/pic32c/8.3.1/../../../../pic32c/lib/thumb/v6-m/nofp\liblmalloc-musl.a(lite_malloc.o)
 .debug_loc     0x000000000000eeb5      0x343 c:/program files/microchip/xc32/v4.60/bin/bin/../../lib/gcc/pic32c/8.3.1/../../../../pic32c/lib/thumb/v6-m/nofp\liblmalloc-musl.a(lite_free.o)
 .debug_loc     0x000000000000f1f8       0x7c c:/program files/microchip/xc32/v4.60/bin/bin/../../lib/gcc/pic32c/8.3.1/../../../../pic32c/lib/thumb/v6-m/nofp\libg-musl.a(expand_heap.o)
 .debug_loc     0x000000000000f274       0x28 c:/program files/microchip/xc32/v4.60/bin/bin/../../lib/gcc/pic32c/8.3.1/../../../../pic32c/lib/thumb/v6-m/nofp\libpic32c.a(sbrk.o)
 .debug_loc     0x000000000000f29c       0x14 c:/program files/microchip/xc32/v4.60/bin/bin/../../lib/gcc/pic32c/8.3.1/../../../../pic32c/lib/thumb/v6-m/nofp\libpic32c.a(pic32_data_init_copy.o)

.debug_aranges  0x0000000000000000      0xf18
 .debug_aranges
                0x0000000000000000       0x40 build/SAMD21_IOT_WG_BMI160/debug/_ext/21102530/bmi160_sensor.o
 .debug_aranges
                0x0000000000000040      0x188 build/SAMD21_IOT_WG_BMI160/debug/_ext/1301132388/bmi160.o
 .debug_aranges
                0x00000000000001c8       0x20 build/SAMD21_IOT_WG_BMI160/debug/_ext/913417575/plib_clock.o
 .debug_aranges
                0x00000000000001e8       0x40 build/SAMD21_IOT_WG_BMI160/debug/_ext/1538380760/plib_eic.o
 .debug_aranges
                0x0000000000000228       0x20 build/SAMD21_IOT_WG_BMI160/debug/_ext/915567061/plib_evsys.o
 .debug_aranges
                0x0000000000000248       0x38 build/SAMD21_IOT_WG_BMI160/debug/_ext/445444201/plib_nvic.o
 .debug_aranges
                0x0000000000000280       0x60 build/SAMD21_IOT_WG_BMI160/debug/_ext/1216943447/plib_nvmctrl.o
 .debug_aranges
                0x00000000000002e0       0x70 build/SAMD21_IOT_WG_BMI160/debug/_ext/445497352/plib_port.o
 .debug_aranges
                0x0000000000000350       0x68 build/SAMD21_IOT_WG_BMI160/debug/_ext/2001189678/plib_sercom1_i2c_master.o
 .debug_aranges
                0x00000000000003b8       0x98 build/SAMD21_IOT_WG_BMI160/debug/_ext/2012233442/plib_sercom5_usart.o
 .debug_aranges
                0x0000000000000450       0x60 build/SAMD21_IOT_WG_BMI160/debug/_ext/982468349/plib_systick.o
 .debug_aranges
                0x00000000000004b0       0x70 build/SAMD21_IOT_WG_BMI160/debug/_ext/465267638/plib_tc3.o
 .debug_aranges
                0x0000000000000520       0x28 build/SAMD21_IOT_WG_BMI160/debug/_ext/81778269/xc32_monitor.o
 .debug_aranges
                0x0000000000000548       0x20 build/SAMD21_IOT_WG_BMI160/debug/_ext/1503348509/initialization.o
 .debug_aranges
                0x0000000000000568       0x20 build/SAMD21_IOT_WG_BMI160/debug/_ext/1503348509/interrupts.o
 .debug_aranges
                0x0000000000000588       0x28 build/SAMD21_IOT_WG_BMI160/debug/_ext/1503348509/exceptions.o
 .debug_aranges
                0x00000000000005b0       0x28 build/SAMD21_IOT_WG_BMI160/debug/_ext/1503348509/startup_xc32.o
 .debug_aranges
                0x00000000000005d8       0x70 build/SAMD21_IOT_WG_BMI160/debug/_ext/1360937237/main.o
 .debug_aranges
                0x0000000000000648       0x68 build/SAMD21_IOT_WG_BMI160/debug/_ext/1360937237/ringbuffer.o
 .debug_aranges
                0x00000000000006b0       0x30 c:/program files/microchip/xc32/v4.60/bin/bin/../../lib/gcc/pic32c/8.3.1/../../../../pic32c/lib/thumb/v6-m/nofp\libpic32c.a(data_init.o)
 .debug_aranges
                0x00000000000006e0       0x20 c:/program files/microchip/xc32/v4.60/bin/bin/../../lib/gcc/pic32c/8.3.1/../../../../pic32c/lib/thumb/v6-m/nofp\libc-size-musl.a(memcpy.o)
 .debug_aranges
                0x0000000000000700       0x20 c:/program files/microchip/xc32/v4.60/bin/bin/../../lib/gcc/pic32c/8.3.1/../../../../pic32c/lib/thumb/v6-m/nofp\libc-size-musl.a(memset.o)
 .debug_aranges
                0x0000000000000720       0x28 c:/program files/microchip/xc32/v4.60/bin/bin/../../lib/gcc/pic32c/8.3.1/../../../../pic32c/lib/thumb/v6-m/nofp\libg-musl.a(__libc_start_main.o)
 .debug_aranges
                0x0000000000000748       0x18 c:/program files/microchip/xc32/v4.60/bin/bin/../../lib/gcc/pic32c/8.3.1/../../../../pic32c/lib/thumb/v6-m/nofp\libg-musl.a(libc.o)
 .debug_aranges
                0x0000000000000760       0x28 c:/program files/microchip/xc32/v4.60/bin/bin/../../lib/gcc/pic32c/8.3.1/../../../../pic32c/lib/thumb/v6-m/nofp\libg-musl.a(__sio_printf_cdns.o)
 .debug_aranges
                0x0000000000000788       0x20 c:/program files/microchip/xc32/v4.60/bin/bin/../../lib/gcc/pic32c/8.3.1/../../../../pic32c/lib/thumb/v6-m/nofp\libg-musl.a(__fmt_d.o)
 .debug_aranges
                0x00000000000007a8       0x20 c:/program files/microchip/xc32/v4.60/bin/bin/../../lib/gcc/pic32c/8.3.1/../../../../pic32c/lib/thumb/v6-m/nofp\libg-musl.a(__fmt_s.o)
 .debug_aranges
                0x00000000000007c8       0x20 c:/program files/microchip/xc32/v4.60/bin/bin/../../lib/gcc/pic32c/8.3.1/../../../../pic32c/lib/thumb/v6-m/nofp\libg-musl.a(__pop_int.o)
 .debug_aranges
                0x00000000000007e8       0x20 c:/program files/microchip/xc32/v4.60/bin/bin/../../lib/gcc/pic32c/8.3.1/../../../../pic32c/lib/thumb/v6-m/nofp\libg-musl.a(__pop_ptr.o)
 .debug_aranges
                0x0000000000000808       0x50 c:/program files/microchip/xc32/v4.60/bin/bin/../../lib/gcc/pic32c/8.3.1/../../../../pic32c/lib/thumb/v6-m/nofp\libg-musl.a(__printf_core.o)
 .debug_aranges
                0x0000000000000858       0x28 c:/program files/microchip/xc32/v4.60/bin/bin/../../lib/gcc/pic32c/8.3.1/../../../../pic32c/lib/thumb/v6-m/nofp\libg-musl.a(stdin.o)
 .debug_aranges
                0x0000000000000880       0x30 c:/program files/microchip/xc32/v4.60/bin/bin/../../lib/gcc/pic32c/8.3.1/../../../../pic32c/lib/thumb/v6-m/nofp\libg-musl.a(stdout.o)
 .debug_aranges
                0x00000000000008b0       0x20 c:/program files/microchip/xc32/v4.60/bin/bin/../../lib/gcc/pic32c/8.3.1/../../../../pic32c/lib/thumb/v6-m/nofp\libg-musl.a(putchar.o)
 .debug_aranges
                0x00000000000008d0       0x20 c:/program files/microchip/xc32/v4.60/bin/bin/../../lib/gcc/pic32c/8.3.1/../../../../pic32c/lib/thumb/v6-m/nofp\libg-musl.a(puts.o)
 .debug_aranges
                0x00000000000008f0       0x20 c:/program files/microchip/xc32/v4.60/bin/bin/../../lib/gcc/pic32c/8.3.1/../../../../pic32c/lib/thumb/v6-m/nofp\libg-musl.a(setbuf.o)
 .debug_aranges
                0x0000000000000910       0x20 c:/program files/microchip/xc32/v4.60/bin/bin/../../lib/gcc/pic32c/8.3.1/../../../../pic32c/lib/thumb/v6-m/nofp\libg-musl.a(atoi.o)
 .debug_aranges
                0x0000000000000930       0x28 c:/program files/microchip/xc32/v4.60/bin/bin/../../lib/gcc/pic32c/8.3.1/../../../../pic32c/lib/thumb/v6-m/nofp\libg-musl.a(tolower.o)
 .debug_aranges
                0x0000000000000958       0x18 c:/program files/microchip/xc32/v4.60/bin/bin/../../lib/gcc/pic32c/8.3.1/../../../../pic32c/lib/thumb/v6-m/nofp\libg-musl.a(__environ.o)
 .debug_aranges
                0x0000000000000970       0x18 c:/program files/microchip/xc32/v4.60/bin/bin/../../lib/gcc/pic32c/8.3.1/../../../../pic32c/lib/thumb/v6-m/nofp\libg-musl.a(__errno_location.o)
 .debug_aranges
                0x0000000000000988       0x20 c:/program files/microchip/xc32/v4.60/bin/bin/../../lib/gcc/pic32c/8.3.1/../../../../pic32c/lib/thumb/v6-m/nofp\libg-musl.a(__int_vfprintf.o)
 .debug_aranges
                0x00000000000009a8       0x20 c:/program files/microchip/xc32/v4.60/bin/bin/../../lib/gcc/pic32c/8.3.1/../../../../pic32c/lib/thumb/v6-m/nofp\libg-musl.a(fputs.o)
 .debug_aranges
                0x00000000000009c8       0x20 c:/program files/microchip/xc32/v4.60/bin/bin/../../lib/gcc/pic32c/8.3.1/../../../../pic32c/lib/thumb/v6-m/nofp\libg-musl.a(__cvt_u.o)
 .debug_aranges
                0x00000000000009e8       0x20 c:/program files/microchip/xc32/v4.60/bin/bin/../../lib/gcc/pic32c/8.3.1/../../../../pic32c/lib/thumb/v6-m/nofp\libg-musl.a(__pop_float.o)
 .debug_aranges
                0x0000000000000a08       0x20 c:/program files/microchip/xc32/v4.60/bin/bin/../../lib/gcc/pic32c/8.3.1/../../../../pic32c/lib/thumb/v6-m/nofp\libg-musl.a(__stdio_read.o)
 .debug_aranges
                0x0000000000000a28       0x20 c:/program files/microchip/xc32/v4.60/bin/bin/../../lib/gcc/pic32c/8.3.1/../../../../pic32c/lib/thumb/v6-m/nofp\libg-musl.a(__towrite_rw.o)
 .debug_aranges
                0x0000000000000a48       0x28 c:/program files/microchip/xc32/v4.60/bin/bin/../../lib/gcc/pic32c/8.3.1/../../../../pic32c/lib/thumb/v6-m/nofp\libg-musl.a(fwrite.o)
 .debug_aranges
                0x0000000000000a70       0x30 c:/program files/microchip/xc32/v4.60/bin/bin/../../lib/gcc/pic32c/8.3.1/../../../../pic32c/lib/thumb/v6-m/nofp\libg-musl.a(putc.o)
 .debug_aranges
                0x0000000000000aa0       0x28 c:/program files/microchip/xc32/v4.60/bin/bin/../../lib/gcc/pic32c/8.3.1/../../../../pic32c/lib/thumb/v6-m/nofp\libg-musl.a(setvbuf.o)
 .debug_aranges
                0x0000000000000ac8       0x20 c:/program files/microchip/xc32/v4.60/bin/bin/../../lib/gcc/pic32c/8.3.1/../../../../pic32c/lib/thumb/v6-m/nofp\libg-musl.a(readv.o)
 .debug_aranges
                0x0000000000000ae8       0x28 c:/program files/microchip/xc32/v4.60/bin/bin/../../lib/gcc/pic32c/8.3.1/../../../../pic32c/lib/thumb/v6-m/nofp\libg-musl.a(__init_stdio.o)
 .debug_aranges
                0x0000000000000b10       0x28 c:/program files/microchip/xc32/v4.60/bin/bin/../../lib/gcc/pic32c/8.3.1/../../../../pic32c/lib/thumb/v6-m/nofp\libg-musl.a(__out.o)
 .debug_aranges
                0x0000000000000b38       0x20 c:/program files/microchip/xc32/v4.60/bin/bin/../../lib/gcc/pic32c/8.3.1/../../../../pic32c/lib/thumb/v6-m/nofp\libg-musl.a(__putc.o)
 .debug_aranges
                0x0000000000000b58       0x30 c:/program files/microchip/xc32/v4.60/bin/bin/../../lib/gcc/pic32c/8.3.1/../../../../pic32c/lib/thumb/v6-m/nofp\libg-musl.a(__stderr.o)
 .debug_aranges
                0x0000000000000b88       0x28 c:/program files/microchip/xc32/v4.60/bin/bin/../../lib/gcc/pic32c/8.3.1/../../../../pic32c/lib/thumb/v6-m/nofp\libg-musl.a(__stdio_close.o)
 .debug_aranges
                0x0000000000000bb0       0x28 c:/program files/microchip/xc32/v4.60/bin/bin/../../lib/gcc/pic32c/8.3.1/../../../../pic32c/lib/thumb/v6-m/nofp\libg-musl.a(__stdio_write.o)
 .debug_aranges
                0x0000000000000bd8       0x30 c:/program files/microchip/xc32/v4.60/bin/bin/../../lib/gcc/pic32c/8.3.1/../../../../pic32c/lib/thumb/v6-m/nofp\libg-musl.a(__stdout.o)
 .debug_aranges
                0x0000000000000c08       0x28 c:/program files/microchip/xc32/v4.60/bin/bin/../../lib/gcc/pic32c/8.3.1/../../../../pic32c/lib/thumb/v6-m/nofp\libg-musl.a(__towrite.o)
 .debug_aranges
                0x0000000000000c30       0x20 c:/program files/microchip/xc32/v4.60/bin/bin/../../lib/gcc/pic32c/8.3.1/../../../../pic32c/lib/thumb/v6-m/nofp\libg-musl.a(writev.o)
 .debug_aranges
                0x0000000000000c50       0x20 c:/program files/microchip/xc32/v4.60/bin/bin/../../lib/gcc/pic32c/8.3.1/../../../../pic32c/lib/thumb/v6-m/nofp\libg-musl.a(__overflow.o)
 .debug_aranges
                0x0000000000000c70       0x28 c:/program files/microchip/xc32/v4.60/bin/bin/../../lib/gcc/pic32c/8.3.1/../../../../pic32c/lib/thumb/v6-m/nofp\libg-musl.a(__fwrite.o)
 .debug_aranges
                0x0000000000000c98       0x20 c:/program files/microchip/xc32/v4.60/bin/bin/../../lib/gcc/pic32c/8.3.1/thumb/v6-m/nofp\libgcc.a(_udivsi3.o)
 .debug_aranges
                0x0000000000000cb8       0x20 c:/program files/microchip/xc32/v4.60/bin/bin/../../lib/gcc/pic32c/8.3.1/thumb/v6-m/nofp\libgcc.a(_dvmd_tls.o)
 .debug_aranges
                0x0000000000000cd8       0x20 c:/program files/microchip/xc32/v4.60/bin/bin/../../lib/gcc/pic32c/8.3.1/thumb/v6-m/nofp\libgcc.a(_aeabi_uldivmod.o)
 .debug_aranges
                0x0000000000000cf8       0x20 c:/program files/microchip/xc32/v4.60/bin/bin/../../lib/gcc/pic32c/8.3.1/thumb/v6-m/nofp\libgcc.a(_udivmoddi4.o)
 .debug_aranges
                0x0000000000000d18       0x20 c:/program files/microchip/xc32/v4.60/bin/bin/../../lib/gcc/pic32c/8.3.1/thumb/v6-m/nofp\libgcc.a(_lshrdi3.o)
 .debug_aranges
                0x0000000000000d38       0x20 c:/program files/microchip/xc32/v4.60/bin/bin/../../lib/gcc/pic32c/8.3.1/thumb/v6-m/nofp\libgcc.a(_ashldi3.o)
 .debug_aranges
                0x0000000000000d58       0x20 c:/program files/microchip/xc32/v4.60/bin/bin/../../lib/gcc/pic32c/8.3.1/thumb/v6-m/nofp\libgcc.a(_clzdi2.o)
 .debug_aranges
                0x0000000000000d78       0x20 c:/program files/microchip/xc32/v4.60/bin/bin/../../lib/gcc/pic32c/8.3.1/thumb/v6-m/nofp\libgcc.a(_clzsi2.o)
 .debug_aranges
                0x0000000000000d98       0x20 c:/program files/microchip/xc32/v4.60/bin/bin/../../lib/gcc/pic32c/8.3.1/../../../../pic32c/lib/thumb/v6-m/nofp\libpic32c.a(close.o)
 .debug_aranges
                0x0000000000000db8       0x20 c:/program files/microchip/xc32/v4.60/bin/bin/../../lib/gcc/pic32c/8.3.1/../../../../pic32c/lib/thumb/v6-m/nofp\libpic32c.a(lseek.o)
 .debug_aranges
                0x0000000000000dd8       0x20 c:/program files/microchip/xc32/v4.60/bin/bin/../../lib/gcc/pic32c/8.3.1/../../../../pic32c/lib/thumb/v6-m/nofp\libpic32c.a(read.o)
 .debug_aranges
                0x0000000000000df8       0x20 c:/program files/microchip/xc32/v4.60/bin/bin/../../lib/gcc/pic32c/8.3.1/../../../../pic32c/lib/thumb/v6-m/nofp\libpic32c.a(write.o)
 .debug_aranges
                0x0000000000000e18       0x20 c:/program files/microchip/xc32/v4.60/bin/bin/../../lib/gcc/pic32c/8.3.1/../../../../pic32c/lib/thumb/v6-m/nofp\libc-size-musl.a(strlen.o)
 .debug_aranges
                0x0000000000000e38       0x20 c:/program files/microchip/xc32/v4.60/bin/bin/../../lib/gcc/pic32c/8.3.1/../../../../pic32c/lib/thumb/v6-m/nofp\liblmalloc-musl.a(lite_malloc.o)
 .debug_aranges
                0x0000000000000e58       0x30 c:/program files/microchip/xc32/v4.60/bin/bin/../../lib/gcc/pic32c/8.3.1/../../../../pic32c/lib/thumb/v6-m/nofp\liblmalloc-musl.a(lite_free.o)
 .debug_aranges
                0x0000000000000e88       0x20 c:/program files/microchip/xc32/v4.60/bin/bin/../../lib/gcc/pic32c/8.3.1/../../../../pic32c/lib/thumb/v6-m/nofp\libg-musl.a(expand_heap.o)
 .debug_aranges
                0x0000000000000ea8       0x30 c:/program files/microchip/xc32/v4.60/bin/bin/../../lib/gcc/pic32c/8.3.1/../../../../pic32c/lib/thumb/v6-m/nofp\libpic32c.a(sbrk.o)
 .debug_aranges
                0x0000000000000ed8       0x20 c:/program files/microchip/xc32/v4.60/bin/bin/../../lib/gcc/pic32c/8.3.1/../../../../pic32c/lib/thumb/v6-m/nofp\libpic32c.a(pic32_data_init_clear.o)
 .debug_aranges
                0x0000000000000ef8       0x20 c:/program files/microchip/xc32/v4.60/bin/bin/../../lib/gcc/pic32c/8.3.1/../../../../pic32c/lib/thumb/v6-m/nofp\libpic32c.a(pic32_data_init_copy.o)

.debug_ranges   0x0000000000000000      0xf58
 .debug_ranges  0x0000000000000000       0x30 build/SAMD21_IOT_WG_BMI160/debug/_ext/21102530/bmi160_sensor.o
 .debug_ranges  0x0000000000000030      0x618 build/SAMD21_IOT_WG_BMI160/debug/_ext/1301132388/bmi160.o
 .debug_ranges  0x0000000000000648       0x28 build/SAMD21_IOT_WG_BMI160/debug/_ext/913417575/plib_clock.o
 .debug_ranges  0x0000000000000670       0x30 build/SAMD21_IOT_WG_BMI160/debug/_ext/1538380760/plib_eic.o
 .debug_ranges  0x00000000000006a0       0x10 build/SAMD21_IOT_WG_BMI160/debug/_ext/915567061/plib_evsys.o
 .debug_ranges  0x00000000000006b0       0x28 build/SAMD21_IOT_WG_BMI160/debug/_ext/445444201/plib_nvic.o
 .debug_ranges  0x00000000000006d8       0x50 build/SAMD21_IOT_WG_BMI160/debug/_ext/1216943447/plib_nvmctrl.o
 .debug_ranges  0x0000000000000728       0x60 build/SAMD21_IOT_WG_BMI160/debug/_ext/445497352/plib_port.o
 .debug_ranges  0x0000000000000788       0xd8 build/SAMD21_IOT_WG_BMI160/debug/_ext/2001189678/plib_sercom1_i2c_master.o
 .debug_ranges  0x0000000000000860       0x88 build/SAMD21_IOT_WG_BMI160/debug/_ext/2012233442/plib_sercom5_usart.o
 .debug_ranges  0x00000000000008e8       0x50 build/SAMD21_IOT_WG_BMI160/debug/_ext/982468349/plib_systick.o
 .debug_ranges  0x0000000000000938       0x60 build/SAMD21_IOT_WG_BMI160/debug/_ext/465267638/plib_tc3.o
 .debug_ranges  0x0000000000000998       0x18 build/SAMD21_IOT_WG_BMI160/debug/_ext/81778269/xc32_monitor.o
 .debug_ranges  0x00000000000009b0       0x10 build/SAMD21_IOT_WG_BMI160/debug/_ext/1503348509/initialization.o
 .debug_ranges  0x00000000000009c0       0x10 build/SAMD21_IOT_WG_BMI160/debug/_ext/1503348509/interrupts.o
 .debug_ranges  0x00000000000009d0       0x18 build/SAMD21_IOT_WG_BMI160/debug/_ext/1503348509/exceptions.o
 .debug_ranges  0x00000000000009e8       0x18 build/SAMD21_IOT_WG_BMI160/debug/_ext/1503348509/startup_xc32.o
 .debug_ranges  0x0000000000000a00       0x90 build/SAMD21_IOT_WG_BMI160/debug/_ext/1360937237/main.o
 .debug_ranges  0x0000000000000a90       0x58 build/SAMD21_IOT_WG_BMI160/debug/_ext/1360937237/ringbuffer.o
 .debug_ranges  0x0000000000000ae8       0x20 c:/program files/microchip/xc32/v4.60/bin/bin/../../lib/gcc/pic32c/8.3.1/../../../../pic32c/lib/thumb/v6-m/nofp\libpic32c.a(data_init.o)
 .debug_ranges  0x0000000000000b08       0x10 c:/program files/microchip/xc32/v4.60/bin/bin/../../lib/gcc/pic32c/8.3.1/../../../../pic32c/lib/thumb/v6-m/nofp\libc-size-musl.a(memcpy.o)
 .debug_ranges  0x0000000000000b18       0x10 c:/program files/microchip/xc32/v4.60/bin/bin/../../lib/gcc/pic32c/8.3.1/../../../../pic32c/lib/thumb/v6-m/nofp\libc-size-musl.a(memset.o)
 .debug_ranges  0x0000000000000b28       0x30 c:/program files/microchip/xc32/v4.60/bin/bin/../../lib/gcc/pic32c/8.3.1/../../../../pic32c/lib/thumb/v6-m/nofp\libg-musl.a(__libc_start_main.o)
 .debug_ranges  0x0000000000000b58       0x18 c:/program files/microchip/xc32/v4.60/bin/bin/../../lib/gcc/pic32c/8.3.1/../../../../pic32c/lib/thumb/v6-m/nofp\libg-musl.a(__sio_printf_cdns.o)
 .debug_ranges  0x0000000000000b70       0x10 c:/program files/microchip/xc32/v4.60/bin/bin/../../lib/gcc/pic32c/8.3.1/../../../../pic32c/lib/thumb/v6-m/nofp\libg-musl.a(__fmt_d.o)
 .debug_ranges  0x0000000000000b80       0x10 c:/program files/microchip/xc32/v4.60/bin/bin/../../lib/gcc/pic32c/8.3.1/../../../../pic32c/lib/thumb/v6-m/nofp\libg-musl.a(__fmt_s.o)
 .debug_ranges  0x0000000000000b90       0x10 c:/program files/microchip/xc32/v4.60/bin/bin/../../lib/gcc/pic32c/8.3.1/../../../../pic32c/lib/thumb/v6-m/nofp\libg-musl.a(__pop_int.o)
 .debug_ranges  0x0000000000000ba0       0x10 c:/program files/microchip/xc32/v4.60/bin/bin/../../lib/gcc/pic32c/8.3.1/../../../../pic32c/lib/thumb/v6-m/nofp\libg-musl.a(__pop_ptr.o)
 .debug_ranges  0x0000000000000bb0       0x58 c:/program files/microchip/xc32/v4.60/bin/bin/../../lib/gcc/pic32c/8.3.1/../../../../pic32c/lib/thumb/v6-m/nofp\libg-musl.a(__printf_core.o)
 .debug_ranges  0x0000000000000c08       0x18 c:/program files/microchip/xc32/v4.60/bin/bin/../../lib/gcc/pic32c/8.3.1/../../../../pic32c/lib/thumb/v6-m/nofp\libg-musl.a(stdin.o)
 .debug_ranges  0x0000000000000c20       0x20 c:/program files/microchip/xc32/v4.60/bin/bin/../../lib/gcc/pic32c/8.3.1/../../../../pic32c/lib/thumb/v6-m/nofp\libg-musl.a(stdout.o)
 .debug_ranges  0x0000000000000c40       0x10 c:/program files/microchip/xc32/v4.60/bin/bin/../../lib/gcc/pic32c/8.3.1/../../../../pic32c/lib/thumb/v6-m/nofp\libg-musl.a(putchar.o)
 .debug_ranges  0x0000000000000c50       0x10 c:/program files/microchip/xc32/v4.60/bin/bin/../../lib/gcc/pic32c/8.3.1/../../../../pic32c/lib/thumb/v6-m/nofp\libg-musl.a(puts.o)
 .debug_ranges  0x0000000000000c60       0x10 c:/program files/microchip/xc32/v4.60/bin/bin/../../lib/gcc/pic32c/8.3.1/../../../../pic32c/lib/thumb/v6-m/nofp\libg-musl.a(setbuf.o)
 .debug_ranges  0x0000000000000c70       0x10 c:/program files/microchip/xc32/v4.60/bin/bin/../../lib/gcc/pic32c/8.3.1/../../../../pic32c/lib/thumb/v6-m/nofp\libg-musl.a(atoi.o)
 .debug_ranges  0x0000000000000c80       0x18 c:/program files/microchip/xc32/v4.60/bin/bin/../../lib/gcc/pic32c/8.3.1/../../../../pic32c/lib/thumb/v6-m/nofp\libg-musl.a(tolower.o)
 .debug_ranges  0x0000000000000c98       0x10 c:/program files/microchip/xc32/v4.60/bin/bin/../../lib/gcc/pic32c/8.3.1/../../../../pic32c/lib/thumb/v6-m/nofp\libg-musl.a(__int_vfprintf.o)
 .debug_ranges  0x0000000000000ca8       0x10 c:/program files/microchip/xc32/v4.60/bin/bin/../../lib/gcc/pic32c/8.3.1/../../../../pic32c/lib/thumb/v6-m/nofp\libg-musl.a(fputs.o)
 .debug_ranges  0x0000000000000cb8       0x10 c:/program files/microchip/xc32/v4.60/bin/bin/../../lib/gcc/pic32c/8.3.1/../../../../pic32c/lib/thumb/v6-m/nofp\libg-musl.a(__cvt_u.o)
 .debug_ranges  0x0000000000000cc8       0x10 c:/program files/microchip/xc32/v4.60/bin/bin/../../lib/gcc/pic32c/8.3.1/../../../../pic32c/lib/thumb/v6-m/nofp\libg-musl.a(__pop_float.o)
 .debug_ranges  0x0000000000000cd8       0x10 c:/program files/microchip/xc32/v4.60/bin/bin/../../lib/gcc/pic32c/8.3.1/../../../../pic32c/lib/thumb/v6-m/nofp\libg-musl.a(__stdio_read.o)
 .debug_ranges  0x0000000000000ce8       0x10 c:/program files/microchip/xc32/v4.60/bin/bin/../../lib/gcc/pic32c/8.3.1/../../../../pic32c/lib/thumb/v6-m/nofp\libg-musl.a(__towrite_rw.o)
 .debug_ranges  0x0000000000000cf8       0x18 c:/program files/microchip/xc32/v4.60/bin/bin/../../lib/gcc/pic32c/8.3.1/../../../../pic32c/lib/thumb/v6-m/nofp\libg-musl.a(fwrite.o)
 .debug_ranges  0x0000000000000d10       0x20 c:/program files/microchip/xc32/v4.60/bin/bin/../../lib/gcc/pic32c/8.3.1/../../../../pic32c/lib/thumb/v6-m/nofp\libg-musl.a(putc.o)
 .debug_ranges  0x0000000000000d30       0x18 c:/program files/microchip/xc32/v4.60/bin/bin/../../lib/gcc/pic32c/8.3.1/../../../../pic32c/lib/thumb/v6-m/nofp\libg-musl.a(setvbuf.o)
 .debug_ranges  0x0000000000000d48       0x10 c:/program files/microchip/xc32/v4.60/bin/bin/../../lib/gcc/pic32c/8.3.1/../../../../pic32c/lib/thumb/v6-m/nofp\libg-musl.a(readv.o)
 .debug_ranges  0x0000000000000d58       0x18 c:/program files/microchip/xc32/v4.60/bin/bin/../../lib/gcc/pic32c/8.3.1/../../../../pic32c/lib/thumb/v6-m/nofp\libg-musl.a(__init_stdio.o)
 .debug_ranges  0x0000000000000d70       0x18 c:/program files/microchip/xc32/v4.60/bin/bin/../../lib/gcc/pic32c/8.3.1/../../../../pic32c/lib/thumb/v6-m/nofp\libg-musl.a(__out.o)
 .debug_ranges  0x0000000000000d88       0x10 c:/program files/microchip/xc32/v4.60/bin/bin/../../lib/gcc/pic32c/8.3.1/../../../../pic32c/lib/thumb/v6-m/nofp\libg-musl.a(__putc.o)
 .debug_ranges  0x0000000000000d98       0x20 c:/program files/microchip/xc32/v4.60/bin/bin/../../lib/gcc/pic32c/8.3.1/../../../../pic32c/lib/thumb/v6-m/nofp\libg-musl.a(__stderr.o)
 .debug_ranges  0x0000000000000db8       0x18 c:/program files/microchip/xc32/v4.60/bin/bin/../../lib/gcc/pic32c/8.3.1/../../../../pic32c/lib/thumb/v6-m/nofp\libg-musl.a(__stdio_close.o)
 .debug_ranges  0x0000000000000dd0       0x30 c:/program files/microchip/xc32/v4.60/bin/bin/../../lib/gcc/pic32c/8.3.1/../../../../pic32c/lib/thumb/v6-m/nofp\libg-musl.a(__stdio_write.o)
 .debug_ranges  0x0000000000000e00       0x20 c:/program files/microchip/xc32/v4.60/bin/bin/../../lib/gcc/pic32c/8.3.1/../../../../pic32c/lib/thumb/v6-m/nofp\libg-musl.a(__stdout.o)
 .debug_ranges  0x0000000000000e20       0x18 c:/program files/microchip/xc32/v4.60/bin/bin/../../lib/gcc/pic32c/8.3.1/../../../../pic32c/lib/thumb/v6-m/nofp\libg-musl.a(__towrite.o)
 .debug_ranges  0x0000000000000e38       0x10 c:/program files/microchip/xc32/v4.60/bin/bin/../../lib/gcc/pic32c/8.3.1/../../../../pic32c/lib/thumb/v6-m/nofp\libg-musl.a(writev.o)
 .debug_ranges  0x0000000000000e48       0x10 c:/program files/microchip/xc32/v4.60/bin/bin/../../lib/gcc/pic32c/8.3.1/../../../../pic32c/lib/thumb/v6-m/nofp\libg-musl.a(__overflow.o)
 .debug_ranges  0x0000000000000e58       0x18 c:/program files/microchip/xc32/v4.60/bin/bin/../../lib/gcc/pic32c/8.3.1/../../../../pic32c/lib/thumb/v6-m/nofp\libg-musl.a(__fwrite.o)
 .debug_ranges  0x0000000000000e70       0x10 c:/program files/microchip/xc32/v4.60/bin/bin/../../lib/gcc/pic32c/8.3.1/../../../../pic32c/lib/thumb/v6-m/nofp\libpic32c.a(close.o)