Archive member included to satisfy reference by file (symbol)

c:/program files/microchip/xc32/v4.60/bin/bin/../../lib/gcc/pic32c/8.3.1/../../../../pic32c/lib/thumb/v6-m/nofp\libpic32c.a(data_init.o)
                              build/SAMD21_IOT_WG_ICM42688/production/_ext/1832905403/startup_xc32.o (__pic32c_data_initialization)
c:/program files/microchip/xc32/v4.60/bin/bin/../../lib/gcc/pic32c/8.3.1/../../../../pic32c/lib/thumb/v6-m/nofp\libc-size-musl.a(memcpy.o)
                              build/SAMD21_IOT_WG_ICM42688/production/_ext/101005277/wdrv_winc_spi.o (memcpy)
c:/program files/microchip/xc32/v4.60/bin/bin/../../lib/gcc/pic32c/8.3.1/../../../../pic32c/lib/thumb/v6-m/nofp\libc-size-musl.a(memset.o)
                              build/SAMD21_IOT_WG_ICM42688/production/_ext/2048461350/icm42688_sensor.o (memset)
c:/program files/microchip/xc32/v4.60/bin/bin/../../lib/gcc/pic32c/8.3.1/../../../../pic32c/lib/thumb/v6-m/nofp\libc-size-musl.a(strlen.o)
                              build/SAMD21_IOT_WG_ICM42688/production/_ext/121554788/m2m_wifi.o (strlen)
c:/program files/microchip/xc32/v4.60/bin/bin/../../lib/gcc/pic32c/8.3.1/../../../../pic32c/lib/thumb/v6-m/nofp\libc-size-musl.a(strchr.o)
                              build/SAMD21_IOT_WG_ICM42688/production/_ext/907429946/wdrv_winc_sta.o (strchr)
c:/program files/microchip/xc32/v4.60/bin/bin/../../lib/gcc/pic32c/8.3.1/../../../../pic32c/lib/thumb/v6-m/nofp\libc-size-musl.a(strchrnul.o)
                              c:/program files/microchip/xc32/v4.60/bin/bin/../../lib/gcc/pic32c/8.3.1/../../../../pic32c/lib/thumb/v6-m/nofp\libc-size-musl.a(strchr.o) (__strchrnul)
c:/program files/microchip/xc32/v4.60/bin/bin/../../lib/gcc/pic32c/8.3.1/../../../../pic32c/lib/thumb/v6-m/nofp\libc-size-musl.a(strcmp.o)
                              build/SAMD21_IOT_WG_ICM42688/production/_ext/299863938/ssi_comms.o (strcmp)
c:/program files/microchip/xc32/v4.60/bin/bin/../../lib/gcc/pic32c/8.3.1/../../../../pic32c/lib/thumb/v6-m/nofp\libc-size-musl.a(strnlen.o)
                              build/SAMD21_IOT_WG_ICM42688/production/_ext/121554788/m2m_ota.o (strnlen)
c:/program files/microchip/xc32/v4.60/bin/bin/../../lib/gcc/pic32c/8.3.1/../../../../pic32c/lib/thumb/v6-m/nofp\libc-size-musl.a(memchr.o)
                              c:/program files/microchip/xc32/v4.60/bin/bin/../../lib/gcc/pic32c/8.3.1/../../../../pic32c/lib/thumb/v6-m/nofp\libc-size-musl.a(strnlen.o) (memchr)
c:/program files/microchip/xc32/v4.60/bin/bin/../../lib/gcc/pic32c/8.3.1/../../../../pic32c/lib/thumb/v6-m/nofp\liblmalloc-musl.a(lite_calloc.o)
                              build/SAMD21_IOT_WG_ICM42688/production/_ext/121554788/m2m_wifi.o (calloc)
c:/program files/microchip/xc32/v4.60/bin/bin/../../lib/gcc/pic32c/8.3.1/../../../../pic32c/lib/thumb/v6-m/nofp\liblmalloc-musl.a(lite_free.o)
                              build/SAMD21_IOT_WG_ICM42688/production/_ext/121554788/m2m_wifi.o (free)
c:/program files/microchip/xc32/v4.60/bin/bin/../../lib/gcc/pic32c/8.3.1/../../../../pic32c/lib/thumb/v6-m/nofp\liblmalloc-musl.a(lite_malloc.o)
                              c:/program files/microchip/xc32/v4.60/bin/bin/../../lib/gcc/pic32c/8.3.1/../../../../pic32c/lib/thumb/v6-m/nofp\liblmalloc-musl.a(lite_calloc.o) (__simple_malloc)
c:/program files/microchip/xc32/v4.60/bin/bin/../../lib/gcc/pic32c/8.3.1/../../../../pic32c/lib/thumb/v6-m/nofp\libm-fast-emfloat.a(pow.o)
                              build/SAMD21_IOT_WG_ICM42688/production/_ext/1341251756/Icm426xxSelfTest.o (pow)
c:/program files/microchip/xc32/v4.60/bin/bin/../../lib/gcc/pic32c/8.3.1/../../../../pic32c/lib/thumb/v6-m/nofp\libm-fast-emfloat.a(__aeabi_dadd.o)
                              build/SAMD21_IOT_WG_ICM42688/production/_ext/1341251756/Icm426xxSelfTest.o (__aeabi_dadd)
c:/program files/microchip/xc32/v4.60/bin/bin/../../lib/gcc/pic32c/8.3.1/../../../../pic32c/lib/thumb/v6-m/nofp\libm-fast-emfloat.a(__aeabi_dmul_aux.o)
                              build/SAMD21_IOT_WG_ICM42688/production/_ext/1341251756/Icm426xxSelfTest.o (__aeabi_dmul)
c:/program files/microchip/xc32/v4.60/bin/bin/../../lib/gcc/pic32c/8.3.1/../../../../pic32c/lib/thumb/v6-m/nofp\libm-fast-emfloat.a(__aeabi_fdiv.o)
                              build/SAMD21_IOT_WG_ICM42688/production/_ext/1341251756/Icm426xxSelfTest.o (__aeabi_fdiv)
c:/program files/microchip/xc32/v4.60/bin/bin/../../lib/gcc/pic32c/8.3.1/../../../../pic32c/lib/thumb/v6-m/nofp\libm-fast-emfloat.a(__aeabi_ddiv.o)
                              c:/program files/microchip/xc32/v4.60/bin/bin/../../lib/gcc/pic32c/8.3.1/../../../../pic32c/lib/thumb/v6-m/nofp\libm-fast-emfloat.a(pow.o) (__aeabi_ddiv)
c:/program files/microchip/xc32/v4.60/bin/bin/../../lib/gcc/pic32c/8.3.1/../../../../pic32c/lib/thumb/v6-m/nofp\libm-fast-emfloat.a(__aeabi_fcmple.o)
                              build/SAMD21_IOT_WG_ICM42688/production/_ext/1341251756/Icm426xxSelfTest.o (__aeabi_fcmple)
[...]
Memory Configuration

Name             Origin             Length             Attributes
rom              0x0000000000000000 0x0000000000040000 xrl
ram              0x0000000020000000 0x0000000000008000 xw !r
config_00804000  0x0000000000804000 0x0000000000000004
config_00804004  0x0000000000804004 0x0000000000000004
*default*        0x0000000000000000 0xffffffffffffffff

Linker script and memory map

LOAD c:/program files/microchip/xc32/v4.60/bin/bin/../../lib/gcc/pic32c/8.3.1/thumb/v6-m/nofp/crti.o
LOAD c:/program files/microchip/xc32/v4.60/bin/bin/../../lib/gcc/pic32c/8.3.1/thumb/v6-m/nofp/crtbegin.o
LOAD build/SAMD21_IOT_WG_ICM42688/production/_ext/2048461350/icm42688_sensor.o
LOAD build/SAMD21_IOT_WG_ICM42688/production/_ext/1660664302/drv_spi.o
LOAD build/SAMD21_IOT_WG_ICM42688/production/_ext/1164161090/wdrv_winc_gpio.o
LOAD build/SAMD21_IOT_WG_ICM42688/production/_ext/1164161090/wdrv_winc_eint.o
LOAD build/SAMD21_IOT_WG_ICM42688/production/_ext/101005277/wdrv_winc_spi.o
LOAD build/SAMD21_IOT_WG_ICM42688/production/_ext/90265895/nm_common.o
LOAD build/SAMD21_IOT_WG_ICM42688/production/_ext/121554788/m2m_ssl.o
LOAD build/SAMD21_IOT_WG_ICM42688/production/_ext/121554788/m2m_hif.o
LOAD build/SAMD21_IOT_WG_ICM42688/production/_ext/121554788/m2m_wifi.o
LOAD build/SAMD21_IOT_WG_ICM42688/production/_ext/121554788/nmspi.o
LOAD build/SAMD21_IOT_WG_ICM42688/production/_ext/121554788/nmdrv.o
LOAD build/SAMD21_IOT_WG_ICM42688/production/_ext/121554788/m2m_periph.o
LOAD build/SAMD21_IOT_WG_ICM42688/production/_ext/121554788/m2m_ota.o
LOAD build/SAMD21_IOT_WG_ICM42688/production/_ext/121554788/nmasic.o
LOAD build/SAMD21_IOT_WG_ICM42688/production/_ext/121554788/nmbus.o
LOAD build/SAMD21_IOT_WG_ICM42688/production/_ext/548032175/socket.o
LOAD build/SAMD21_IOT_WG_ICM42688/production/_ext/548032175/inet_addr.o
LOAD build/SAMD21_IOT_WG_ICM42688/production/_ext/548032175/inet_ntop.o
LOAD build/SAMD21_IOT_WG_ICM42688/production/_ext/609036575/flexible_flash.o
LOAD build/SAMD21_IOT_WG_ICM42688/production/_ext/609036575/spi_flash.o
LOAD build/SAMD21_IOT_WG_ICM42688/production/_ext/1784303044/wdrv_winc_osal.o
LOAD build/SAMD21_IOT_WG_ICM42688/production/_ext/907429946/wdrv_winc_softap.o
LOAD build/SAMD21_IOT_WG_ICM42688/production/_ext/907429946/wdrv_winc_bssfind.o
LOAD build/SAMD21_IOT_WG_ICM42688/production/_ext/907429946/wdrv_winc_sta.o
LOAD build/SAMD21_IOT_WG_ICM42688/production/_ext/907429946/wdrv_winc_wps.o
LOAD build/SAMD21_IOT_WG_ICM42688/production/_ext/907429946/wdrv_winc_assoc.o
LOAD build/SAMD21_IOT_WG_ICM42688/production/_ext/907429946/wdrv_winc_socket.o
LOAD build/SAMD21_IOT_WG_ICM42688/production/_ext/907429946/wdrv_winc_systime.o
LOAD build/SAMD21_IOT_WG_ICM42688/production/_ext/907429946/wdrv_winc_enterprise.o
LOAD build/SAMD21_IOT_WG_ICM42688/production/_ext/907429946/wdrv_winc_nvm.o
LOAD build/SAMD21_IOT_WG_ICM42688/production/_ext/907429946/wdrv_winc_httpprovctx.o
LOAD build/SAMD21_IOT_WG_ICM42688/production/_ext/907429946/wdrv_winc_powersave.o
LOAD build/SAMD21_IOT_WG_ICM42688/production/_ext/907429946/wdrv_winc_authctx.o
LOAD build/SAMD21_IOT_WG_ICM42688/production/_ext/907429946/wdrv_winc_ssl.o
LOAD build/SAMD21_IOT_WG_ICM42688/production/_ext/907429946/wdrv_winc_custie.o
LOAD build/SAMD21_IOT_WG_ICM42688/production/_ext/907429946/wdrv_winc_host_file.o
LOAD build/SAMD21_IOT_WG_ICM42688/production/_ext/907429946/wdrv_winc.o
LOAD build/SAMD21_IOT_WG_ICM42688/production/_ext/907429946/wdrv_winc_bssctx.o
LOAD build/SAMD21_IOT_WG_ICM42688/production/_ext/1750425231/plib_clock.o
LOAD build/SAMD21_IOT_WG_ICM42688/production/_ext/1580516298/plib_dmac.o
LOAD build/SAMD21_IOT_WG_ICM42688/production/_ext/503204096/plib_eic.o
LOAD build/SAMD21_IOT_WG_ICM42688/production/_ext/1752574717/plib_evsys.o
LOAD build/SAMD21_IOT_WG_ICM42688/production/_ext/1580823105/plib_nvic.o
LOAD build/SAMD21_IOT_WG_ICM42688/production/_ext/11470383/plib_nvmctrl.o
LOAD build/SAMD21_IOT_WG_ICM42688/production/_ext/1580876256/plib_port.o
LOAD build/SAMD21_IOT_WG_ICM42688/production/_ext/1014017276/plib_sercom0_spi_master.o
LOAD build/SAMD21_IOT_WG_ICM42688/production/_ext/1014017276/plib_sercom2_spi_master.o
LOAD build/SAMD21_IOT_WG_ICM42688/production/_ext/177673482/plib_sercom5_usart.o
LOAD build/SAMD21_IOT_WG_ICM42688/production/_ext/223004715/plib_systick.o
LOAD build/SAMD21_IOT_WG_ICM42688/production/_ext/399410062/plib_tc3.o
LOAD build/SAMD21_IOT_WG_ICM42688/production/_ext/399410062/plib_tc4.o
LOAD build/SAMD21_IOT_WG_ICM42688/production/_ext/1357625803/xc32_monitor.o
LOAD build/SAMD21_IOT_WG_ICM42688/production/_ext/1584719636/sys_dma.o
LOAD build/SAMD21_IOT_WG_ICM42688/production/_ext/1318297016/sys_int.o
LOAD build/SAMD21_IOT_WG_ICM42688/production/_ext/386530258/sys_time.o
LOAD build/SAMD21_IOT_WG_ICM42688/production/_ext/1832905403/initialization.o
LOAD build/SAMD21_IOT_WG_ICM42688/production/_ext/1832905403/interrupts.o
LOAD build/SAMD21_IOT_WG_ICM42688/production/_ext/1832905403/exceptions.o
LOAD build/SAMD21_IOT_WG_ICM42688/production/_ext/1832905403/startup_xc32.o
LOAD build/SAMD21_IOT_WG_ICM42688/production/_ext/1832905403/libc_syscalls.o
LOAD build/SAMD21_IOT_WG_ICM42688/production/_ext/1832905403/tasks.o
LOAD build/SAMD21_IOT_WG_ICM42688/production/_ext/1341251756/Icm426xxDriver_HL.o
LOAD build/SAMD21_IOT_WG_ICM42688/production/_ext/1341251756/Icm426xxDriver_HL_apex.o
LOAD build/SAMD21_IOT_WG_ICM42688/production/_ext/1341251756/Icm426xxSelfTest.o
LOAD build/SAMD21_IOT_WG_ICM42688/production/_ext/1341251756/Icm426xxTransport.o
LOAD build/SAMD21_IOT_WG_ICM42688/production/_ext/299863938/ssi_comms.o
LOAD build/SAMD21_IOT_WG_ICM42688/production/_ext/1360937237/main.o
LOAD build/SAMD21_IOT_WG_ICM42688/production/_ext/1360937237/ringbuffer.o
LOAD build/SAMD21_IOT_WG_ICM42688/production/_ext/1360937237/app.o
LOAD build/SAMD21_IOT_WG_ICM42688/production/_ext/1360937237/winc1500_tcp_client.o
                0x0000000000000001                __MPLAB_BUILD = 0x1
                0x0000000000040000                __rom_end = (ORIGIN (rom) + LENGTH (rom))
                0x0000000020008000                __ram_end = (ORIGIN (ram) + LENGTH (ram))

.config_00804000
                0x0000000000804000        0x4
 *(.config_00804000)
 .config_00804000
                0x0000000000804000        0x4 build/SAMD21_IOT_WG_ICM42688/production/_ext/1832905403/initialization.o
                0x0000000000804000                __config_00804000

.config_00804004
                0x0000000000804004        0x4
 *(.config_00804004)
 .config_00804004
                0x0000000000804004        0x4 build/SAMD21_IOT_WG_ICM42688/production/_ext/1832905403/initialization.o
                0x0000000000804004                __config_00804004

.vectors        0x0000000000000000       0xb0
                0x0000000000000000                . = ALIGN (0x4)
                0x0000000000000000                _sfixed = .
 *(.vectors .vectors.* .vectors_default .vectors_default.*)
 .vectors       0x0000000000000000       0xb0 build/SAMD21_IOT_WG_ICM42688/production/_ext/1832905403/interrupts.o
                0x0000000000000000                exception_table
 *(.isr_vector)
 *(.reset*)
 *(.after_vectors)

.text           0x00000000000000b0       0x20
                0x00000000000000b0                . = ALIGN (0x4)
 *(.glue_7t)
 .glue_7t       0x00000000000000b0        0x0 linker stubs
 *(.glue_7)
 .glue_7        0x00000000000000b0        0x0 linker stubs
 *(.gnu.linkonce.r.*)
 *(.ARM.extab* .gnu.linkonce.armextab.*)
                0x00000000000000b0                . = ALIGN (0x4)
 *(.init)
 .init          0x00000000000000b0        0x4 c:/program files/microchip/xc32/v4.60/bin/bin/../../lib/gcc/pic32c/8.3.1/thumb/v6-m/nofp/crti.o
                0x00000000000000b0                _init
 .init          0x00000000000000b4        0x8 c:/program files/microchip/xc32/v4.60/bin/bin/../../lib/gcc/pic32c/8.3.1/thumb/v6-m/nofp/crtn.o
                0x00000000000000bc                . = ALIGN (0x4)
                0x00000000000000bc                __preinit_array_start = .
 *(.preinit_array)
                0x00000000000000bc                __preinit_array_end = .
                0x00000000000000bc                . = ALIGN (0x4)
                0x00000000000000bc                __init_array_start = .
 *(SORT_BY_NAME(.init_array.*))
 *(.init_array)
 .init_array    0x00000000000000bc        0x4 c:/program files/microchip/xc32/v4.60/bin/bin/../../lib/gcc/pic32c/8.3.1/thumb/v6-m/nofp/crtbegin.o
                0x00000000000000c0                __init_array_end = .
                0x00000000000000c0                . = ALIGN (0x4)
 *crtbegin.o(.ctors)
 *(EXCLUDE_FILE(*crtend.o) .ctors)
 *(SORT_BY_NAME(.ctors.*))
 *crtend.o(.ctors)
                0x00000000000000c0                . = ALIGN (0x4)
 *(.fini)
 .fini          0x00000000000000c0        0x4 c:/program files/microchip/xc32/v4.60/bin/bin/../../lib/gcc/pic32c/8.3.1/thumb/v6-m/nofp/crti.o
                0x00000000000000c0                _fini
 .fini          0x00000000000000c4        0x8 c:/program files/microchip/xc32/v4.60/bin/bin/../../lib/gcc/pic32c/8.3.1/thumb/v6-m/nofp/crtn.o
                0x00000000000000cc                . = ALIGN (0x4)
                0x00000000000000cc                __fini_array_start = .
 *(.fini_array)
 .fini_array    0x00000000000000cc        0x4 c:/program files/microchip/xc32/v4.60/bin/bin/../../lib/gcc/pic32c/8.3.1/thumb/v6-m/nofp/crtbegin.o
 *(SORT_BY_NAME(.fini_array.*))
                0x00000000000000d0                __fini_array_end = .
 *crtbegin.o(.dtors)
 *(EXCLUDE_FILE(*crtend.o) .dtors)
 *(SORT_BY_NAME(.dtors.*))
 *crtend.o(.dtors)
                0x00000000000000d0                . = ALIGN (0x4)
                0x00000000000000d0                _efixed = .
                [!provide]                        PROVIDE (__exidx_start = .)

.ARM.exidx      0x00000000000000d0       0x10
 *(.ARM.exidx* .gnu.linkonce.armexidx.*)
 .ARM.exidx     0x00000000000000d8        0x8 c:/program files/microchip/xc32/v4.60/bin/bin/../../lib/gcc/pic32c/8.3.1/thumb/v6-m/nofp\libgcc.a(_udivmoddi4.o)
 .ARM.exidx     0x00000000000000d0        0x8 c:/program files/microchip/xc32/v4.60/bin/bin/../../lib/gcc/pic32c/8.3.1/thumb/v6-m/nofp\libgcc.a(_divdi3.o)
                [!provide]                        PROVIDE (__exidx_end = .)
                0x00000000000000e0                . = ALIGN (0x4)
                0x00000000000000e0                _etext = .

.bss            0x0000000020000000        0x0
                0x0000000020000000                . = ALIGN (0x4)
                0x0000000020000000                __bss_start__ = .
                0x0000000020000000                _sbss = .
                0x0000000020000000                _szero = .
 *(COMMON)
                0x0000000020000000                . = ALIGN (0x4)
                0x0000000020000000                __bss_end__ = .
                0x0000000020000000                _ebss = .
                0x0000000020000000                _ezero = .
                0x0000000020000000                . = ALIGN (0x4)
                0x0000000020000000                _end = .
                0x0000000020007fff                _ram_end_ = ((ORIGIN (ram) + LENGTH (ram)) - 0x1)
                0x0000000000000200                _min_heap_size = 0x200
START GROUP
LOAD c:/program files/microchip/xc32/v4.60/bin/bin/../../lib/gcc/pic32c/8.3.1/../../../../pic32c/lib/thumb/v6-m/nofp\libpic32c.a
LOAD c:/program files/microchip/xc32/v4.60/bin/bin/../../lib/gcc/pic32c/8.3.1/../../../../pic32c/lib/thumb/v6-m/nofp\libc-size-musl.a
LOAD c:/program files/microchip/xc32/v4.60/bin/bin/../../lib/gcc/pic32c/8.3.1/../../../../pic32c/lib/thumb/v6-m/nofp\liblmalloc-musl.a
LOAD c:/program files/microchip/xc32/v4.60/bin/bin/../../lib/gcc/pic32c/8.3.1/../../../../pic32c/lib/thumb/v6-m/nofp\libm-fast-emfloat.a
LOAD c:/program files/microchip/xc32/v4.60/bin/bin/../../lib/gcc/pic32c/8.3.1/../../../../pic32c/lib/thumb/v6-m/nofp\libm-musl.a
LOAD c:/program files/microchip/xc32/v4.60/bin/bin/../../lib/gcc/pic32c/8.3.1/../../../../pic32c/lib/thumb/v6-m/nofp\libc-musl.a
LOAD c:/program files/microchip/xc32/v4.60/bin/bin/../../lib/gcc/pic32c/8.3.1/../../../../pic32c/lib/thumb/v6-m/nofp\libm-fast-emfloat.a
LOAD c:/program files/microchip/xc32/v4.60/bin/bin/../../lib/gcc/pic32c/8.3.1/../../../../pic32c/lib/thumb/v6-m/nofp\libm-musl.a
LOAD c:/program files/microchip/xc32/v4.60/bin/bin/../../lib/gcc/pic32c/8.3.1/thumb/v6-m/nofp\libgcc.a
END GROUP
LOAD c:/program files/microchip/xc32/v4.60/bin/bin/../../lib/gcc/pic32c/8.3.1/thumb/v6-m/nofp/crtend.o
LOAD c:/program files/microchip/xc32/v4.60/bin/bin/../../lib/gcc/pic32c/8.3.1/thumb/v6-m/nofp/crtn.o
OUTPUT(dist/SAMD21_IOT_WG_ICM42688/production/samd21_iot_imu.X.production.elf elf32-littlearm)
LOAD data_init
LOAD stack

.ARM.attributes
                0x0000000000000000       0x2a
 .ARM.attributes
                0x0000000000000000       0x1e c:/program files/microchip/xc32/v4.60/bin/bin/../../lib/gcc/pic32c/8.3.1/thumb/v6-m/nofp/crti.o
 .ARM.attributes
                0x000000000000001e       0x2c c:/program files/microchip/xc32/v4.60/bin/bin/../../lib/gcc/pic32c/8.3.1/thumb/v6-m/nofp/crtbegin.o
 .ARM.attributes
                0x000000000000004a       0x2c build/SAMD21_IOT_WG_ICM42688/production/_ext/2048461350/icm42688_sensor.o
 .ARM.attributes
                0x0000000000000076       0x2c build/SAMD21_IOT_WG_ICM42688/production/_ext/1660664302/drv_spi.o
 .ARM.attributes
                0x00000000000000a2       0x2c build/SAMD21_IOT_WG_ICM42688/production/_ext/1164161090/wdrv_winc_gpio.o
 .ARM.attributes
                0x00000000000000ce       0x2c build/SAMD21_IOT_WG_ICM42688/production/_ext/1164161090/wdrv_winc_eint.o
 .ARM.attributes
                0x00000000000000fa       0x2c build/SAMD21_IOT_WG_ICM42688/production/_ext/101005277/wdrv_winc_spi.o
 .ARM.attributes
                0x0000000000000126       0x2c build/SAMD21_IOT_WG_ICM42688/production/_ext/90265895/nm_common.o
 .ARM.attributes
                0x0000000000000152       0x2c build/SAMD21_IOT_WG_ICM42688/production/_ext/121554788/m2m_ssl.o
 .ARM.attributes
                0x000000000000017e       0x2c build/SAMD21_IOT_WG_ICM42688/production/_ext/121554788/m2m_hif.o
 .ARM.attributes
                0x00000000000001aa       0x2c build/SAMD21_IOT_WG_ICM42688/production/_ext/121554788/m2m_wifi.o
 .ARM.attributes
                0x00000000000001d6       0x2c build/SAMD21_IOT_WG_ICM42688/production/_ext/121554788/nmspi.o
 .ARM.attributes
                0x0000000000000202       0x2c build/SAMD21_IOT_WG_ICM42688/production/_ext/121554788/nmdrv.o
 .ARM.attributes
                0x000000000000022e       0x2c build/SAMD21_IOT_WG_ICM42688/production/_ext/121554788/m2m_ota.o
 .ARM.attributes
                0x000000000000025a       0x2c build/SAMD21_IOT_WG_ICM42688/production/_ext/121554788/nmasic.o
 .ARM.attributes
                0x0000000000000286       0x2c build/SAMD21_IOT_WG_ICM42688/production/_ext/121554788/nmbus.o
 .ARM.attributes
                0x00000000000002b2       0x2c build/SAMD21_IOT_WG_ICM42688/production/_ext/548032175/socket.o
 .ARM.attributes
                0x00000000000002de       0x2c build/SAMD21_IOT_WG_ICM42688/production/_ext/548032175/inet_addr.o
 .ARM.attributes
                0x000000000000030a       0x2c build/SAMD21_IOT_WG_ICM42688/production/_ext/548032175/inet_ntop.o
 .ARM.attributes
                0x0000000000000336       0x2c build/SAMD21_IOT_WG_ICM42688/production/_ext/609036575/flexible_flash.o
 .ARM.attributes
                0x0000000000000362       0x2c build/SAMD21_IOT_WG_ICM42688/production/_ext/609036575/spi_flash.o
 .ARM.attributes
                0x000000000000038e       0x2c build/SAMD21_IOT_WG_ICM42688/production/_ext/1784303044/wdrv_winc_osal.o
 .ARM.attributes
                0x00000000000003ba       0x2c build/SAMD21_IOT_WG_ICM42688/production/_ext/907429946/wdrv_winc_sta.o
 .ARM.attributes
                0x00000000000003e6       0x2c build/SAMD21_IOT_WG_ICM42688/production/_ext/907429946/wdrv_winc_socket.o
 .ARM.attributes
                0x0000000000000412       0x2c build/SAMD21_IOT_WG_ICM42688/production/_ext/907429946/wdrv_winc_systime.o
 .ARM.attributes
                0x000000000000043e       0x2c build/SAMD21_IOT_WG_ICM42688/production/_ext/907429946/wdrv_winc_authctx.o
 .ARM.attributes
                0x000000000000046a       0x2c build/SAMD21_IOT_WG_ICM42688/production/_ext/907429946/wdrv_winc_host_file.o
 .ARM.attributes
                0x0000000000000496       0x2c build/SAMD21_IOT_WG_ICM42688/production/_ext/907429946/wdrv_winc.o
 .ARM.attributes
                0x00000000000004c2       0x2c build/SAMD21_IOT_WG_ICM42688/production/_ext/907429946/wdrv_winc_bssctx.o
 .ARM.attributes
                0x00000000000004ee       0x2c build/SAMD21_IOT_WG_ICM42688/production/_ext/1750425231/plib_clock.o
 .ARM.attributes
                0x000000000000051a       0x2c build/SAMD21_IOT_WG_ICM42688/production/_ext/1580516298/plib_dmac.o
 .ARM.attributes
                0x0000000000000546       0x2c build/SAMD21_IOT_WG_ICM42688/production/_ext/503204096/plib_eic.o
 .ARM.attributes
                0x0000000000000572       0x2c build/SAMD21_IOT_WG_ICM42688/production/_ext/1580823105/plib_nvic.o
 .ARM.attributes
                0x000000000000059e       0x2c build/SAMD21_IOT_WG_ICM42688/production/_ext/11470383/plib_nvmctrl.o
 .ARM.attributes
                0x00000000000005ca       0x2c build/SAMD21_IOT_WG_ICM42688/production/_ext/1580876256/plib_port.o
 .ARM.attributes
                0x00000000000005f6       0x2c build/SAMD21_IOT_WG_ICM42688/production/_ext/1014017276/plib_sercom0_spi_master.o
 .ARM.attributes
                0x0000000000000622       0x2c build/SAMD21_IOT_WG_ICM42688/production/_ext/1014017276/plib_sercom2_spi_master.o
 .ARM.attributes
                0x000000000000064e       0x2c build/SAMD21_IOT_WG_ICM42688/production/_ext/177673482/plib_sercom5_usart.o
 .ARM.attributes
                0x000000000000067a       0x2c build/SAMD21_IOT_WG_ICM42688/production/_ext/223004715/plib_systick.o
 .ARM.attributes
                0x00000000000006a6       0x2c build/SAMD21_IOT_WG_ICM42688/production/_ext/399410062/plib_tc3.o
 .ARM.attributes
                0x00000000000006d2       0x2c build/SAMD21_IOT_WG_ICM42688/production/_ext/399410062/plib_tc4.o
 .ARM.attributes
                0x00000000000006fe       0x2c build/SAMD21_IOT_WG_ICM42688/production/_ext/1357625803/xc32_monitor.o
 .ARM.attributes
                0x000000000000072a       0x2c build/SAMD21_IOT_WG_ICM42688/production/_ext/1584719636/sys_dma.o
 .ARM.attributes
                0x0000000000000756       0x2c build/SAMD21_IOT_WG_ICM42688/production/_ext/1318297016/sys_int.o
 .ARM.attributes
                0x0000000000000782       0x2c build/SAMD21_IOT_WG_ICM42688/production/_ext/386530258/sys_time.o
 .ARM.attributes
                0x00000000000007ae       0x2c build/SAMD21_IOT_WG_ICM42688/production/_ext/1832905403/initialization.o
 .ARM.attributes
                0x00000000000007da       0x2c build/SAMD21_IOT_WG_ICM42688/production/_ext/1832905403/interrupts.o
 .ARM.attributes
                0x0000000000000806       0x2c build/SAMD21_IOT_WG_ICM42688/production/_ext/1832905403/exceptions.o
 .ARM.attributes
                0x0000000000000832       0x2c build/SAMD21_IOT_WG_ICM42688/production/_ext/1832905403/startup_xc32.o
 .ARM.attributes
                0x000000000000085e       0x2c build/SAMD21_IOT_WG_ICM42688/production/_ext/1832905403/tasks.o
 .ARM.attributes
                0x000000000000088a       0x2c build/SAMD21_IOT_WG_ICM42688/production/_ext/1341251756/Icm426xxDriver_HL.o
 .ARM.attributes
                0x00000000000008b6       0x2c build/SAMD21_IOT_WG_ICM42688/production/_ext/1341251756/Icm426xxTransport.o
 .ARM.attributes
                0x00000000000008e2       0x2c build/SAMD21_IOT_WG_ICM42688/production/_ext/1360937237/main.o
 .ARM.attributes
                0x000000000000090e       0x2c build/SAMD21_IOT_WG_ICM42688/production/_ext/1360937237/ringbuffer.o
 .ARM.attributes
                0x000000000000093a       0x2c build/SAMD21_IOT_WG_ICM42688/production/_ext/1360937237/app.o
 .ARM.attributes
                0x0000000000000966       0x2c build/SAMD21_IOT_WG_ICM42688/production/_ext/1360937237/winc1500_tcp_client.o
 .ARM.attributes
                0x0000000000000992       0x2c c:/program files/microchip/xc32/v4.60/bin/bin/../../lib/gcc/pic32c/8.3.1/../../../../pic32c/lib/thumb/v6-m/nofp\libpic32c.a(data_init.o)
 .ARM.attributes
                0x00000000000009be       0x2e c:/program files/microchip/xc32/v4.60/bin/bin/../../lib/gcc/pic32c/8.3.1/../../../../pic32c/lib/thumb/v6-m/nofp\libc-size-musl.a(memcpy.o)
 .ARM.attributes
                0x00000000000009ec       0x2e c:/program files/microchip/xc32/v4.60/bin/bin/../../lib/gcc/pic32c/8.3.1/../../../../pic32c/lib/thumb/v6-m/nofp\libc-size-musl.a(memset.o)
 .ARM.attributes
                0x0000000000000a1a       0x2e c:/program files/microchip/xc32/v4.60/bin/bin/../../lib/gcc/pic32c/8.3.1/../../../../pic32c/lib/thumb/v6-m/nofp\libc-size-musl.a(strlen.o)
 .ARM.attributes
                0x0000000000000a48       0x2e c:/program files/microchip/xc32/v4.60/bin/bin/../../lib/gcc/pic32c/8.3.1/../../../../pic32c/lib/thumb/v6-m/nofp\libc-size-musl.a(strchr.o)
 .ARM.attributes
                0x0000000000000a76       0x2e c:/program files/microchip/xc32/v4.60/bin/bin/../../lib/gcc/pic32c/8.3.1/../../../../pic32c/lib/thumb/v6-m/nofp\libc-size-musl.a(strchrnul.o)
 .ARM.attributes
                0x0000000000000aa4       0x2e c:/program files/microchip/xc32/v4.60/bin/bin/../../lib/gcc/pic32c/8.3.1/../../../../pic32c/lib/thumb/v6-m/nofp\libc-size-musl.a(strnlen.o)
 .ARM.attributes
                0x0000000000000ad2       0x2e c:/program files/microchip/xc32/v4.60/bin/bin/../../lib/gcc/pic32c/8.3.1/../../../../pic32c/lib/thumb/v6-m/nofp\libc-size-musl.a(memchr.o)
 .ARM.attributes
                0x0000000000000b00       0x2e c:/program files/microchip/xc32/v4.60/bin/bin/../../lib/gcc/pic32c/8.3.1/../../../../pic32c/lib/thumb/v6-m/nofp\liblmalloc-musl.a(lite_calloc.o)
 .ARM.attributes
                0x0000000000000b2e       0x2e c:/program files/microchip/xc32/v4.60/bin/bin/../../lib/gcc/pic32c/8.3.1/../../../../pic32c/lib/thumb/v6-m/nofp\liblmalloc-musl.a(lite_free.o)
 .ARM.attributes
                0x0000000000000b5c       0x2e c:/program files/microchip/xc32/v4.60/bin/bin/../../lib/gcc/pic32c/8.3.1/../../../../pic32c/lib/thumb/v6-m/nofp\liblmalloc-musl.a(lite_malloc.o)
 .ARM.attributes
                0x0000000000000b8a       0x2e c:/program files/microchip/xc32/v4.60/bin/bin/../../lib/gcc/pic32c/8.3.1/../../../../pic32c/lib/thumb/v6-m/nofp\libc-musl.a(__libc_start_main.o)
 .ARM.attributes
                0x0000000000000bb8       0x2e c:/program files/microchip/xc32/v4.60/bin/bin/../../lib/gcc/pic32c/8.3.1/../../../../pic32c/lib/thumb/v6-m/nofp\libc-musl.a(__errno_location.o)
 .ARM.attributes
                0x0000000000000be6       0x2e c:/program files/microchip/xc32/v4.60/bin/bin/../../lib/gcc/pic32c/8.3.1/../../../../pic32c/lib/thumb/v6-m/nofp\libc-musl.a(libc.o)
 .ARM.attributes
                0x0000000000000c14       0x2e c:/program files/microchip/xc32/v4.60/bin/bin/../../lib/gcc/pic32c/8.3.1/../../../../pic32c/lib/thumb/v6-m/nofp\libc-musl.a(expand_heap.o)
 .ARM.attributes
                0x0000000000000c42       0x2e c:/program files/microchip/xc32/v4.60/bin/bin/../../lib/gcc/pic32c/8.3.1/../../../../pic32c/lib/thumb/v6-m/nofp\libc-musl.a(__sio_printf_cdnsu.o)
 .ARM.attributes
                0x0000000000000c70       0x2e c:/program files/microchip/xc32/v4.60/bin/bin/../../lib/gcc/pic32c/8.3.1/../../../../pic32c/lib/thumb/v6-m/nofp\libc-musl.a(__fmt_d.o)
 .ARM.attributes
                0x0000000000000c9e       0x2e c:/program files/microchip/xc32/v4.60/bin/bin/../../lib/gcc/pic32c/8.3.1/../../../../pic32c/lib/thumb/v6-m/nofp\libc-musl.a(__fmt_s.o)
 .ARM.attributes
                0x0000000000000ccc       0x2e c:/program files/microchip/xc32/v4.60/bin/bin/../../lib/gcc/pic32c/8.3.1/../../../../pic32c/lib/thumb/v6-m/nofp\libc-musl.a(__fmt_u.o)
 .ARM.attributes
                0x0000000000000cfa       0x2e c:/program files/microchip/xc32/v4.60/bin/bin/../../lib/gcc/pic32c/8.3.1/../../../../pic32c/lib/thumb/v6-m/nofp\libc-musl.a(__pop_int.o)
 .ARM.attributes
                0x0000000000000d28       0x2e c:/program files/microchip/xc32/v4.60/bin/bin/../../lib/gcc/pic32c/8.3.1/../../../../pic32c/lib/thumb/v6-m/nofp\libc-musl.a(__pop_ptr.o)
 .ARM.attributes
                0x0000000000000d56       0x2e c:/program files/microchip/xc32/v4.60/bin/bin/../../lib/gcc/pic32c/8.3.1/../../../../pic32c/lib/thumb/v6-m/nofp\libc-musl.a(__printf_core.o)
 .ARM.attributes
                0x0000000000000d84       0x2e c:/program files/microchip/xc32/v4.60/bin/bin/../../lib/gcc/pic32c/8.3.1/../../../../pic32c/lib/thumb/v6-m/nofp\libc-musl.a(stdin.o)
 .ARM.attributes
                0x0000000000000db2       0x2e c:/program files/microchip/xc32/v4.60/bin/bin/../../lib/gcc/pic32c/8.3.1/../../../../pic32c/lib/thumb/v6-m/nofp\libc-musl.a(stdout.o)
 .ARM.attributes
                0x0000000000000de0       0x2e c:/program files/microchip/xc32/v4.60/bin/bin/../../lib/gcc/pic32c/8.3.1/../../../../pic32c/lib/thumb/v6-m/nofp\libc-musl.a(puts.o)
 .ARM.attributes
                0x0000000000000e0e       0x2e c:/program files/microchip/xc32/v4.60/bin/bin/../../lib/gcc/pic32c/8.3.1/../../../../pic32c/lib/thumb/v6-m/nofp\libc-musl.a(setbuf.o)
 .ARM.attributes
                0x0000000000000e3c       0x2e c:/program files/microchip/xc32/v4.60/bin/bin/../../lib/gcc/pic32c/8.3.1/../../../../pic32c/lib/thumb/v6-m/nofp\libc-musl.a(atoi.o)
 .ARM.attributes
                0x0000000000000e6a       0x2e c:/program files/microchip/xc32/v4.60/bin/bin/../../lib/gcc/pic32c/8.3.1/../../../../pic32c/lib/thumb/v6-m/nofp\libc-musl.a(gmtime.o)
 .ARM.attributes
                0x0000000000000e98       0x2e c:/program files/microchip/xc32/v4.60/bin/bin/../../lib/gcc/pic32c/8.3.1/../../../../pic32c/lib/thumb/v6-m/nofp\libc-musl.a(gmtime_r.o)
 .ARM.attributes
                0x0000000000000ec6       0x2e c:/program files/microchip/xc32/v4.60/bin/bin/../../lib/gcc/pic32c/8.3.1/../../../../pic32c/lib/thumb/v6-m/nofp\libc-musl.a(mktime.o)
 .ARM.attributes
                0x0000000000000ef4       0x2e c:/program files/microchip/xc32/v4.60/bin/bin/../../lib/gcc/pic32c/8.3.1/../../../../pic32c/lib/thumb/v6-m/nofp\libc-musl.a(tolower.o)
 .ARM.attributes
                0x0000000000000f22       0x2e c:/program files/microchip/xc32/v4.60/bin/bin/../../lib/gcc/pic32c/8.3.1/../../../../pic32c/lib/thumb/v6-m/nofp\libc-musl.a(__environ.o)
 .ARM.attributes
                0x0000000000000f50       0x2e c:/program files/microchip/xc32/v4.60/bin/bin/../../lib/gcc/pic32c/8.3.1/../../../../pic32c/lib/thumb/v6-m/nofp\libc-musl.a(__int_vfprintf.o)
 .ARM.attributes
                0x0000000000000f7e       0x2e c:/program files/microchip/xc32/v4.60/bin/bin/../../lib/gcc/pic32c/8.3.1/../../../../pic32c/lib/thumb/v6-m/nofp\libc-musl.a(fputs.o)
 .ARM.attributes
                0x0000000000000fac       0x2e c:/program files/microchip/xc32/v4.60/bin/bin/../../lib/gcc/pic32c/8.3.1/../../../../pic32c/lib/thumb/v6-m/nofp\libc-musl.a(__cvt_u.o)
 .ARM.attributes
                0x0000000000000fda       0x2e c:/program files/microchip/xc32/v4.60/bin/bin/../../lib/gcc/pic32c/8.3.1/../../../../pic32c/lib/thumb/v6-m/nofp\libc-musl.a(__pop_float.o)
 .ARM.attributes
                0x0000000000001008       0x2e c:/program files/microchip/xc32/v4.60/bin/bin/../../lib/gcc/pic32c/8.3.1/../../../../pic32c/lib/thumb/v6-m/nofp\libc-musl.a(__stdio_read.o)
 .ARM.attributes
                0x0000000000001036       0x2e c:/program files/microchip/xc32/v4.60/bin/bin/../../lib/gcc/pic32c/8.3.1/../../../../pic32c/lib/thumb/v6-m/nofp\libc-musl.a(__towrite_rw.o)
 .ARM.attributes
                0x0000000000001064       0x2e c:/program files/microchip/xc32/v4.60/bin/bin/../../lib/gcc/pic32c/8.3.1/../../../../pic32c/lib/thumb/v6-m/nofp\libc-musl.a(fwrite.o)
 .ARM.attributes
                0x0000000000001092       0x2e c:/program files/microchip/xc32/v4.60/bin/bin/../../lib/gcc/pic32c/8.3.1/../../../../pic32c/lib/thumb/v6-m/nofp\libc-musl.a(putc.o)
 .ARM.attributes
                0x00000000000010c0       0x2e c:/program files/microchip/xc32/v4.60/bin/bin/../../lib/gcc/pic32c/8.3.1/../../../../pic32c/lib/thumb/v6-m/nofp\libc-musl.a(setvbuf.o)
 .ARM.attributes
                0x00000000000010ee       0x2e c:/program files/microchip/xc32/v4.60/bin/bin/../../lib/gcc/pic32c/8.3.1/../../../../pic32c/lib/thumb/v6-m/nofp\libc-musl.a(__tm_to_secs.o)
 .ARM.attributes
                0x000000000000111c       0x2e c:/program files/microchip/xc32/v4.60/bin/bin/../../lib/gcc/pic32c/8.3.1/../../../../pic32c/lib/thumb/v6-m/nofp\libc-musl.a(__year_to_secs.o)
 .ARM.attributes
                0x000000000000114a       0x2e c:/program files/microchip/xc32/v4.60/bin/bin/../../lib/gcc/pic32c/8.3.1/../../../../pic32c/lib/thumb/v6-m/nofp\libc-musl.a(__secs_to_tm.o)
 .ARM.attributes
                0x0000000000001178       0x2e c:/program files/microchip/xc32/v4.60/bin/bin/../../lib/gcc/pic32c/8.3.1/../../../../pic32c/lib/thumb/v6-m/nofp\libc-musl.a(readv.o)
 .ARM.attributes
                0x00000000000011a6       0x2e c:/program files/microchip/xc32/v4.60/bin/bin/../../lib/gcc/pic32c/8.3.1/../../../../pic32c/lib/thumb/v6-m/nofp\libc-musl.a(__init_stdio.o)
 .ARM.attributes
                0x00000000000011d4       0x2e c:/program files/microchip/xc32/v4.60/bin/bin/../../lib/gcc/pic32c/8.3.1/../../../../pic32c/lib/thumb/v6-m/nofp\libc-musl.a(__out.o)
 .ARM.attributes
                0x0000000000001202       0x2e c:/program files/microchip/xc32/v4.60/bin/bin/../../lib/gcc/pic32c/8.3.1/../../../../pic32c/lib/thumb/v6-m/nofp\libc-musl.a(__putc.o)
 .ARM.attributes
                0x0000000000001230       0x2e c:/program files/microchip/xc32/v4.60/bin/bin/../../lib/gcc/pic32c/8.3.1/../../../../pic32c/lib/thumb/v6-m/nofp\libc-musl.a(__stderr.o)
 .ARM.attributes
                0x000000000000125e       0x2e c:/program files/microchip/xc32/v4.60/bin/bin/../../lib/gcc/pic32c/8.3.1/../../../../pic32c/lib/thumb/v6-m/nofp\libc-musl.a(__stdio_close.o)
 .ARM.attributes
                0x000000000000128c       0x2e c:/program files/microchip/xc32/v4.60/bin/bin/../../lib/gcc/pic32c/8.3.1/../../../../pic32c/lib/thumb/v6-m/nofp\libc-musl.a(__stdio_write.o)
 .ARM.attributes
                0x00000000000012ba       0x2e c:/program files/microchip/xc32/v4.60/bin/bin/../../lib/gcc/pic32c/8.3.1/../../../../pic32c/lib/thumb/v6-m/nofp\libc-musl.a(__stdout.o)
 .ARM.attributes
                0x00000000000012e8       0x2e c:/program files/microchip/xc32/v4.60/bin/bin/../../lib/gcc/pic32c/8.3.1/../../../../pic32c/lib/thumb/v6-m/nofp\libc-musl.a(__towrite.o)
 .ARM.attributes
                0x0000000000001316       0x2e c:/program files/microchip/xc32/v4.60/bin/bin/../../lib/gcc/pic32c/8.3.1/../../../../pic32c/lib/thumb/v6-m/nofp\libc-musl.a(__month_to_secs.o)
 .ARM.attributes
                0x0000000000001344       0x2e c:/program files/microchip/xc32/v4.60/bin/bin/../../lib/gcc/pic32c/8.3.1/../../../../pic32c/lib/thumb/v6-m/nofp\libc-musl.a(writev.o)
 .ARM.attributes
                0x0000000000001372       0x2e c:/program files/microchip/xc32/v4.60/bin/bin/../../lib/gcc/pic32c/8.3.1/../../../../pic32c/lib/thumb/v6-m/nofp\libc-musl.a(__overflow.o)
 .ARM.attributes
                0x00000000000013a0       0x2e c:/program files/microchip/xc32/v4.60/bin/bin/../../lib/gcc/pic32c/8.3.1/../../../../pic32c/lib/thumb/v6-m/nofp\libc-musl.a(__fwrite.o)
 .ARM.attributes
                0x00000000000013ce       0x1e c:/program files/microchip/xc32/v4.60/bin/bin/../../lib/gcc/pic32c/8.3.1/thumb/v6-m/nofp\libgcc.a(_udivsi3.o)
 .ARM.attributes
                0x00000000000013ec       0x1e c:/program files/microchip/xc32/v4.60/bin/bin/../../lib/gcc/pic32c/8.3.1/thumb/v6-m/nofp\libgcc.a(_divsi3.o)
 .ARM.attributes
                0x000000000000140a       0x1e c:/program files/microchip/xc32/v4.60/bin/bin/../../lib/gcc/pic32c/8.3.1/thumb/v6-m/nofp\libgcc.a(_dvmd_tls.o)
 .ARM.attributes
                0x0000000000001428       0x1e c:/program files/microchip/xc32/v4.60/bin/bin/../../lib/gcc/pic32c/8.3.1/thumb/v6-m/nofp\libgcc.a(_aeabi_ldivmod.o)
 .ARM.attributes
                0x0000000000001446       0x1e c:/program files/microchip/xc32/v4.60/bin/bin/../../lib/gcc/pic32c/8.3.1/thumb/v6-m/nofp\libgcc.a(_aeabi_uldivmod.o)
 .ARM.attributes
                0x0000000000001464       0x2c c:/program files/microchip/xc32/v4.60/bin/bin/../../lib/gcc/pic32c/8.3.1/thumb/v6-m/nofp\libgcc.a(_muldi3.o)
 .ARM.attributes
                0x0000000000001490       0x2c c:/program files/microchip/xc32/v4.60/bin/bin/../../lib/gcc/pic32c/8.3.1/thumb/v6-m/nofp\libgcc.a(_udivmoddi4.o)
 .ARM.attributes
                0x00000000000014bc       0x2c c:/program files/microchip/xc32/v4.60/bin/bin/../../lib/gcc/pic32c/8.3.1/thumb/v6-m/nofp\libgcc.a(bpabi.o)
 .ARM.attributes
                0x00000000000014e8       0x1e c:/program files/microchip/xc32/v4.60/bin/bin/../../lib/gcc/pic32c/8.3.1/thumb/v6-m/nofp\libgcc.a(_lshrdi3.o)
 .ARM.attributes
                0x0000000000001506       0x1e c:/program files/microchip/xc32/v4.60/bin/bin/../../lib/gcc/pic32c/8.3.1/thumb/v6-m/nofp\libgcc.a(_ashldi3.o)
 .ARM.attributes
                0x0000000000001524       0x1e c:/program files/microchip/xc32/v4.60/bin/bin/../../lib/gcc/pic32c/8.3.1/thumb/v6-m/nofp\libgcc.a(_clzdi2.o)
 .ARM.attributes
                0x0000000000001542       0x2c c:/program files/microchip/xc32/v4.60/bin/bin/../../lib/gcc/pic32c/8.3.1/thumb/v6-m/nofp\libgcc.a(_divdi3.o)
 .ARM.attributes
                0x000000000000156e       0x1e c:/program files/microchip/xc32/v4.60/bin/bin/../../lib/gcc/pic32c/8.3.1/thumb/v6-m/nofp\libgcc.a(_clzsi2.o)
 .ARM.attributes
                0x000000000000158c       0x2c c:/program files/microchip/xc32/v4.60/bin/bin/../../lib/gcc/pic32c/8.3.1/../../../../pic32c/lib/thumb/v6-m/nofp\libpic32c.a(close.o)
 .ARM.attributes
                0x00000000000015b8       0x2c c:/program files/microchip/xc32/v4.60/bin/bin/../../lib/gcc/pic32c/8.3.1/../../../../pic32c/lib/thumb/v6-m/nofp\libpic32c.a(lseek.o)
 .ARM.attributes
                0x00000000000015e4       0x2c c:/program files/microchip/xc32/v4.60/bin/bin/../../lib/gcc/pic32c/8.3.1/../../../../pic32c/lib/thumb/v6-m/nofp\libpic32c.a(sbrk.o)
 .ARM.attributes
                0x0000000000001610       0x1e c:/program files/microchip/xc32/v4.60/bin/bin/../../lib/gcc/pic32c/8.3.1/thumb/v6-m/nofp/crtn.o
 .ARM.attributes
                0x000000000000162e       0x2c c:/program files/microchip/xc32/v4.60/bin/bin/../../lib/gcc/pic32c/8.3.1/../../../../pic32c/lib/thumb/v6-m/nofp\libpic32c.a(pic32_data_init_clear.o)
 .ARM.attributes
                0x000000000000165a       0x2c c:/program files/microchip/xc32/v4.60/bin/bin/../../lib/gcc/pic32c/8.3.1/../../../../pic32c/lib/thumb/v6-m/nofp\libpic32c.a(pic32_data_init_copy.o)

.comment        0x0000000000000000       0x2b
 .comment       0x0000000000000000       0x2b c:/program files/microchip/xc32/v4.60/bin/bin/../../lib/gcc/pic32c/8.3.1/thumb/v6-m/nofp/crtbegin.o
                                         0x2c (size before relaxing)
 .comment       0x000000000000002b       0x2c build/SAMD21_IOT_WG_ICM42688/production/_ext/2048461350/icm42688_sensor.o
 .comment       0x000000000000002b       0x2c build/SAMD21_IOT_WG_ICM42688/production/_ext/1660664302/drv_spi.o
 .comment       0x000000000000002b       0x2c build/SAMD21_IOT_WG_ICM42688/production/_ext/1164161090/wdrv_winc_gpio.o
 .comment       0x000000000000002b       0x2c build/SAMD21_IOT_WG_ICM42688/production/_ext/1164161090/wdrv_winc_eint.o
 .comment       0x000000000000002b       0x2c build/SAMD21_IOT_WG_ICM42688/production/_ext/101005277/wdrv_winc_spi.o
 .comment       0x000000000000002b       0x2c build/SAMD21_IOT_WG_ICM42688/production/_ext/90265895/nm_common.o
 .comment       0x000000000000002b       0x2c build/SAMD21_IOT_WG_ICM42688/production/_ext/121554788/m2m_ssl.o
 .comment       0x000000000000002b       0x2c build/SAMD21_IOT_WG_ICM42688/production/_ext/121554788/m2m_hif.o
 .comment       0x000000000000002b       0x2c build/SAMD21_IOT_WG_ICM42688/production/_ext/121554788/m2m_wifi.o
 .comment       0x000000000000002b       0x2c build/SAMD21_IOT_WG_ICM42688/production/_ext/121554788/nmspi.o
 .comment       0x000000000000002b       0x2c build/SAMD21_IOT_WG_ICM42688/production/_ext/121554788/nmdrv.o
 .comment       0x000000000000002b       0x2c build/SAMD21_IOT_WG_ICM42688/production/_ext/121554788/m2m_ota.o
 .comment       0x000000000000002b       0x2c build/SAMD21_IOT_WG_ICM42688/production/_ext/121554788/nmasic.o
 .comment       0x000000000000002b       0x2c build/SAMD21_IOT_WG_ICM42688/production/_ext/121554788/nmbus.o
 .comment       0x000000000000002b       0x2c build/SAMD21_IOT_WG_ICM42688/production/_ext/548032175/socket.o
 .comment       0x000000000000002b       0x2c build/SAMD21_IOT_WG_ICM42688/production/_ext/548032175/inet_addr.o
 .comment       0x000000000000002b       0x2c build/SAMD21_IOT_WG_ICM42688/production/_ext/548032175/inet_ntop.o
 .comment       0x000000000000002b       0x2c build/SAMD21_IOT_WG_ICM42688/production/_ext/609036575/flexible_flash.o
 .comment       0x000000000000002b       0x2c build/SAMD21_IOT_WG_ICM42688/production/_ext/609036575/spi_flash.o
 .comment       0x000000000000002b       0x2c build/SAMD21_IOT_WG_ICM42688/production/_ext/1784303044/wdrv_winc_osal.o
 .comment       0x000000000000002b       0x2c build/SAMD21_IOT_WG_ICM42688/production/_ext/907429946/wdrv_winc_sta.o
 .comment       0x000000000000002b       0x2c build/SAMD21_IOT_WG_ICM42688/production/_ext/907429946/wdrv_winc_socket.o
 .comment       0x000000000000002b       0x2c build/SAMD21_IOT_WG_ICM42688/production/_ext/907429946/wdrv_winc_systime.o
 .comment       0x000000000000002b       0x2c build/SAMD21_IOT_WG_ICM42688/production/_ext/907429946/wdrv_winc_authctx.o
 .comment       0x000000000000002b       0x2c build/SAMD21_IOT_WG_ICM42688/production/_ext/907429946/wdrv_winc_host_file.o
 .comment       0x000000000000002b       0x2c build/SAMD21_IOT_WG_ICM42688/production/_ext/907429946/wdrv_winc.o
 .comment       0x000000000000002b       0x2c build/SAMD21_IOT_WG_ICM42688/production/_ext/907429946/wdrv_winc_bssctx.o
 .comment       0x000000000000002b       0x2c build/SAMD21_IOT_WG_ICM42688/production/_ext/1750425231/plib_clock.o
 .comment       0x000000000000002b       0x2c build/SAMD21_IOT_WG_ICM42688/production/_ext/1580516298/plib_dmac.o
 .comment       0x000000000000002b       0x2c build/SAMD21_IOT_WG_ICM42688/production/_ext/503204096/plib_eic.o
 .comment       0x000000000000002b       0x2c build/SAMD21_IOT_WG_ICM42688/production/_ext/1580823105/plib_nvic.o
 .comment       0x000000000000002b       0x2c build/SAMD21_IOT_WG_ICM42688/production/_ext/11470383/plib_nvmctrl.o
 .comment       0x000000000000002b       0x2c build/SAMD21_IOT_WG_ICM42688/production/_ext/1580876256/plib_port.o
 .comment       0x000000000000002b       0x2c build/SAMD21_IOT_WG_ICM42688/production/_ext/1014017276/plib_sercom0_spi_master.o
 .comment       0x000000000000002b       0x2c build/SAMD21_IOT_WG_ICM42688/production/_ext/1014017276/plib_sercom2_spi_master.o
 .comment       0x000000000000002b       0x2c build/SAMD21_IOT_WG_ICM42688/production/_ext/177673482/plib_sercom5_usart.o
 .comment       0x000000000000002b       0x2c build/SAMD21_IOT_WG_ICM42688/production/_ext/223004715/plib_systick.o
 .comment       0x000000000000002b       0x2c build/SAMD21_IOT_WG_ICM42688/production/_ext/399410062/plib_tc3.o
 .comment       0x000000000000002b       0x2c build/SAMD21_IOT_WG_ICM42688/production/_ext/399410062/plib_tc4.o
 .comment       0x000000000000002b       0x2c build/SAMD21_IOT_WG_ICM42688/production/_ext/1357625803/xc32_monitor.o
 .comment       0x000000000000002b       0x2c build/SAMD21_IOT_WG_ICM42688/production/_ext/1584719636/sys_dma.o
 .comment       0x000000000000002b       0x2c build/SAMD21_IOT_WG_ICM42688/production/_ext/1318297016/sys_int.o
 .comment       0x000000000000002b       0x2c build/SAMD21_IOT_WG_ICM42688/production/_ext/386530258/sys_time.o
 .comment       0x000000000000002b       0x2c build/SAMD21_IOT_WG_ICM42688/production/_ext/1832905403/initialization.o
 .comment       0x000000000000002b       0x2c build/SAMD21_IOT_WG_ICM42688/production/_ext/1832905403/interrupts.o
 .comment       0x000000000000002b       0x2c build/SAMD21_IOT_WG_ICM42688/production/_ext/1832905403/exceptions.o
 .comment       0x000000000000002b       0x2c build/SAMD21_IOT_WG_ICM42688/production/_ext/1832905403/startup_xc32.o
 .comment       0x000000000000002b       0x2c build/SAMD21_IOT_WG_ICM42688/production/_ext/1832905403/tasks.o
 .comment       0x000000000000002b       0x2c build/SAMD21_IOT_WG_ICM42688/production/_ext/1341251756/Icm426xxDriver_HL.o
 .comment       0x000000000000002b       0x2c build/SAMD21_IOT_WG_ICM42688/production/_ext/1341251756/Icm426xxTransport.o
 .comment       0x000000000000002b       0x2c build/SAMD21_IOT_WG_ICM42688/production/_ext/1360937237/main.o
 .comment       0x000000000000002b       0x2c build/SAMD21_IOT_WG_ICM42688/production/_ext/1360937237/ringbuffer.o
 .comment       0x000000000000002b       0x2c build/SAMD21_IOT_WG_ICM42688/production/_ext/1360937237/app.o
 .comment       0x000000000000002b       0x2c build/SAMD21_IOT_WG_ICM42688/production/_ext/1360937237/winc1500_tcp_client.o
 .comment       0x000000000000002b       0x2c c:/program files/microchip/xc32/v4.60/bin/bin/../../lib/gcc/pic32c/8.3.1/../../../../pic32c/lib/thumb/v6-m/nofp\libpic32c.a(data_init.o)
 .comment       0x000000000000002b       0x2c c:/program files/microchip/xc32/v4.60/bin/bin/../../lib/gcc/pic32c/8.3.1/../../../../pic32c/lib/thumb/v6-m/nofp\libc-size-musl.a(memcpy.o)
 .comment       0x000000000000002b       0x2c c:/program files/microchip/xc32/v4.60/bin/bin/../../lib/gcc/pic32c/8.3.1/../../../../pic32c/lib/thumb/v6-m/nofp\libc-size-musl.a(memset.o)
 .comment       0x000000000000002b       0x2c c:/program files/microchip/xc32/v4.60/bin/bin/../../lib/gcc/pic32c/8.3.1/../../../../pic32c/lib/thumb/v6-m/nofp\libc-size-musl.a(strlen.o)
 .comment       0x000000000000002b       0x2c c:/program files/microchip/xc32/v4.60/bin/bin/../../lib/gcc/pic32c/8.3.1/../../../../pic32c/lib/thumb/v6-m/nofp\libc-size-musl.a(strchr.o)
 .comment       0x000000000000002b       0x2c c:/program files/microchip/xc32/v4.60/bin/bin/../../lib/gcc/pic32c/8.3.1/../../../../pic32c/lib/thumb/v6-m/nofp\libc-size-musl.a(strchrnul.o)
 .comment       0x000000000000002b       0x2c c:/program files/microchip/xc32/v4.60/bin/bin/../../lib/gcc/pic32c/8.3.1/../../../../pic32c/lib/thumb/v6-m/nofp\libc-size-musl.a(strnlen.o)
 .comment       0x000000000000002b       0x2c c:/program files/microchip/xc32/v4.60/bin/bin/../../lib/gcc/pic32c/8.3.1/../../../../pic32c/lib/thumb/v6-m/nofp\libc-size-musl.a(memchr.o)
 .comment       0x000000000000002b       0x2c c:/program files/microchip/xc32/v4.60/bin/bin/../../lib/gcc/pic32c/8.3.1/../../../../pic32c/lib/thumb/v6-m/nofp\liblmalloc-musl.a(lite_calloc.o)
 .comment       0x000000000000002b       0x2c c:/program files/microchip/xc32/v4.60/bin/bin/../../lib/gcc/pic32c/8.3.1/../../../../pic32c/lib/thumb/v6-m/nofp\liblmalloc-musl.a(lite_free.o)
 .comment       0x000000000000002b       0x2c c:/program files/microchip/xc32/v4.60/bin/bin/../../lib/gcc/pic32c/8.3.1/../../../../pic32c/lib/thumb/v6-m/nofp\liblmalloc-musl.a(lite_malloc.o)
 .comment       0x000000000000002b       0x2c c:/program files/microchip/xc32/v4.60/bin/bin/../../lib/gcc/pic32c/8.3.1/../../../../pic32c/lib/thumb/v6-m/nofp\libc-musl.a(__libc_start_main.o)
 .comment       0x000000000000002b       0x2c c:/program files/microchip/xc32/v4.60/bin/bin/../../lib/gcc/pic32c/8.3.1/../../../../pic32c/lib/thumb/v6-m/nofp\libc-musl.a(__errno_location.o)
 .comment       0x000000000000002b       0x2c c:/program files/microchip/xc32/v4.60/bin/bin/../../lib/gcc/pic32c/8.3.1/../../../../pic32c/lib/thumb/v6-m/nofp\libc-musl.a(libc.o)
 .comment       0x000000000000002b       0x2c c:/program files/microchip/xc32/v4.60/bin/bin/../../lib/gcc/pic32c/8.3.1/../../../../pic32c/lib/thumb/v6-m/nofp\libc-musl.a(expand_heap.o)
 .comment       0x000000000000002b       0x2c c:/program files/microchip/xc32/v4.60/bin/bin/../../lib/gcc/pic32c/8.3.1/../../../../pic32c/lib/thumb/v6-m/nofp\libc-musl.a(__sio_printf_cdnsu.o)
 .comment       0x000000000000002b       0x2c c:/program files/microchip/xc32/v4.60/bin/bin/../../lib/gcc/pic32c/8.3.1/../../../../pic32c/lib/thumb/v6-m/nofp\libc-musl.a(__fmt_d.o)
 .comment       0x000000000000002b       0x2c c:/program files/microchip/xc32/v4.60/bin/bin/../../lib/gcc/pic32c/8.3.1/../../../../pic32c/lib/thumb/v6-m/nofp\libc-musl.a(__fmt_s.o)
 .comment       0x000000000000002b       0x2c c:/program files/microchip/xc32/v4.60/bin/bin/../../lib/gcc/pic32c/8.3.1/../../../../pic32c/lib/thumb/v6-m/nofp\libc-musl.a(__fmt_u.o)
 .comment       0x000000000000002b       0x2c c:/program files/microchip/xc32/v4.60/bin/bin/../../lib/gcc/pic32c/8.3.1/../../../../pic32c/lib/thumb/v6-m/nofp\libc-musl.a(__pop_int.o)
 .comment       0x000000000000002b       0x2c c:/program files/microchip/xc32/v4.60/bin/bin/../../lib/gcc/pic32c/8.3.1/../../../../pic32c/lib/thumb/v6-m/nofp\libc-musl.a(__pop_ptr.o)
 .comment       0x000000000000002b       0x2c c:/program files/microchip/xc32/v4.60/bin/bin/../../lib/gcc/pic32c/8.3.1/../../../../pic32c/lib/thumb/v6-m/nofp\libc-musl.a(__printf_core.o)
 .comment       0x000000000000002b       0x2c c:/program files/microchip/xc32/v4.60/bin/bin/../../lib/gcc/pic32c/8.3.1/../../../../pic32c/lib/thumb/v6-m/nofp\libc-musl.a(stdin.o)
 .comment       0x000000000000002b       0x2c c:/program files/microchip/xc32/v4.60/bin/bin/../../lib/gcc/pic32c/8.3.1/../../../../pic32c/lib/thumb/v6-m/nofp\libc-musl.a(stdout.o)
 .comment       0x000000000000002b       0x2c c:/program files/microchip/xc32/v4.60/bin/bin/../../lib/gcc/pic32c/8.3.1/../../../../pic32c/lib/thumb/v6-m/nofp\libc-musl.a(puts.o)
 .comment       0x000000000000002b       0x2c c:/program files/microchip/xc32/v4.60/bin/bin/../../lib/gcc/pic32c/8.3.1/../../../../pic32c/lib/thumb/v6-m/nofp\libc-musl.a(setbuf.o)
 .comment       0x000000000000002b       0x2c c:/program files/microchip/xc32/v4.60/bin/bin/../../lib/gcc/pic32c/8.3.1/../../../../pic32c/lib/thumb/v6-m/nofp\libc-musl.a(atoi.o)
 .comment       0x000000000000002b       0x2c c:/program files/microchip/xc32/v4.60/bin/bin/../../lib/gcc/pic32c/8.3.1/../../../../pic32c/lib/thumb/v6-m/nofp\libc-musl.a(gmtime.o)
 .comment       0x000000000000002b       0x2c c:/program files/microchip/xc32/v4.60/bin/bin/../../lib/gcc/pic32c/8.3.1/../../../../pic32c/lib/thumb/v6-m/nofp\libc-musl.a(gmtime_r.o)
 .comment       0x000000000000002b       0x2c c:/program files/microchip/xc32/v4.60/bin/bin/../../lib/gcc/pic32c/8.3.1/../../../../pic32c/lib/thumb/v6-m/nofp\libc-musl.a(mktime.o)
 .comment       0x000000000000002b       0x2c c:/program files/microchip/xc32/v4.60/bin/bin/../../lib/gcc/pic32c/8.3.1/../../../../pic32c/lib/thumb/v6-m/nofp\libc-musl.a(tolower.o)
 .comment       0x000000000000002b       0x2c c:/program files/microchip/xc32/v4.60/bin/bin/../../lib/gcc/pic32c/8.3.1/../../../../pic32c/lib/thumb/v6-m/nofp\libc-musl.a(__environ.o)
 .comment       0x000000000000002b       0x2c c:/program files/microchip/xc32/v4.60/bin/bin/../../lib/gcc/pic32c/8.3.1/../../../../pic32c/lib/thumb/v6-m/nofp\libc-musl.a(__int_vfprintf.o)
 .comment       0x000000000000002b       0x2c c:/program files/microchip/xc32/v4.60/bin/bin/../../lib/gcc/pic32c/8.3.1/../../../../pic32c/lib/thumb/v6-m/nofp\libc-musl.a(fputs.o)
 .comment       0x000000000000002b       0x2c c:/program files/microchip/xc32/v4.60/bin/bin/../../lib/gcc/pic32c/8.3.1/../../../../pic32c/lib/thumb/v6-m/nofp\libc-musl.a(__cvt_u.o)
 .comment       0x000000000000002b       0x2c c:/program files/microchip/xc32/v4.60/bin/bin/../../lib/gcc/pic32c/8.3.1/../../../../pic32c/lib/thumb/v6-m/nofp\libc-musl.a(__pop_float.o)
 .comment       0x000000000000002b       0x2c c:/program files/microchip/xc32/v4.60/bin/bin/../../lib/gcc/pic32c/8.3.1/../../../../pic32c/lib/thumb/v6-m/nofp\libc-musl.a(__stdio_read.o)
 .comment       0x000000000000002b       0x2c c:/program files/microchip/xc32/v4.60/bin/bin/../../lib/gcc/pic32c/8.3.1/../../../../pic32c/lib/thumb/v6-m/nofp\libc-musl.a(__towrite_rw.o)
 .comment       0x000000000000002b       0x2c c:/program files/microchip/xc32/v4.60/bin/bin/../../lib/gcc/pic32c/8.3.1/../../../../pic32c/lib/thumb/v6-m/nofp\libc-musl.a(fwrite.o)
 .comment       0x000000000000002b       0x2c c:/program files/microchip/xc32/v4.60/bin/bin/../../lib/gcc/pic32c/8.3.1/../../../../pic32c/lib/thumb/v6-m/nofp\libc-musl.a(putc.o)
 .comment       0x000000000000002b       0x2c c:/program files/microchip/xc32/v4.60/bin/bin/../../lib/gcc/pic32c/8.3.1/../../../../pic32c/lib/thumb/v6-m/nofp\libc-musl.a(setvbuf.o)
 .comment       0x000000000000002b       0x2c c:/program files/microchip/xc32/v4.60/bin/bin/../../lib/gcc/pic32c/8.3.1/../../../../pic32c/lib/thumb/v6-m/nofp\libc-musl.a(__tm_to_secs.o)
 .comment       0x000000000000002b       0x2c c:/program files/microchip/xc32/v4.60/bin/bin/../../lib/gcc/pic32c/8.3.1/../../../../pic32c/lib/thumb/v6-m/nofp\libc-musl.a(__year_to_secs.o)
 .comment       0x000000000000002b       0x2c c:/program files/microchip/xc32/v4.60/bin/bin/../../lib/gcc/pic32c/8.3.1/../../../../pic32c/lib/thumb/v6-m/nofp\libc-musl.a(__secs_to_tm.o)
 .comment       0x000000000000002b       0x2c c:/program files/microchip/xc32/v4.60/bin/bin/../../lib/gcc/pic32c/8.3.1/../../../../pic32c/lib/thumb/v6-m/nofp\libc-musl.a(readv.o)
 .comment       0x000000000000002b       0x2c c:/program files/microchip/xc32/v4.60/bin/bin/../../lib/gcc/pic32c/8.3.1/../../../../pic32c/lib/thumb/v6-m/nofp\libc-musl.a(__init_stdio.o)
 .comment       0x000000000000002b       0x2c c:/program files/microchip/xc32/v4.60/bin/bin/../../lib/gcc/pic32c/8.3.1/../../../../pic32c/lib/thumb/v6-m/nofp\libc-musl.a(__out.o)
 .comment       0x000000000000002b       0x2c c:/program files/microchip/xc32/v4.60/bin/bin/../../lib/gcc/pic32c/8.3.1/../../../../pic32c/lib/thumb/v6-m/nofp\libc-musl.a(__putc.o)
 .comment       0x000000000000002b       0x2c c:/program files/microchip/xc32/v4.60/bin/bin/../../lib/gcc/pic32c/8.3.1/../../../../pic32c/lib/thumb/v6-m/nofp\libc-musl.a(__stderr.o)
 .comment       0x000000000000002b       0x2c c:/program files/microchip/xc32/v4.60/bin/bin/../../lib/gcc/pic32c/8.3.1/../../../../pic32c/lib/thumb/v6-m/nofp\libc-musl.a(__stdio_close.o)
 .comment       0x000000000000002b       0x2c c:/program files/microchip/xc32/v4.60/bin/bin/../../lib/gcc/pic32c/8.3.1/../../../../pic32c/lib/thumb/v6-m/nofp\libc-musl.a(__stdio_write.o)
 .comment       0x000000000000002b       0x2c c:/program files/microchip/xc32/v4.60/bin/bin/../../lib/gcc/pic32c/8.3.1/../../../../pic32c/lib/thumb/v6-m/nofp\libc-musl.a(__stdout.o)
 .comment       0x000000000000002b       0x2c c:/program files/microchip/xc32/v4.60/bin/bin/../../lib/gcc/pic32c/8.3.1/../../../../pic32c/lib/thumb/v6-m/nofp\libc-musl.a(__towrite.o)
 .comment       0x000000000000002b       0x2c c:/program files/microchip/xc32/v4.60/bin/bin/../../lib/gcc/pic32c/8.3.1/../../../../pic32c/lib/thumb/v6-m/nofp\libc-musl.a(__month_to_secs.o)
 .comment       0x000000000000002b       0x2c c:/program files/microchip/xc32/v4.60/bin/bin/../../lib/gcc/pic32c/8.3.1/../../../../pic32c/lib/thumb/v6-m/nofp\libc-musl.a(writev.o)
 .comment       0x000000000000002b       0x2c c:/program files/microchip/xc32/v4.60/bin/bin/../../lib/gcc/pic32c/8.3.1/../../../../pic32c/lib/thumb/v6-m/nofp\libc-musl.a(__overflow.o)
 .comment       0x000000000000002b       0x2c c:/program files/microchip/xc32/v4.60/bin/bin/../../lib/gcc/pic32c/8.3.1/../../../../pic32c/lib/thumb/v6-m/nofp\libc-musl.a(__fwrite.o)
 .comment       0x000000000000002b       0x2c c:/program files/microchip/xc32/v4.60/bin/bin/../../lib/gcc/pic32c/8.3.1/thumb/v6-m/nofp\libgcc.a(_muldi3.o)
 .comment       0x000000000000002b       0x2c c:/program files/microchip/xc32/v4.60/bin/bin/../../lib/gcc/pic32c/8.3.1/thumb/v6-m/nofp\libgcc.a(_udivmoddi4.o)
 .comment       0x000000000000002b       0x2c c:/program files/microchip/xc32/v4.60/bin/bin/../../lib/gcc/pic32c/8.3.1/thumb/v6-m/nofp\libgcc.a(bpabi.o)
 .comment       0x000000000000002b       0x2c c:/program files/microchip/xc32/v4.60/bin/bin/../../lib/gcc/pic32c/8.3.1/thumb/v6-m/nofp\libgcc.a(_divdi3.o)
 .comment       0x000000000000002b       0x2c c:/program files/microchip/xc32/v4.60/bin/bin/../../lib/gcc/pic32c/8.3.1/../../../../pic32c/lib/thumb/v6-m/nofp\libpic32c.a(close.o)
 .comment       0x000000000000002b       0x2c c:/program files/microchip/xc32/v4.60/bin/bin/../../lib/gcc/pic32c/8.3.1/../../../../pic32c/lib/thumb/v6-m/nofp\libpic32c.a(lseek.o)
 .comment       0x000000000000002b       0x2c c:/program files/microchip/xc32/v4.60/bin/bin/../../lib/gcc/pic32c/8.3.1/../../../../pic32c/lib/thumb/v6-m/nofp\libpic32c.a(sbrk.o)
 .comment       0x000000000000002b       0x2c c:/program files/microchip/xc32/v4.60/bin/bin/../../lib/gcc/pic32c/8.3.1/../../../../pic32c/lib/thumb/v6-m/nofp\libpic32c.a(pic32_data_init_clear.o)
 .comment       0x000000000000002b       0x2c c:/program files/microchip/xc32/v4.60/bin/bin/../../lib/gcc/pic32c/8.3.1/../../../../pic32c/lib/thumb/v6-m/nofp\libpic32c.a(pic32_data_init_copy.o)

.debug_info     0x0000000000000000    0x3f379
 .debug_info    0x0000000000000000      0xe24 build/SAMD21_IOT_WG_ICM42688/production/_ext/2048461350/icm42688_sensor.o
 .debug_info    0x0000000000000e24     0x2c77 build/SAMD21_IOT_WG_ICM42688/production/_ext/1660664302/drv_spi.o
 .debug_info    0x0000000000003a9b      0x2ac build/SAMD21_IOT_WG_ICM42688/production/_ext/1164161090/wdrv_winc_gpio.o
 .debug_info    0x0000000000003d47      0x17a build/SAMD21_IOT_WG_ICM42688/production/_ext/1164161090/wdrv_winc_eint.o
 .debug_info    0x0000000000003ec1      0xf98 build/SAMD21_IOT_WG_ICM42688/production/_ext/101005277/wdrv_winc_spi.o
 .debug_info    0x0000000000004e59      0x210 build/SAMD21_IOT_WG_ICM42688/production/_ext/90265895/nm_common.o
 .debug_info    0x0000000000005069      0xdfd build/SAMD21_IOT_WG_ICM42688/production/_ext/121554788/m2m_ssl.o
 .debug_info    0x0000000000005e66     0x1333 build/SAMD21_IOT_WG_ICM42688/production/_ext/121554788/m2m_hif.o
 .debug_info    0x0000000000007199     0x55b0 build/SAMD21_IOT_WG_ICM42688/production/_ext/121554788/m2m_wifi.o
 .debug_info    0x000000000000c749     0x18ce build/SAMD21_IOT_WG_ICM42688/production/_ext/121554788/nmspi.o
 .debug_info    0x000000000000e017      0x904 build/SAMD21_IOT_WG_ICM42688/production/_ext/121554788/nmdrv.o
 .debug_info    0x000000000000e91b     0x144b build/SAMD21_IOT_WG_ICM42688/production/_ext/121554788/m2m_ota.o
 .debug_info    0x000000000000fd66     0x1121 build/SAMD21_IOT_WG_ICM42688/production/_ext/121554788/nmasic.o
 .debug_info    0x0000000000010e87      0x6d7 build/SAMD21_IOT_WG_ICM42688/production/_ext/121554788/nmbus.o
 .debug_info    0x000000000001155e     0x2662 build/SAMD21_IOT_WG_ICM42688/production/_ext/548032175/socket.o
 .debug_info    0x0000000000013bc0      0x14f build/SAMD21_IOT_WG_ICM42688/production/_ext/548032175/inet_addr.o
 .debug_info    0x0000000000013d0f      0x1dd build/SAMD21_IOT_WG_ICM42688/production/_ext/548032175/inet_ntop.o
 .debug_info    0x0000000000013eec      0x1e6 build/SAMD21_IOT_WG_ICM42688/production/_ext/609036575/flexible_flash.o
 .debug_info    0x00000000000140d2     0x12b9 build/SAMD21_IOT_WG_ICM42688/production/_ext/609036575/spi_flash.o
 .debug_info    0x000000000001538b      0x148 build/SAMD21_IOT_WG_ICM42688/production/_ext/1784303044/wdrv_winc_osal.o
 .debug_info    0x00000000000154d3     0x1916 build/SAMD21_IOT_WG_ICM42688/production/_ext/907429946/wdrv_winc_sta.o
 .debug_info    0x0000000000016de9     0x1c03 build/SAMD21_IOT_WG_ICM42688/production/_ext/907429946/wdrv_winc_socket.o
 .debug_info    0x00000000000189ec     0x154a build/SAMD21_IOT_WG_ICM42688/production/_ext/907429946/wdrv_winc_systime.o
 .debug_info    0x0000000000019f36      0xc2e build/SAMD21_IOT_WG_ICM42688/production/_ext/907429946/wdrv_winc_authctx.o
 .debug_info    0x000000000001ab64     0x2649 build/SAMD21_IOT_WG_ICM42688/production/_ext/907429946/wdrv_winc_host_file.o
 .debug_info    0x000000000001d1ad     0x49d4 build/SAMD21_IOT_WG_ICM42688/production/_ext/907429946/wdrv_winc.o
 .debug_info    0x0000000000021b81      0x677 build/SAMD21_IOT_WG_ICM42688/production/_ext/907429946/wdrv_winc_bssctx.o
 .debug_info    0x00000000000221f8      0x5b8 build/SAMD21_IOT_WG_ICM42688/production/_ext/1750425231/plib_clock.o
 .debug_info    0x00000000000227b0      0xc0f build/SAMD21_IOT_WG_ICM42688/production/_ext/1580516298/plib_dmac.o
 .debug_info    0x00000000000233bf      0x34d build/SAMD21_IOT_WG_ICM42688/production/_ext/503204096/plib_eic.o
 .debug_info    0x000000000002370c      0xb78 build/SAMD21_IOT_WG_ICM42688/production/_ext/1580823105/plib_nvic.o
 .debug_info    0x0000000000024284      0x59c build/SAMD21_IOT_WG_ICM42688/production/_ext/11470383/plib_nvmctrl.o
 .debug_info    0x0000000000024820      0x6a0 build/SAMD21_IOT_WG_ICM42688/production/_ext/1580876256/plib_port.o
 .debug_info    0x0000000000024ec0      0xe88 build/SAMD21_IOT_WG_ICM42688/production/_ext/1014017276/plib_sercom0_spi_master.o
 .debug_info    0x0000000000025d48      0xf98 build/SAMD21_IOT_WG_ICM42688/production/_ext/1014017276/plib_sercom2_spi_master.o
 .debug_info    0x0000000000026ce0      0xf59 build/SAMD21_IOT_WG_ICM42688/production/_ext/177673482/plib_sercom5_usart.o
 .debug_info    0x0000000000027c39      0x336 build/SAMD21_IOT_WG_ICM42688/production/_ext/223004715/plib_systick.o
 .debug_info    0x0000000000027f6f      0x770 build/SAMD21_IOT_WG_ICM42688/production/_ext/399410062/plib_tc3.o
 .debug_info    0x00000000000286df      0x799 build/SAMD21_IOT_WG_ICM42688/production/_ext/399410062/plib_tc4.o
 .debug_info    0x0000000000028e78      0x1e4 build/SAMD21_IOT_WG_ICM42688/production/_ext/1357625803/xc32_monitor.o
 .debug_info    0x000000000002905c      0x2e6 build/SAMD21_IOT_WG_ICM42688/production/_ext/1584719636/sys_dma.o
 .debug_info    0x0000000000029342      0x556 build/SAMD21_IOT_WG_ICM42688/production/_ext/1318297016/sys_int.o
 .debug_info    0x0000000000029898     0x2299 build/SAMD21_IOT_WG_ICM42688/production/_ext/386530258/sys_time.o
 .debug_info    0x000000000002bb31     0x1a6a build/SAMD21_IOT_WG_ICM42688/production/_ext/1832905403/initialization.o
 .debug_info    0x000000000002d59b      0x3e1 build/SAMD21_IOT_WG_ICM42688/production/_ext/1832905403/interrupts.o
 .debug_info    0x000000000002d97c       0xb6 build/SAMD21_IOT_WG_ICM42688/production/_ext/1832905403/exceptions.o
 .debug_info    0x000000000002da32      0x205 build/SAMD21_IOT_WG_ICM42688/production/_ext/1832905403/startup_xc32.o
 .debug_info    0x000000000002dc37      0x13c build/SAMD21_IOT_WG_ICM42688/production/_ext/1832905403/tasks.o
 .debug_info    0x000000000002dd73     0x529a build/SAMD21_IOT_WG_ICM42688/production/_ext/1341251756/Icm426xxDriver_HL.o
 .debug_info    0x000000000003300d      0x6c6 build/SAMD21_IOT_WG_ICM42688/production/_ext/1341251756/Icm426xxTransport.o
 .debug_info    0x00000000000336d3     0x1acb build/SAMD21_IOT_WG_ICM42688/production/_ext/1360937237/main.o
 .debug_info    0x000000000003519e      0x878 build/SAMD21_IOT_WG_ICM42688/production/_ext/1360937237/ringbuffer.o
 .debug_info    0x0000000000035a16      0x3e9 build/SAMD21_IOT_WG_ICM42688/production/_ext/1360937237/app.o
 .debug_info    0x0000000000035dff      0xf10 build/SAMD21_IOT_WG_ICM42688/production/_ext/1360937237/winc1500_tcp_client.o
 .debug_info    0x0000000000036d0f       0x68 c:/program files/microchip/xc32/v4.60/bin/bin/../../lib/gcc/pic32c/8.3.1/../../../../pic32c/lib/thumb/v6-m/nofp\libpic32c.a(data_init.o)
 .debug_info    0x0000000000036d77       0xed c:/program files/microchip/xc32/v4.60/bin/bin/../../lib/gcc/pic32c/8.3.1/../../../../pic32c/lib/thumb/v6-m/nofp\libc-size-musl.a(memcpy.o)
 .debug_info    0x0000000000036e64       0xbb c:/program files/microchip/xc32/v4.60/bin/bin/../../lib/gcc/pic32c/8.3.1/../../../../pic32c/lib/thumb/v6-m/nofp\libc-size-musl.a(memset.o)
 .debug_info    0x0000000000036f1f       0xa4 c:/program files/microchip/xc32/v4.60/bin/bin/../../lib/gcc/pic32c/8.3.1/../../../../pic32c/lib/thumb/v6-m/nofp\libc-size-musl.a(strlen.o)
 .debug_info    0x0000000000036fc3       0xd2 c:/program files/microchip/xc32/v4.60/bin/bin/../../lib/gcc/pic32c/8.3.1/../../../../pic32c/lib/thumb/v6-m/nofp\libc-size-musl.a(strchr.o)
 .debug_info    0x0000000000037095      0x133 c:/program files/microchip/xc32/v4.60/bin/bin/../../lib/gcc/pic32c/8.3.1/../../../../pic32c/lib/thumb/v6-m/nofp\libc-size-musl.a(strchrnul.o)
 .debug_info    0x00000000000371c8       0xd5 c:/program files/microchip/xc32/v4.60/bin/bin/../../lib/gcc/pic32c/8.3.1/../../../../pic32c/lib/thumb/v6-m/nofp\libc-size-musl.a(strnlen.o)
 .debug_info    0x000000000003729d       0xe5 c:/program files/microchip/xc32/v4.60/bin/bin/../../lib/gcc/pic32c/8.3.1/../../../../pic32c/lib/thumb/v6-m/nofp\libc-size-musl.a(memchr.o)
 .debug_info    0x0000000000037382      0x133 c:/program files/microchip/xc32/v4.60/bin/bin/../../lib/gcc/pic32c/8.3.1/../../../../pic32c/lib/thumb/v6-m/nofp\liblmalloc-musl.a(lite_calloc.o)
 .debug_info    0x00000000000374b5      0x272 c:/program files/microchip/xc32/v4.60/bin/bin/../../lib/gcc/pic32c/8.3.1/../../../../pic32c/lib/thumb/v6-m/nofp\liblmalloc-musl.a(lite_free.o)
 .debug_info    0x0000000000037727      0x1bd c:/program files/microchip/xc32/v4.60/bin/bin/../../lib/gcc/pic32c/8.3.1/../../../../pic32c/lib/thumb/v6-m/nofp\liblmalloc-musl.a(lite_malloc.o)
 .debug_info    0x00000000000378e4      0x2fb c:/program files/microchip/xc32/v4.60/bin/bin/../../lib/gcc/pic32c/8.3.1/../../../../pic32c/lib/thumb/v6-m/nofp\libc-musl.a(__libc_start_main.o)
 .debug_info    0x0000000000037bdf       0x5b c:/program files/microchip/xc32/v4.60/bin/bin/../../lib/gcc/pic32c/8.3.1/../../../../pic32c/lib/thumb/v6-m/nofp\libc-musl.a(__errno_location.o)
 .debug_info    0x0000000000037c3a      0x276 c:/program files/microchip/xc32/v4.60/bin/bin/../../lib/gcc/pic32c/8.3.1/../../../../pic32c/lib/thumb/v6-m/nofp\libc-musl.a(libc.o)
 .debug_info    0x0000000000037eb0      0x10e c:/program files/microchip/xc32/v4.60/bin/bin/../../lib/gcc/pic32c/8.3.1/../../../../pic32c/lib/thumb/v6-m/nofp\libc-musl.a(expand_heap.o)
 .debug_info    0x0000000000037fbe      0x1e8 c:/program files/microchip/xc32/v4.60/bin/bin/../../lib/gcc/pic32c/8.3.1/../../../../pic32c/lib/thumb/v6-m/nofp\libc-musl.a(__sio_printf_cdnsu.o)
 .debug_info    0x00000000000381a6      0x330 c:/program files/microchip/xc32/v4.60/bin/bin/../../lib/gcc/pic32c/8.3.1/../../../../pic32c/lib/thumb/v6-m/nofp\libc-musl.a(__fmt_d.o)
 .debug_info    0x00000000000384d6      0x2e9 c:/program files/microchip/xc32/v4.60/bin/bin/../../lib/gcc/pic32c/8.3.1/../../../../pic32c/lib/thumb/v6-m/nofp\libc-musl.a(__fmt_s.o)
 .debug_info    0x00000000000387bf      0x301 c:/program files/microchip/xc32/v4.60/bin/bin/../../lib/gcc/pic32c/8.3.1/../../../../pic32c/lib/thumb/v6-m/nofp\libc-musl.a(__fmt_u.o)
 .debug_info    0x0000000000038ac0      0x183 c:/program files/microchip/xc32/v4.60/bin/bin/../../lib/gcc/pic32c/8.3.1/../../../../pic32c/lib/thumb/v6-m/nofp\libc-musl.a(__pop_int.o)
 .debug_info    0x0000000000038c43      0x18d c:/program files/microchip/xc32/v4.60/bin/bin/../../lib/gcc/pic32c/8.3.1/../../../../pic32c/lib/thumb/v6-m/nofp\libc-musl.a(__pop_ptr.o)
 .debug_info    0x0000000000038dd0      0xa6f c:/program files/microchip/xc32/v4.60/bin/bin/../../lib/gcc/pic32c/8.3.1/../../../../pic32c/lib/thumb/v6-m/nofp\libc-musl.a(__printf_core.o)
 .debug_info    0x000000000003983f      0x404 c:/program files/microchip/xc32/v4.60/bin/bin/../../lib/gcc/pic32c/8.3.1/../../../../pic32c/lib/thumb/v6-m/nofp\libc-musl.a(stdin.o)
 .debug_info    0x0000000000039c43      0x1e9 c:/program files/microchip/xc32/v4.60/bin/bin/../../lib/gcc/pic32c/8.3.1/../../../../pic32c/lib/thumb/v6-m/nofp\libc-musl.a(stdout.o)
 .debug_info    0x0000000000039e2c      0x3ac c:/program files/microchip/xc32/v4.60/bin/bin/../../lib/gcc/pic32c/8.3.1/../../../../pic32c/lib/thumb/v6-m/nofp\libc-musl.a(puts.o)
 .debug_info    0x000000000003a1d8       0xe6 c:/program files/microchip/xc32/v4.60/bin/bin/../../lib/gcc/pic32c/8.3.1/../../../../pic32c/lib/thumb/v6-m/nofp\libc-musl.a(setbuf.o)
 .debug_info    0x000000000003a2be       0xf4 c:/program files/microchip/xc32/v4.60/bin/bin/../../lib/gcc/pic32c/8.3.1/../../../../pic32c/lib/thumb/v6-m/nofp\libc-musl.a(atoi.o)
 .debug_info    0x000000000003a3b2      0x199 c:/program files/microchip/xc32/v4.60/bin/bin/../../lib/gcc/pic32c/8.3.1/../../../../pic32c/lib/thumb/v6-m/nofp\libc-musl.a(gmtime.o)
 .debug_info    0x000000000003a54b      0x1a6 c:/program files/microchip/xc32/v4.60/bin/bin/../../lib/gcc/pic32c/8.3.1/../../../../pic32c/lib/thumb/v6-m/nofp\libc-musl.a(gmtime_r.o)
 .debug_info    0x000000000003a6f1      0x205 c:/program files/microchip/xc32/v4.60/bin/bin/../../lib/gcc/pic32c/8.3.1/../../../../pic32c/lib/thumb/v6-m/nofp\libc-musl.a(mktime.o)
 .debug_info    0x000000000003a8f6      0x131 c:/program files/microchip/xc32/v4.60/bin/bin/../../lib/gcc/pic32c/8.3.1/../../../../pic32c/lib/thumb/v6-m/nofp\libc-musl.a(tolower.o)
 .debug_info    0x000000000003aa27       0x97 c:/program files/microchip/xc32/v4.60/bin/bin/../../lib/gcc/pic32c/8.3.1/../../../../pic32c/lib/thumb/v6-m/nofp\libc-musl.a(__environ.o)
 .debug_info    0x000000000003aabe      0x1ff c:/program files/microchip/xc32/v4.60/bin/bin/../../lib/gcc/pic32c/8.3.1/../../../../pic32c/lib/thumb/v6-m/nofp\libc-musl.a(__int_vfprintf.o)
 .debug_info    0x000000000003acbd      0x3b6 c:/program files/microchip/xc32/v4.60/bin/bin/../../lib/gcc/pic32c/8.3.1/../../../../pic32c/lib/thumb/v6-m/nofp\libc-musl.a(fputs.o)
 .debug_info    0x000000000003b073      0x1cf c:/program files/microchip/xc32/v4.60/bin/bin/../../lib/gcc/pic32c/8.3.1/../../../../pic32c/lib/thumb/v6-m/nofp\libc-musl.a(__cvt_u.o)
 .debug_info    0x000000000003b242      0x162 c:/program files/microchip/xc32/v4.60/bin/bin/../../lib/gcc/pic32c/8.3.1/../../../../pic32c/lib/thumb/v6-m/nofp\libc-musl.a(__pop_float.o)
 .debug_info    0x000000000003b3a4      0x3ef c:/program files/microchip/xc32/v4.60/bin/bin/../../lib/gcc/pic32c/8.3.1/../../../../pic32c/lib/thumb/v6-m/nofp\libc-musl.a(__stdio_read.o)
 .debug_info    0x000000000003b793      0x331 c:/program files/microchip/xc32/v4.60/bin/bin/../../lib/gcc/pic32c/8.3.1/../../../../pic32c/lib/thumb/v6-m/nofp\libc-musl.a(__towrite_rw.o)
 .debug_info    0x000000000003bac4      0x257 c:/program files/microchip/xc32/v4.60/bin/bin/../../lib/gcc/pic32c/8.3.1/../../../../pic32c/lib/thumb/v6-m/nofp\libc-musl.a(fwrite.o)
 .debug_info    0x000000000003bd1b      0x224 c:/program files/microchip/xc32/v4.60/bin/bin/../../lib/gcc/pic32c/8.3.1/../../../../pic32c/lib/thumb/v6-m/nofp\libc-musl.a(putc.o)
 .debug_info    0x000000000003bf3f      0x2bd c:/program files/microchip/xc32/v4.60/bin/bin/../../lib/gcc/pic32c/8.3.1/../../../../pic32c/lib/thumb/v6-m/nofp\libc-musl.a(setvbuf.o)
 .debug_info    0x000000000003c1fc      0x201 c:/program files/microchip/xc32/v4.60/bin/bin/../../lib/gcc/pic32c/8.3.1/../../../../pic32c/lib/thumb/v6-m/nofp\libc-musl.a(__tm_to_secs.o)
 .debug_info    0x000000000003c3fd      0x109 c:/program files/microchip/xc32/v4.60/bin/bin/../../lib/gcc/pic32c/8.3.1/../../../../pic32c/lib/thumb/v6-m/nofp\libc-musl.a(__year_to_secs.o)
 .debug_info    0x000000000003c506      0x295 c:/program files/microchip/xc32/v4.60/bin/bin/../../lib/gcc/pic32c/8.3.1/../../../../pic32c/lib/thumb/v6-m/nofp\libc-musl.a(__secs_to_tm.o)
 .debug_info    0x000000000003c79b      0x146 c:/program files/microchip/xc32/v4.60/bin/bin/../../lib/gcc/pic32c/8.3.1/../../../../pic32c/lib/thumb/v6-m/nofp\libc-musl.a(readv.o)
 .debug_info    0x000000000003c8e1       0xc3 c:/program files/microchip/xc32/v4.60/bin/bin/../../lib/gcc/pic32c/8.3.1/../../../../pic32c/lib/thumb/v6-m/nofp\libc-musl.a(__init_stdio.o)
 .debug_info    0x000000000003c9a4      0x2ba c:/program files/microchip/xc32/v4.60/bin/bin/../../lib/gcc/pic32c/8.3.1/../../../../pic32c/lib/thumb/v6-m/nofp\libc-musl.a(__out.o)
 .debug_info    0x000000000003cc5e      0x28d c:/program files/microchip/xc32/v4.60/bin/bin/../../lib/gcc/pic32c/8.3.1/../../../../pic32c/lib/thumb/v6-m/nofp\libc-musl.a(__putc.o)
 .debug_info    0x000000000003ceeb      0x3a9 c:/program files/microchip/xc32/v4.60/bin/bin/../../lib/gcc/pic32c/8.3.1/../../../../pic32c/lib/thumb/v6-m/nofp\libc-musl.a(__stderr.o)
 .debug_info    0x000000000003d294      0x3fd c:/program files/microchip/xc32/v4.60/bin/bin/../../lib/gcc/pic32c/8.3.1/../../../../pic32c/lib/thumb/v6-m/nofp\libc-musl.a(__stdio_close.o)
 .debug_info    0x000000000003d691      0x43e c:/program files/microchip/xc32/v4.60/bin/bin/../../lib/gcc/pic32c/8.3.1/../../../../pic32c/lib/thumb/v6-m/nofp\libc-musl.a(__stdio_write.o)
 .debug_info    0x000000000003dacf      0x3a9 c:/program files/microchip/xc32/v4.60/bin/bin/../../lib/gcc/pic32c/8.3.1/../../../../pic32c/lib/thumb/v6-m/nofp\libc-musl.a(__stdout.o)
 .debug_info    0x000000000003de78      0x275 c:/program files/microchip/xc32/v4.60/bin/bin/../../lib/gcc/pic32c/8.3.1/../../../../pic32c/lib/thumb/v6-m/nofp\libc-musl.a(__towrite.o)
 .debug_info    0x000000000003e0ed       0xbe c:/program files/microchip/xc32/v4.60/bin/bin/../../lib/gcc/pic32c/8.3.1/../../../../pic32c/lib/thumb/v6-m/nofp\libc-musl.a(__month_to_secs.o)
 .debug_info    0x000000000003e1ab      0x146 c:/program files/microchip/xc32/v4.60/bin/bin/../../lib/gcc/pic32c/8.3.1/../../../../pic32c/lib/thumb/v6-m/nofp\libc-musl.a(writev.o)
 .debug_info    0x000000000003e2f1      0x388 c:/program files/microchip/xc32/v4.60/bin/bin/../../lib/gcc/pic32c/8.3.1/../../../../pic32c/lib/thumb/v6-m/nofp\libc-musl.a(__overflow.o)
 .debug_info    0x000000000003e679      0x2b7 c:/program files/microchip/xc32/v4.60/bin/bin/../../lib/gcc/pic32c/8.3.1/../../../../pic32c/lib/thumb/v6-m/nofp\libc-musl.a(__fwrite.o)
 .debug_info    0x000000000003e930       0x26 c:/program files/microchip/xc32/v4.60/bin/bin/../../lib/gcc/pic32c/8.3.1/thumb/v6-m/nofp\libgcc.a(_udivsi3.o)
 .debug_info    0x000000000003e956       0x26 c:/program files/microchip/xc32/v4.60/bin/bin/../../lib/gcc/pic32c/8.3.1/thumb/v6-m/nofp\libgcc.a(_divsi3.o)
 .debug_info    0x000000000003e97c       0x26 c:/program files/microchip/xc32/v4.60/bin/bin/../../lib/gcc/pic32c/8.3.1/thumb/v6-m/nofp\libgcc.a(_dvmd_tls.o)
 .debug_info    0x000000000003e9a2       0x26 c:/program files/microchip/xc32/v4.60/bin/bin/../../lib/gcc/pic32c/8.3.1/thumb/v6-m/nofp\libgcc.a(_aeabi_ldivmod.o)
 .debug_info    0x000000000003e9c8       0x26 c:/program files/microchip/xc32/v4.60/bin/bin/../../lib/gcc/pic32c/8.3.1/thumb/v6-m/nofp\libgcc.a(_aeabi_uldivmod.o)
 .debug_info    0x000000000003e9ee      0x243 c:/program files/microchip/xc32/v4.60/bin/bin/../../lib/gcc/pic32c/8.3.1/thumb/v6-m/nofp\libgcc.a(_muldi3.o)
 .debug_info    0x000000000003ec31      0x193 c:/program files/microchip/xc32/v4.60/bin/bin/../../lib/gcc/pic32c/8.3.1/thumb/v6-m/nofp\libgcc.a(_udivmoddi4.o)
 .debug_info    0x000000000003edc4       0xd5 c:/program files/microchip/xc32/v4.60/bin/bin/../../lib/gcc/pic32c/8.3.1/thumb/v6-m/nofp\libgcc.a(bpabi.o)
 .debug_info    0x000000000003ee99       0x26 c:/program files/microchip/xc32/v4.60/bin/bin/../../lib/gcc/pic32c/8.3.1/thumb/v6-m/nofp\libgcc.a(_lshrdi3.o)
 .debug_info    0x000000000003eebf       0x26 c:/program files/microchip/xc32/v4.60/bin/bin/../../lib/gcc/pic32c/8.3.1/thumb/v6-m/nofp\libgcc.a(_ashldi3.o)
 .debug_info    0x000000000003eee5       0x26 c:/program files/microchip/xc32/v4.60/bin/bin/../../lib/gcc/pic32c/8.3.1/thumb/v6-m/nofp\libgcc.a(_clzdi2.o)
 .debug_info    0x000000000003ef0b      0x2e1 c:/program files/microchip/xc32/v4.60/bin/bin/../../lib/gcc/pic32c/8.3.1/thumb/v6-m/nofp\libgcc.a(_divdi3.o)
 .debug_info    0x000000000003f1ec       0x26 c:/program files/microchip/xc32/v4.60/bin/bin/../../lib/gcc/pic32c/8.3.1/thumb/v6-m/nofp\libgcc.a(_clzsi2.o)
 .debug_info    0x000000000003f212       0x3f c:/program files/microchip/xc32/v4.60/bin/bin/../../lib/gcc/pic32c/8.3.1/../../../../pic32c/lib/thumb/v6-m/nofp\libpic32c.a(close.o)
 .debug_info    0x000000000003f251       0x3f c:/program files/microchip/xc32/v4.60/bin/bin/../../lib/gcc/pic32c/8.3.1/../../../../pic32c/lib/thumb/v6-m/nofp\libpic32c.a(lseek.o)
 .debug_info    0x000000000003f290       0x6a c:/program files/microchip/xc32/v4.60/bin/bin/../../lib/gcc/pic32c/8.3.1/../../../../pic32c/lib/thumb/v6-m/nofp\libpic32c.a(sbrk.o)
 .debug_info    0x000000000003f2fa       0x3f c:/program files/microchip/xc32/v4.60/bin/bin/../../lib/gcc/pic32c/8.3.1/../../../../pic32c/lib/thumb/v6-m/nofp\libpic32c.a(pic32_data_init_clear.o)
 .debug_info    0x000000000003f339       0x40 c:/program files/microchip/xc32/v4.60/bin/bin/../../lib/gcc/pic32c/8.3.1/../../../../pic32c/lib/thumb/v6-m/nofp\libpic32c.a(pic32_data_init_copy.o)

.debug_abbrev   0x0000000000000000     0xc3eb
 .debug_abbrev  0x0000000000000000      0x2a3 build/SAMD21_IOT_WG_ICM42688/production/_ext/2048461350/icm42688_sensor.o
 .debug_abbrev  0x00000000000002a3      0x50e build/SAMD21_IOT_WG_ICM42688/production/_ext/1660664302/drv_spi.o
 .debug_abbrev  0x00000000000007b1       0xb1 build/SAMD21_IOT_WG_ICM42688/production/_ext/1164161090/wdrv_winc_gpio.o
 .debug_abbrev  0x0000000000000862       0xa1 build/SAMD21_IOT_WG_ICM42688/production/_ext/1164161090/wdrv_winc_eint.o
 .debug_abbrev  0x0000000000000903      0x2cc build/SAMD21_IOT_WG_ICM42688/production/_ext/101005277/wdrv_winc_spi.o
 .debug_abbrev  0x0000000000000bcf       0xf9 build/SAMD21_IOT_WG_ICM42688/production/_ext/90265895/nm_common.o
 .debug_abbrev  0x0000000000000cc8      0x323 build/SAMD21_IOT_WG_ICM42688/production/_ext/121554788/m2m_ssl.o
 .debug_abbrev  0x0000000000000feb      0x522 build/SAMD21_IOT_WG_ICM42688/production/_ext/121554788/m2m_hif.o
 .debug_abbrev  0x000000000000150d      0x49b build/SAMD21_IOT_WG_ICM42688/production/_ext/121554788/m2m_wifi.o
 .debug_abbrev  0x00000000000019a8      0x400 build/SAMD21_IOT_WG_ICM42688/production/_ext/121554788/nmspi.o
 .debug_abbrev  0x0000000000001da8      0x268 build/SAMD21_IOT_WG_ICM42688/production/_ext/121554788/nmdrv.o
 .debug_abbrev  0x0000000000002010      0x2bd build/SAMD21_IOT_WG_ICM42688/production/_ext/121554788/m2m_ota.o
 .debug_abbrev  0x00000000000022cd      0x2ab build/SAMD21_IOT_WG_ICM42688/production/_ext/121554788/nmasic.o
 .debug_abbrev  0x0000000000002578      0x23d build/SAMD21_IOT_WG_ICM42688/production/_ext/121554788/nmbus.o
 .debug_abbrev  0x00000000000027b5      0x43a build/SAMD21_IOT_WG_ICM42688/production/_ext/548032175/socket.o
 .debug_abbrev  0x0000000000002bef       0x9c build/SAMD21_IOT_WG_ICM42688/production/_ext/548032175/inet_addr.o
 .debug_abbrev  0x0000000000002c8b       0xd9 build/SAMD21_IOT_WG_ICM42688/production/_ext/548032175/inet_ntop.o
 .debug_abbrev  0x0000000000002d64       0xfd build/SAMD21_IOT_WG_ICM42688/production/_ext/609036575/flexible_flash.o
 .debug_abbrev  0x0000000000002e61      0x2fa build/SAMD21_IOT_WG_ICM42688/production/_ext/609036575/spi_flash.o
 .debug_abbrev  0x000000000000315b       0xdd build/SAMD21_IOT_WG_ICM42688/production/_ext/1784303044/wdrv_winc_osal.o
 .debug_abbrev  0x0000000000003238      0x32f build/SAMD21_IOT_WG_ICM42688/production/_ext/907429946/wdrv_winc_sta.o
 .debug_abbrev  0x0000000000003567      0x386 build/SAMD21_IOT_WG_ICM42688/production/_ext/907429946/wdrv_winc_socket.o
 .debug_abbrev  0x00000000000038ed      0x28e build/SAMD21_IOT_WG_ICM42688/production/_ext/907429946/wdrv_winc_systime.o
 .debug_abbrev  0x0000000000003b7b      0x275 build/SAMD21_IOT_WG_ICM42688/production/_ext/907429946/wdrv_winc_authctx.o
 .debug_abbrev  0x0000000000003df0      0x3d2 build/SAMD21_IOT_WG_ICM42688/production/_ext/907429946/wdrv_winc_host_file.o
 .debug_abbrev  0x00000000000041c2      0x513 build/SAMD21_IOT_WG_ICM42688/production/_ext/907429946/wdrv_winc.o
 .debug_abbrev  0x00000000000046d5      0x24f build/SAMD21_IOT_WG_ICM42688/production/_ext/907429946/wdrv_winc_bssctx.o
 .debug_abbrev  0x0000000000004924      0x14a build/SAMD21_IOT_WG_ICM42688/production/_ext/1750425231/plib_clock.o
 .debug_abbrev  0x0000000000004a6e      0x2ff build/SAMD21_IOT_WG_ICM42688/production/_ext/1580516298/plib_dmac.o
 .debug_abbrev  0x0000000000004d6d      0x19b build/SAMD21_IOT_WG_ICM42688/production/_ext/503204096/plib_eic.o
 .debug_abbrev  0x0000000000004f08      0x307 build/SAMD21_IOT_WG_ICM42688/production/_ext/1580823105/plib_nvic.o
 .debug_abbrev  0x000000000000520f      0x1a4 build/SAMD21_IOT_WG_ICM42688/production/_ext/11470383/plib_nvmctrl.o
 .debug_abbrev  0x00000000000053b3      0x1f9 build/SAMD21_IOT_WG_ICM42688/production/_ext/1580876256/plib_port.o
 .debug_abbrev  0x00000000000055ac      0x25a build/SAMD21_IOT_WG_ICM42688/production/_ext/1014017276/plib_sercom0_spi_master.o
 .debug_abbrev  0x0000000000005806      0x2fe build/SAMD21_IOT_WG_ICM42688/production/_ext/1014017276/plib_sercom2_spi_master.o
 .debug_abbrev  0x0000000000005b04      0x2fa build/SAMD21_IOT_WG_ICM42688/production/_ext/177673482/plib_sercom5_usart.o
 .debug_abbrev  0x0000000000005dfe      0x10e build/SAMD21_IOT_WG_ICM42688/production/_ext/223004715/plib_systick.o
 .debug_abbrev  0x0000000000005f0c      0x1bc build/SAMD21_IOT_WG_ICM42688/production/_ext/399410062/plib_tc3.o
 .debug_abbrev  0x00000000000060c8      0x1bc build/SAMD21_IOT_WG_ICM42688/production/_ext/399410062/plib_tc4.o
 .debug_abbrev  0x0000000000006284       0xe3 build/SAMD21_IOT_WG_ICM42688/production/_ext/1357625803/xc32_monitor.o
 .debug_abbrev  0x0000000000006367       0xfb build/SAMD21_IOT_WG_ICM42688/production/_ext/1584719636/sys_dma.o
 .debug_abbrev  0x0000000000006462      0x260 build/SAMD21_IOT_WG_ICM42688/production/_ext/1318297016/sys_int.o
 .debug_abbrev  0x00000000000066c2      0x565 build/SAMD21_IOT_WG_ICM42688/production/_ext/386530258/sys_time.o
 .debug_abbrev  0x0000000000006c27      0x294 build/SAMD21_IOT_WG_ICM42688/production/_ext/1832905403/initialization.o
 .debug_abbrev  0x0000000000006ebb       0xe3 build/SAMD21_IOT_WG_ICM42688/production/_ext/1832905403/interrupts.o
 .debug_abbrev  0x0000000000006f9e       0x47 build/SAMD21_IOT_WG_ICM42688/production/_ext/1832905403/exceptions.o
 .debug_abbrev  0x0000000000006fe5      0x118 build/SAMD21_IOT_WG_ICM42688/production/_ext/1832905403/startup_xc32.o
 .debug_abbrev  0x00000000000070fd       0xbb build/SAMD21_IOT_WG_ICM42688/production/_ext/1832905403/tasks.o
 .debug_abbrev  0x00000000000071b8      0x47c build/SAMD21_IOT_WG_ICM42688/production/_ext/1341251756/Icm426xxDriver_HL.o
 .debug_abbrev  0x0000000000007634      0x23d build/SAMD21_IOT_WG_ICM42688/production/_ext/1341251756/Icm426xxTransport.o
 .debug_abbrev  0x0000000000007871      0x422 build/SAMD21_IOT_WG_ICM42688/production/_ext/1360937237/main.o
 .debug_abbrev  0x0000000000007c93      0x213 build/SAMD21_IOT_WG_ICM42688/production/_ext/1360937237/ringbuffer.o
 .debug_abbrev  0x0000000000007ea6      0x159 build/SAMD21_IOT_WG_ICM42688/production/_ext/1360937237/app.o
 .debug_abbrev  0x0000000000007fff      0x36a build/SAMD21_IOT_WG_ICM42688/production/_ext/1360937237/winc1500_tcp_client.o
 .debug_abbrev  0x0000000000008369       0x44 c:/program files/microchip/xc32/v4.60/bin/bin/../../lib/gcc/pic32c/8.3.1/../../../../pic32c/lib/thumb/v6-m/nofp\libpic32c.a(data_init.o)
 .debug_abbrev  0x00000000000083ad       0xbb c:/program files/microchip/xc32/v4.60/bin/bin/../../lib/gcc/pic32c/8.3.1/../../../../pic32c/lib/thumb/v6-m/nofp\libc-size-musl.a(memcpy.o)
 .debug_abbrev  0x0000000000008468       0xa2 c:/program files/microchip/xc32/v4.60/bin/bin/../../lib/gcc/pic32c/8.3.1/../../../../pic32c/lib/thumb/v6-m/nofp\libc-size-musl.a(memset.o)
 .debug_abbrev  0x000000000000850a       0x91 c:/program files/microchip/xc32/v4.60/bin/bin/../../lib/gcc/pic32c/8.3.1/../../../../pic32c/lib/thumb/v6-m/nofp\libc-size-musl.a(strlen.o)
 .debug_abbrev  0x000000000000859b       0xad c:/program files/microchip/xc32/v4.60/bin/bin/../../lib/gcc/pic32c/8.3.1/../../../../pic32c/lib/thumb/v6-m/nofp\libc-size-musl.a(strchr.o)
 .debug_abbrev  0x0000000000008648       0xbc c:/program files/microchip/xc32/v4.60/bin/bin/../../lib/gcc/pic32c/8.3.1/../../../../pic32c/lib/thumb/v6-m/nofp\libc-size-musl.a(strchrnul.o)
 .debug_abbrev  0x0000000000008704       0xb1 c:/program files/microchip/xc32/v4.60/bin/bin/../../lib/gcc/pic32c/8.3.1/../../../../pic32c/lib/thumb/v6-m/nofp\libc-size-musl.a(strnlen.o)
 .debug_abbrev  0x00000000000087b5       0xb1 c:/program files/microchip/xc32/v4.60/bin/bin/../../lib/gcc/pic32c/8.3.1/../../../../pic32c/lib/thumb/v6-m/nofp\libc-size-musl.a(memchr.o)
 .debug_abbrev  0x0000000000008866       0xc0 c:/program files/microchip/xc32/v4.60/bin/bin/../../lib/gcc/pic32c/8.3.1/../../../../pic32c/lib/thumb/v6-m/nofp\liblmalloc-musl.a(lite_calloc.o)
 .debug_abbrev  0x0000000000008926      0x18b c:/program files/microchip/xc32/v4.60/bin/bin/../../lib/gcc/pic32c/8.3.1/../../../../pic32c/lib/thumb/v6-m/nofp\liblmalloc-musl.a(lite_free.o)
 .debug_abbrev  0x0000000000008ab1      0x117 c:/program files/microchip/xc32/v4.60/bin/bin/../../lib/gcc/pic32c/8.3.1/../../../../pic32c/lib/thumb/v6-m/nofp\liblmalloc-musl.a(lite_malloc.o)
 .debug_abbrev  0x0000000000008bc8      0x133 c:/program files/microchip/xc32/v4.60/bin/bin/../../lib/gcc/pic32c/8.3.1/../../../../pic32c/lib/thumb/v6-m/nofp\libc-musl.a(__libc_start_main.o)
 .debug_abbrev  0x0000000000008cfb       0x39 c:/program files/microchip/xc32/v4.60/bin/bin/../../lib/gcc/pic32c/8.3.1/../../../../pic32c/lib/thumb/v6-m/nofp\libc-musl.a(__errno_location.o)
 .debug_abbrev  0x0000000000008d34       0xd4 c:/program files/microchip/xc32/v4.60/bin/bin/../../lib/gcc/pic32c/8.3.1/../../../../pic32c/lib/thumb/v6-m/nofp\libc-musl.a(libc.o)
 .debug_abbrev  0x0000000000008e08       0xc4 c:/program files/microchip/xc32/v4.60/bin/bin/../../lib/gcc/pic32c/8.3.1/../../../../pic32c/lib/thumb/v6-m/nofp\libc-musl.a(expand_heap.o)
 .debug_abbrev  0x0000000000008ecc      0x142 c:/program files/microchip/xc32/v4.60/bin/bin/../../lib/gcc/pic32c/8.3.1/../../../../pic32c/lib/thumb/v6-m/nofp\libc-musl.a(__sio_printf_cdnsu.o)
 .debug_abbrev  0x000000000000900e      0x161 c:/program files/microchip/xc32/v4.60/bin/bin/../../lib/gcc/pic32c/8.3.1/../../../../pic32c/lib/thumb/v6-m/nofp\libc-musl.a(__fmt_d.o)
 .debug_abbrev  0x000000000000916f      0x15e c:/program files/microchip/xc32/v4.60/bin/bin/../../lib/gcc/pic32c/8.3.1/../../../../pic32c/lib/thumb/v6-m/nofp\libc-musl.a(__fmt_s.o)
 .debug_abbrev  0x00000000000092cd      0x161 c:/program files/microchip/xc32/v4.60/bin/bin/../../lib/gcc/pic32c/8.3.1/../../../../pic32c/lib/thumb/v6-m/nofp\libc-musl.a(__fmt_u.o)
 .debug_abbrev  0x000000000000942e       0xdc c:/program files/microchip/xc32/v4.60/bin/bin/../../lib/gcc/pic32c/8.3.1/../../../../pic32c/lib/thumb/v6-m/nofp\libc-musl.a(__pop_int.o)
 .debug_abbrev  0x000000000000950a       0xdc c:/program files/microchip/xc32/v4.60/bin/bin/../../lib/gcc/pic32c/8.3.1/../../../../pic32c/lib/thumb/v6-m/nofp\libc-musl.a(__pop_ptr.o)
 .debug_abbrev  0x00000000000095e6      0x317 c:/program files/microchip/xc32/v4.60/bin/bin/../../lib/gcc/pic32c/8.3.1/../../../../pic32c/lib/thumb/v6-m/nofp\libc-musl.a(__printf_core.o)
 .debug_abbrev  0x00000000000098fd      0x1b3 c:/program files/microchip/xc32/v4.60/bin/bin/../../lib/gcc/pic32c/8.3.1/../../../../pic32c/lib/thumb/v6-m/nofp\libc-musl.a(stdin.o)
 .debug_abbrev  0x0000000000009ab0      0x145 c:/program files/microchip/xc32/v4.60/bin/bin/../../lib/gcc/pic32c/8.3.1/../../../../pic32c/lib/thumb/v6-m/nofp\libc-musl.a(stdout.o)
 .debug_abbrev  0x0000000000009bf5      0x159 c:/program files/microchip/xc32/v4.60/bin/bin/../../lib/gcc/pic32c/8.3.1/../../../../pic32c/lib/thumb/v6-m/nofp\libc-musl.a(puts.o)
 .debug_abbrev  0x0000000000009d4e       0xa8 c:/program files/microchip/xc32/v4.60/bin/bin/../../lib/gcc/pic32c/8.3.1/../../../../pic32c/lib/thumb/v6-m/nofp\libc-musl.a(setbuf.o)
 .debug_abbrev  0x0000000000009df6       0xc6 c:/program files/microchip/xc32/v4.60/bin/bin/../../lib/gcc/pic32c/8.3.1/../../../../pic32c/lib/thumb/v6-m/nofp\libc-musl.a(atoi.o)
 .debug_abbrev  0x0000000000009ebc       0xdb c:/program files/microchip/xc32/v4.60/bin/bin/../../lib/gcc/pic32c/8.3.1/../../../../pic32c/lib/thumb/v6-m/nofp\libc-musl.a(gmtime.o)
 .debug_abbrev  0x0000000000009f97       0xdd c:/program files/microchip/xc32/v4.60/bin/bin/../../lib/gcc/pic32c/8.3.1/../../../../pic32c/lib/thumb/v6-m/nofp\libc-musl.a(gmtime_r.o)
 .debug_abbrev  0x000000000000a074      0x130 c:/program files/microchip/xc32/v4.60/bin/bin/../../lib/gcc/pic32c/8.3.1/../../../../pic32c/lib/thumb/v6-m/nofp\libc-musl.a(mktime.o)
 .debug_abbrev  0x000000000000a1a4       0xf4 c:/program files/microchip/xc32/v4.60/bin/bin/../../lib/gcc/pic32c/8.3.1/../../../../pic32c/lib/thumb/v6-m/nofp\libc-musl.a(tolower.o)
 .debug_abbrev  0x000000000000a298       0x62 c:/program files/microchip/xc32/v4.60/bin/bin/../../lib/gcc/pic32c/8.3.1/../../../../pic32c/lib/thumb/v6-m/nofp\libc-musl.a(__environ.o)
 .debug_abbrev  0x000000000000a2fa      0x132 c:/program files/microchip/xc32/v4.60/bin/bin/../../lib/gcc/pic32c/8.3.1/../../../../pic32c/lib/thumb/v6-m/nofp\libc-musl.a(__int_vfprintf.o)
 .debug_abbrev  0x000000000000a42c      0x146 c:/program files/microchip/xc32/v4.60/bin/bin/../../lib/gcc/pic32c/8.3.1/../../../../pic32c/lib/thumb/v6-m/nofp\libc-musl.a(fputs.o)
 .debug_abbrev  0x000000000000a572       0xf3 c:/program files/microchip/xc32/v4.60/bin/bin/../../lib/gcc/pic32c/8.3.1/../../../../pic32c/lib/thumb/v6-m/nofp\libc-musl.a(__cvt_u.o)
 .debug_abbrev  0x000000000000a665       0xdc c:/program files/microchip/xc32/v4.60/bin/bin/../../lib/gcc/pic32c/8.3.1/../../../../pic32c/lib/thumb/v6-m/nofp\libc-musl.a(__pop_float.o)
 .debug_abbrev  0x000000000000a741      0x16c c:/program files/microchip/xc32/v4.60/bin/bin/../../lib/gcc/pic32c/8.3.1/../../../../pic32c/lib/thumb/v6-m/nofp\libc-musl.a(__stdio_read.o)
 .debug_abbrev  0x000000000000a8ad       0xf8 c:/program files/microchip/xc32/v4.60/bin/bin/../../lib/gcc/pic32c/8.3.1/../../../../pic32c/lib/thumb/v6-m/nofp\libc-musl.a(__towrite_rw.o)
 .debug_abbrev  0x000000000000a9a5      0x13c c:/program files/microchip/xc32/v4.60/bin/bin/../../lib/gcc/pic32c/8.3.1/../../../../pic32c/lib/thumb/v6-m/nofp\libc-musl.a(fwrite.o)
 .debug_abbrev  0x000000000000aae1      0x122 c:/program files/microchip/xc32/v4.60/bin/bin/../../lib/gcc/pic32c/8.3.1/../../../../pic32c/lib/thumb/v6-m/nofp\libc-musl.a(putc.o)
 .debug_abbrev  0x000000000000ac03      0x135 c:/program files/microchip/xc32/v4.60/bin/bin/../../lib/gcc/pic32c/8.3.1/../../../../pic32c/lib/thumb/v6-m/nofp\libc-musl.a(setvbuf.o)
 .debug_abbrev  0x000000000000ad38      0x10c c:/program files/microchip/xc32/v4.60/bin/bin/../../lib/gcc/pic32c/8.3.1/../../../../pic32c/lib/thumb/v6-m/nofp\libc-musl.a(__tm_to_secs.o)
 .debug_abbrev  0x000000000000ae44       0x96 c:/program files/microchip/xc32/v4.60/bin/bin/../../lib/gcc/pic32c/8.3.1/../../../../pic32c/lib/thumb/v6-m/nofp\libc-musl.a(__year_to_secs.o)
 .debug_abbrev  0x000000000000aeda       0xc7 c:/program files/microchip/xc32/v4.60/bin/bin/../../lib/gcc/pic32c/8.3.1/../../../../pic32c/lib/thumb/v6-m/nofp\libc-musl.a(__secs_to_tm.o)
 .debug_abbrev  0x000000000000afa1       0xf7 c:/program files/microchip/xc32/v4.60/bin/bin/../../lib/gcc/pic32c/8.3.1/../../../../pic32c/lib/thumb/v6-m/nofp\libc-musl.a(readv.o)
 .debug_abbrev  0x000000000000b098       0x65 c:/program files/microchip/xc32/v4.60/bin/bin/../../lib/gcc/pic32c/8.3.1/../../../../pic32c/lib/thumb/v6-m/nofp\libc-musl.a(__init_stdio.o)
 .debug_abbrev  0x000000000000b0fd      0x177 c:/program files/microchip/xc32/v4.60/bin/bin/../../lib/gcc/pic32c/8.3.1/../../../../pic32c/lib/thumb/v6-m/nofp\libc-musl.a(__out.o)
 .debug_abbrev  0x000000000000b274      0x109 c:/program files/microchip/xc32/v4.60/bin/bin/../../lib/gcc/pic32c/8.3.1/../../../../pic32c/lib/thumb/v6-m/nofp\libc-musl.a(__putc.o)
 .debug_abbrev  0x000000000000b37d      0x17e c:/program files/microchip/xc32/v4.60/bin/bin/../../lib/gcc/pic32c/8.3.1/../../../../pic32c/lib/thumb/v6-m/nofp\libc-musl.a(__stderr.o)
 .debug_abbrev  0x000000000000b4fb      0x14f c:/program files/microchip/xc32/v4.60/bin/bin/../../lib/gcc/pic32c/8.3.1/../../../../pic32c/lib/thumb/v6-m/nofp\libc-musl.a(__stdio_close.o)
 .debug_abbrev  0x000000000000b64a      0x1bd c:/program files/microchip/xc32/v4.60/bin/bin/../../lib/gcc/pic32c/8.3.1/../../../../pic32c/lib/thumb/v6-m/nofp\libc-musl.a(__stdio_write.o)
 .debug_abbrev  0x000000000000b807      0x17e c:/program files/microchip/xc32/v4.60/bin/bin/../../lib/gcc/pic32c/8.3.1/../../../../pic32c/lib/thumb/v6-m/nofp\libc-musl.a(__stdout.o)
 .debug_abbrev  0x000000000000b985      0x114 c:/program files/microchip/xc32/v4.60/bin/bin/../../lib/gcc/pic32c/8.3.1/../../../../pic32c/lib/thumb/v6-m/nofp\libc-musl.a(__towrite.o)
 .debug_abbrev  0x000000000000ba99       0xad c:/program files/microchip/xc32/v4.60/bin/bin/../../lib/gcc/pic32c/8.3.1/../../../../pic32c/lib/thumb/v6-m/nofp\libc-musl.a(__month_to_secs.o)
 .debug_abbrev  0x000000000000bb46       0xf7 c:/program files/microchip/xc32/v4.60/bin/bin/../../lib/gcc/pic32c/8.3.1/../../../../pic32c/lib/thumb/v6-m/nofp\libc-musl.a(writev.o)
 .debug_abbrev  0x000000000000bc3d      0x141 c:/program files/microchip/xc32/v4.60/bin/bin/../../lib/gcc/pic32c/8.3.1/../../../../pic32c/lib/thumb/v6-m/nofp\libc-musl.a(__overflow.o)
 .debug_abbrev  0x000000000000bd7e      0x121 c:/program files/microchip/xc32/v4.60/bin/bin/../../lib/gcc/pic32c/8.3.1/../../../../pic32c/lib/thumb/v6-m/nofp\libc-musl.a(__fwrite.o)
 .debug_abbrev  0x000000000000be9f       0x14 c:/program files/microchip/xc32/v4.60/bin/bin/../../lib/gcc/pic32c/8.3.1/thumb/v6-m/nofp\libgcc.a(_udivsi3.o)
 .debug_abbrev  0x000000000000beb3       0x14 c:/program files/microchip/xc32/v4.60/bin/bin/../../lib/gcc/pic32c/8.3.1/thumb/v6-m/nofp\libgcc.a(_divsi3.o)
 .debug_abbrev  0x000000000000bec7       0x14 c:/program files/microchip/xc32/v4.60/bin/bin/../../lib/gcc/pic32c/8.3.1/thumb/v6-m/nofp\libgcc.a(_dvmd_tls.o)
 .debug_abbrev  0x000000000000bedb       0x14 c:/program files/microchip/xc32/v4.60/bin/bin/../../lib/gcc/pic32c/8.3.1/thumb/v6-m/nofp\libgcc.a(_aeabi_ldivmod.o)
 .debug_abbrev  0x000000000000beef       0x14 c:/program files/microchip/xc32/v4.60/bin/bin/../../lib/gcc/pic32c/8.3.1/thumb/v6-m/nofp\libgcc.a(_aeabi_uldivmod.o)
 .debug_abbrev  0x000000000000bf03      0x10b c:/program files/microchip/xc32/v4.60/bin/bin/../../lib/gcc/pic32c/8.3.1/thumb/v6-m/nofp\libgcc.a(_muldi3.o)
 .debug_abbrev  0x000000000000c00e       0x99 c:/program files/microchip/xc32/v4.60/bin/bin/../../lib/gcc/pic32c/8.3.1/thumb/v6-m/nofp\libgcc.a(_udivmoddi4.o)
 .debug_abbrev  0x000000000000c0a7       0xaa c:/program files/microchip/xc32/v4.60/bin/bin/../../lib/gcc/pic32c/8.3.1/thumb/v6-m/nofp\libgcc.a(bpabi.o)
 .debug_abbrev  0x000000000000c151       0x14 c:/program files/microchip/xc32/v4.60/bin/bin/../../lib/gcc/pic32c/8.3.1/thumb/v6-m/nofp\libgcc.a(_lshrdi3.o)
 .debug_abbrev  0x000000000000c165       0x14 c:/program files/microchip/xc32/v4.60/bin/bin/../../lib/gcc/pic32c/8.3.1/thumb/v6-m/nofp\libgcc.a(_ashldi3.o)
 .debug_abbrev  0x000000000000c179       0x14 c:/program files/microchip/xc32/v4.60/bin/bin/../../lib/gcc/pic32c/8.3.1/thumb/v6-m/nofp\libgcc.a(_clzdi2.o)
 .debug_abbrev  0x000000000000c18d      0x14e c:/program files/microchip/xc32/v4.60/bin/bin/../../lib/gcc/pic32c/8.3.1/thumb/v6-m/nofp\libgcc.a(_divdi3.o)
 .debug_abbrev  0x000000000000c2db       0x14 c:/program files/microchip/xc32/v4.60/bin/bin/../../lib/gcc/pic32c/8.3.1/thumb/v6-m/nofp\libgcc.a(_clzsi2.o)
 .debug_abbrev  0x000000000000c2ef       0x2e c:/program files/microchip/xc32/v4.60/bin/bin/../../lib/gcc/pic32c/8.3.1/../../../../pic32c/lib/thumb/v6-m/nofp\libpic32c.a(close.o)
 .debug_abbrev  0x000000000000c31d       0x2e c:/program files/microchip/xc32/v4.60/bin/bin/../../lib/gcc/pic32c/8.3.1/../../../../pic32c/lib/thumb/v6-m/nofp\libpic32c.a(lseek.o)
 .debug_abbrev  0x000000000000c34b       0x44 c:/program files/microchip/xc32/v4.60/bin/bin/../../lib/gcc/pic32c/8.3.1/../../../../pic32c/lib/thumb/v6-m/nofp\libpic32c.a(sbrk.o)
 .debug_abbrev  0x000000000000c38f       0x2e c:/program files/microchip/xc32/v4.60/bin/bin/../../lib/gcc/pic32c/8.3.1/../../../../pic32c/lib/thumb/v6-m/nofp\libpic32c.a(pic32_data_init_clear.o)
 .debug_abbrev  0x000000000000c3bd       0x2e c:/program files/microchip/xc32/v4.60/bin/bin/../../lib/gcc/pic32c/8.3.1/../../../../pic32c/lib/thumb/v6-m/nofp\libpic32c.a(pic32_data_init_copy.o)

.debug_loc      0x0000000000000000    0x27fac
 .debug_loc     0x0000000000000000      0x44d build/SAMD21_IOT_WG_ICM42688/production/_ext/2048461350/icm42688_sensor.o
 .debug_loc     0x000000000000044d     0x257f build/SAMD21_IOT_WG_ICM42688/production/_ext/1660664302/drv_spi.o
 .debug_loc     0x00000000000029cc       0xbc build/SAMD21_IOT_WG_ICM42688/production/_ext/1164161090/wdrv_winc_eint.o
 .debug_loc     0x0000000000002a88      0x733 build/SAMD21_IOT_WG_ICM42688/production/_ext/101005277/wdrv_winc_spi.o
 .debug_loc     0x00000000000031bb       0xa8 build/SAMD21_IOT_WG_ICM42688/production/_ext/90265895/nm_common.o
 .debug_loc     0x0000000000003263      0xbd4 build/SAMD21_IOT_WG_ICM42688/production/_ext/121554788/m2m_ssl.o
 .debug_loc     0x0000000000003e37      0xc5c build/SAMD21_IOT_WG_ICM42688/production/_ext/121554788/m2m_hif.o
 .debug_loc     0x0000000000004a93     0x3dba build/SAMD21_IOT_WG_ICM42688/production/_ext/121554788/m2m_wifi.o
 .debug_loc     0x000000000000884d     0x1a6c build/SAMD21_IOT_WG_ICM42688/production/_ext/121554788/nmspi.o
 .debug_loc     0x000000000000a2b9      0x7f5 build/SAMD21_IOT_WG_ICM42688/production/_ext/121554788/nmdrv.o
 .debug_loc     0x000000000000aaae      0xf00 build/SAMD21_IOT_WG_ICM42688/production/_ext/121554788/m2m_ota.o
 .debug_loc     0x000000000000b9ae      0xd2c build/SAMD21_IOT_WG_ICM42688/production/_ext/121554788/nmasic.o
 .debug_loc     0x000000000000c6da      0x5fa build/SAMD21_IOT_WG_ICM42688/production/_ext/121554788/nmbus.o
 .debug_loc     0x000000000000ccd4     0x222c build/SAMD21_IOT_WG_ICM42688/production/_ext/548032175/socket.o
 .debug_loc     0x000000000000ef00      0x1da build/SAMD21_IOT_WG_ICM42688/production/_ext/548032175/inet_addr.o