Archive member included to satisfy reference by file (symbol)

c:/program files/microchip/xc32/v4.60/bin/bin/../../lib/gcc/pic32c/8.3.1/../../../../pic32c/lib/thumb/v6-m/nofp\libpic32c.a(data_init.o)
                              build/SAMD21_IOT_WG_ICM42688/debug/_ext/1832905403/startup_xc32.o (__pic32c_data_initialization)
c:/program files/microchip/xc32/v4.60/bin/bin/../../lib/gcc/pic32c/8.3.1/../../../../pic32c/lib/thumb/v6-m/nofp\libc-size-musl.a(memcpy.o)
                              build/SAMD21_IOT_WG_ICM42688/debug/_ext/101005277/wdrv_winc_spi.o (memcpy)
c:/program files/microchip/xc32/v4.60/bin/bin/../../lib/gcc/pic32c/8.3.1/../../../../pic32c/lib/thumb/v6-m/nofp\libc-size-musl.a(memset.o)
                              build/SAMD21_IOT_WG_ICM42688/debug/_ext/2048461350/icm42688_sensor.o (memset)
c:/program files/microchip/xc32/v4.60/bin/bin/../../lib/gcc/pic32c/8.3.1/../../../../pic32c/lib/thumb/v6-m/nofp\libc-size-musl.a(strlen.o)
                              build/SAMD21_IOT_WG_ICM42688/debug/_ext/121554788/m2m_wifi.o (strlen)
c:/program files/microchip/xc32/v4.60/bin/bin/../../lib/gcc/pic32c/8.3.1/../../../../pic32c/lib/thumb/v6-m/nofp\libc-size-musl.a(strchr.o)
                              build/SAMD21_IOT_WG_ICM42688/debug/_ext/907429946/wdrv_winc_sta.o (strchr)
c:/program files/microchip/xc32/v4.60/bin/bin/../../lib/gcc/pic32c/8.3.1/../../../../pic32c/lib/thumb/v6-m/nofp\libc-size-musl.a(strchrnul.o)
                              c:/program files/microchip/xc32/v4.60/bin/bin/../../lib/gcc/pic32c/8.3.1/../../../../pic32c/lib/thumb/v6-m/nofp\libc-size-musl.a(strchr.o) (__strchrnul)
c:/program files/microchip/xc32/v4.60/bin/bin/../../lib/gcc/pic32c/8.3.1/../../../../pic32c/lib/thumb/v6-m/nofp\libc-size-musl.a(strcmp.o)
                              build/SAMD21_IOT_WG_ICM42688/debug/_ext/299863938/ssi_comms.o (strcmp)
c:/program files/microchip/xc32/v4.60/bin/bin/../../lib/gcc/pic32c/8.3.1/../../../../pic32c/lib/thumb/v6-m/nofp\libc-size-musl.a(strnlen.o)
                              build/SAMD21_IOT_WG_ICM42688/debug/_ext/121554788/m2m_ota.o (strnlen)
c:/program files/microchip/xc32/v4.60/bin/bin/../../lib/gcc/pic32c/8.3.1/../../../../pic32c/lib/thumb/v6-m/nofp\libc-size-musl.a(memchr.o)
                              c:/program files/microchip/xc32/v4.60/bin/bin/../../lib/gcc/pic32c/8.3.1/../../../../pic32c/lib/thumb/v6-m/nofp\libc-size-musl.a(strnlen.o) (memchr)
c:/program files/microchip/xc32/v4.60/bin/bin/../../lib/gcc/pic32c/8.3.1/../../../../pic32c/lib/thumb/v6-m/nofp\liblmalloc-musl.a(lite_free.o)
                              build/SAMD21_IOT_WG_ICM42688/debug/_ext/121554788/m2m_wifi.o (free)
c:/program files/microchip/xc32/v4.60/bin/bin/../../lib/gcc/pic32c/8.3.1/../../../../pic32c/lib/thumb/v6-m/nofp\liblmalloc-musl.a(lite_malloc.o)
                              build/SAMD21_IOT_WG_ICM42688/debug/_ext/121554788/m2m_wifi.o (malloc)
c:/program files/microchip/xc32/v4.60/bin/bin/../../lib/gcc/pic32c/8.3.1/../../../../pic32c/lib/thumb/v6-m/nofp\libm-fast-emfloat.a(modff.o)
                              build/SAMD21_IOT_WG_ICM42688/debug/_ext/1054876664/stats_percentile_presorted.o (modff)
c:/program files/microchip/xc32/v4.60/bin/bin/../../lib/gcc/pic32c/8.3.1/../../../../pic32c/lib/thumb/v6-m/nofp\libm-fast-emfloat.a(cos.o)
                              build/SAMD21_IOT_WG_ICM42688/debug/_ext/1054876664/utils_array.o (cos)
c:/program files/microchip/xc32/v4.60/bin/bin/../../lib/gcc/pic32c/8.3.1/../../../../pic32c/lib/thumb/v6-m/nofp\libm-fast-emfloat.a(sqrt.o)
                              build/SAMD21_IOT_WG_ICM42688/debug/_ext/1054876664/std.o (sqrt)
c:/program files/microchip/xc32/v4.60/bin/bin/../../lib/gcc/pic32c/8.3.1/../../../../pic32c/lib/thumb/v6-m/nofp\libm-fast-emfloat.a(pow.o)
                              build/SAMD21_IOT_WG_ICM42688/debug/_ext/1341251756/Icm426xxSelfTest.o (pow)
c:/program files/microchip/xc32/v4.60/bin/bin/../../lib/gcc/pic32c/8.3.1/../../../../pic32c/lib/thumb/v6-m/nofp\libm-fast-emfloat.a(__SEGGER_RTL_float64_SinCos.o)
                              c:/program files/microchip/xc32/v4.60/bin/bin/../../lib/gcc/pic32c/8.3.1/../../../../pic32c/lib/thumb/v6-m/nofp\libm-fast-emfloat.a(cos.o) (__SEGGER_RTL_float64_SinCos)
c:/program files/microchip/xc32/v4.60/bin/bin/../../lib/gcc/pic32c/8.3.1/../../../../pic32c/lib/thumb/v6-m/nofp\libm-fast-emfloat.a(__SEGGER_RTL_kahan_aT2.o)
                              c:/program files/microchip/xc32/v4.60/bin/bin/../../lib/gcc/pic32c/8.3.1/../../../../pic32c/lib/thumb/v6-m/nofp\libm-fast-emfloat.a(sqrt.o) (__SEGGER_RTL_kahan_aT2)
c:/program files/microchip/xc32/v4.60/bin/bin/../../lib/gcc/pic32c/8.3.1/../../../../pic32c/lib/thumb/v6-m/nofp\libm-fast-emfloat.a(__aeabi_fadd.o)
                              build/SAMD21_IOT_WG_ICM42688/debug/_ext/1054876664/calc_area.o (__aeabi_fadd)
[...]
Memory Configuration

Name             Origin             Length             Attributes
rom              0x0000000000000000 0x0000000000040000 xrl
ram              0x0000000020000000 0x0000000000008000 xw !r
config_00804000  0x0000000000804000 0x0000000000000004
config_00804004  0x0000000000804004 0x0000000000000004
*default*        0x0000000000000000 0xffffffffffffffff

Linker script and memory map

LOAD c:/program files/microchip/xc32/v4.60/bin/bin/../../lib/gcc/pic32c/8.3.1/thumb/v6-m/nofp/crti.o
LOAD c:/program files/microchip/xc32/v4.60/bin/bin/../../lib/gcc/pic32c/8.3.1/thumb/v6-m/nofp/crtbegin.o
LOAD build/SAMD21_IOT_WG_ICM42688/debug/_ext/2048461350/icm42688_sensor.o
LOAD build/SAMD21_IOT_WG_ICM42688/debug/_ext/1822804554/sml_recognition_run.o
LOAD build/SAMD21_IOT_WG_ICM42688/debug/_ext/1660664302/drv_spi.o
LOAD build/SAMD21_IOT_WG_ICM42688/debug/_ext/1164161090/wdrv_winc_gpio.o
LOAD build/SAMD21_IOT_WG_ICM42688/debug/_ext/1164161090/wdrv_winc_eint.o
LOAD build/SAMD21_IOT_WG_ICM42688/debug/_ext/101005277/wdrv_winc_spi.o
LOAD build/SAMD21_IOT_WG_ICM42688/debug/_ext/90265895/nm_common.o
LOAD build/SAMD21_IOT_WG_ICM42688/debug/_ext/121554788/m2m_ssl.o
LOAD build/SAMD21_IOT_WG_ICM42688/debug/_ext/121554788/m2m_hif.o
LOAD build/SAMD21_IOT_WG_ICM42688/debug/_ext/121554788/m2m_wifi.o
LOAD build/SAMD21_IOT_WG_ICM42688/debug/_ext/121554788/nmspi.o
LOAD build/SAMD21_IOT_WG_ICM42688/debug/_ext/121554788/nmdrv.o
LOAD build/SAMD21_IOT_WG_ICM42688/debug/_ext/121554788/m2m_periph.o
LOAD build/SAMD21_IOT_WG_ICM42688/debug/_ext/121554788/m2m_ota.o
LOAD build/SAMD21_IOT_WG_ICM42688/debug/_ext/121554788/nmasic.o
LOAD build/SAMD21_IOT_WG_ICM42688/debug/_ext/121554788/nmbus.o
LOAD build/SAMD21_IOT_WG_ICM42688/debug/_ext/548032175/socket.o
LOAD build/SAMD21_IOT_WG_ICM42688/debug/_ext/548032175/inet_addr.o
LOAD build/SAMD21_IOT_WG_ICM42688/debug/_ext/548032175/inet_ntop.o
LOAD build/SAMD21_IOT_WG_ICM42688/debug/_ext/609036575/flexible_flash.o
LOAD build/SAMD21_IOT_WG_ICM42688/debug/_ext/609036575/spi_flash.o
LOAD build/SAMD21_IOT_WG_ICM42688/debug/_ext/1784303044/wdrv_winc_osal.o
LOAD build/SAMD21_IOT_WG_ICM42688/debug/_ext/907429946/wdrv_winc_softap.o
LOAD build/SAMD21_IOT_WG_ICM42688/debug/_ext/907429946/wdrv_winc_bssfind.o
LOAD build/SAMD21_IOT_WG_ICM42688/debug/_ext/907429946/wdrv_winc_sta.o
LOAD build/SAMD21_IOT_WG_ICM42688/debug/_ext/907429946/wdrv_winc_wps.o
LOAD build/SAMD21_IOT_WG_ICM42688/debug/_ext/907429946/wdrv_winc_assoc.o
LOAD build/SAMD21_IOT_WG_ICM42688/debug/_ext/907429946/wdrv_winc_socket.o
LOAD build/SAMD21_IOT_WG_ICM42688/debug/_ext/907429946/wdrv_winc_systime.o
LOAD build/SAMD21_IOT_WG_ICM42688/debug/_ext/907429946/wdrv_winc_enterprise.o
LOAD build/SAMD21_IOT_WG_ICM42688/debug/_ext/907429946/wdrv_winc_nvm.o
LOAD build/SAMD21_IOT_WG_ICM42688/debug/_ext/907429946/wdrv_winc_httpprovctx.o
LOAD build/SAMD21_IOT_WG_ICM42688/debug/_ext/907429946/wdrv_winc_powersave.o
LOAD build/SAMD21_IOT_WG_ICM42688/debug/_ext/907429946/wdrv_winc_authctx.o
LOAD build/SAMD21_IOT_WG_ICM42688/debug/_ext/907429946/wdrv_winc_ssl.o
LOAD build/SAMD21_IOT_WG_ICM42688/debug/_ext/907429946/wdrv_winc_custie.o
LOAD build/SAMD21_IOT_WG_ICM42688/debug/_ext/907429946/wdrv_winc_host_file.o
LOAD build/SAMD21_IOT_WG_ICM42688/debug/_ext/907429946/wdrv_winc.o
LOAD build/SAMD21_IOT_WG_ICM42688/debug/_ext/907429946/wdrv_winc_bssctx.o
LOAD build/SAMD21_IOT_WG_ICM42688/debug/_ext/1750425231/plib_clock.o
LOAD build/SAMD21_IOT_WG_ICM42688/debug/_ext/1580516298/plib_dmac.o
LOAD build/SAMD21_IOT_WG_ICM42688/debug/_ext/503204096/plib_eic.o
LOAD build/SAMD21_IOT_WG_ICM42688/debug/_ext/1752574717/plib_evsys.o
LOAD build/SAMD21_IOT_WG_ICM42688/debug/_ext/1580823105/plib_nvic.o
LOAD build/SAMD21_IOT_WG_ICM42688/debug/_ext/11470383/plib_nvmctrl.o
LOAD build/SAMD21_IOT_WG_ICM42688/debug/_ext/1580876256/plib_port.o
LOAD build/SAMD21_IOT_WG_ICM42688/debug/_ext/1014017276/plib_sercom0_spi_master.o
LOAD build/SAMD21_IOT_WG_ICM42688/debug/_ext/1014017276/plib_sercom2_spi_master.o
LOAD build/SAMD21_IOT_WG_ICM42688/debug/_ext/177673482/plib_sercom5_usart.o
LOAD build/SAMD21_IOT_WG_ICM42688/debug/_ext/223004715/plib_systick.o
LOAD build/SAMD21_IOT_WG_ICM42688/debug/_ext/399410062/plib_tc3.o
LOAD build/SAMD21_IOT_WG_ICM42688/debug/_ext/399410062/plib_tc4.o
LOAD build/SAMD21_IOT_WG_ICM42688/debug/_ext/1357625803/xc32_monitor.o
LOAD build/SAMD21_IOT_WG_ICM42688/debug/_ext/1584719636/sys_dma.o
LOAD build/SAMD21_IOT_WG_ICM42688/debug/_ext/1318297016/sys_int.o
LOAD build/SAMD21_IOT_WG_ICM42688/debug/_ext/386530258/sys_time.o
LOAD build/SAMD21_IOT_WG_ICM42688/debug/_ext/1832905403/initialization.o
LOAD build/SAMD21_IOT_WG_ICM42688/debug/_ext/1832905403/interrupts.o
LOAD build/SAMD21_IOT_WG_ICM42688/debug/_ext/1832905403/exceptions.o
LOAD build/SAMD21_IOT_WG_ICM42688/debug/_ext/1832905403/startup_xc32.o
LOAD build/SAMD21_IOT_WG_ICM42688/debug/_ext/1832905403/libc_syscalls.o
LOAD build/SAMD21_IOT_WG_ICM42688/debug/_ext/1832905403/tasks.o
LOAD build/SAMD21_IOT_WG_ICM42688/debug/_ext/1341251756/Icm426xxDriver_HL.o
LOAD build/SAMD21_IOT_WG_ICM42688/debug/_ext/1341251756/Icm426xxDriver_HL_apex.o
LOAD build/SAMD21_IOT_WG_ICM42688/debug/_ext/1341251756/Icm426xxSelfTest.o
LOAD build/SAMD21_IOT_WG_ICM42688/debug/_ext/1341251756/Icm426xxTransport.o
LOAD build/SAMD21_IOT_WG_ICM42688/debug/_ext/1054876664/array_contains.o
LOAD build/SAMD21_IOT_WG_ICM42688/debug/_ext/1054876664/calc_area.o
LOAD build/SAMD21_IOT_WG_ICM42688/debug/_ext/1054876664/column_to_row_complex.o
LOAD build/SAMD21_IOT_WG_ICM42688/debug/_ext/1054876664/crossing_rate.o
LOAD build/SAMD21_IOT_WG_ICM42688/debug/_ext/1054876664/dsp_dtw_distance.o
LOAD build/SAMD21_IOT_WG_ICM42688/debug/_ext/1054876664/dsp_l1_distance.o
LOAD build/SAMD21_IOT_WG_ICM42688/debug/_ext/1054876664/dsp_lsup_distance.o
LOAD build/SAMD21_IOT_WG_ICM42688/debug/_ext/1054876664/fftr.o
LOAD build/SAMD21_IOT_WG_ICM42688/debug/_ext/1054876664/fftr_utils.o
LOAD build/SAMD21_IOT_WG_ICM42688/debug/_ext/1054876664/fg_area_absolute_area_high_frequency.o
LOAD build/SAMD21_IOT_WG_ICM42688/debug/_ext/1054876664/fg_area_total_area_low_frequency.o
LOAD build/SAMD21_IOT_WG_ICM42688/debug/_ext/1054876664/fg_cross_mean_difference.o
LOAD build/SAMD21_IOT_WG_ICM42688/debug/_ext/1054876664/fg_cross_min_column.o
LOAD build/SAMD21_IOT_WG_ICM42688/debug/_ext/1054876664/fg_cross_p2p_difference.o
LOAD build/SAMD21_IOT_WG_ICM42688/debug/_ext/1054876664/fg_cross_peak_location_difference.o
LOAD build/SAMD21_IOT_WG_ICM42688/debug/_ext/1054876664/fg_stats_abs_mean.o
LOAD build/SAMD21_IOT_WG_ICM42688/debug/_ext/1054876664/fg_stats_minimum.o
LOAD build/SAMD21_IOT_WG_ICM42688/debug/_ext/1054876664/fg_stats_pct025.o
LOAD build/SAMD21_IOT_WG_ICM42688/debug/_ext/1054876664/fg_stats_pct075.o
LOAD build/SAMD21_IOT_WG_ICM42688/debug/_ext/1054876664/fg_stats_skewness.o
LOAD build/SAMD21_IOT_WG_ICM42688/debug/_ext/1054876664/fixlog.o
LOAD build/SAMD21_IOT_WG_ICM42688/debug/_ext/1054876664/imfcc.o
LOAD build/SAMD21_IOT_WG_ICM42688/debug/_ext/1054876664/kb.o
LOAD build/SAMD21_IOT_WG_ICM42688/debug/_ext/1054876664/kb_output.o
LOAD build/SAMD21_IOT_WG_ICM42688/debug/_ext/1054876664/kb_pipeline.o
LOAD build/SAMD21_IOT_WG_ICM42688/debug/_ext/1054876664/kb_post_processing.o
LOAD build/SAMD21_IOT_WG_ICM42688/debug/_ext/1054876664/max_min_high_low_freq.o
LOAD build/SAMD21_IOT_WG_ICM42688/debug/_ext/1054876664/ma_symmetric.o
LOAD build/SAMD21_IOT_WG_ICM42688/debug/_ext/1054876664/mean.o
LOAD build/SAMD21_IOT_WG_ICM42688/debug/_ext/1054876664/ratio_diff_impl.o
LOAD build/SAMD21_IOT_WG_ICM42688/debug/_ext/1054876664/rb.o
LOAD build/SAMD21_IOT_WG_ICM42688/debug/_ext/1054876664/save_sensor_data.o
LOAD build/SAMD21_IOT_WG_ICM42688/debug/_ext/1054876664/sf_downsample_by_averaging.o
LOAD build/SAMD21_IOT_WG_ICM42688/debug/_ext/1054876664/sf_downsample_by_decimation.o
LOAD build/SAMD21_IOT_WG_ICM42688/debug/_ext/1054876664/sg_windowing.o
LOAD build/SAMD21_IOT_WG_ICM42688/debug/_ext/1054876664/sortarray.o
LOAD build/SAMD21_IOT_WG_ICM42688/debug/_ext/1054876664/sorted_copy.o
LOAD build/SAMD21_IOT_WG_ICM42688/debug/_ext/1054876664/stats_percentile_presorted.o
LOAD build/SAMD21_IOT_WG_ICM42688/debug/_ext/1054876664/stat_mean.o
LOAD build/SAMD21_IOT_WG_ICM42688/debug/_ext/1054876664/stat_moment.o
LOAD build/SAMD21_IOT_WG_ICM42688/debug/_ext/1054876664/std.o
LOAD build/SAMD21_IOT_WG_ICM42688/debug/_ext/1054876664/st_absolute_average.o
LOAD build/SAMD21_IOT_WG_ICM42688/debug/_ext/1054876664/st_average.o
LOAD build/SAMD21_IOT_WG_ICM42688/debug/_ext/1054876664/st_high_pass_filter.o
LOAD build/SAMD21_IOT_WG_ICM42688/debug/_ext/1054876664/st_moving_average.o
LOAD build/SAMD21_IOT_WG_ICM42688/debug/_ext/1054876664/sum.o
LOAD build/SAMD21_IOT_WG_ICM42688/debug/_ext/1054876664/tree_ensemble.o
LOAD build/SAMD21_IOT_WG_ICM42688/debug/_ext/1054876664/tree_ensemble_trained_models.o
LOAD build/SAMD21_IOT_WG_ICM42688/debug/_ext/1054876664/tr_min_max_scale.o
LOAD build/SAMD21_IOT_WG_ICM42688/debug/_ext/1054876664/tr_sensor_magnitude.o
LOAD build/SAMD21_IOT_WG_ICM42688/debug/_ext/1054876664/utils_array.o
LOAD build/SAMD21_IOT_WG_ICM42688/debug/_ext/1054876664/utils_array_max_uint8.o
LOAD build/SAMD21_IOT_WG_ICM42688/debug/_ext/1054876664/utils_bitwise_abs_val.o
LOAD build/SAMD21_IOT_WG_ICM42688/debug/_ext/1054876664/utils_buffer_absmean.o
LOAD build/SAMD21_IOT_WG_ICM42688/debug/_ext/1054876664/utils_buffer_abssum.o
LOAD build/SAMD21_IOT_WG_ICM42688/debug/_ext/1054876664/utils_buffer_abs_max.o
LOAD build/SAMD21_IOT_WG_ICM42688/debug/_ext/1054876664/utils_buffer_argmax.o
LOAD build/SAMD21_IOT_WG_ICM42688/debug/_ext/1054876664/utils_buffer_autoscale.o
LOAD build/SAMD21_IOT_WG_ICM42688/debug/_ext/1054876664/utils_buffer_cumsum.o
LOAD build/SAMD21_IOT_WG_ICM42688/debug/_ext/1054876664/utils_buffer_max.o
LOAD build/SAMD21_IOT_WG_ICM42688/debug/_ext/1054876664/utils_buffer_mean.o
LOAD build/SAMD21_IOT_WG_ICM42688/debug/_ext/1054876664/utils_buffer_median.o
LOAD build/SAMD21_IOT_WG_ICM42688/debug/_ext/1054876664/utils_buffer_min.o
LOAD build/SAMD21_IOT_WG_ICM42688/debug/_ext/1054876664/utils_buffer_min_max.o
LOAD build/SAMD21_IOT_WG_ICM42688/debug/_ext/1054876664/utils_buffer_pass_threshold.o
LOAD build/SAMD21_IOT_WG_ICM42688/debug/_ext/1054876664/utils_buffer_std.o
LOAD build/SAMD21_IOT_WG_ICM42688/debug/_ext/1054876664/utils_buffer_variance.o
LOAD build/SAMD21_IOT_WG_ICM42688/debug/_ext/1054876664/utils_model_crossing_rate.o
LOAD build/SAMD21_IOT_WG_ICM42688/debug/_ext/1054876664/utils_model_cross_column.o
LOAD build/SAMD21_IOT_WG_ICM42688/debug/_ext/1054876664/utils_model_cross_difference.o
LOAD build/SAMD21_IOT_WG_ICM42688/debug/_ext/1054876664/utils_model_mean_crossing_rate.o
LOAD build/SAMD21_IOT_WG_ICM42688/debug/_ext/1054876664/utils_model_pct_time_over_sigma.o
LOAD build/SAMD21_IOT_WG_ICM42688/debug/_ext/1054876664/utils_model_pct_time_over_threshold.o
LOAD build/SAMD21_IOT_WG_ICM42688/debug/_ext/1054876664/utils_model_stats_max_min.o
LOAD build/SAMD21_IOT_WG_ICM42688/debug/_ext/1054876664/utils_model_total_area.o
LOAD build/SAMD21_IOT_WG_ICM42688/debug/_ext/1054876664/utils_model_total_energy.o
LOAD build/SAMD21_IOT_WG_ICM42688/debug/_ext/1054876664/utils_tr_sensor.o
LOAD build/SAMD21_IOT_WG_ICM42688/debug/_ext/299863938/ssi_comms.o
LOAD build/SAMD21_IOT_WG_ICM42688/debug/_ext/1360937237/main.o
LOAD build/SAMD21_IOT_WG_ICM42688/debug/_ext/1360937237/ringbuffer.o
LOAD build/SAMD21_IOT_WG_ICM42688/debug/_ext/1360937237/app.o
LOAD build/SAMD21_IOT_WG_ICM42688/debug/_ext/1360937237/winc1500_tcp_client.o
LOAD build/SAMD21_IOT_WG_ICM42688/debug/_ext/1360937237/ws2812.o
                0x0000000000000001                __MPLAB_BUILD = 0x1
                0x0000000000040000                __rom_end = (ORIGIN (rom) + LENGTH (rom))
                0x0000000020008000                __ram_end = (ORIGIN (ram) + LENGTH (ram))

.config_00804000
                0x0000000000804000        0x4
 *(.config_00804000)
 .config_00804000
                0x0000000000804000        0x4 build/SAMD21_IOT_WG_ICM42688/debug/_ext/1832905403/initialization.o
                0x0000000000804000                __config_00804000

.config_00804004
                0x0000000000804004        0x4
 *(.config_00804004)
 .config_00804004
                0x0000000000804004        0x4 build/SAMD21_IOT_WG_ICM42688/debug/_ext/1832905403/initialization.o
                0x0000000000804004                __config_00804004

.vectors        0x0000000000000000       0xb0
                0x0000000000000000                . = ALIGN (0x4)
                0x0000000000000000                _sfixed = .
 *(.vectors .vectors.* .vectors_default .vectors_default.*)
 .vectors       0x0000000000000000       0xb0 build/SAMD21_IOT_WG_ICM42688/debug/_ext/1832905403/interrupts.o
                0x0000000000000000                exception_table
 *(.isr_vector)
 *(.reset*)
 *(.after_vectors)

.text           0x00000000000000b0       0x20
                0x00000000000000b0                . = ALIGN (0x4)
 *(.glue_7t)
 .glue_7t       0x00000000000000b0        0x0 linker stubs
 *(.glue_7)
 .glue_7        0x00000000000000b0        0x0 linker stubs
 *(.gnu.linkonce.r.*)
 *(.ARM.extab* .gnu.linkonce.armextab.*)
                0x00000000000000b0                . = ALIGN (0x4)
 *(.init)
 .init          0x00000000000000b0        0x4 c:/program files/microchip/xc32/v4.60/bin/bin/../../lib/gcc/pic32c/8.3.1/thumb/v6-m/nofp/crti.o
                0x00000000000000b0                _init
 .init          0x00000000000000b4        0x8 c:/program files/microchip/xc32/v4.60/bin/bin/../../lib/gcc/pic32c/8.3.1/thumb/v6-m/nofp/crtn.o
                0x00000000000000bc                . = ALIGN (0x4)
                0x00000000000000bc                __preinit_array_start = .
 *(.preinit_array)
                0x00000000000000bc                __preinit_array_end = .
                0x00000000000000bc                . = ALIGN (0x4)
                0x00000000000000bc                __init_array_start = .
 *(SORT_BY_NAME(.init_array.*))
 *(.init_array)
 .init_array    0x00000000000000bc        0x4 c:/program files/microchip/xc32/v4.60/bin/bin/../../lib/gcc/pic32c/8.3.1/thumb/v6-m/nofp/crtbegin.o
                0x00000000000000c0                __init_array_end = .
                0x00000000000000c0                . = ALIGN (0x4)
 *crtbegin.o(.ctors)
 *(EXCLUDE_FILE(*crtend.o) .ctors)
 *(SORT_BY_NAME(.ctors.*))
 *crtend.o(.ctors)
                0x00000000000000c0                . = ALIGN (0x4)
 *(.fini)
 .fini          0x00000000000000c0        0x4 c:/program files/microchip/xc32/v4.60/bin/bin/../../lib/gcc/pic32c/8.3.1/thumb/v6-m/nofp/crti.o
                0x00000000000000c0                _fini
 .fini          0x00000000000000c4        0x8 c:/program files/microchip/xc32/v4.60/bin/bin/../../lib/gcc/pic32c/8.3.1/thumb/v6-m/nofp/crtn.o
                0x00000000000000cc                . = ALIGN (0x4)
                0x00000000000000cc                __fini_array_start = .
 *(.fini_array)
 .fini_array    0x00000000000000cc        0x4 c:/program files/microchip/xc32/v4.60/bin/bin/../../lib/gcc/pic32c/8.3.1/thumb/v6-m/nofp/crtbegin.o
 *(SORT_BY_NAME(.fini_array.*))
                0x00000000000000d0                __fini_array_end = .
 *crtbegin.o(.dtors)
 *(EXCLUDE_FILE(*crtend.o) .dtors)
 *(SORT_BY_NAME(.dtors.*))
 *crtend.o(.dtors)
                0x00000000000000d0                . = ALIGN (0x4)
                0x00000000000000d0                _efixed = .
                [!provide]                        PROVIDE (__exidx_start = .)

.ARM.exidx      0x00000000000000d0       0x10
 *(.ARM.exidx* .gnu.linkonce.armexidx.*)
 .ARM.exidx     0x00000000000000d8        0x8 c:/program files/microchip/xc32/v4.60/bin/bin/../../lib/gcc/pic32c/8.3.1/thumb/v6-m/nofp\libgcc.a(_udivmoddi4.o)
 .ARM.exidx     0x00000000000000d0        0x8 c:/program files/microchip/xc32/v4.60/bin/bin/../../lib/gcc/pic32c/8.3.1/thumb/v6-m/nofp\libgcc.a(_divdi3.o)
                [!provide]                        PROVIDE (__exidx_end = .)
                0x00000000000000e0                . = ALIGN (0x4)
                0x00000000000000e0                _etext = .

.bss            0x0000000020000000        0x0
                0x0000000020000000                . = ALIGN (0x4)
                0x0000000020000000                __bss_start__ = .
                0x0000000020000000                _sbss = .
                0x0000000020000000                _szero = .
 *(COMMON)
                0x0000000020000000                . = ALIGN (0x4)
                0x0000000020000000                __bss_end__ = .
                0x0000000020000000                _ebss = .
                0x0000000020000000                _ezero = .
                0x0000000020000000                . = ALIGN (0x4)
                0x0000000020000000                _end = .
                0x0000000020007fff                _ram_end_ = ((ORIGIN (ram) + LENGTH (ram)) - 0x1)
                0x0000000000000001                __ICD2RAM = 0x1
                0x0000000000000001                __MPLAB_DEBUG = 0x1
                0x0000000000000001                __DEBUG = 0x1
                0x0000000000000200                _min_heap_size = 0x200
START GROUP
LOAD c:/program files/microchip/xc32/v4.60/bin/bin/../../lib/gcc/pic32c/8.3.1/../../../../pic32c/lib/thumb/v6-m/nofp\libpic32c.a
LOAD c:/program files/microchip/xc32/v4.60/bin/bin/../../lib/gcc/pic32c/8.3.1/../../../../pic32c/lib/thumb/v6-m/nofp\libc-size-musl.a
LOAD c:/program files/microchip/xc32/v4.60/bin/bin/../../lib/gcc/pic32c/8.3.1/../../../../pic32c/lib/thumb/v6-m/nofp\liblmalloc-musl.a
LOAD c:/program files/microchip/xc32/v4.60/bin/bin/../../lib/gcc/pic32c/8.3.1/../../../../pic32c/lib/thumb/v6-m/nofp\libm-fast-emfloat.a
LOAD c:/program files/microchip/xc32/v4.60/bin/bin/../../lib/gcc/pic32c/8.3.1/../../../../pic32c/lib/thumb/v6-m/nofp\libm-musl.a
LOAD c:/program files/microchip/xc32/v4.60/bin/bin/../../lib/gcc/pic32c/8.3.1/../../../../pic32c/lib/thumb/v6-m/nofp\libg-musl.a
LOAD c:/program files/microchip/xc32/v4.60/bin/bin/../../lib/gcc/pic32c/8.3.1/../../../../pic32c/lib/thumb/v6-m/nofp\libc-musl.a
LOAD c:/program files/microchip/xc32/v4.60/bin/bin/../../lib/gcc/pic32c/8.3.1/../../../../pic32c/lib/thumb/v6-m/nofp\libm-fast-emfloat.a
LOAD c:/program files/microchip/xc32/v4.60/bin/bin/../../lib/gcc/pic32c/8.3.1/../../../../pic32c/lib/thumb/v6-m/nofp\libm-musl.a
LOAD c:/program files/microchip/xc32/v4.60/bin/bin/../../lib/gcc/pic32c/8.3.1/thumb/v6-m/nofp\libgcc.a
END GROUP
LOAD c:/program files/microchip/xc32/v4.60/bin/bin/../../lib/gcc/pic32c/8.3.1/thumb/v6-m/nofp/crtend.o
LOAD c:/program files/microchip/xc32/v4.60/bin/bin/../../lib/gcc/pic32c/8.3.1/thumb/v6-m/nofp/crtn.o
OUTPUT(dist/SAMD21_IOT_WG_ICM42688/debug/samd21_iot_wand.X.debug.elf elf32-littlearm)
LOAD data_init
LOAD stack

.ARM.attributes
                0x0000000000000000       0x2a
 .ARM.attributes
                0x0000000000000000       0x1e c:/program files/microchip/xc32/v4.60/bin/bin/../../lib/gcc/pic32c/8.3.1/thumb/v6-m/nofp/crti.o
 .ARM.attributes
                0x000000000000001e       0x2c c:/program files/microchip/xc32/v4.60/bin/bin/../../lib/gcc/pic32c/8.3.1/thumb/v6-m/nofp/crtbegin.o
 .ARM.attributes
                0x000000000000004a       0x2c build/SAMD21_IOT_WG_ICM42688/debug/_ext/2048461350/icm42688_sensor.o
 .ARM.attributes
                0x0000000000000076       0x2c build/SAMD21_IOT_WG_ICM42688/debug/_ext/1660664302/drv_spi.o
 .ARM.attributes
                0x00000000000000a2       0x2c build/SAMD21_IOT_WG_ICM42688/debug/_ext/1164161090/wdrv_winc_gpio.o
 .ARM.attributes
                0x00000000000000ce       0x2c build/SAMD21_IOT_WG_ICM42688/debug/_ext/1164161090/wdrv_winc_eint.o
 .ARM.attributes
                0x00000000000000fa       0x2c build/SAMD21_IOT_WG_ICM42688/debug/_ext/101005277/wdrv_winc_spi.o
 .ARM.attributes
                0x0000000000000126       0x2c build/SAMD21_IOT_WG_ICM42688/debug/_ext/90265895/nm_common.o
 .ARM.attributes
                0x0000000000000152       0x2c build/SAMD21_IOT_WG_ICM42688/debug/_ext/121554788/m2m_ssl.o
 .ARM.attributes
                0x000000000000017e       0x2c build/SAMD21_IOT_WG_ICM42688/debug/_ext/121554788/m2m_hif.o
 .ARM.attributes
                0x00000000000001aa       0x2c build/SAMD21_IOT_WG_ICM42688/debug/_ext/121554788/m2m_wifi.o
 .ARM.attributes
                0x00000000000001d6       0x2c build/SAMD21_IOT_WG_ICM42688/debug/_ext/121554788/nmspi.o
 .ARM.attributes
                0x0000000000000202       0x2c build/SAMD21_IOT_WG_ICM42688/debug/_ext/121554788/nmdrv.o
 .ARM.attributes
                0x000000000000022e       0x2c build/SAMD21_IOT_WG_ICM42688/debug/_ext/121554788/m2m_ota.o
 .ARM.attributes
                0x000000000000025a       0x2c build/SAMD21_IOT_WG_ICM42688/debug/_ext/121554788/nmasic.o
 .ARM.attributes
                0x0000000000000286       0x2c build/SAMD21_IOT_WG_ICM42688/debug/_ext/121554788/nmbus.o
 .ARM.attributes
                0x00000000000002b2       0x2c build/SAMD21_IOT_WG_ICM42688/debug/_ext/548032175/socket.o
 .ARM.attributes
                0x00000000000002de       0x2c build/SAMD21_IOT_WG_ICM42688/debug/_ext/548032175/inet_addr.o
 .ARM.attributes
                0x000000000000030a       0x2c build/SAMD21_IOT_WG_ICM42688/debug/_ext/548032175/inet_ntop.o
 .ARM.attributes
                0x0000000000000336       0x2c build/SAMD21_IOT_WG_ICM42688/debug/_ext/609036575/flexible_flash.o
 .ARM.attributes
                0x0000000000000362       0x2c build/SAMD21_IOT_WG_ICM42688/debug/_ext/609036575/spi_flash.o
 .ARM.attributes
                0x000000000000038e       0x2c build/SAMD21_IOT_WG_ICM42688/debug/_ext/1784303044/wdrv_winc_osal.o
 .ARM.attributes
                0x00000000000003ba       0x2c build/SAMD21_IOT_WG_ICM42688/debug/_ext/907429946/wdrv_winc_sta.o
 .ARM.attributes
                0x00000000000003e6       0x2c build/SAMD21_IOT_WG_ICM42688/debug/_ext/907429946/wdrv_winc_socket.o
 .ARM.attributes
                0x0000000000000412       0x2c build/SAMD21_IOT_WG_ICM42688/debug/_ext/907429946/wdrv_winc_systime.o
 .ARM.attributes
                0x000000000000043e       0x2c build/SAMD21_IOT_WG_ICM42688/debug/_ext/907429946/wdrv_winc_authctx.o
 .ARM.attributes
                0x000000000000046a       0x2c build/SAMD21_IOT_WG_ICM42688/debug/_ext/907429946/wdrv_winc_host_file.o
 .ARM.attributes
                0x0000000000000496       0x2c build/SAMD21_IOT_WG_ICM42688/debug/_ext/907429946/wdrv_winc.o
 .ARM.attributes
                0x00000000000004c2       0x2c build/SAMD21_IOT_WG_ICM42688/debug/_ext/907429946/wdrv_winc_bssctx.o
 .ARM.attributes
                0x00000000000004ee       0x2c build/SAMD21_IOT_WG_ICM42688/debug/_ext/1750425231/plib_clock.o
 .ARM.attributes
                0x000000000000051a       0x2c build/SAMD21_IOT_WG_ICM42688/debug/_ext/1580516298/plib_dmac.o
 .ARM.attributes
                0x0000000000000546       0x2c build/SAMD21_IOT_WG_ICM42688/debug/_ext/503204096/plib_eic.o
 .ARM.attributes
                0x0000000000000572       0x2c build/SAMD21_IOT_WG_ICM42688/debug/_ext/1580823105/plib_nvic.o
 .ARM.attributes
                0x000000000000059e       0x2c build/SAMD21_IOT_WG_ICM42688/debug/_ext/11470383/plib_nvmctrl.o
 .ARM.attributes
                0x00000000000005ca       0x2c build/SAMD21_IOT_WG_ICM42688/debug/_ext/1580876256/plib_port.o
 .ARM.attributes
                0x00000000000005f6       0x2c build/SAMD21_IOT_WG_ICM42688/debug/_ext/1014017276/plib_sercom0_spi_master.o
 .ARM.attributes
                0x0000000000000622       0x2c build/SAMD21_IOT_WG_ICM42688/debug/_ext/1014017276/plib_sercom2_spi_master.o
 .ARM.attributes
                0x000000000000064e       0x2c build/SAMD21_IOT_WG_ICM42688/debug/_ext/177673482/plib_sercom5_usart.o
 .ARM.attributes
                0x000000000000067a       0x2c build/SAMD21_IOT_WG_ICM42688/debug/_ext/223004715/plib_systick.o
 .ARM.attributes
                0x00000000000006a6       0x2c build/SAMD21_IOT_WG_ICM42688/debug/_ext/399410062/plib_tc3.o
 .ARM.attributes
                0x00000000000006d2       0x2c build/SAMD21_IOT_WG_ICM42688/debug/_ext/399410062/plib_tc4.o
 .ARM.attributes
                0x00000000000006fe       0x2c build/SAMD21_IOT_WG_ICM42688/debug/_ext/1357625803/xc32_monitor.o
 .ARM.attributes
                0x000000000000072a       0x2c build/SAMD21_IOT_WG_ICM42688/debug/_ext/1584719636/sys_dma.o
 .ARM.attributes
                0x0000000000000756       0x2c build/SAMD21_IOT_WG_ICM42688/debug/_ext/1318297016/sys_int.o
 .ARM.attributes
                0x0000000000000782       0x2c build/SAMD21_IOT_WG_ICM42688/debug/_ext/386530258/sys_time.o
 .ARM.attributes
                0x00000000000007ae       0x2c build/SAMD21_IOT_WG_ICM42688/debug/_ext/1832905403/initialization.o
 .ARM.attributes
                0x00000000000007da       0x2c build/SAMD21_IOT_WG_ICM42688/debug/_ext/1832905403/interrupts.o
 .ARM.attributes
                0x0000000000000806       0x2c build/SAMD21_IOT_WG_ICM42688/debug/_ext/1832905403/exceptions.o
 .ARM.attributes
                0x0000000000000832       0x2c build/SAMD21_IOT_WG_ICM42688/debug/_ext/1832905403/startup_xc32.o
 .ARM.attributes
                0x000000000000085e       0x2c build/SAMD21_IOT_WG_ICM42688/debug/_ext/1832905403/tasks.o
 .ARM.attributes
                0x000000000000088a       0x2c build/SAMD21_IOT_WG_ICM42688/debug/_ext/1341251756/Icm426xxDriver_HL.o
 .ARM.attributes
                0x00000000000008b6       0x2c build/SAMD21_IOT_WG_ICM42688/debug/_ext/1341251756/Icm426xxTransport.o
 .ARM.attributes
                0x00000000000008e2       0x2c build/SAMD21_IOT_WG_ICM42688/debug/_ext/1360937237/main.o
 .ARM.attributes
                0x000000000000090e       0x2c build/SAMD21_IOT_WG_ICM42688/debug/_ext/1360937237/ringbuffer.o
 .ARM.attributes
                0x000000000000093a       0x2c build/SAMD21_IOT_WG_ICM42688/debug/_ext/1360937237/app.o
 .ARM.attributes
                0x0000000000000966       0x2c build/SAMD21_IOT_WG_ICM42688/debug/_ext/1360937237/winc1500_tcp_client.o
 .ARM.attributes
                0x0000000000000992       0x2c build/SAMD21_IOT_WG_ICM42688/debug/_ext/1360937237/ws2812.o
 .ARM.attributes
                0x00000000000009be       0x2c c:/program files/microchip/xc32/v4.60/bin/bin/../../lib/gcc/pic32c/8.3.1/../../../../pic32c/lib/thumb/v6-m/nofp\libpic32c.a(data_init.o)
 .ARM.attributes
                0x00000000000009ea       0x2e c:/program files/microchip/xc32/v4.60/bin/bin/../../lib/gcc/pic32c/8.3.1/../../../../pic32c/lib/thumb/v6-m/nofp\libc-size-musl.a(memcpy.o)
 .ARM.attributes
                0x0000000000000a18       0x2e c:/program files/microchip/xc32/v4.60/bin/bin/../../lib/gcc/pic32c/8.3.1/../../../../pic32c/lib/thumb/v6-m/nofp\libc-size-musl.a(memset.o)
 .ARM.attributes
                0x0000000000000a46       0x2e c:/program files/microchip/xc32/v4.60/bin/bin/../../lib/gcc/pic32c/8.3.1/../../../../pic32c/lib/thumb/v6-m/nofp\libc-size-musl.a(strlen.o)
 .ARM.attributes
                0x0000000000000a74       0x2e c:/program files/microchip/xc32/v4.60/bin/bin/../../lib/gcc/pic32c/8.3.1/../../../../pic32c/lib/thumb/v6-m/nofp\libc-size-musl.a(strchr.o)
 .ARM.attributes
                0x0000000000000aa2       0x2e c:/program files/microchip/xc32/v4.60/bin/bin/../../lib/gcc/pic32c/8.3.1/../../../../pic32c/lib/thumb/v6-m/nofp\libc-size-musl.a(strchrnul.o)
 .ARM.attributes
                0x0000000000000ad0       0x2e c:/program files/microchip/xc32/v4.60/bin/bin/../../lib/gcc/pic32c/8.3.1/../../../../pic32c/lib/thumb/v6-m/nofp\libc-size-musl.a(strnlen.o)
 .ARM.attributes
                0x0000000000000afe       0x2e c:/program files/microchip/xc32/v4.60/bin/bin/../../lib/gcc/pic32c/8.3.1/../../../../pic32c/lib/thumb/v6-m/nofp\libc-size-musl.a(memchr.o)
 .ARM.attributes
                0x0000000000000b2c       0x2e c:/program files/microchip/xc32/v4.60/bin/bin/../../lib/gcc/pic32c/8.3.1/../../../../pic32c/lib/thumb/v6-m/nofp\liblmalloc-musl.a(lite_free.o)
 .ARM.attributes
                0x0000000000000b5a       0x2e c:/program files/microchip/xc32/v4.60/bin/bin/../../lib/gcc/pic32c/8.3.1/../../../../pic32c/lib/thumb/v6-m/nofp\liblmalloc-musl.a(lite_malloc.o)
 .ARM.attributes
                0x0000000000000b88       0x1c c:/program files/microchip/xc32/v4.60/bin/bin/../../lib/gcc/pic32c/8.3.1/../../../../pic32c/lib/thumb/v6-m/nofp\libm-fast-emfloat.a(__aeabi_dadd.o)
 .ARM.attributes
                0x0000000000000ba4       0x1c c:/program files/microchip/xc32/v4.60/bin/bin/../../lib/gcc/pic32c/8.3.1/../../../../pic32c/lib/thumb/v6-m/nofp\libm-fast-emfloat.a(__aeabi_dmul_aux.o)
 .ARM.attributes
                0x0000000000000bc0       0x1c c:/program files/microchip/xc32/v4.60/bin/bin/../../lib/gcc/pic32c/8.3.1/../../../../pic32c/lib/thumb/v6-m/nofp\libm-fast-emfloat.a(__aeabi_ddiv.o)
 .ARM.attributes
                0x0000000000000bdc       0x1c c:/program files/microchip/xc32/v4.60/bin/bin/../../lib/gcc/pic32c/8.3.1/../../../../pic32c/lib/thumb/v6-m/nofp\libm-fast-emfloat.a(__aeabi_dcmpeq.o)
 .ARM.attributes
                0x0000000000000bf8       0x1c c:/program files/microchip/xc32/v4.60/bin/bin/../../lib/gcc/pic32c/8.3.1/../../../../pic32c/lib/thumb/v6-m/nofp\libm-fast-emfloat.a(__aeabi_dcmpgt.o)
 .ARM.attributes
                0x0000000000000c14       0x1c c:/program files/microchip/xc32/v4.60/bin/bin/../../lib/gcc/pic32c/8.3.1/../../../../pic32c/lib/thumb/v6-m/nofp\libm-fast-emfloat.a(__aeabi_dcmplt.o)
 .ARM.attributes
                0x0000000000000c30       0x1c c:/program files/microchip/xc32/v4.60/bin/bin/../../lib/gcc/pic32c/8.3.1/../../../../pic32c/lib/thumb/v6-m/nofp\libm-fast-emfloat.a(__aeabi_d2iz.o)
 .ARM.attributes
                0x0000000000000c4c       0x1c c:/program files/microchip/xc32/v4.60/bin/bin/../../lib/gcc/pic32c/8.3.1/../../../../pic32c/lib/thumb/v6-m/nofp\libm-fast-emfloat.a(__aeabi_d2uiz.o)
 .ARM.attributes
                0x0000000000000c68       0x2e c:/program files/microchip/xc32/v4.60/bin/bin/../../lib/gcc/pic32c/8.3.1/../../../../pic32c/lib/thumb/v6-m/nofp\libg-musl.a(__libc_start_main.o)
 .ARM.attributes
                0x0000000000000c96       0x2e c:/program files/microchip/xc32/v4.60/bin/bin/../../lib/gcc/pic32c/8.3.1/../../../../pic32c/lib/thumb/v6-m/nofp\libg-musl.a(__errno_location.o)
 .ARM.attributes
                0x0000000000000cc4       0x2e c:/program files/microchip/xc32/v4.60/bin/bin/../../lib/gcc/pic32c/8.3.1/../../../../pic32c/lib/thumb/v6-m/nofp\libg-musl.a(libc.o)
 .ARM.attributes
                0x0000000000000cf2       0x2e c:/program files/microchip/xc32/v4.60/bin/bin/../../lib/gcc/pic32c/8.3.1/../../../../pic32c/lib/thumb/v6-m/nofp\libg-musl.a(expand_heap.o)
 .ARM.attributes
                0x0000000000000d20       0x2e c:/program files/microchip/xc32/v4.60/bin/bin/../../lib/gcc/pic32c/8.3.1/../../../../pic32c/lib/thumb/v6-m/nofp\libg-musl.a(__sio_printf_cdeEfFgGnsu.o)
 .ARM.attributes
                0x0000000000000d4e       0x2e c:/program files/microchip/xc32/v4.60/bin/bin/../../lib/gcc/pic32c/8.3.1/../../../../pic32c/lib/thumb/v6-m/nofp\libg-musl.a(__fmt_d.o)
 .ARM.attributes
                0x0000000000000d7c       0x2e c:/program files/microchip/xc32/v4.60/bin/bin/../../lib/gcc/pic32c/8.3.1/../../../../pic32c/lib/thumb/v6-m/nofp\libg-musl.a(__fmt_fp.o)
 .ARM.attributes
                0x0000000000000daa       0x2e c:/program files/microchip/xc32/v4.60/bin/bin/../../lib/gcc/pic32c/8.3.1/../../../../pic32c/lib/thumb/v6-m/nofp\libg-musl.a(__fmt_s.o)
 .ARM.attributes
                0x0000000000000dd8       0x2e c:/program files/microchip/xc32/v4.60/bin/bin/../../lib/gcc/pic32c/8.3.1/../../../../pic32c/lib/thumb/v6-m/nofp\libg-musl.a(__fmt_u.o)
 .ARM.attributes
                0x0000000000000e06       0x2e c:/program files/microchip/xc32/v4.60/bin/bin/../../lib/gcc/pic32c/8.3.1/../../../../pic32c/lib/thumb/v6-m/nofp\libg-musl.a(__pop_float.o)
 .ARM.attributes
                0x0000000000000e34       0x2e c:/program files/microchip/xc32/v4.60/bin/bin/../../lib/gcc/pic32c/8.3.1/../../../../pic32c/lib/thumb/v6-m/nofp\libg-musl.a(__pop_int.o)
 .ARM.attributes
                0x0000000000000e62       0x2e c:/program files/microchip/xc32/v4.60/bin/bin/../../lib/gcc/pic32c/8.3.1/../../../../pic32c/lib/thumb/v6-m/nofp\libg-musl.a(__pop_ptr.o)
 .ARM.attributes
                0x0000000000000e90       0x2e c:/program files/microchip/xc32/v4.60/bin/bin/../../lib/gcc/pic32c/8.3.1/../../../../pic32c/lib/thumb/v6-m/nofp\libg-musl.a(__printf_core.o)
 .ARM.attributes
                0x0000000000000ebe       0x2e c:/program files/microchip/xc32/v4.60/bin/bin/../../lib/gcc/pic32c/8.3.1/../../../../pic32c/lib/thumb/v6-m/nofp\libg-musl.a(stdin.o)
 .ARM.attributes
                0x0000000000000eec       0x2e c:/program files/microchip/xc32/v4.60/bin/bin/../../lib/gcc/pic32c/8.3.1/../../../../pic32c/lib/thumb/v6-m/nofp\libg-musl.a(stdout.o)
 .ARM.attributes
                0x0000000000000f1a       0x2e c:/program files/microchip/xc32/v4.60/bin/bin/../../lib/gcc/pic32c/8.3.1/../../../../pic32c/lib/thumb/v6-m/nofp\libg-musl.a(putchar.o)
 .ARM.attributes
                0x0000000000000f48       0x2e c:/program files/microchip/xc32/v4.60/bin/bin/../../lib/gcc/pic32c/8.3.1/../../../../pic32c/lib/thumb/v6-m/nofp\libg-musl.a(puts.o)
 .ARM.attributes
                0x0000000000000f76       0x2e c:/program files/microchip/xc32/v4.60/bin/bin/../../lib/gcc/pic32c/8.3.1/../../../../pic32c/lib/thumb/v6-m/nofp\libg-musl.a(setbuf.o)
 .ARM.attributes
                0x0000000000000fa4       0x2e c:/program files/microchip/xc32/v4.60/bin/bin/../../lib/gcc/pic32c/8.3.1/../../../../pic32c/lib/thumb/v6-m/nofp\libg-musl.a(atoi.o)
 .ARM.attributes
                0x0000000000000fd2       0x2e c:/program files/microchip/xc32/v4.60/bin/bin/../../lib/gcc/pic32c/8.3.1/../../../../pic32c/lib/thumb/v6-m/nofp\libg-musl.a(gmtime.o)
 .ARM.attributes
                0x0000000000001000       0x2e c:/program files/microchip/xc32/v4.60/bin/bin/../../lib/gcc/pic32c/8.3.1/../../../../pic32c/lib/thumb/v6-m/nofp\libg-musl.a(gmtime_r.o)
 .ARM.attributes
                0x000000000000102e       0x2e c:/program files/microchip/xc32/v4.60/bin/bin/../../lib/gcc/pic32c/8.3.1/../../../../pic32c/lib/thumb/v6-m/nofp\libg-musl.a(mktime.o)
 .ARM.attributes
                0x000000000000105c       0x2e c:/program files/microchip/xc32/v4.60/bin/bin/../../lib/gcc/pic32c/8.3.1/../../../../pic32c/lib/thumb/v6-m/nofp\libg-musl.a(tolower.o)
 .ARM.attributes
                0x000000000000108a       0x2e c:/program files/microchip/xc32/v4.60/bin/bin/../../lib/gcc/pic32c/8.3.1/../../../../pic32c/lib/thumb/v6-m/nofp\libg-musl.a(__environ.o)
 .ARM.attributes
                0x00000000000010b8       0x2e c:/program files/microchip/xc32/v4.60/bin/bin/../../lib/gcc/pic32c/8.3.1/../../../../pic32c/lib/thumb/v6-m/nofp\libg-musl.a(__int_vfprintf.o)
 .ARM.attributes
                0x00000000000010e6       0x2e c:/program files/microchip/xc32/v4.60/bin/bin/../../lib/gcc/pic32c/8.3.1/../../../../pic32c/lib/thumb/v6-m/nofp\libg-musl.a(fputs.o)
 .ARM.attributes
                0x0000000000001114       0x2e c:/program files/microchip/xc32/v4.60/bin/bin/../../lib/gcc/pic32c/8.3.1/../../../../pic32c/lib/thumb/v6-m/nofp\libg-musl.a(__cvt_u.o)
 .ARM.attributes
                0x0000000000001142       0x2e c:/program files/microchip/xc32/v4.60/bin/bin/../../lib/gcc/pic32c/8.3.1/../../../../pic32c/lib/thumb/v6-m/nofp\libg-musl.a(__stdio_read.o)
 .ARM.attributes
                0x0000000000001170       0x2e c:/program files/microchip/xc32/v4.60/bin/bin/../../lib/gcc/pic32c/8.3.1/../../../../pic32c/lib/thumb/v6-m/nofp\libg-musl.a(__towrite_rw.o)
 .ARM.attributes
                0x000000000000119e       0x2e c:/program files/microchip/xc32/v4.60/bin/bin/../../lib/gcc/pic32c/8.3.1/../../../../pic32c/lib/thumb/v6-m/nofp\libg-musl.a(fwrite.o)
 .ARM.attributes
                0x00000000000011cc       0x2e c:/program files/microchip/xc32/v4.60/bin/bin/../../lib/gcc/pic32c/8.3.1/../../../../pic32c/lib/thumb/v6-m/nofp\libg-musl.a(putc.o)
 .ARM.attributes
                0x00000000000011fa       0x2e c:/program files/microchip/xc32/v4.60/bin/bin/../../lib/gcc/pic32c/8.3.1/../../../../pic32c/lib/thumb/v6-m/nofp\libg-musl.a(setvbuf.o)
 .ARM.attributes
                0x0000000000001228       0x2e c:/program files/microchip/xc32/v4.60/bin/bin/../../lib/gcc/pic32c/8.3.1/../../../../pic32c/lib/thumb/v6-m/nofp\libg-musl.a(__tm_to_secs.o)
 .ARM.attributes
                0x0000000000001256       0x2e c:/program files/microchip/xc32/v4.60/bin/bin/../../lib/gcc/pic32c/8.3.1/../../../../pic32c/lib/thumb/v6-m/nofp\libg-musl.a(__year_to_secs.o)
 .ARM.attributes
                0x0000000000001284       0x2e c:/program files/microchip/xc32/v4.60/bin/bin/../../lib/gcc/pic32c/8.3.1/../../../../pic32c/lib/thumb/v6-m/nofp\libg-musl.a(__secs_to_tm.o)
 .ARM.attributes
                0x00000000000012b2       0x2e c:/program files/microchip/xc32/v4.60/bin/bin/../../lib/gcc/pic32c/8.3.1/../../../../pic32c/lib/thumb/v6-m/nofp\libg-musl.a(readv.o)
 .ARM.attributes
                0x00000000000012e0       0x2e c:/program files/microchip/xc32/v4.60/bin/bin/../../lib/gcc/pic32c/8.3.1/../../../../pic32c/lib/thumb/v6-m/nofp\libg-musl.a(__init_stdio.o)
 .ARM.attributes
                0x000000000000130e       0x2e c:/program files/microchip/xc32/v4.60/bin/bin/../../lib/gcc/pic32c/8.3.1/../../../../pic32c/lib/thumb/v6-m/nofp\libg-musl.a(__out.o)
 .ARM.attributes
                0x000000000000133c       0x2e c:/program files/microchip/xc32/v4.60/bin/bin/../../lib/gcc/pic32c/8.3.1/../../../../pic32c/lib/thumb/v6-m/nofp\libg-musl.a(__putc.o)
 .ARM.attributes
                0x000000000000136a       0x2e c:/program files/microchip/xc32/v4.60/bin/bin/../../lib/gcc/pic32c/8.3.1/../../../../pic32c/lib/thumb/v6-m/nofp\libg-musl.a(__stderr.o)
 .ARM.attributes
                0x0000000000001398       0x2e c:/program files/microchip/xc32/v4.60/bin/bin/../../lib/gcc/pic32c/8.3.1/../../../../pic32c/lib/thumb/v6-m/nofp\libg-musl.a(__stdio_close.o)
 .ARM.attributes
                0x00000000000013c6       0x2e c:/program files/microchip/xc32/v4.60/bin/bin/../../lib/gcc/pic32c/8.3.1/../../../../pic32c/lib/thumb/v6-m/nofp\libg-musl.a(__stdio_write.o)
 .ARM.attributes
                0x00000000000013f4       0x2e c:/program files/microchip/xc32/v4.60/bin/bin/../../lib/gcc/pic32c/8.3.1/../../../../pic32c/lib/thumb/v6-m/nofp\libg-musl.a(__stdout.o)
 .ARM.attributes
                0x0000000000001422       0x2e c:/program files/microchip/xc32/v4.60/bin/bin/../../lib/gcc/pic32c/8.3.1/../../../../pic32c/lib/thumb/v6-m/nofp\libg-musl.a(__towrite.o)
 .ARM.attributes
                0x0000000000001450       0x2e c:/program files/microchip/xc32/v4.60/bin/bin/../../lib/gcc/pic32c/8.3.1/../../../../pic32c/lib/thumb/v6-m/nofp\libg-musl.a(__month_to_secs.o)
 .ARM.attributes
                0x000000000000147e       0x2e c:/program files/microchip/xc32/v4.60/bin/bin/../../lib/gcc/pic32c/8.3.1/../../../../pic32c/lib/thumb/v6-m/nofp\libg-musl.a(writev.o)
 .ARM.attributes
                0x00000000000014ac       0x2e c:/program files/microchip/xc32/v4.60/bin/bin/../../lib/gcc/pic32c/8.3.1/../../../../pic32c/lib/thumb/v6-m/nofp\libg-musl.a(__overflow.o)
 .ARM.attributes
                0x00000000000014da       0x2e c:/program files/microchip/xc32/v4.60/bin/bin/../../lib/gcc/pic32c/8.3.1/../../../../pic32c/lib/thumb/v6-m/nofp\libg-musl.a(__fwrite.o)
 .ARM.attributes
                0x0000000000001508       0x2c c:/program files/microchip/xc32/v4.60/bin/bin/../../lib/gcc/pic32c/8.3.1/../../../../pic32c/lib/thumb/v6-m/nofp\libm-fast-emfloat.a(fma.o)
 .ARM.attributes
                0x0000000000001534       0x2c c:/program files/microchip/xc32/v4.60/bin/bin/../../lib/gcc/pic32c/8.3.1/../../../../pic32c/lib/thumb/v6-m/nofp\libm-fast-emfloat.a(floor.o)
 .ARM.attributes
                0x0000000000001560       0x1c c:/program files/microchip/xc32/v4.60/bin/bin/../../lib/gcc/pic32c/8.3.1/../../../../pic32c/lib/thumb/v6-m/nofp\libm-fast-emfloat.a(__aeabi_dcmple.o)
 .ARM.attributes
                0x000000000000157c       0x1e c:/program files/microchip/xc32/v4.60/bin/bin/../../lib/gcc/pic32c/8.3.1/thumb/v6-m/nofp\libgcc.a(_udivsi3.o)
 .ARM.attributes
                0x000000000000159a       0x1e c:/program files/microchip/xc32/v4.60/bin/bin/../../lib/gcc/pic32c/8.3.1/thumb/v6-m/nofp\libgcc.a(_divsi3.o)
 .ARM.attributes
                0x00000000000015b8       0x1e c:/program files/microchip/xc32/v4.60/bin/bin/../../lib/gcc/pic32c/8.3.1/thumb/v6-m/nofp\libgcc.a(_dvmd_tls.o)
 .ARM.attributes
                0x00000000000015d6       0x1e c:/program files/microchip/xc32/v4.60/bin/bin/../../lib/gcc/pic32c/8.3.1/thumb/v6-m/nofp\libgcc.a(_aeabi_ldivmod.o)
 .ARM.attributes
                0x00000000000015f4       0x1e c:/program files/microchip/xc32/v4.60/bin/bin/../../lib/gcc/pic32c/8.3.1/thumb/v6-m/nofp\libgcc.a(_aeabi_uldivmod.o)
 .ARM.attributes
                0x0000000000001612       0x2c c:/program files/microchip/xc32/v4.60/bin/bin/../../lib/gcc/pic32c/8.3.1/thumb/v6-m/nofp\libgcc.a(_muldi3.o)
 .ARM.attributes
                0x000000000000163e       0x2c c:/program files/microchip/xc32/v4.60/bin/bin/../../lib/gcc/pic32c/8.3.1/thumb/v6-m/nofp\libgcc.a(_udivmoddi4.o)
 .ARM.attributes
                0x000000000000166a       0x2c c:/program files/microchip/xc32/v4.60/bin/bin/../../lib/gcc/pic32c/8.3.1/thumb/v6-m/nofp\libgcc.a(bpabi.o)
 .ARM.attributes
                0x0000000000001696       0x1e c:/program files/microchip/xc32/v4.60/bin/bin/../../lib/gcc/pic32c/8.3.1/thumb/v6-m/nofp\libgcc.a(_lshrdi3.o)
 .ARM.attributes
                0x00000000000016b4       0x1e c:/program files/microchip/xc32/v4.60/bin/bin/../../lib/gcc/pic32c/8.3.1/thumb/v6-m/nofp\libgcc.a(_ashldi3.o)
 .ARM.attributes
                0x00000000000016d2       0x1e c:/program files/microchip/xc32/v4.60/bin/bin/../../lib/gcc/pic32c/8.3.1/thumb/v6-m/nofp\libgcc.a(_clzdi2.o)
 .ARM.attributes
                0x00000000000016f0       0x2c c:/program files/microchip/xc32/v4.60/bin/bin/../../lib/gcc/pic32c/8.3.1/thumb/v6-m/nofp\libgcc.a(_divdi3.o)
 .ARM.attributes
                0x000000000000171c       0x1e c:/program files/microchip/xc32/v4.60/bin/bin/../../lib/gcc/pic32c/8.3.1/thumb/v6-m/nofp\libgcc.a(_clzsi2.o)
 .ARM.attributes
                0x000000000000173a       0x2c c:/program files/microchip/xc32/v4.60/bin/bin/../../lib/gcc/pic32c/8.3.1/../../../../pic32c/lib/thumb/v6-m/nofp\libpic32c.a(close.o)
 .ARM.attributes
                0x0000000000001766       0x2c c:/program files/microchip/xc32/v4.60/bin/bin/../../lib/gcc/pic32c/8.3.1/../../../../pic32c/lib/thumb/v6-m/nofp\libpic32c.a(lseek.o)
 .ARM.attributes
                0x0000000000001792       0x2c c:/program files/microchip/xc32/v4.60/bin/bin/../../lib/gcc/pic32c/8.3.1/../../../../pic32c/lib/thumb/v6-m/nofp\libpic32c.a(sbrk.o)
 .ARM.attributes
                0x00000000000017be       0x2e c:/program files/microchip/xc32/v4.60/bin/bin/../../lib/gcc/pic32c/8.3.1/../../../../pic32c/lib/thumb/v6-m/nofp\libc-size-musl.a(strcpy.o)
 .ARM.attributes
                0x00000000000017ec       0x2e c:/program files/microchip/xc32/v4.60/bin/bin/../../lib/gcc/pic32c/8.3.1/../../../../pic32c/lib/thumb/v6-m/nofp\libc-size-musl.a(stpcpy.o)
 .ARM.attributes
                0x000000000000181a       0x1e c:/program files/microchip/xc32/v4.60/bin/bin/../../lib/gcc/pic32c/8.3.1/thumb/v6-m/nofp/crtn.o
 .ARM.attributes
                0x0000000000001838       0x2c c:/program files/microchip/xc32/v4.60/bin/bin/../../lib/gcc/pic32c/8.3.1/../../../../pic32c/lib/thumb/v6-m/nofp\libpic32c.a(pic32_data_init_clear.o)
 .ARM.attributes
                0x0000000000001864       0x2c c:/program files/microchip/xc32/v4.60/bin/bin/../../lib/gcc/pic32c/8.3.1/../../../../pic32c/lib/thumb/v6-m/nofp\libpic32c.a(pic32_data_init_copy.o)

.comment        0x0000000000000000       0x2b
 .comment       0x0000000000000000       0x2b c:/program files/microchip/xc32/v4.60/bin/bin/../../lib/gcc/pic32c/8.3.1/thumb/v6-m/nofp/crtbegin.o
                                         0x2c (size before relaxing)
 .comment       0x000000000000002b       0x2c build/SAMD21_IOT_WG_ICM42688/debug/_ext/2048461350/icm42688_sensor.o
 .comment       0x000000000000002b       0x2c build/SAMD21_IOT_WG_ICM42688/debug/_ext/1660664302/drv_spi.o
 .comment       0x000000000000002b       0x2c build/SAMD21_IOT_WG_ICM42688/debug/_ext/1164161090/wdrv_winc_gpio.o
 .comment       0x000000000000002b       0x2c build/SAMD21_IOT_WG_ICM42688/debug/_ext/1164161090/wdrv_winc_eint.o
 .comment       0x000000000000002b       0x2c build/SAMD21_IOT_WG_ICM42688/debug/_ext/101005277/wdrv_winc_spi.o
 .comment       0x000000000000002b       0x2c build/SAMD21_IOT_WG_ICM42688/debug/_ext/90265895/nm_common.o
 .comment       0x000000000000002b       0x2c build/SAMD21_IOT_WG_ICM42688/debug/_ext/121554788/m2m_ssl.o
 .comment       0x000000000000002b       0x2c build/SAMD21_IOT_WG_ICM42688/debug/_ext/121554788/m2m_hif.o
 .comment       0x000000000000002b       0x2c build/SAMD21_IOT_WG_ICM42688/debug/_ext/121554788/m2m_wifi.o
 .comment       0x000000000000002b       0x2c build/SAMD21_IOT_WG_ICM42688/debug/_ext/121554788/nmspi.o
 .comment       0x000000000000002b       0x2c build/SAMD21_IOT_WG_ICM42688/debug/_ext/121554788/nmdrv.o
 .comment       0x000000000000002b       0x2c build/SAMD21_IOT_WG_ICM42688/debug/_ext/121554788/m2m_ota.o
 .comment       0x000000000000002b       0x2c build/SAMD21_IOT_WG_ICM42688/debug/_ext/121554788/nmasic.o
 .comment       0x000000000000002b       0x2c build/SAMD21_IOT_WG_ICM42688/debug/_ext/121554788/nmbus.o
 .comment       0x000000000000002b       0x2c build/SAMD21_IOT_WG_ICM42688/debug/_ext/548032175/socket.o
 .comment       0x000000000000002b       0x2c build/SAMD21_IOT_WG_ICM42688/debug/_ext/548032175/inet_addr.o
 .comment       0x000000000000002b       0x2c build/SAMD21_IOT_WG_ICM42688/debug/_ext/548032175/inet_ntop.o
 .comment       0x000000000000002b       0x2c build/SAMD21_IOT_WG_ICM42688/debug/_ext/609036575/flexible_flash.o
 .comment       0x000000000000002b       0x2c build/SAMD21_IOT_WG_ICM42688/debug/_ext/609036575/spi_flash.o
 .comment       0x000000000000002b       0x2c build/SAMD21_IOT_WG_ICM42688/debug/_ext/1784303044/wdrv_winc_osal.o
 .comment       0x000000000000002b       0x2c build/SAMD21_IOT_WG_ICM42688/debug/_ext/907429946/wdrv_winc_sta.o
 .comment       0x000000000000002b       0x2c build/SAMD21_IOT_WG_ICM42688/debug/_ext/907429946/wdrv_winc_socket.o
 .comment       0x000000000000002b       0x2c build/SAMD21_IOT_WG_ICM42688/debug/_ext/907429946/wdrv_winc_systime.o
 .comment       0x000000000000002b       0x2c build/SAMD21_IOT_WG_ICM42688/debug/_ext/907429946/wdrv_winc_authctx.o
 .comment       0x000000000000002b       0x2c build/SAMD21_IOT_WG_ICM42688/debug/_ext/907429946/wdrv_winc_host_file.o
 .comment       0x000000000000002b       0x2c build/SAMD21_IOT_WG_ICM42688/debug/_ext/907429946/wdrv_winc.o
 .comment       0x000000000000002b       0x2c build/SAMD21_IOT_WG_ICM42688/debug/_ext/907429946/wdrv_winc_bssctx.o
 .comment       0x000000000000002b       0x2c build/SAMD21_IOT_WG_ICM42688/debug/_ext/1750425231/plib_clock.o
 .comment       0x000000000000002b       0x2c build/SAMD21_IOT_WG_ICM42688/debug/_ext/1580516298/plib_dmac.o
 .comment       0x000000000000002b       0x2c build/SAMD21_IOT_WG_ICM42688/debug/_ext/503204096/plib_eic.o
 .comment       0x000000000000002b       0x2c build/SAMD21_IOT_WG_ICM42688/debug/_ext/1580823105/plib_nvic.o
 .comment       0x000000000000002b       0x2c build/SAMD21_IOT_WG_ICM42688/debug/_ext/11470383/plib_nvmctrl.o
 .comment       0x000000000000002b       0x2c build/SAMD21_IOT_WG_ICM42688/debug/_ext/1580876256/plib_port.o
 .comment       0x000000000000002b       0x2c build/SAMD21_IOT_WG_ICM42688/debug/_ext/1014017276/plib_sercom0_spi_master.o
 .comment       0x000000000000002b       0x2c build/SAMD21_IOT_WG_ICM42688/debug/_ext/1014017276/plib_sercom2_spi_master.o
 .comment       0x000000000000002b       0x2c build/SAMD21_IOT_WG_ICM42688/debug/_ext/177673482/plib_sercom5_usart.o
 .comment       0x000000000000002b       0x2c build/SAMD21_IOT_WG_ICM42688/debug/_ext/223004715/plib_systick.o
 .comment       0x000000000000002b       0x2c build/SAMD21_IOT_WG_ICM42688/debug/_ext/399410062/plib_tc3.o
 .comment       0x000000000000002b       0x2c build/SAMD21_IOT_WG_ICM42688/debug/_ext/399410062/plib_tc4.o
 .comment       0x000000000000002b       0x2c build/SAMD21_IOT_WG_ICM42688/debug/_ext/1357625803/xc32_monitor.o
 .comment       0x000000000000002b       0x2c build/SAMD21_IOT_WG_ICM42688/debug/_ext/1584719636/sys_dma.o
 .comment       0x000000000000002b       0x2c build/SAMD21_IOT_WG_ICM42688/debug/_ext/1318297016/sys_int.o
 .comment       0x000000000000002b       0x2c build/SAMD21_IOT_WG_ICM42688/debug/_ext/386530258/sys_time.o
 .comment       0x000000000000002b       0x2c build/SAMD21_IOT_WG_ICM42688/debug/_ext/1832905403/initialization.o
 .comment       0x000000000000002b       0x2c build/SAMD21_IOT_WG_ICM42688/debug/_ext/1832905403/interrupts.o
 .comment       0x000000000000002b       0x2c build/SAMD21_IOT_WG_ICM42688/debug/_ext/1832905403/exceptions.o
 .comment       0x000000000000002b       0x2c build/SAMD21_IOT_WG_ICM42688/debug/_ext/1832905403/startup_xc32.o
 .comment       0x000000000000002b       0x2c build/SAMD21_IOT_WG_ICM42688/debug/_ext/1832905403/tasks.o
 .comment       0x000000000000002b       0x2c build/SAMD21_IOT_WG_ICM42688/debug/_ext/1341251756/Icm426xxDriver_HL.o
 .comment       0x000000000000002b       0x2c build/SAMD21_IOT_WG_ICM42688/debug/_ext/1341251756/Icm426xxTransport.o
 .comment       0x000000000000002b       0x2c build/SAMD21_IOT_WG_ICM42688/debug/_ext/1360937237/main.o
 .comment       0x000000000000002b       0x2c build/SAMD21_IOT_WG_ICM42688/debug/_ext/1360937237/ringbuffer.o
 .comment       0x000000000000002b       0x2c build/SAMD21_IOT_WG_ICM42688/debug/_ext/1360937237/app.o
 .comment       0x000000000000002b       0x2c build/SAMD21_IOT_WG_ICM42688/debug/_ext/1360937237/winc1500_tcp_client.o
 .comment       0x000000000000002b       0x2c build/SAMD21_IOT_WG_ICM42688/debug/_ext/1360937237/ws2812.o
 .comment       0x000000000000002b       0x2c c:/program files/microchip/xc32/v4.60/bin/bin/../../lib/gcc/pic32c/8.3.1/../../../../pic32c/lib/thumb/v6-m/nofp\libpic32c.a(data_init.o)
 .comment       0x000000000000002b       0x2c c:/program files/microchip/xc32/v4.60/bin/bin/../../lib/gcc/pic32c/8.3.1/../../../../pic32c/lib/thumb/v6-m/nofp\libc-size-musl.a(memcpy.o)
 .comment       0x000000000000002b       0x2c c:/program files/microchip/xc32/v4.60/bin/bin/../../lib/gcc/pic32c/8.3.1/../../../../pic32c/lib/thumb/v6-m/nofp\libc-size-musl.a(memset.o)
 .comment       0x000000000000002b       0x2c c:/program files/microchip/xc32/v4.60/bin/bin/../../lib/gcc/pic32c/8.3.1/../../../../pic32c/lib/thumb/v6-m/nofp\libc-size-musl.a(strlen.o)
 .comment       0x000000000000002b       0x2c c:/program files/microchip/xc32/v4.60/bin/bin/../../lib/gcc/pic32c/8.3.1/../../../../pic32c/lib/thumb/v6-m/nofp\libc-size-musl.a(strchr.o)
 .comment       0x000000000000002b       0x2c c:/program files/microchip/xc32/v4.60/bin/bin/../../lib/gcc/pic32c/8.3.1/../../../../pic32c/lib/thumb/v6-m/nofp\libc-size-musl.a(strchrnul.o)
 .comment       0x000000000000002b       0x2c c:/program files/microchip/xc32/v4.60/bin/bin/../../lib/gcc/pic32c/8.3.1/../../../../pic32c/lib/thumb/v6-m/nofp\libc-size-musl.a(strnlen.o)
 .comment       0x000000000000002b       0x2c c:/program files/microchip/xc32/v4.60/bin/bin/../../lib/gcc/pic32c/8.3.1/../../../../pic32c/lib/thumb/v6-m/nofp\libc-size-musl.a(memchr.o)
 .comment       0x000000000000002b       0x2c c:/program files/microchip/xc32/v4.60/bin/bin/../../lib/gcc/pic32c/8.3.1/../../../../pic32c/lib/thumb/v6-m/nofp\liblmalloc-musl.a(lite_free.o)
 .comment       0x000000000000002b       0x2c c:/program files/microchip/xc32/v4.60/bin/bin/../../lib/gcc/pic32c/8.3.1/../../../../pic32c/lib/thumb/v6-m/nofp\liblmalloc-musl.a(lite_malloc.o)
 .comment       0x000000000000002b       0x2c c:/program files/microchip/xc32/v4.60/bin/bin/../../lib/gcc/pic32c/8.3.1/../../../../pic32c/lib/thumb/v6-m/nofp\libg-musl.a(__libc_start_main.o)
 .comment       0x000000000000002b       0x2c c:/program files/microchip/xc32/v4.60/bin/bin/../../lib/gcc/pic32c/8.3.1/../../../../pic32c/lib/thumb/v6-m/nofp\libg-musl.a(__errno_location.o)
 .comment       0x000000000000002b       0x2c c:/program files/microchip/xc32/v4.60/bin/bin/../../lib/gcc/pic32c/8.3.1/../../../../pic32c/lib/thumb/v6-m/nofp\libg-musl.a(libc.o)
 .comment       0x000000000000002b       0x2c c:/program files/microchip/xc32/v4.60/bin/bin/../../lib/gcc/pic32c/8.3.1/../../../../pic32c/lib/thumb/v6-m/nofp\libg-musl.a(expand_heap.o)
 .comment       0x000000000000002b       0x2c c:/program files/microchip/xc32/v4.60/bin/bin/../../lib/gcc/pic32c/8.3.1/../../../../pic32c/lib/thumb/v6-m/nofp\libg-musl.a(__sio_printf_cdeEfFgGnsu.o)
 .comment       0x000000000000002b       0x2c c:/program files/microchip/xc32/v4.60/bin/bin/../../lib/gcc/pic32c/8.3.1/../../../../pic32c/lib/thumb/v6-m/nofp\libg-musl.a(__fmt_d.o)
 .comment       0x000000000000002b       0x2c c:/program files/microchip/xc32/v4.60/bin/bin/../../lib/gcc/pic32c/8.3.1/../../../../pic32c/lib/thumb/v6-m/nofp\libg-musl.a(__fmt_fp.o)
 .comment       0x000000000000002b       0x2c c:/program files/microchip/xc32/v4.60/bin/bin/../../lib/gcc/pic32c/8.3.1/../../../../pic32c/lib/thumb/v6-m/nofp\libg-musl.a(__fmt_s.o)
 .comment       0x000000000000002b       0x2c c:/program files/microchip/xc32/v4.60/bin/bin/../../lib/gcc/pic32c/8.3.1/../../../../pic32c/lib/thumb/v6-m/nofp\libg-musl.a(__fmt_u.o)
 .comment       0x000000000000002b       0x2c c:/program files/microchip/xc32/v4.60/bin/bin/../../lib/gcc/pic32c/8.3.1/../../../../pic32c/lib/thumb/v6-m/nofp\libg-musl.a(__pop_float.o)
 .comment       0x000000000000002b       0x2c c:/program files/microchip/xc32/v4.60/bin/bin/../../lib/gcc/pic32c/8.3.1/../../../../pic32c/lib/thumb/v6-m/nofp\libg-musl.a(__pop_int.o)
 .comment       0x000000000000002b       0x2c c:/program files/microchip/xc32/v4.60/bin/bin/../../lib/gcc/pic32c/8.3.1/../../../../pic32c/lib/thumb/v6-m/nofp\libg-musl.a(__pop_ptr.o)
 .comment       0x000000000000002b       0x2c c:/program files/microchip/xc32/v4.60/bin/bin/../../lib/gcc/pic32c/8.3.1/../../../../pic32c/lib/thumb/v6-m/nofp\libg-musl.a(__printf_core.o)
 .comment       0x000000000000002b       0x2c c:/program files/microchip/xc32/v4.60/bin/bin/../../lib/gcc/pic32c/8.3.1/../../../../pic32c/lib/thumb/v6-m/nofp\libg-musl.a(stdin.o)
 .comment       0x000000000000002b       0x2c c:/program files/microchip/xc32/v4.60/bin/bin/../../lib/gcc/pic32c/8.3.1/../../../../pic32c/lib/thumb/v6-m/nofp\libg-musl.a(stdout.o)
 .comment       0x000000000000002b       0x2c c:/program files/microchip/xc32/v4.60/bin/bin/../../lib/gcc/pic32c/8.3.1/../../../../pic32c/lib/thumb/v6-m/nofp\libg-musl.a(putchar.o)
 .comment       0x000000000000002b       0x2c c:/program files/microchip/xc32/v4.60/bin/bin/../../lib/gcc/pic32c/8.3.1/../../../../pic32c/lib/thumb/v6-m/nofp\libg-musl.a(puts.o)
 .comment       0x000000000000002b       0x2c c:/program files/microchip/xc32/v4.60/bin/bin/../../lib/gcc/pic32c/8.3.1/../../../../pic32c/lib/thumb/v6-m/nofp\libg-musl.a(setbuf.o)
 .comment       0x000000000000002b       0x2c c:/program files/microchip/xc32/v4.60/bin/bin/../../lib/gcc/pic32c/8.3.1/../../../../pic32c/lib/thumb/v6-m/nofp\libg-musl.a(atoi.o)
 .comment       0x000000000000002b       0x2c c:/program files/microchip/xc32/v4.60/bin/bin/../../lib/gcc/pic32c/8.3.1/../../../../pic32c/lib/thumb/v6-m/nofp\libg-musl.a(gmtime.o)
 .comment       0x000000000000002b       0x2c c:/program files/microchip/xc32/v4.60/bin/bin/../../lib/gcc/pic32c/8.3.1/../../../../pic32c/lib/thumb/v6-m/nofp\libg-musl.a(gmtime_r.o)
 .comment       0x000000000000002b       0x2c c:/program files/microchip/xc32/v4.60/bin/bin/../../lib/gcc/pic32c/8.3.1/../../../../pic32c/lib/thumb/v6-m/nofp\libg-musl.a(mktime.o)
 .comment       0x000000000000002b       0x2c c:/program files/microchip/xc32/v4.60/bin/bin/../../lib/gcc/pic32c/8.3.1/../../../../pic32c/lib/thumb/v6-m/nofp\libg-musl.a(tolower.o)
 .comment       0x000000000000002b       0x2c c:/program files/microchip/xc32/v4.60/bin/bin/../../lib/gcc/pic32c/8.3.1/../../../../pic32c/lib/thumb/v6-m/nofp\libg-musl.a(__environ.o)
 .comment       0x000000000000002b       0x2c c:/program files/microchip/xc32/v4.60/bin/bin/../../lib/gcc/pic32c/8.3.1/../../../../pic32c/lib/thumb/v6-m/nofp\libg-musl.a(__int_vfprintf.o)
 .comment       0x000000000000002b       0x2c c:/program files/microchip/xc32/v4.60/bin/bin/../../lib/gcc/pic32c/8.3.1/../../../../pic32c/lib/thumb/v6-m/nofp\libg-musl.a(fputs.o)
 .comment       0x000000000000002b       0x2c c:/program files/microchip/xc32/v4.60/bin/bin/../../lib/gcc/pic32c/8.3.1/../../../../pic32c/lib/thumb/v6-m/nofp\libg-musl.a(__cvt_u.o)
 .comment       0x000000000000002b       0x2c c:/program files/microchip/xc32/v4.60/bin/bin/../../lib/gcc/pic32c/8.3.1/../../../../pic32c/lib/thumb/v6-m/nofp\libg-musl.a(__stdio_read.o)
 .comment       0x000000000000002b       0x2c c:/program files/microchip/xc32/v4.60/bin/bin/../../lib/gcc/pic32c/8.3.1/../../../../pic32c/lib/thumb/v6-m/nofp\libg-musl.a(__towrite_rw.o)
 .comment       0x000000000000002b       0x2c c:/program files/microchip/xc32/v4.60/bin/bin/../../lib/gcc/pic32c/8.3.1/../../../../pic32c/lib/thumb/v6-m/nofp\libg-musl.a(fwrite.o)
 .comment       0x000000000000002b       0x2c c:/program files/microchip/xc32/v4.60/bin/bin/../../lib/gcc/pic32c/8.3.1/../../../../pic32c/lib/thumb/v6-m/nofp\libg-musl.a(putc.o)
 .comment       0x000000000000002b       0x2c c:/program files/microchip/xc32/v4.60/bin/bin/../../lib/gcc/pic32c/8.3.1/../../../../pic32c/lib/thumb/v6-m/nofp\libg-musl.a(setvbuf.o)
 .comment       0x000000000000002b       0x2c c:/program files/microchip/xc32/v4.60/bin/bin/../../lib/gcc/pic32c/8.3.1/../../../../pic32c/lib/thumb/v6-m/nofp\libg-musl.a(__tm_to_secs.o)
 .comment       0x000000000000002b       0x2c c:/program files/microchip/xc32/v4.60/bin/bin/../../lib/gcc/pic32c/8.3.1/../../../../pic32c/lib/thumb/v6-m/nofp\libg-musl.a(__year_to_secs.o)
 .comment       0x000000000000002b       0x2c c:/program files/microchip/xc32/v4.60/bin/bin/../../lib/gcc/pic32c/8.3.1/../../../../pic32c/lib/thumb/v6-m/nofp\libg-musl.a(__secs_to_tm.o)
 .comment       0x000000000000002b       0x2c c:/program files/microchip/xc32/v4.60/bin/bin/../../lib/gcc/pic32c/8.3.1/../../../../pic32c/lib/thumb/v6-m/nofp\libg-musl.a(readv.o)
 .comment       0x000000000000002b       0x2c c:/program files/microchip/xc32/v4.60/bin/bin/../../lib/gcc/pic32c/8.3.1/../../../../pic32c/lib/thumb/v6-m/nofp\libg-musl.a(__init_stdio.o)
 .comment       0x000000000000002b       0x2c c:/program files/microchip/xc32/v4.60/bin/bin/../../lib/gcc/pic32c/8.3.1/../../../../pic32c/lib/thumb/v6-m/nofp\libg-musl.a(__out.o)
 .comment       0x000000000000002b       0x2c c:/program files/microchip/xc32/v4.60/bin/bin/../../lib/gcc/pic32c/8.3.1/../../../../pic32c/lib/thumb/v6-m/nofp\libg-musl.a(__putc.o)
 .comment       0x000000000000002b       0x2c c:/program files/microchip/xc32/v4.60/bin/bin/../../lib/gcc/pic32c/8.3.1/../../../../pic32c/lib/thumb/v6-m/nofp\libg-musl.a(__stderr.o)
 .comment       0x000000000000002b       0x2c c:/program files/microchip/xc32/v4.60/bin/bin/../../lib/gcc/pic32c/8.3.1/../../../../pic32c/lib/thumb/v6-m/nofp\libg-musl.a(__stdio_close.o)
 .comment       0x000000000000002b       0x2c c:/program files/microchip/xc32/v4.60/bin/bin/../../lib/gcc/pic32c/8.3.1/../../../../pic32c/lib/thumb/v6-m/nofp\libg-musl.a(__stdio_write.o)
 .comment       0x000000000000002b       0x2c c:/program files/microchip/xc32/v4.60/bin/bin/../../lib/gcc/pic32c/8.3.1/../../../../pic32c/lib/thumb/v6-m/nofp\libg-musl.a(__stdout.o)
 .comment       0x000000000000002b       0x2c c:/program files/microchip/xc32/v4.60/bin/bin/../../lib/gcc/pic32c/8.3.1/../../../../pic32c/lib/thumb/v6-m/nofp\libg-musl.a(__towrite.o)
 .comment       0x000000000000002b       0x2c c:/program files/microchip/xc32/v4.60/bin/bin/../../lib/gcc/pic32c/8.3.1/../../../../pic32c/lib/thumb/v6-m/nofp\libg-musl.a(__month_to_secs.o)
 .comment       0x000000000000002b       0x2c c:/program files/microchip/xc32/v4.60/bin/bin/../../lib/gcc/pic32c/8.3.1/../../../../pic32c/lib/thumb/v6-m/nofp\libg-musl.a(writev.o)
 .comment       0x000000000000002b       0x2c c:/program files/microchip/xc32/v4.60/bin/bin/../../lib/gcc/pic32c/8.3.1/../../../../pic32c/lib/thumb/v6-m/nofp\libg-musl.a(__overflow.o)
 .comment       0x000000000000002b       0x2c c:/program files/microchip/xc32/v4.60/bin/bin/../../lib/gcc/pic32c/8.3.1/../../../../pic32c/lib/thumb/v6-m/nofp\libg-musl.a(__fwrite.o)
 .comment       0x000000000000002b       0x2c c:/program files/microchip/xc32/v4.60/bin/bin/../../lib/gcc/pic32c/8.3.1/../../../../pic32c/lib/thumb/v6-m/nofp\libm-fast-emfloat.a(fma.o)
 .comment       0x000000000000002b       0x2c c:/program files/microchip/xc32/v4.60/bin/bin/../../lib/gcc/pic32c/8.3.1/../../../../pic32c/lib/thumb/v6-m/nofp\libm-fast-emfloat.a(floor.o)
 .comment       0x000000000000002b       0x2c c:/program files/microchip/xc32/v4.60/bin/bin/../../lib/gcc/pic32c/8.3.1/thumb/v6-m/nofp\libgcc.a(_muldi3.o)
 .comment       0x000000000000002b       0x2c c:/program files/microchip/xc32/v4.60/bin/bin/../../lib/gcc/pic32c/8.3.1/thumb/v6-m/nofp\libgcc.a(_udivmoddi4.o)
 .comment       0x000000000000002b       0x2c c:/program files/microchip/xc32/v4.60/bin/bin/../../lib/gcc/pic32c/8.3.1/thumb/v6-m/nofp\libgcc.a(bpabi.o)
 .comment       0x000000000000002b       0x2c c:/program files/microchip/xc32/v4.60/bin/bin/../../lib/gcc/pic32c/8.3.1/thumb/v6-m/nofp\libgcc.a(_divdi3.o)
 .comment       0x000000000000002b       0x2c c:/program files/microchip/xc32/v4.60/bin/bin/../../lib/gcc/pic32c/8.3.1/../../../../pic32c/lib/thumb/v6-m/nofp\libpic32c.a(close.o)
 .comment       0x000000000000002b       0x2c c:/program files/microchip/xc32/v4.60/bin/bin/../../lib/gcc/pic32c/8.3.1/../../../../pic32c/lib/thumb/v6-m/nofp\libpic32c.a(lseek.o)
 .comment       0x000000000000002b       0x2c c:/program files/microchip/xc32/v4.60/bin/bin/../../lib/gcc/pic32c/8.3.1/../../../../pic32c/lib/thumb/v6-m/nofp\libpic32c.a(sbrk.o)
 .comment       0x000000000000002b       0x2c c:/program files/microchip/xc32/v4.60/bin/bin/../../lib/gcc/pic32c/8.3.1/../../../../pic32c/lib/thumb/v6-m/nofp\libc-size-musl.a(strcpy.o)
 .comment       0x000000000000002b       0x2c c:/program files/microchip/xc32/v4.60/bin/bin/../../lib/gcc/pic32c/8.3.1/../../../../pic32c/lib/thumb/v6-m/nofp\libc-size-musl.a(stpcpy.o)
 .comment       0x000000000000002b       0x2c c:/program files/microchip/xc32/v4.60/bin/bin/../../lib/gcc/pic32c/8.3.1/../../../../pic32c/lib/thumb/v6-m/nofp\libpic32c.a(pic32_data_init_clear.o)
 .comment       0x000000000000002b       0x2c c:/program files/microchip/xc32/v4.60/bin/bin/../../lib/gcc/pic32c/8.3.1/../../../../pic32c/lib/thumb/v6-m/nofp\libpic32c.a(pic32_data_init_copy.o)

.debug_info     0x0000000000000000    0x2f89c
 .debug_info    0x0000000000000000      0xb62 build/SAMD21_IOT_WG_ICM42688/debug/_ext/2048461350/icm42688_sensor.o
 .debug_info    0x0000000000000b62     0x1d51 build/SAMD21_IOT_WG_ICM42688/debug/_ext/1660664302/drv_spi.o
 .debug_info    0x00000000000028b3      0x2b0 build/SAMD21_IOT_WG_ICM42688/debug/_ext/1164161090/wdrv_winc_gpio.o
 .debug_info    0x0000000000002b63      0x101 build/SAMD21_IOT_WG_ICM42688/debug/_ext/1164161090/wdrv_winc_eint.o
 .debug_info    0x0000000000002c64      0xa39 build/SAMD21_IOT_WG_ICM42688/debug/_ext/101005277/wdrv_winc_spi.o
 .debug_info    0x000000000000369d       0xd3 build/SAMD21_IOT_WG_ICM42688/debug/_ext/90265895/nm_common.o
 .debug_info    0x0000000000003770      0x95f build/SAMD21_IOT_WG_ICM42688/debug/_ext/121554788/m2m_ssl.o
 .debug_info    0x00000000000040cf      0xaa0 build/SAMD21_IOT_WG_ICM42688/debug/_ext/121554788/m2m_hif.o
 .debug_info    0x0000000000004b6f     0x3ae8 build/SAMD21_IOT_WG_ICM42688/debug/_ext/121554788/m2m_wifi.o
 .debug_info    0x0000000000008657      0xc30 build/SAMD21_IOT_WG_ICM42688/debug/_ext/121554788/nmspi.o
 .debug_info    0x0000000000009287      0x532 build/SAMD21_IOT_WG_ICM42688/debug/_ext/121554788/nmdrv.o
 .debug_info    0x00000000000097b9      0xe11 build/SAMD21_IOT_WG_ICM42688/debug/_ext/121554788/m2m_ota.o
 .debug_info    0x000000000000a5ca      0x88d build/SAMD21_IOT_WG_ICM42688/debug/_ext/121554788/nmasic.o
 .debug_info    0x000000000000ae57      0x465 build/SAMD21_IOT_WG_ICM42688/debug/_ext/121554788/nmbus.o
 .debug_info    0x000000000000b2bc     0x1bf3 build/SAMD21_IOT_WG_ICM42688/debug/_ext/548032175/socket.o
 .debug_info    0x000000000000ceaf      0x131 build/SAMD21_IOT_WG_ICM42688/debug/_ext/548032175/inet_addr.o
 .debug_info    0x000000000000cfe0      0x1a6 build/SAMD21_IOT_WG_ICM42688/debug/_ext/548032175/inet_ntop.o
 .debug_info    0x000000000000d186      0x17a build/SAMD21_IOT_WG_ICM42688/debug/_ext/609036575/flexible_flash.o
 .debug_info    0x000000000000d300      0x75d build/SAMD21_IOT_WG_ICM42688/debug/_ext/609036575/spi_flash.o
 .debug_info    0x000000000000da5d       0xfd build/SAMD21_IOT_WG_ICM42688/debug/_ext/1784303044/wdrv_winc_osal.o
 .debug_info    0x000000000000db5a     0x15ed build/SAMD21_IOT_WG_ICM42688/debug/_ext/907429946/wdrv_winc_sta.o
 .debug_info    0x000000000000f147     0x1847 build/SAMD21_IOT_WG_ICM42688/debug/_ext/907429946/wdrv_winc_socket.o
 .debug_info    0x000000000001098e     0x13ea build/SAMD21_IOT_WG_ICM42688/debug/_ext/907429946/wdrv_winc_systime.o
 .debug_info    0x0000000000011d78      0x8fe build/SAMD21_IOT_WG_ICM42688/debug/_ext/907429946/wdrv_winc_authctx.o
 .debug_info    0x0000000000012676     0x1973 build/SAMD21_IOT_WG_ICM42688/debug/_ext/907429946/wdrv_winc_host_file.o
 .debug_info    0x0000000000013fe9     0x3468 build/SAMD21_IOT_WG_ICM42688/debug/_ext/907429946/wdrv_winc.o
 .debug_info    0x0000000000017451      0x43f build/SAMD21_IOT_WG_ICM42688/debug/_ext/907429946/wdrv_winc_bssctx.o
 .debug_info    0x0000000000017890      0x583 build/SAMD21_IOT_WG_ICM42688/debug/_ext/1750425231/plib_clock.o
 .debug_info    0x0000000000017e13      0xaf1 build/SAMD21_IOT_WG_ICM42688/debug/_ext/1580516298/plib_dmac.o
 .debug_info    0x0000000000018904      0x345 build/SAMD21_IOT_WG_ICM42688/debug/_ext/503204096/plib_eic.o
 .debug_info    0x0000000000018c49      0x673 build/SAMD21_IOT_WG_ICM42688/debug/_ext/1580823105/plib_nvic.o
 .debug_info    0x00000000000192bc      0x50d build/SAMD21_IOT_WG_ICM42688/debug/_ext/11470383/plib_nvmctrl.o
 .debug_info    0x00000000000197c9      0x67a build/SAMD21_IOT_WG_ICM42688/debug/_ext/1580876256/plib_port.o
 .debug_info    0x0000000000019e43      0xc60 build/SAMD21_IOT_WG_ICM42688/debug/_ext/1014017276/plib_sercom0_spi_master.o
 .debug_info    0x000000000001aaa3      0xe64 build/SAMD21_IOT_WG_ICM42688/debug/_ext/1014017276/plib_sercom2_spi_master.o
 .debug_info    0x000000000001b907      0xe5d build/SAMD21_IOT_WG_ICM42688/debug/_ext/177673482/plib_sercom5_usart.o
 .debug_info    0x000000000001c764      0x2f4 build/SAMD21_IOT_WG_ICM42688/debug/_ext/223004715/plib_systick.o
 .debug_info    0x000000000001ca58      0x76f build/SAMD21_IOT_WG_ICM42688/debug/_ext/399410062/plib_tc3.o
 .debug_info    0x000000000001d1c7      0x79a build/SAMD21_IOT_WG_ICM42688/debug/_ext/399410062/plib_tc4.o
 .debug_info    0x000000000001d961      0x159 build/SAMD21_IOT_WG_ICM42688/debug/_ext/1357625803/xc32_monitor.o
 .debug_info    0x000000000001daba      0x25b build/SAMD21_IOT_WG_ICM42688/debug/_ext/1584719636/sys_dma.o
 .debug_info    0x000000000001dd15      0x445 build/SAMD21_IOT_WG_ICM42688/debug/_ext/1318297016/sys_int.o
 .debug_info    0x000000000001e15a     0x1495 build/SAMD21_IOT_WG_ICM42688/debug/_ext/386530258/sys_time.o
 .debug_info    0x000000000001f5ef     0x1887 build/SAMD21_IOT_WG_ICM42688/debug/_ext/1832905403/initialization.o
 .debug_info    0x0000000000020e76      0x3e1 build/SAMD21_IOT_WG_ICM42688/debug/_ext/1832905403/interrupts.o
 .debug_info    0x0000000000021257       0xb8 build/SAMD21_IOT_WG_ICM42688/debug/_ext/1832905403/exceptions.o
 .debug_info    0x000000000002130f      0x1ac build/SAMD21_IOT_WG_ICM42688/debug/_ext/1832905403/startup_xc32.o
 .debug_info    0x00000000000214bb      0x108 build/SAMD21_IOT_WG_ICM42688/debug/_ext/1832905403/tasks.o
 .debug_info    0x00000000000215c3     0x2162 build/SAMD21_IOT_WG_ICM42688/debug/_ext/1341251756/Icm426xxDriver_HL.o
 .debug_info    0x0000000000023725      0x49d build/SAMD21_IOT_WG_ICM42688/debug/_ext/1341251756/Icm426xxTransport.o
 .debug_info    0x0000000000023bc2     0x1591 build/SAMD21_IOT_WG_ICM42688/debug/_ext/1360937237/main.o
 .debug_info    0x0000000000025153      0x4cc build/SAMD21_IOT_WG_ICM42688/debug/_ext/1360937237/ringbuffer.o
 .debug_info    0x000000000002561f      0x378 build/SAMD21_IOT_WG_ICM42688/debug/_ext/1360937237/app.o
 .debug_info    0x0000000000025997      0xa90 build/SAMD21_IOT_WG_ICM42688/debug/_ext/1360937237/winc1500_tcp_client.o
 .debug_info    0x0000000000026427      0x661 build/SAMD21_IOT_WG_ICM42688/debug/_ext/1360937237/ws2812.o
 .debug_info    0x0000000000026a88       0x68 c:/program files/microchip/xc32/v4.60/bin/bin/../../lib/gcc/pic32c/8.3.1/../../../../pic32c/lib/thumb/v6-m/nofp\libpic32c.a(data_init.o)
 .debug_info    0x0000000000026af0       0xed c:/program files/microchip/xc32/v4.60/bin/bin/../../lib/gcc/pic32c/8.3.1/../../../../pic32c/lib/thumb/v6-m/nofp\libc-size-musl.a(memcpy.o)
 .debug_info    0x0000000000026bdd       0xbb c:/program files/microchip/xc32/v4.60/bin/bin/../../lib/gcc/pic32c/8.3.1/../../../../pic32c/lib/thumb/v6-m/nofp\libc-size-musl.a(memset.o)
 .debug_info    0x0000000000026c98       0xa4 c:/program files/microchip/xc32/v4.60/bin/bin/../../lib/gcc/pic32c/8.3.1/../../../../pic32c/lib/thumb/v6-m/nofp\libc-size-musl.a(strlen.o)
 .debug_info    0x0000000000026d3c       0xd2 c:/program files/microchip/xc32/v4.60/bin/bin/../../lib/gcc/pic32c/8.3.1/../../../../pic32c/lib/thumb/v6-m/nofp\libc-size-musl.a(strchr.o)
 .debug_info    0x0000000000026e0e      0x133 c:/program files/microchip/xc32/v4.60/bin/bin/../../lib/gcc/pic32c/8.3.1/../../../../pic32c/lib/thumb/v6-m/nofp\libc-size-musl.a(strchrnul.o)
 .debug_info    0x0000000000026f41       0xd5 c:/program files/microchip/xc32/v4.60/bin/bin/../../lib/gcc/pic32c/8.3.1/../../../../pic32c/lib/thumb/v6-m/nofp\libc-size-musl.a(strnlen.o)
 .debug_info    0x0000000000027016       0xe5 c:/program files/microchip/xc32/v4.60/bin/bin/../../lib/gcc/pic32c/8.3.1/../../../../pic32c/lib/thumb/v6-m/nofp\libc-size-musl.a(memchr.o)
 .debug_info    0x00000000000270fb      0x272 c:/program files/microchip/xc32/v4.60/bin/bin/../../lib/gcc/pic32c/8.3.1/../../../../pic32c/lib/thumb/v6-m/nofp\liblmalloc-musl.a(lite_free.o)
 .debug_info    0x000000000002736d      0x1bd c:/program files/microchip/xc32/v4.60/bin/bin/../../lib/gcc/pic32c/8.3.1/../../../../pic32c/lib/thumb/v6-m/nofp\liblmalloc-musl.a(lite_malloc.o)
 .debug_info    0x000000000002752a      0x2fb c:/program files/microchip/xc32/v4.60/bin/bin/../../lib/gcc/pic32c/8.3.1/../../../../pic32c/lib/thumb/v6-m/nofp\libg-musl.a(__libc_start_main.o)
 .debug_info    0x0000000000027825       0x5b c:/program files/microchip/xc32/v4.60/bin/bin/../../lib/gcc/pic32c/8.3.1/../../../../pic32c/lib/thumb/v6-m/nofp\libg-musl.a(__errno_location.o)
 .debug_info    0x0000000000027880      0x276 c:/program files/microchip/xc32/v4.60/bin/bin/../../lib/gcc/pic32c/8.3.1/../../../../pic32c/lib/thumb/v6-m/nofp\libg-musl.a(libc.o)
 .debug_info    0x0000000000027af6      0x10e c:/program files/microchip/xc32/v4.60/bin/bin/../../lib/gcc/pic32c/8.3.1/../../../../pic32c/lib/thumb/v6-m/nofp\libg-musl.a(expand_heap.o)
 .debug_info    0x0000000000027c04      0x216 c:/program files/microchip/xc32/v4.60/bin/bin/../../lib/gcc/pic32c/8.3.1/../../../../pic32c/lib/thumb/v6-m/nofp\libg-musl.a(__sio_printf_cdeEfFgGnsu.o)
 .debug_info    0x0000000000027e1a      0x330 c:/program files/microchip/xc32/v4.60/bin/bin/../../lib/gcc/pic32c/8.3.1/../../../../pic32c/lib/thumb/v6-m/nofp\libg-musl.a(__fmt_d.o)
 .debug_info    0x000000000002814a      0x676 c:/program files/microchip/xc32/v4.60/bin/bin/../../lib/gcc/pic32c/8.3.1/../../../../pic32c/lib/thumb/v6-m/nofp\libg-musl.a(__fmt_fp.o)
 .debug_info    0x00000000000287c0      0x2e9 c:/program files/microchip/xc32/v4.60/bin/bin/../../lib/gcc/pic32c/8.3.1/../../../../pic32c/lib/thumb/v6-m/nofp\libg-musl.a(__fmt_s.o)
 .debug_info    0x0000000000028aa9      0x301 c:/program files/microchip/xc32/v4.60/bin/bin/../../lib/gcc/pic32c/8.3.1/../../../../pic32c/lib/thumb/v6-m/nofp\libg-musl.a(__fmt_u.o)
 .debug_info    0x0000000000028daa      0x162 c:/program files/microchip/xc32/v4.60/bin/bin/../../lib/gcc/pic32c/8.3.1/../../../../pic32c/lib/thumb/v6-m/nofp\libg-musl.a(__pop_float.o)
 .debug_info    0x0000000000028f0c      0x183 c:/program files/microchip/xc32/v4.60/bin/bin/../../lib/gcc/pic32c/8.3.1/../../../../pic32c/lib/thumb/v6-m/nofp\libg-musl.a(__pop_int.o)
 .debug_info    0x000000000002908f      0x18d c:/program files/microchip/xc32/v4.60/bin/bin/../../lib/gcc/pic32c/8.3.1/../../../../pic32c/lib/thumb/v6-m/nofp\libg-musl.a(__pop_ptr.o)
 .debug_info    0x000000000002921c      0xa6f c:/program files/microchip/xc32/v4.60/bin/bin/../../lib/gcc/pic32c/8.3.1/../../../../pic32c/lib/thumb/v6-m/nofp\libg-musl.a(__printf_core.o)
 .debug_info    0x0000000000029c8b      0x404 c:/program files/microchip/xc32/v4.60/bin/bin/../../lib/gcc/pic32c/8.3.1/../../../../pic32c/lib/thumb/v6-m/nofp\libg-musl.a(stdin.o)
 .debug_info    0x000000000002a08f      0x1e9 c:/program files/microchip/xc32/v4.60/bin/bin/../../lib/gcc/pic32c/8.3.1/../../../../pic32c/lib/thumb/v6-m/nofp\libg-musl.a(stdout.o)
 .debug_info    0x000000000002a278       0xd0 c:/program files/microchip/xc32/v4.60/bin/bin/../../lib/gcc/pic32c/8.3.1/../../../../pic32c/lib/thumb/v6-m/nofp\libg-musl.a(putchar.o)
 .debug_info    0x000000000002a348      0x3ac c:/program files/microchip/xc32/v4.60/bin/bin/../../lib/gcc/pic32c/8.3.1/../../../../pic32c/lib/thumb/v6-m/nofp\libg-musl.a(puts.o)
 .debug_info    0x000000000002a6f4       0xe6 c:/program files/microchip/xc32/v4.60/bin/bin/../../lib/gcc/pic32c/8.3.1/../../../../pic32c/lib/thumb/v6-m/nofp\libg-musl.a(setbuf.o)
 .debug_info    0x000000000002a7da       0xf4 c:/program files/microchip/xc32/v4.60/bin/bin/../../lib/gcc/pic32c/8.3.1/../../../../pic32c/lib/thumb/v6-m/nofp\libg-musl.a(atoi.o)
 .debug_info    0x000000000002a8ce      0x199 c:/program files/microchip/xc32/v4.60/bin/bin/../../lib/gcc/pic32c/8.3.1/../../../../pic32c/lib/thumb/v6-m/nofp\libg-musl.a(gmtime.o)
 .debug_info    0x000000000002aa67      0x1a6 c:/program files/microchip/xc32/v4.60/bin/bin/../../lib/gcc/pic32c/8.3.1/../../../../pic32c/lib/thumb/v6-m/nofp\libg-musl.a(gmtime_r.o)
 .debug_info    0x000000000002ac0d      0x205 c:/program files/microchip/xc32/v4.60/bin/bin/../../lib/gcc/pic32c/8.3.1/../../../../pic32c/lib/thumb/v6-m/nofp\libg-musl.a(mktime.o)
 .debug_info    0x000000000002ae12      0x131 c:/program files/microchip/xc32/v4.60/bin/bin/../../lib/gcc/pic32c/8.3.1/../../../../pic32c/lib/thumb/v6-m/nofp\libg-musl.a(tolower.o)
 .debug_info    0x000000000002af43       0x97 c:/program files/microchip/xc32/v4.60/bin/bin/../../lib/gcc/pic32c/8.3.1/../../../../pic32c/lib/thumb/v6-m/nofp\libg-musl.a(__environ.o)
 .debug_info    0x000000000002afda      0x1ff c:/program files/microchip/xc32/v4.60/bin/bin/../../lib/gcc/pic32c/8.3.1/../../../../pic32c/lib/thumb/v6-m/nofp\libg-musl.a(__int_vfprintf.o)
 .debug_info    0x000000000002b1d9      0x3b6 c:/program files/microchip/xc32/v4.60/bin/bin/../../lib/gcc/pic32c/8.3.1/../../../../pic32c/lib/thumb/v6-m/nofp\libg-musl.a(fputs.o)
 .debug_info    0x000000000002b58f      0x1cf c:/program files/microchip/xc32/v4.60/bin/bin/../../lib/gcc/pic32c/8.3.1/../../../../pic32c/lib/thumb/v6-m/nofp\libg-musl.a(__cvt_u.o)
 .debug_info    0x000000000002b75e      0x3ef c:/program files/microchip/xc32/v4.60/bin/bin/../../lib/gcc/pic32c/8.3.1/../../../../pic32c/lib/thumb/v6-m/nofp\libg-musl.a(__stdio_read.o)
 .debug_info    0x000000000002bb4d      0x331 c:/program files/microchip/xc32/v4.60/bin/bin/../../lib/gcc/pic32c/8.3.1/../../../../pic32c/lib/thumb/v6-m/nofp\libg-musl.a(__towrite_rw.o)
 .debug_info    0x000000000002be7e      0x257 c:/program files/microchip/xc32/v4.60/bin/bin/../../lib/gcc/pic32c/8.3.1/../../../../pic32c/lib/thumb/v6-m/nofp\libg-musl.a(fwrite.o)
 .debug_info    0x000000000002c0d5      0x224 c:/program files/microchip/xc32/v4.60/bin/bin/../../lib/gcc/pic32c/8.3.1/../../../../pic32c/lib/thumb/v6-m/nofp\libg-musl.a(putc.o)
 .debug_info    0x000000000002c2f9      0x2bd c:/program files/microchip/xc32/v4.60/bin/bin/../../lib/gcc/pic32c/8.3.1/../../../../pic32c/lib/thumb/v6-m/nofp\libg-musl.a(setvbuf.o)
 .debug_info    0x000000000002c5b6      0x201 c:/program files/microchip/xc32/v4.60/bin/bin/../../lib/gcc/pic32c/8.3.1/../../../../pic32c/lib/thumb/v6-m/nofp\libg-musl.a(__tm_to_secs.o)
 .debug_info    0x000000000002c7b7      0x109 c:/program files/microchip/xc32/v4.60/bin/bin/../../lib/gcc/pic32c/8.3.1/../../../../pic32c/lib/thumb/v6-m/nofp\libg-musl.a(__year_to_secs.o)
 .debug_info    0x000000000002c8c0      0x295 c:/program files/microchip/xc32/v4.60/bin/bin/../../lib/gcc/pic32c/8.3.1/../../../../pic32c/lib/thumb/v6-m/nofp\libg-musl.a(__secs_to_tm.o)
 .debug_info    0x000000000002cb55      0x146 c:/program files/microchip/xc32/v4.60/bin/bin/../../lib/gcc/pic32c/8.3.1/../../../../pic32c/lib/thumb/v6-m/nofp\libg-musl.a(readv.o)
 .debug_info    0x000000000002cc9b       0xc3 c:/program files/microchip/xc32/v4.60/bin/bin/../../lib/gcc/pic32c/8.3.1/../../../../pic32c/lib/thumb/v6-m/nofp\libg-musl.a(__init_stdio.o)
 .debug_info    0x000000000002cd5e      0x2ba c:/program files/microchip/xc32/v4.60/bin/bin/../../lib/gcc/pic32c/8.3.1/../../../../pic32c/lib/thumb/v6-m/nofp\libg-musl.a(__out.o)
 .debug_info    0x000000000002d018      0x28d c:/program files/microchip/xc32/v4.60/bin/bin/../../lib/gcc/pic32c/8.3.1/../../../../pic32c/lib/thumb/v6-m/nofp\libg-musl.a(__putc.o)
 .debug_info    0x000000000002d2a5      0x3a9 c:/program files/microchip/xc32/v4.60/bin/bin/../../lib/gcc/pic32c/8.3.1/../../../../pic32c/lib/thumb/v6-m/nofp\libg-musl.a(__stderr.o)
 .debug_info    0x000000000002d64e      0x3fd c:/program files/microchip/xc32/v4.60/bin/bin/../../lib/gcc/pic32c/8.3.1/../../../../pic32c/lib/thumb/v6-m/nofp\libg-musl.a(__stdio_close.o)
 .debug_info    0x000000000002da4b      0x43e c:/program files/microchip/xc32/v4.60/bin/bin/../../lib/gcc/pic32c/8.3.1/../../../../pic32c/lib/thumb/v6-m/nofp\libg-musl.a(__stdio_write.o)
 .debug_info    0x000000000002de89      0x3a9 c:/program files/microchip/xc32/v4.60/bin/bin/../../lib/gcc/pic32c/8.3.1/../../../../pic32c/lib/thumb/v6-m/nofp\libg-musl.a(__stdout.o)
 .debug_info    0x000000000002e232      0x275 c:/program files/microchip/xc32/v4.60/bin/bin/../../lib/gcc/pic32c/8.3.1/../../../../pic32c/lib/thumb/v6-m/nofp\libg-musl.a(__towrite.o)
 .debug_info    0x000000000002e4a7       0xbe c:/program files/microchip/xc32/v4.60/bin/bin/../../lib/gcc/pic32c/8.3.1/../../../../pic32c/lib/thumb/v6-m/nofp\libg-musl.a(__month_to_secs.o)
 .debug_info    0x000000000002e565      0x146 c:/program files/microchip/xc32/v4.60/bin/bin/../../lib/gcc/pic32c/8.3.1/../../../../pic32c/lib/thumb/v6-m/nofp\libg-musl.a(writev.o)
 .debug_info    0x000000000002e6ab      0x388 c:/program files/microchip/xc32/v4.60/bin/bin/../../lib/gcc/pic32c/8.3.1/../../../../pic32c/lib/thumb/v6-m/nofp\libg-musl.a(__overflow.o)
 .debug_info    0x000000000002ea33      0x2b7 c:/program files/microchip/xc32/v4.60/bin/bin/../../lib/gcc/pic32c/8.3.1/../../../../pic32c/lib/thumb/v6-m/nofp\libg-musl.a(__fwrite.o)
 .debug_info    0x000000000002ecea       0x26 c:/program files/microchip/xc32/v4.60/bin/bin/../../lib/gcc/pic32c/8.3.1/thumb/v6-m/nofp\libgcc.a(_udivsi3.o)
 .debug_info    0x000000000002ed10       0x26 c:/program files/microchip/xc32/v4.60/bin/bin/../../lib/gcc/pic32c/8.3.1/thumb/v6-m/nofp\libgcc.a(_divsi3.o)
 .debug_info    0x000000000002ed36       0x26 c:/program files/microchip/xc32/v4.60/bin/bin/../../lib/gcc/pic32c/8.3.1/thumb/v6-m/nofp\libgcc.a(_dvmd_tls.o)
 .debug_info    0x000000000002ed5c       0x26 c:/program files/microchip/xc32/v4.60/bin/bin/../../lib/gcc/pic32c/8.3.1/thumb/v6-m/nofp\libgcc.a(_aeabi_ldivmod.o)
 .debug_info    0x000000000002ed82       0x26 c:/program files/microchip/xc32/v4.60/bin/bin/../../lib/gcc/pic32c/8.3.1/thumb/v6-m/nofp\libgcc.a(_aeabi_uldivmod.o)
 .debug_info    0x000000000002eda8      0x243 c:/program files/microchip/xc32/v4.60/bin/bin/../../lib/gcc/pic32c/8.3.1/thumb/v6-m/nofp\libgcc.a(_muldi3.o)
 .debug_info    0x000000000002efeb      0x193 c:/program files/microchip/xc32/v4.60/bin/bin/../../lib/gcc/pic32c/8.3.1/thumb/v6-m/nofp\libgcc.a(_udivmoddi4.o)
 .debug_info    0x000000000002f17e       0xd5 c:/program files/microchip/xc32/v4.60/bin/bin/../../lib/gcc/pic32c/8.3.1/thumb/v6-m/nofp\libgcc.a(bpabi.o)
 .debug_info    0x000000000002f253       0x26 c:/program files/microchip/xc32/v4.60/bin/bin/../../lib/gcc/pic32c/8.3.1/thumb/v6-m/nofp\libgcc.a(_lshrdi3.o)
 .debug_info    0x000000000002f279       0x26 c:/program files/microchip/xc32/v4.60/bin/bin/../../lib/gcc/pic32c/8.3.1/thumb/v6-m/nofp\libgcc.a(_ashldi3.o)
 .debug_info    0x000000000002f29f       0x26 c:/program files/microchip/xc32/v4.60/bin/bin/../../lib/gcc/pic32c/8.3.1/thumb/v6-m/nofp\libgcc.a(_clzdi2.o)
 .debug_info    0x000000000002f2c5      0x2e1 c:/program files/microchip/xc32/v4.60/bin/bin/../../lib/gcc/pic32c/8.3.1/thumb/v6-m/nofp\libgcc.a(_divdi3.o)
 .debug_info    0x000000000002f5a6       0x26 c:/program files/microchip/xc32/v4.60/bin/bin/../../lib/gcc/pic32c/8.3.1/thumb/v6-m/nofp\libgcc.a(_clzsi2.o)
 .debug_info    0x000000000002f5cc       0x3f c:/program files/microchip/xc32/v4.60/bin/bin/../../lib/gcc/pic32c/8.3.1/../../../../pic32c/lib/thumb/v6-m/nofp\libpic32c.a(close.o)
 .debug_info    0x000000000002f60b       0x3f c:/program files/microchip/xc32/v4.60/bin/bin/../../lib/gcc/pic32c/8.3.1/../../../../pic32c/lib/thumb/v6-m/nofp\libpic32c.a(lseek.o)
 .debug_info    0x000000000002f64a       0x6a c:/program files/microchip/xc32/v4.60/bin/bin/../../lib/gcc/pic32c/8.3.1/../../../../pic32c/lib/thumb/v6-m/nofp\libpic32c.a(sbrk.o)
 .debug_info    0x000000000002f6b4       0xbd c:/program files/microchip/xc32/v4.60/bin/bin/../../lib/gcc/pic32c/8.3.1/../../../../pic32c/lib/thumb/v6-m/nofp\libc-size-musl.a(strcpy.o)
 .debug_info    0x000000000002f771       0xac c:/program files/microchip/xc32/v4.60/bin/bin/../../lib/gcc/pic32c/8.3.1/../../../../pic32c/lib/thumb/v6-m/nofp\libc-size-musl.a(stpcpy.o)
 .debug_info    0x000000000002f81d       0x3f c:/program files/microchip/xc32/v4.60/bin/bin/../../lib/gcc/pic32c/8.3.1/../../../../pic32c/lib/thumb/v6-m/nofp\libpic32c.a(pic32_data_init_clear.o)
 .debug_info    0x000000000002f85c       0x40 c:/program files/microchip/xc32/v4.60/bin/bin/../../lib/gcc/pic32c/8.3.1/../../../../pic32c/lib/thumb/v6-m/nofp\libpic32c.a(pic32_data_init_copy.o)

.debug_abbrev   0x0000000000000000     0xa509
 .debug_abbrev  0x0000000000000000      0x24f build/SAMD21_IOT_WG_ICM42688/debug/_ext/2048461350/icm42688_sensor.o
 .debug_abbrev  0x000000000000024f      0x39b build/SAMD21_IOT_WG_ICM42688/debug/_ext/1660664302/drv_spi.o
 .debug_abbrev  0x00000000000005ea       0xb1 build/SAMD21_IOT_WG_ICM42688/debug/_ext/1164161090/wdrv_winc_gpio.o
 .debug_abbrev  0x000000000000069b       0x80 build/SAMD21_IOT_WG_ICM42688/debug/_ext/1164161090/wdrv_winc_eint.o
 .debug_abbrev  0x000000000000071b      0x242 build/SAMD21_IOT_WG_ICM42688/debug/_ext/101005277/wdrv_winc_spi.o
 .debug_abbrev  0x000000000000095d       0x7e build/SAMD21_IOT_WG_ICM42688/debug/_ext/90265895/nm_common.o
 .debug_abbrev  0x00000000000009db      0x260 build/SAMD21_IOT_WG_ICM42688/debug/_ext/121554788/m2m_ssl.o
 .debug_abbrev  0x0000000000000c3b      0x340 build/SAMD21_IOT_WG_ICM42688/debug/_ext/121554788/m2m_hif.o
 .debug_abbrev  0x0000000000000f7b      0x2e2 build/SAMD21_IOT_WG_ICM42688/debug/_ext/121554788/m2m_wifi.o
 .debug_abbrev  0x000000000000125d      0x27f build/SAMD21_IOT_WG_ICM42688/debug/_ext/121554788/nmspi.o
 .debug_abbrev  0x00000000000014dc      0x182 build/SAMD21_IOT_WG_ICM42688/debug/_ext/121554788/nmdrv.o
 .debug_abbrev  0x000000000000165e      0x201 build/SAMD21_IOT_WG_ICM42688/debug/_ext/121554788/m2m_ota.o
 .debug_abbrev  0x000000000000185f      0x204 build/SAMD21_IOT_WG_ICM42688/debug/_ext/121554788/nmasic.o
 .debug_abbrev  0x0000000000001a63      0x19c build/SAMD21_IOT_WG_ICM42688/debug/_ext/121554788/nmbus.o
 .debug_abbrev  0x0000000000001bff      0x2a3 build/SAMD21_IOT_WG_ICM42688/debug/_ext/548032175/socket.o
 .debug_abbrev  0x0000000000001ea2       0x96 build/SAMD21_IOT_WG_ICM42688/debug/_ext/548032175/inet_addr.o
 .debug_abbrev  0x0000000000001f38       0xd0 build/SAMD21_IOT_WG_ICM42688/debug/_ext/548032175/inet_ntop.o
 .debug_abbrev  0x0000000000002008       0xb9 build/SAMD21_IOT_WG_ICM42688/debug/_ext/609036575/flexible_flash.o
 .debug_abbrev  0x00000000000020c1      0x17f build/SAMD21_IOT_WG_ICM42688/debug/_ext/609036575/spi_flash.o
 .debug_abbrev  0x0000000000002240       0xa0 build/SAMD21_IOT_WG_ICM42688/debug/_ext/1784303044/wdrv_winc_osal.o
 .debug_abbrev  0x00000000000022e0      0x24d build/SAMD21_IOT_WG_ICM42688/debug/_ext/907429946/wdrv_winc_sta.o
 .debug_abbrev  0x000000000000252d      0x2a3 build/SAMD21_IOT_WG_ICM42688/debug/_ext/907429946/wdrv_winc_socket.o
 .debug_abbrev  0x00000000000027d0      0x20a build/SAMD21_IOT_WG_ICM42688/debug/_ext/907429946/wdrv_winc_systime.o
 .debug_abbrev  0x00000000000029da      0x1d6 build/SAMD21_IOT_WG_ICM42688/debug/_ext/907429946/wdrv_winc_authctx.o
 .debug_abbrev  0x0000000000002bb0      0x30c build/SAMD21_IOT_WG_ICM42688/debug/_ext/907429946/wdrv_winc_host_file.o
 .debug_abbrev  0x0000000000002ebc      0x3e6 build/SAMD21_IOT_WG_ICM42688/debug/_ext/907429946/wdrv_winc.o
 .debug_abbrev  0x00000000000032a2      0x171 build/SAMD21_IOT_WG_ICM42688/debug/_ext/907429946/wdrv_winc_bssctx.o
 .debug_abbrev  0x0000000000003413      0x105 build/SAMD21_IOT_WG_ICM42688/debug/_ext/1750425231/plib_clock.o
 .debug_abbrev  0x0000000000003518      0x24a build/SAMD21_IOT_WG_ICM42688/debug/_ext/1580516298/plib_dmac.o
 .debug_abbrev  0x0000000000003762      0x16b build/SAMD21_IOT_WG_ICM42688/debug/_ext/503204096/plib_eic.o
 .debug_abbrev  0x00000000000038cd      0x239 build/SAMD21_IOT_WG_ICM42688/debug/_ext/1580823105/plib_nvic.o
 .debug_abbrev  0x0000000000003b06      0x152 build/SAMD21_IOT_WG_ICM42688/debug/_ext/11470383/plib_nvmctrl.o
 .debug_abbrev  0x0000000000003c58      0x18a build/SAMD21_IOT_WG_ICM42688/debug/_ext/1580876256/plib_port.o
 .debug_abbrev  0x0000000000003de2      0x1cf build/SAMD21_IOT_WG_ICM42688/debug/_ext/1014017276/plib_sercom0_spi_master.o
 .debug_abbrev  0x0000000000003fb1      0x220 build/SAMD21_IOT_WG_ICM42688/debug/_ext/1014017276/plib_sercom2_spi_master.o
 .debug_abbrev  0x00000000000041d1      0x242 build/SAMD21_IOT_WG_ICM42688/debug/_ext/177673482/plib_sercom5_usart.o
 .debug_abbrev  0x0000000000004413       0xec build/SAMD21_IOT_WG_ICM42688/debug/_ext/223004715/plib_systick.o
 .debug_abbrev  0x00000000000044ff      0x194 build/SAMD21_IOT_WG_ICM42688/debug/_ext/399410062/plib_tc3.o
 .debug_abbrev  0x0000000000004693      0x194 build/SAMD21_IOT_WG_ICM42688/debug/_ext/399410062/plib_tc4.o
 .debug_abbrev  0x0000000000004827       0xad build/SAMD21_IOT_WG_ICM42688/debug/_ext/1357625803/xc32_monitor.o
 .debug_abbrev  0x00000000000048d4       0xd7 build/SAMD21_IOT_WG_ICM42688/debug/_ext/1584719636/sys_dma.o
 .debug_abbrev  0x00000000000049ab      0x1b4 build/SAMD21_IOT_WG_ICM42688/debug/_ext/1318297016/sys_int.o
 .debug_abbrev  0x0000000000004b5f      0x354 build/SAMD21_IOT_WG_ICM42688/debug/_ext/386530258/sys_time.o
 .debug_abbrev  0x0000000000004eb3      0x22b build/SAMD21_IOT_WG_ICM42688/debug/_ext/1832905403/initialization.o
 .debug_abbrev  0x00000000000050de       0xe3 build/SAMD21_IOT_WG_ICM42688/debug/_ext/1832905403/interrupts.o
 .debug_abbrev  0x00000000000051c1       0x47 build/SAMD21_IOT_WG_ICM42688/debug/_ext/1832905403/exceptions.o
 .debug_abbrev  0x0000000000005208       0xf0 build/SAMD21_IOT_WG_ICM42688/debug/_ext/1832905403/startup_xc32.o
 .debug_abbrev  0x00000000000052f8       0x86 build/SAMD21_IOT_WG_ICM42688/debug/_ext/1832905403/tasks.o
 .debug_abbrev  0x000000000000537e      0x29b build/SAMD21_IOT_WG_ICM42688/debug/_ext/1341251756/Icm426xxDriver_HL.o
 .debug_abbrev  0x0000000000005619      0x16f build/SAMD21_IOT_WG_ICM42688/debug/_ext/1341251756/Icm426xxTransport.o
 .debug_abbrev  0x0000000000005788      0x2e0 build/SAMD21_IOT_WG_ICM42688/debug/_ext/1360937237/main.o
 .debug_abbrev  0x0000000000005a68      0x14f build/SAMD21_IOT_WG_ICM42688/debug/_ext/1360937237/ringbuffer.o
 .debug_abbrev  0x0000000000005bb7      0x10b build/SAMD21_IOT_WG_ICM42688/debug/_ext/1360937237/app.o
 .debug_abbrev  0x0000000000005cc2      0x24d build/SAMD21_IOT_WG_ICM42688/debug/_ext/1360937237/winc1500_tcp_client.o
 .debug_abbrev  0x0000000000005f0f      0x281 build/SAMD21_IOT_WG_ICM42688/debug/_ext/1360937237/ws2812.o
 .debug_abbrev  0x0000000000006190       0x44 c:/program files/microchip/xc32/v4.60/bin/bin/../../lib/gcc/pic32c/8.3.1/../../../../pic32c/lib/thumb/v6-m/nofp\libpic32c.a(data_init.o)
 .debug_abbrev  0x00000000000061d4       0xbb c:/program files/microchip/xc32/v4.60/bin/bin/../../lib/gcc/pic32c/8.3.1/../../../../pic32c/lib/thumb/v6-m/nofp\libc-size-musl.a(memcpy.o)
 .debug_abbrev  0x000000000000628f       0xa2 c:/program files/microchip/xc32/v4.60/bin/bin/../../lib/gcc/pic32c/8.3.1/../../../../pic32c/lib/thumb/v6-m/nofp\libc-size-musl.a(memset.o)
 .debug_abbrev  0x0000000000006331       0x91 c:/program files/microchip/xc32/v4.60/bin/bin/../../lib/gcc/pic32c/8.3.1/../../../../pic32c/lib/thumb/v6-m/nofp\libc-size-musl.a(strlen.o)
 .debug_abbrev  0x00000000000063c2       0xad c:/program files/microchip/xc32/v4.60/bin/bin/../../lib/gcc/pic32c/8.3.1/../../../../pic32c/lib/thumb/v6-m/nofp\libc-size-musl.a(strchr.o)
 .debug_abbrev  0x000000000000646f       0xbc c:/program files/microchip/xc32/v4.60/bin/bin/../../lib/gcc/pic32c/8.3.1/../../../../pic32c/lib/thumb/v6-m/nofp\libc-size-musl.a(strchrnul.o)
 .debug_abbrev  0x000000000000652b       0xb1 c:/program files/microchip/xc32/v4.60/bin/bin/../../lib/gcc/pic32c/8.3.1/../../../../pic32c/lib/thumb/v6-m/nofp\libc-size-musl.a(strnlen.o)
 .debug_abbrev  0x00000000000065dc       0xb1 c:/program files/microchip/xc32/v4.60/bin/bin/../../lib/gcc/pic32c/8.3.1/../../../../pic32c/lib/thumb/v6-m/nofp\libc-size-musl.a(memchr.o)
 .debug_abbrev  0x000000000000668d      0x18b c:/program files/microchip/xc32/v4.60/bin/bin/../../lib/gcc/pic32c/8.3.1/../../../../pic32c/lib/thumb/v6-m/nofp\liblmalloc-musl.a(lite_free.o)
 .debug_abbrev  0x0000000000006818      0x117 c:/program files/microchip/xc32/v4.60/bin/bin/../../lib/gcc/pic32c/8.3.1/../../../../pic32c/lib/thumb/v6-m/nofp\liblmalloc-musl.a(lite_malloc.o)
 .debug_abbrev  0x000000000000692f      0x133 c:/program files/microchip/xc32/v4.60/bin/bin/../../lib/gcc/pic32c/8.3.1/../../../../pic32c/lib/thumb/v6-m/nofp\libg-musl.a(__libc_start_main.o)
 .debug_abbrev  0x0000000000006a62       0x39 c:/program files/microchip/xc32/v4.60/bin/bin/../../lib/gcc/pic32c/8.3.1/../../../../pic32c/lib/thumb/v6-m/nofp\libg-musl.a(__errno_location.o)
 .debug_abbrev  0x0000000000006a9b       0xd4 c:/program files/microchip/xc32/v4.60/bin/bin/../../lib/gcc/pic32c/8.3.1/../../../../pic32c/lib/thumb/v6-m/nofp\libg-musl.a(libc.o)
 .debug_abbrev  0x0000000000006b6f       0xc4 c:/program files/microchip/xc32/v4.60/bin/bin/../../lib/gcc/pic32c/8.3.1/../../../../pic32c/lib/thumb/v6-m/nofp\libg-musl.a(expand_heap.o)
 .debug_abbrev  0x0000000000006c33      0x142 c:/program files/microchip/xc32/v4.60/bin/bin/../../lib/gcc/pic32c/8.3.1/../../../../pic32c/lib/thumb/v6-m/nofp\libg-musl.a(__sio_printf_cdeEfFgGnsu.o)
 .debug_abbrev  0x0000000000006d75      0x161 c:/program files/microchip/xc32/v4.60/bin/bin/../../lib/gcc/pic32c/8.3.1/../../../../pic32c/lib/thumb/v6-m/nofp\libg-musl.a(__fmt_d.o)
 .debug_abbrev  0x0000000000006ed6      0x1e3 c:/program files/microchip/xc32/v4.60/bin/bin/../../lib/gcc/pic32c/8.3.1/../../../../pic32c/lib/thumb/v6-m/nofp\libg-musl.a(__fmt_fp.o)
 .debug_abbrev  0x00000000000070b9      0x15e c:/program files/microchip/xc32/v4.60/bin/bin/../../lib/gcc/pic32c/8.3.1/../../../../pic32c/lib/thumb/v6-m/nofp\libg-musl.a(__fmt_s.o)
 .debug_abbrev  0x0000000000007217      0x161 c:/program files/microchip/xc32/v4.60/bin/bin/../../lib/gcc/pic32c/8.3.1/../../../../pic32c/lib/thumb/v6-m/nofp\libg-musl.a(__fmt_u.o)
 .debug_abbrev  0x0000000000007378       0xdc c:/program files/microchip/xc32/v4.60/bin/bin/../../lib/gcc/pic32c/8.3.1/../../../../pic32c/lib/thumb/v6-m/nofp\libg-musl.a(__pop_float.o)
 .debug_abbrev  0x0000000000007454       0xdc c:/program files/microchip/xc32/v4.60/bin/bin/../../lib/gcc/pic32c/8.3.1/../../../../pic32c/lib/thumb/v6-m/nofp\libg-musl.a(__pop_int.o)
 .debug_abbrev  0x0000000000007530       0xdc c:/program files/microchip/xc32/v4.60/bin/bin/../../lib/gcc/pic32c/8.3.1/../../../../pic32c/lib/thumb/v6-m/nofp\libg-musl.a(__pop_ptr.o)
 .debug_abbrev  0x000000000000760c      0x317 c:/program files/microchip/xc32/v4.60/bin/bin/../../lib/gcc/pic32c/8.3.1/../../../../pic32c/lib/thumb/v6-m/nofp\libg-musl.a(__printf_core.o)
 .debug_abbrev  0x0000000000007923      0x1b3 c:/program files/microchip/xc32/v4.60/bin/bin/../../lib/gcc/pic32c/8.3.1/../../../../pic32c/lib/thumb/v6-m/nofp\libg-musl.a(stdin.o)
 .debug_abbrev  0x0000000000007ad6      0x145 c:/program files/microchip/xc32/v4.60/bin/bin/../../lib/gcc/pic32c/8.3.1/../../../../pic32c/lib/thumb/v6-m/nofp\libg-musl.a(stdout.o)
 .debug_abbrev  0x0000000000007c1b       0xc4 c:/program files/microchip/xc32/v4.60/bin/bin/../../lib/gcc/pic32c/8.3.1/../../../../pic32c/lib/thumb/v6-m/nofp\libg-musl.a(putchar.o)
 .debug_abbrev  0x0000000000007cdf      0x159 c:/program files/microchip/xc32/v4.60/bin/bin/../../lib/gcc/pic32c/8.3.1/../../../../pic32c/lib/thumb/v6-m/nofp\libg-musl.a(puts.o)
 .debug_abbrev  0x0000000000007e38       0xa8 c:/program files/microchip/xc32/v4.60/bin/bin/../../lib/gcc/pic32c/8.3.1/../../../../pic32c/lib/thumb/v6-m/nofp\libg-musl.a(setbuf.o)
 .debug_abbrev  0x0000000000007ee0       0xc6 c:/program files/microchip/xc32/v4.60/bin/bin/../../lib/gcc/pic32c/8.3.1/../../../../pic32c/lib/thumb/v6-m/nofp\libg-musl.a(atoi.o)
 .debug_abbrev  0x0000000000007fa6       0xdb c:/program files/microchip/xc32/v4.60/bin/bin/../../lib/gcc/pic32c/8.3.1/../../../../pic32c/lib/thumb/v6-m/nofp\libg-musl.a(gmtime.o)