Archive member included to satisfy reference by file (symbol)

c:/program files/microchip/xc32/v4.60/bin/bin/../../lib/gcc/pic32c/8.3.1/../../../../pic32c/lib/thumb/v6-m/nofp\libpic32c.a(data_init.o)
                              build/SAMD21_IOT_WG_ICM42688/debug/_ext/1832905403/startup_xc32.o (__pic32c_data_initialization)
c:/program files/microchip/xc32/v4.60/bin/bin/../../lib/gcc/pic32c/8.3.1/../../../../pic32c/lib/thumb/v6-m/nofp\libc-size-musl.a(memcpy.o)
                              build/SAMD21_IOT_WG_ICM42688/debug/_ext/101005277/wdrv_winc_spi.o (memcpy)
c:/program files/microchip/xc32/v4.60/bin/bin/../../lib/gcc/pic32c/8.3.1/../../../../pic32c/lib/thumb/v6-m/nofp\libc-size-musl.a(memset.o)
                              build/SAMD21_IOT_WG_ICM42688/debug/_ext/2048461350/icm42688_sensor.o (memset)
c:/program files/microchip/xc32/v4.60/bin/bin/../../lib/gcc/pic32c/8.3.1/../../../../pic32c/lib/thumb/v6-m/nofp\libc-size-musl.a(strlen.o)
                              build/SAMD21_IOT_WG_ICM42688/debug/_ext/121554788/m2m_wifi.o (strlen)
c:/program files/microchip/xc32/v4.60/bin/bin/../../lib/gcc/pic32c/8.3.1/../../../../pic32c/lib/thumb/v6-m/nofp\libc-size-musl.a(strchr.o)
                              build/SAMD21_IOT_WG_ICM42688/debug/_ext/907429946/wdrv_winc_sta.o (strchr)
c:/program files/microchip/xc32/v4.60/bin/bin/../../lib/gcc/pic32c/8.3.1/../../../../pic32c/lib/thumb/v6-m/nofp\libc-size-musl.a(strchrnul.o)
                              c:/program files/microchip/xc32/v4.60/bin/bin/../../lib/gcc/pic32c/8.3.1/../../../../pic32c/lib/thumb/v6-m/nofp\libc-size-musl.a(strchr.o) (__strchrnul)
c:/program files/microchip/xc32/v4.60/bin/bin/../../lib/gcc/pic32c/8.3.1/../../../../pic32c/lib/thumb/v6-m/nofp\libc-size-musl.a(strcmp.o)
                              build/SAMD21_IOT_WG_ICM42688/debug/_ext/299863938/ssi_comms.o (strcmp)
c:/program files/microchip/xc32/v4.60/bin/bin/../../lib/gcc/pic32c/8.3.1/../../../../pic32c/lib/thumb/v6-m/nofp\libc-size-musl.a(strnlen.o)
                              build/SAMD21_IOT_WG_ICM42688/debug/_ext/121554788/m2m_ota.o (strnlen)
c:/program files/microchip/xc32/v4.60/bin/bin/../../lib/gcc/pic32c/8.3.1/../../../../pic32c/lib/thumb/v6-m/nofp\libc-size-musl.a(memchr.o)
                              c:/program files/microchip/xc32/v4.60/bin/bin/../../lib/gcc/pic32c/8.3.1/../../../../pic32c/lib/thumb/v6-m/nofp\libc-size-musl.a(strnlen.o) (memchr)
c:/program files/microchip/xc32/v4.60/bin/bin/../../lib/gcc/pic32c/8.3.1/../../../../pic32c/lib/thumb/v6-m/nofp\liblmalloc-musl.a(lite_free.o)
                              build/SAMD21_IOT_WG_ICM42688/debug/_ext/121554788/m2m_wifi.o (free)
c:/program files/microchip/xc32/v4.60/bin/bin/../../lib/gcc/pic32c/8.3.1/../../../../pic32c/lib/thumb/v6-m/nofp\liblmalloc-musl.a(lite_malloc.o)
                              build/SAMD21_IOT_WG_ICM42688/debug/_ext/121554788/m2m_wifi.o (malloc)
c:/program files/microchip/xc32/v4.60/bin/bin/../../lib/gcc/pic32c/8.3.1/../../../../pic32c/lib/thumb/v6-m/nofp\libm-fast-emfloat.a(modff.o)
                              build/SAMD21_IOT_WG_ICM42688/debug/_ext/1318798506/stats_percentile_presorted.o (modff)
c:/program files/microchip/xc32/v4.60/bin/bin/../../lib/gcc/pic32c/8.3.1/../../../../pic32c/lib/thumb/v6-m/nofp\libm-fast-emfloat.a(cos.o)
                              build/SAMD21_IOT_WG_ICM42688/debug/_ext/1318798506/utils_array.o (cos)
c:/program files/microchip/xc32/v4.60/bin/bin/../../lib/gcc/pic32c/8.3.1/../../../../pic32c/lib/thumb/v6-m/nofp\libm-fast-emfloat.a(sqrtf.o)
                              build/SAMD21_IOT_WG_ICM42688/debug/_ext/1318798506/fg_frequency_power_spectrum.o (sqrtf)
c:/program files/microchip/xc32/v4.60/bin/bin/../../lib/gcc/pic32c/8.3.1/../../../../pic32c/lib/thumb/v6-m/nofp\libm-fast-emfloat.a(sqrt.o)
                              build/SAMD21_IOT_WG_ICM42688/debug/_ext/1318798506/std.o (sqrt)
c:/program files/microchip/xc32/v4.60/bin/bin/../../lib/gcc/pic32c/8.3.1/../../../../pic32c/lib/thumb/v6-m/nofp\libm-fast-emfloat.a(log10.o)
                              build/SAMD21_IOT_WG_ICM42688/debug/_ext/1318798506/fg_frequency_spectral_entropy.o (log10)
c:/program files/microchip/xc32/v4.60/bin/bin/../../lib/gcc/pic32c/8.3.1/../../../../pic32c/lib/thumb/v6-m/nofp\libm-fast-emfloat.a(pow.o)
                              build/SAMD21_IOT_WG_ICM42688/debug/_ext/1341251756/Icm426xxSelfTest.o (pow)
c:/program files/microchip/xc32/v4.60/bin/bin/../../lib/gcc/pic32c/8.3.1/../../../../pic32c/lib/thumb/v6-m/nofp\libm-fast-emfloat.a(__SEGGER_RTL_aSqrtData.o)
                              c:/program files/microchip/xc32/v4.60/bin/bin/../../lib/gcc/pic32c/8.3.1/../../../../pic32c/lib/thumb/v6-m/nofp\libm-fast-emfloat.a(sqrtf.o) (__SEGGER_RTL_aSqrtData)
c:/program files/microchip/xc32/v4.60/bin/bin/../../lib/gcc/pic32c/8.3.1/../../../../pic32c/lib/thumb/v6-m/nofp\libm-fast-emfloat.a(__SEGGER_RTL_float64_SinCos.o)
[...]
Memory Configuration

Name             Origin             Length             Attributes
rom              0x0000000000000000 0x0000000000040000 xrl
ram              0x0000000020000000 0x0000000000008000 xw !r
config_00804000  0x0000000000804000 0x0000000000000004
config_00804004  0x0000000000804004 0x0000000000000004
*default*        0x0000000000000000 0xffffffffffffffff

Linker script and memory map

LOAD c:/program files/microchip/xc32/v4.60/bin/bin/../../lib/gcc/pic32c/8.3.1/thumb/v6-m/nofp/crti.o
LOAD c:/program files/microchip/xc32/v4.60/bin/bin/../../lib/gcc/pic32c/8.3.1/thumb/v6-m/nofp/crtbegin.o
LOAD build/SAMD21_IOT_WG_ICM42688/debug/_ext/2048461350/icm42688_sensor.o
LOAD build/SAMD21_IOT_WG_ICM42688/debug/_ext/1660664302/drv_spi.o
LOAD build/SAMD21_IOT_WG_ICM42688/debug/_ext/1164161090/wdrv_winc_gpio.o
LOAD build/SAMD21_IOT_WG_ICM42688/debug/_ext/1164161090/wdrv_winc_eint.o
LOAD build/SAMD21_IOT_WG_ICM42688/debug/_ext/101005277/wdrv_winc_spi.o
LOAD build/SAMD21_IOT_WG_ICM42688/debug/_ext/90265895/nm_common.o
LOAD build/SAMD21_IOT_WG_ICM42688/debug/_ext/121554788/m2m_ssl.o
LOAD build/SAMD21_IOT_WG_ICM42688/debug/_ext/121554788/m2m_hif.o
LOAD build/SAMD21_IOT_WG_ICM42688/debug/_ext/121554788/m2m_wifi.o
LOAD build/SAMD21_IOT_WG_ICM42688/debug/_ext/121554788/nmspi.o
LOAD build/SAMD21_IOT_WG_ICM42688/debug/_ext/121554788/nmdrv.o
LOAD build/SAMD21_IOT_WG_ICM42688/debug/_ext/121554788/m2m_periph.o
LOAD build/SAMD21_IOT_WG_ICM42688/debug/_ext/121554788/m2m_ota.o
LOAD build/SAMD21_IOT_WG_ICM42688/debug/_ext/121554788/nmasic.o
LOAD build/SAMD21_IOT_WG_ICM42688/debug/_ext/121554788/nmbus.o
LOAD build/SAMD21_IOT_WG_ICM42688/debug/_ext/548032175/socket.o
LOAD build/SAMD21_IOT_WG_ICM42688/debug/_ext/548032175/inet_addr.o
LOAD build/SAMD21_IOT_WG_ICM42688/debug/_ext/548032175/inet_ntop.o
LOAD build/SAMD21_IOT_WG_ICM42688/debug/_ext/609036575/flexible_flash.o
LOAD build/SAMD21_IOT_WG_ICM42688/debug/_ext/609036575/spi_flash.o
LOAD build/SAMD21_IOT_WG_ICM42688/debug/_ext/1784303044/wdrv_winc_osal.o
LOAD build/SAMD21_IOT_WG_ICM42688/debug/_ext/907429946/wdrv_winc_softap.o
LOAD build/SAMD21_IOT_WG_ICM42688/debug/_ext/907429946/wdrv_winc_bssfind.o
LOAD build/SAMD21_IOT_WG_ICM42688/debug/_ext/907429946/wdrv_winc_sta.o
LOAD build/SAMD21_IOT_WG_ICM42688/debug/_ext/907429946/wdrv_winc_wps.o
LOAD build/SAMD21_IOT_WG_ICM42688/debug/_ext/907429946/wdrv_winc_assoc.o
LOAD build/SAMD21_IOT_WG_ICM42688/debug/_ext/907429946/wdrv_winc_socket.o
LOAD build/SAMD21_IOT_WG_ICM42688/debug/_ext/907429946/wdrv_winc_systime.o
LOAD build/SAMD21_IOT_WG_ICM42688/debug/_ext/907429946/wdrv_winc_enterprise.o
LOAD build/SAMD21_IOT_WG_ICM42688/debug/_ext/907429946/wdrv_winc_nvm.o
LOAD build/SAMD21_IOT_WG_ICM42688/debug/_ext/907429946/wdrv_winc_httpprovctx.o
LOAD build/SAMD21_IOT_WG_ICM42688/debug/_ext/907429946/wdrv_winc_powersave.o
LOAD build/SAMD21_IOT_WG_ICM42688/debug/_ext/907429946/wdrv_winc_authctx.o
LOAD build/SAMD21_IOT_WG_ICM42688/debug/_ext/907429946/wdrv_winc_ssl.o
LOAD build/SAMD21_IOT_WG_ICM42688/debug/_ext/907429946/wdrv_winc_custie.o
LOAD build/SAMD21_IOT_WG_ICM42688/debug/_ext/907429946/wdrv_winc_host_file.o
LOAD build/SAMD21_IOT_WG_ICM42688/debug/_ext/907429946/wdrv_winc.o
LOAD build/SAMD21_IOT_WG_ICM42688/debug/_ext/907429946/wdrv_winc_bssctx.o
LOAD build/SAMD21_IOT_WG_ICM42688/debug/_ext/1750425231/plib_clock.o
LOAD build/SAMD21_IOT_WG_ICM42688/debug/_ext/1580516298/plib_dmac.o
LOAD build/SAMD21_IOT_WG_ICM42688/debug/_ext/503204096/plib_eic.o
LOAD build/SAMD21_IOT_WG_ICM42688/debug/_ext/1752574717/plib_evsys.o
LOAD build/SAMD21_IOT_WG_ICM42688/debug/_ext/1580823105/plib_nvic.o
LOAD build/SAMD21_IOT_WG_ICM42688/debug/_ext/11470383/plib_nvmctrl.o
LOAD build/SAMD21_IOT_WG_ICM42688/debug/_ext/1580876256/plib_port.o
LOAD build/SAMD21_IOT_WG_ICM42688/debug/_ext/1014017276/plib_sercom0_spi_master.o
LOAD build/SAMD21_IOT_WG_ICM42688/debug/_ext/1014017276/plib_sercom2_spi_master.o
LOAD build/SAMD21_IOT_WG_ICM42688/debug/_ext/177673482/plib_sercom5_usart.o
LOAD build/SAMD21_IOT_WG_ICM42688/debug/_ext/223004715/plib_systick.o
LOAD build/SAMD21_IOT_WG_ICM42688/debug/_ext/399410062/plib_tc3.o
LOAD build/SAMD21_IOT_WG_ICM42688/debug/_ext/399410062/plib_tc4.o
LOAD build/SAMD21_IOT_WG_ICM42688/debug/_ext/1357625803/xc32_monitor.o
LOAD build/SAMD21_IOT_WG_ICM42688/debug/_ext/1584719636/sys_dma.o
LOAD build/SAMD21_IOT_WG_ICM42688/debug/_ext/1318297016/sys_int.o
LOAD build/SAMD21_IOT_WG_ICM42688/debug/_ext/386530258/sys_time.o
LOAD build/SAMD21_IOT_WG_ICM42688/debug/_ext/1832905403/initialization.o
LOAD build/SAMD21_IOT_WG_ICM42688/debug/_ext/1832905403/interrupts.o
LOAD build/SAMD21_IOT_WG_ICM42688/debug/_ext/1832905403/exceptions.o
LOAD build/SAMD21_IOT_WG_ICM42688/debug/_ext/1832905403/startup_xc32.o
LOAD build/SAMD21_IOT_WG_ICM42688/debug/_ext/1832905403/libc_syscalls.o
LOAD build/SAMD21_IOT_WG_ICM42688/debug/_ext/1832905403/tasks.o
LOAD build/SAMD21_IOT_WG_ICM42688/debug/_ext/1341251756/Icm426xxDriver_HL.o
LOAD build/SAMD21_IOT_WG_ICM42688/debug/_ext/1341251756/Icm426xxDriver_HL_apex.o
LOAD build/SAMD21_IOT_WG_ICM42688/debug/_ext/1341251756/Icm426xxSelfTest.o
LOAD build/SAMD21_IOT_WG_ICM42688/debug/_ext/1341251756/Icm426xxTransport.o
LOAD build/SAMD21_IOT_WG_ICM42688/debug/_ext/299863938/ssi_comms.o
LOAD build/SAMD21_IOT_WG_ICM42688/debug/_ext/1360937237/main.o
LOAD build/SAMD21_IOT_WG_ICM42688/debug/_ext/1360937237/ringbuffer.o
LOAD build/SAMD21_IOT_WG_ICM42688/debug/_ext/1360937237/app.o
LOAD build/SAMD21_IOT_WG_ICM42688/debug/_ext/1360937237/winc1500_tcp_client.o
LOAD build/SAMD21_IOT_WG_ICM42688/debug/_ext/1360937237/ws2812.o
LOAD build/SAMD21_IOT_WG_ICM42688/debug/_ext/550870616/sml_recognition_run.o
LOAD build/SAMD21_IOT_WG_ICM42688/debug/_ext/1318798506/array_contains.o
LOAD build/SAMD21_IOT_WG_ICM42688/debug/_ext/1318798506/calc_area.o
LOAD build/SAMD21_IOT_WG_ICM42688/debug/_ext/1318798506/column_to_row_complex.o
LOAD build/SAMD21_IOT_WG_ICM42688/debug/_ext/1318798506/crossing_rate.o
LOAD build/SAMD21_IOT_WG_ICM42688/debug/_ext/1318798506/dsp_dtw_distance.o
LOAD build/SAMD21_IOT_WG_ICM42688/debug/_ext/1318798506/dsp_l1_distance.o
LOAD build/SAMD21_IOT_WG_ICM42688/debug/_ext/1318798506/dsp_lsup_distance.o
LOAD build/SAMD21_IOT_WG_ICM42688/debug/_ext/1318798506/fftr.o
LOAD build/SAMD21_IOT_WG_ICM42688/debug/_ext/1318798506/fftr_utils.o
LOAD build/SAMD21_IOT_WG_ICM42688/debug/_ext/1318798506/fg_amplitude_global_p2p_low_frequency.o
LOAD build/SAMD21_IOT_WG_ICM42688/debug/_ext/1318798506/fg_cross_p2p_difference.o
LOAD build/SAMD21_IOT_WG_ICM42688/debug/_ext/1318798506/fg_cross_peak_location_difference.o
LOAD build/SAMD21_IOT_WG_ICM42688/debug/_ext/1318798506/fg_frequency_mfe.o
LOAD build/SAMD21_IOT_WG_ICM42688/debug/_ext/1318798506/fg_frequency_power_spectrum.o
LOAD build/SAMD21_IOT_WG_ICM42688/debug/_ext/1318798506/fg_frequency_spectral_entropy.o
LOAD build/SAMD21_IOT_WG_ICM42688/debug/_ext/1318798506/fg_stats_variance.o
LOAD build/SAMD21_IOT_WG_ICM42688/debug/_ext/1318798506/fixlog.o
LOAD build/SAMD21_IOT_WG_ICM42688/debug/_ext/1318798506/imfcc.o
LOAD build/SAMD21_IOT_WG_ICM42688/debug/_ext/1318798506/kb.o
LOAD build/SAMD21_IOT_WG_ICM42688/debug/_ext/1318798506/kb_output.o
LOAD build/SAMD21_IOT_WG_ICM42688/debug/_ext/1318798506/kb_pipeline.o
LOAD build/SAMD21_IOT_WG_ICM42688/debug/_ext/1318798506/kb_post_processing.o
LOAD build/SAMD21_IOT_WG_ICM42688/debug/_ext/1318798506/max_min_high_low_freq.o
LOAD build/SAMD21_IOT_WG_ICM42688/debug/_ext/1318798506/ma_symmetric.o
LOAD build/SAMD21_IOT_WG_ICM42688/debug/_ext/1318798506/mean.o
LOAD build/SAMD21_IOT_WG_ICM42688/debug/_ext/1318798506/pme.o
LOAD build/SAMD21_IOT_WG_ICM42688/debug/_ext/1318798506/pme_trained_neurons.o
LOAD build/SAMD21_IOT_WG_ICM42688/debug/_ext/1318798506/ratio_diff_impl.o
LOAD build/SAMD21_IOT_WG_ICM42688/debug/_ext/1318798506/rb.o
LOAD build/SAMD21_IOT_WG_ICM42688/debug/_ext/1318798506/save_sensor_data.o
LOAD build/SAMD21_IOT_WG_ICM42688/debug/_ext/1318798506/sf_downsample_by_averaging.o
LOAD build/SAMD21_IOT_WG_ICM42688/debug/_ext/1318798506/sf_downsample_by_decimation.o
LOAD build/SAMD21_IOT_WG_ICM42688/debug/_ext/1318798506/sg_windowing.o
LOAD build/SAMD21_IOT_WG_ICM42688/debug/_ext/1318798506/sortarray.o
LOAD build/SAMD21_IOT_WG_ICM42688/debug/_ext/1318798506/sorted_copy.o
LOAD build/SAMD21_IOT_WG_ICM42688/debug/_ext/1318798506/stats_percentile_presorted.o
LOAD build/SAMD21_IOT_WG_ICM42688/debug/_ext/1318798506/stat_mean.o
LOAD build/SAMD21_IOT_WG_ICM42688/debug/_ext/1318798506/stat_moment.o
LOAD build/SAMD21_IOT_WG_ICM42688/debug/_ext/1318798506/std.o
LOAD build/SAMD21_IOT_WG_ICM42688/debug/_ext/1318798506/st_absolute_average.o
LOAD build/SAMD21_IOT_WG_ICM42688/debug/_ext/1318798506/st_average.o
LOAD build/SAMD21_IOT_WG_ICM42688/debug/_ext/1318798506/st_high_pass_filter.o
LOAD build/SAMD21_IOT_WG_ICM42688/debug/_ext/1318798506/st_moving_average.o
LOAD build/SAMD21_IOT_WG_ICM42688/debug/_ext/1318798506/sum.o
LOAD build/SAMD21_IOT_WG_ICM42688/debug/_ext/1318798506/tr_min_max_scale.o
LOAD build/SAMD21_IOT_WG_ICM42688/debug/_ext/1318798506/tr_sensor_magnitude.o
LOAD build/SAMD21_IOT_WG_ICM42688/debug/_ext/1318798506/utils_array.o
LOAD build/SAMD21_IOT_WG_ICM42688/debug/_ext/1318798506/utils_array_max_uint8.o
LOAD build/SAMD21_IOT_WG_ICM42688/debug/_ext/1318798506/utils_bitwise_abs_val.o
LOAD build/SAMD21_IOT_WG_ICM42688/debug/_ext/1318798506/utils_buffer_absmean.o
LOAD build/SAMD21_IOT_WG_ICM42688/debug/_ext/1318798506/utils_buffer_abssum.o
LOAD build/SAMD21_IOT_WG_ICM42688/debug/_ext/1318798506/utils_buffer_abs_max.o
LOAD build/SAMD21_IOT_WG_ICM42688/debug/_ext/1318798506/utils_buffer_argmax.o
LOAD build/SAMD21_IOT_WG_ICM42688/debug/_ext/1318798506/utils_buffer_autoscale.o
LOAD build/SAMD21_IOT_WG_ICM42688/debug/_ext/1318798506/utils_buffer_cumsum.o
LOAD build/SAMD21_IOT_WG_ICM42688/debug/_ext/1318798506/utils_buffer_max.o
LOAD build/SAMD21_IOT_WG_ICM42688/debug/_ext/1318798506/utils_buffer_mean.o
LOAD build/SAMD21_IOT_WG_ICM42688/debug/_ext/1318798506/utils_buffer_median.o
LOAD build/SAMD21_IOT_WG_ICM42688/debug/_ext/1318798506/utils_buffer_min.o
LOAD build/SAMD21_IOT_WG_ICM42688/debug/_ext/1318798506/utils_buffer_min_max.o
LOAD build/SAMD21_IOT_WG_ICM42688/debug/_ext/1318798506/utils_buffer_pass_threshold.o
LOAD build/SAMD21_IOT_WG_ICM42688/debug/_ext/1318798506/utils_buffer_std.o
LOAD build/SAMD21_IOT_WG_ICM42688/debug/_ext/1318798506/utils_buffer_variance.o
LOAD build/SAMD21_IOT_WG_ICM42688/debug/_ext/1318798506/utils_model_crossing_rate.o
LOAD build/SAMD21_IOT_WG_ICM42688/debug/_ext/1318798506/utils_model_cross_column.o
LOAD build/SAMD21_IOT_WG_ICM42688/debug/_ext/1318798506/utils_model_cross_difference.o
LOAD build/SAMD21_IOT_WG_ICM42688/debug/_ext/1318798506/utils_model_mean_crossing_rate.o
LOAD build/SAMD21_IOT_WG_ICM42688/debug/_ext/1318798506/utils_model_pct_time_over_sigma.o
LOAD build/SAMD21_IOT_WG_ICM42688/debug/_ext/1318798506/utils_model_pct_time_over_threshold.o
LOAD build/SAMD21_IOT_WG_ICM42688/debug/_ext/1318798506/utils_model_stats_max_min.o
LOAD build/SAMD21_IOT_WG_ICM42688/debug/_ext/1318798506/utils_model_total_area.o
LOAD build/SAMD21_IOT_WG_ICM42688/debug/_ext/1318798506/utils_model_total_energy.o
LOAD build/SAMD21_IOT_WG_ICM42688/debug/_ext/1318798506/utils_tr_sensor.o
                0x0000000000000001                __MPLAB_BUILD = 0x1
                0x0000000000040000                __rom_end = (ORIGIN (rom) + LENGTH (rom))
                0x0000000020008000                __ram_end = (ORIGIN (ram) + LENGTH (ram))

.config_00804000
                0x0000000000804000        0x4
 *(.config_00804000)
 .config_00804000
                0x0000000000804000        0x4 build/SAMD21_IOT_WG_ICM42688/debug/_ext/1832905403/initialization.o
                0x0000000000804000                __config_00804000

.config_00804004
                0x0000000000804004        0x4
 *(.config_00804004)
 .config_00804004
                0x0000000000804004        0x4 build/SAMD21_IOT_WG_ICM42688/debug/_ext/1832905403/initialization.o
                0x0000000000804004                __config_00804004

.vectors        0x0000000000000000       0xb0
                0x0000000000000000                . = ALIGN (0x4)
                0x0000000000000000                _sfixed = .
 *(.vectors .vectors.* .vectors_default .vectors_default.*)
 .vectors       0x0000000000000000       0xb0 build/SAMD21_IOT_WG_ICM42688/debug/_ext/1832905403/interrupts.o
                0x0000000000000000                exception_table
 *(.isr_vector)
 *(.reset*)
 *(.after_vectors)

.text           0x00000000000000b0       0x20
                0x00000000000000b0                . = ALIGN (0x4)
 *(.glue_7t)
 .glue_7t       0x00000000000000b0        0x0 linker stubs
 *(.glue_7)
 .glue_7        0x00000000000000b0        0x0 linker stubs
 *(.gnu.linkonce.r.*)
 *(.ARM.extab* .gnu.linkonce.armextab.*)
                0x00000000000000b0                . = ALIGN (0x4)
 *(.init)
 .init          0x00000000000000b0        0x4 c:/program files/microchip/xc32/v4.60/bin/bin/../../lib/gcc/pic32c/8.3.1/thumb/v6-m/nofp/crti.o
                0x00000000000000b0                _init
 .init          0x00000000000000b4        0x8 c:/program files/microchip/xc32/v4.60/bin/bin/../../lib/gcc/pic32c/8.3.1/thumb/v6-m/nofp/crtn.o
                0x00000000000000bc                . = ALIGN (0x4)
                0x00000000000000bc                __preinit_array_start = .
 *(.preinit_array)
                0x00000000000000bc                __preinit_array_end = .
                0x00000000000000bc                . = ALIGN (0x4)
                0x00000000000000bc                __init_array_start = .
 *(SORT_BY_NAME(.init_array.*))
 *(.init_array)
 .init_array    0x00000000000000bc        0x4 c:/program files/microchip/xc32/v4.60/bin/bin/../../lib/gcc/pic32c/8.3.1/thumb/v6-m/nofp/crtbegin.o
                0x00000000000000c0                __init_array_end = .
                0x00000000000000c0                . = ALIGN (0x4)
 *crtbegin.o(.ctors)
 *(EXCLUDE_FILE(*crtend.o) .ctors)
 *(SORT_BY_NAME(.ctors.*))
 *crtend.o(.ctors)
                0x00000000000000c0                . = ALIGN (0x4)
 *(.fini)
 .fini          0x00000000000000c0        0x4 c:/program files/microchip/xc32/v4.60/bin/bin/../../lib/gcc/pic32c/8.3.1/thumb/v6-m/nofp/crti.o
                0x00000000000000c0                _fini
 .fini          0x00000000000000c4        0x8 c:/program files/microchip/xc32/v4.60/bin/bin/../../lib/gcc/pic32c/8.3.1/thumb/v6-m/nofp/crtn.o
                0x00000000000000cc                . = ALIGN (0x4)
                0x00000000000000cc                __fini_array_start = .
 *(.fini_array)
 .fini_array    0x00000000000000cc        0x4 c:/program files/microchip/xc32/v4.60/bin/bin/../../lib/gcc/pic32c/8.3.1/thumb/v6-m/nofp/crtbegin.o
 *(SORT_BY_NAME(.fini_array.*))
                0x00000000000000d0                __fini_array_end = .
 *crtbegin.o(.dtors)
 *(EXCLUDE_FILE(*crtend.o) .dtors)
 *(SORT_BY_NAME(.dtors.*))
 *crtend.o(.dtors)
                0x00000000000000d0                . = ALIGN (0x4)
                0x00000000000000d0                _efixed = .
                [!provide]                        PROVIDE (__exidx_start = .)

.ARM.exidx      0x00000000000000d0       0x10
 *(.ARM.exidx* .gnu.linkonce.armexidx.*)
 .ARM.exidx     0x00000000000000d8        0x8 c:/program files/microchip/xc32/v4.60/bin/bin/../../lib/gcc/pic32c/8.3.1/thumb/v6-m/nofp\libgcc.a(_udivmoddi4.o)
 .ARM.exidx     0x00000000000000d0        0x8 c:/program files/microchip/xc32/v4.60/bin/bin/../../lib/gcc/pic32c/8.3.1/thumb/v6-m/nofp\libgcc.a(_divdi3.o)
                [!provide]                        PROVIDE (__exidx_end = .)
                0x00000000000000e0                . = ALIGN (0x4)
                0x00000000000000e0                _etext = .

.bss            0x0000000020000000        0x0
                0x0000000020000000                . = ALIGN (0x4)
                0x0000000020000000                __bss_start__ = .
                0x0000000020000000                _sbss = .
                0x0000000020000000                _szero = .
 *(COMMON)
                0x0000000020000000                . = ALIGN (0x4)
                0x0000000020000000                __bss_end__ = .
                0x0000000020000000                _ebss = .
                0x0000000020000000                _ezero = .
                0x0000000020000000                . = ALIGN (0x4)
                0x0000000020000000                _end = .
                0x0000000020007fff                _ram_end_ = ((ORIGIN (ram) + LENGTH (ram)) - 0x1)
                0x0000000000000001                __ICD2RAM = 0x1
                0x0000000000000001                __MPLAB_DEBUG = 0x1
                0x0000000000000001                __DEBUG = 0x1
                0x0000000000000200                _min_heap_size = 0x200
START GROUP
LOAD c:/program files/microchip/xc32/v4.60/bin/bin/../../lib/gcc/pic32c/8.3.1/../../../../pic32c/lib/thumb/v6-m/nofp\libpic32c.a
LOAD c:/program files/microchip/xc32/v4.60/bin/bin/../../lib/gcc/pic32c/8.3.1/../../../../pic32c/lib/thumb/v6-m/nofp\libc-size-musl.a
LOAD c:/program files/microchip/xc32/v4.60/bin/bin/../../lib/gcc/pic32c/8.3.1/../../../../pic32c/lib/thumb/v6-m/nofp\liblmalloc-musl.a
LOAD c:/program files/microchip/xc32/v4.60/bin/bin/../../lib/gcc/pic32c/8.3.1/../../../../pic32c/lib/thumb/v6-m/nofp\libm-fast-emfloat.a
LOAD c:/program files/microchip/xc32/v4.60/bin/bin/../../lib/gcc/pic32c/8.3.1/../../../../pic32c/lib/thumb/v6-m/nofp\libm-musl.a
LOAD c:/program files/microchip/xc32/v4.60/bin/bin/../../lib/gcc/pic32c/8.3.1/../../../../pic32c/lib/thumb/v6-m/nofp\libg-musl.a
LOAD c:/program files/microchip/xc32/v4.60/bin/bin/../../lib/gcc/pic32c/8.3.1/../../../../pic32c/lib/thumb/v6-m/nofp\libc-musl.a
LOAD c:/program files/microchip/xc32/v4.60/bin/bin/../../lib/gcc/pic32c/8.3.1/../../../../pic32c/lib/thumb/v6-m/nofp\libm-fast-emfloat.a
LOAD c:/program files/microchip/xc32/v4.60/bin/bin/../../lib/gcc/pic32c/8.3.1/../../../../pic32c/lib/thumb/v6-m/nofp\libm-musl.a
LOAD c:/program files/microchip/xc32/v4.60/bin/bin/../../lib/gcc/pic32c/8.3.1/thumb/v6-m/nofp\libgcc.a
END GROUP
LOAD c:/program files/microchip/xc32/v4.60/bin/bin/../../lib/gcc/pic32c/8.3.1/thumb/v6-m/nofp/crtend.o
LOAD c:/program files/microchip/xc32/v4.60/bin/bin/../../lib/gcc/pic32c/8.3.1/thumb/v6-m/nofp/crtn.o
OUTPUT(dist/SAMD21_IOT_WG_ICM42688/debug/samd21_iot_wand.X.debug.elf elf32-littlearm)
LOAD data_init
LOAD stack

.ARM.attributes
                0x0000000000000000       0x2a
 .ARM.attributes
                0x0000000000000000       0x1e c:/program files/microchip/xc32/v4.60/bin/bin/../../lib/gcc/pic32c/8.3.1/thumb/v6-m/nofp/crti.o
 .ARM.attributes
                0x000000000000001e       0x2c c:/program files/microchip/xc32/v4.60/bin/bin/../../lib/gcc/pic32c/8.3.1/thumb/v6-m/nofp/crtbegin.o
 .ARM.attributes
                0x000000000000004a       0x2c build/SAMD21_IOT_WG_ICM42688/debug/_ext/2048461350/icm42688_sensor.o
 .ARM.attributes
                0x0000000000000076       0x2c build/SAMD21_IOT_WG_ICM42688/debug/_ext/1660664302/drv_spi.o
 .ARM.attributes
                0x00000000000000a2       0x2c build/SAMD21_IOT_WG_ICM42688/debug/_ext/1164161090/wdrv_winc_gpio.o
 .ARM.attributes
                0x00000000000000ce       0x2c build/SAMD21_IOT_WG_ICM42688/debug/_ext/1164161090/wdrv_winc_eint.o
 .ARM.attributes
                0x00000000000000fa       0x2c build/SAMD21_IOT_WG_ICM42688/debug/_ext/101005277/wdrv_winc_spi.o
 .ARM.attributes
                0x0000000000000126       0x2c build/SAMD21_IOT_WG_ICM42688/debug/_ext/90265895/nm_common.o
 .ARM.attributes
                0x0000000000000152       0x2c build/SAMD21_IOT_WG_ICM42688/debug/_ext/121554788/m2m_ssl.o
 .ARM.attributes
                0x000000000000017e       0x2c build/SAMD21_IOT_WG_ICM42688/debug/_ext/121554788/m2m_hif.o
 .ARM.attributes
                0x00000000000001aa       0x2c build/SAMD21_IOT_WG_ICM42688/debug/_ext/121554788/m2m_wifi.o
 .ARM.attributes
                0x00000000000001d6       0x2c build/SAMD21_IOT_WG_ICM42688/debug/_ext/121554788/nmspi.o
 .ARM.attributes
                0x0000000000000202       0x2c build/SAMD21_IOT_WG_ICM42688/debug/_ext/121554788/nmdrv.o
 .ARM.attributes
                0x000000000000022e       0x2c build/SAMD21_IOT_WG_ICM42688/debug/_ext/121554788/m2m_ota.o
 .ARM.attributes
                0x000000000000025a       0x2c build/SAMD21_IOT_WG_ICM42688/debug/_ext/121554788/nmasic.o
 .ARM.attributes
                0x0000000000000286       0x2c build/SAMD21_IOT_WG_ICM42688/debug/_ext/121554788/nmbus.o
 .ARM.attributes
                0x00000000000002b2       0x2c build/SAMD21_IOT_WG_ICM42688/debug/_ext/548032175/socket.o
 .ARM.attributes
                0x00000000000002de       0x2c build/SAMD21_IOT_WG_ICM42688/debug/_ext/609036575/flexible_flash.o
 .ARM.attributes
                0x000000000000030a       0x2c build/SAMD21_IOT_WG_ICM42688/debug/_ext/609036575/spi_flash.o
 .ARM.attributes
                0x0000000000000336       0x2c build/SAMD21_IOT_WG_ICM42688/debug/_ext/1784303044/wdrv_winc_osal.o
 .ARM.attributes
                0x0000000000000362       0x2c build/SAMD21_IOT_WG_ICM42688/debug/_ext/907429946/wdrv_winc_systime.o
 .ARM.attributes
                0x000000000000038e       0x2c build/SAMD21_IOT_WG_ICM42688/debug/_ext/907429946/wdrv_winc_authctx.o
 .ARM.attributes
                0x00000000000003ba       0x2c build/SAMD21_IOT_WG_ICM42688/debug/_ext/907429946/wdrv_winc_host_file.o
 .ARM.attributes
                0x00000000000003e6       0x2c build/SAMD21_IOT_WG_ICM42688/debug/_ext/907429946/wdrv_winc.o
 .ARM.attributes
                0x0000000000000412       0x2c build/SAMD21_IOT_WG_ICM42688/debug/_ext/907429946/wdrv_winc_bssctx.o
 .ARM.attributes
                0x000000000000043e       0x2c build/SAMD21_IOT_WG_ICM42688/debug/_ext/1750425231/plib_clock.o
 .ARM.attributes
                0x000000000000046a       0x2c build/SAMD21_IOT_WG_ICM42688/debug/_ext/1580516298/plib_dmac.o
 .ARM.attributes
                0x0000000000000496       0x2c build/SAMD21_IOT_WG_ICM42688/debug/_ext/503204096/plib_eic.o
 .ARM.attributes
                0x00000000000004c2       0x2c build/SAMD21_IOT_WG_ICM42688/debug/_ext/1580823105/plib_nvic.o
 .ARM.attributes
                0x00000000000004ee       0x2c build/SAMD21_IOT_WG_ICM42688/debug/_ext/11470383/plib_nvmctrl.o
 .ARM.attributes
                0x000000000000051a       0x2c build/SAMD21_IOT_WG_ICM42688/debug/_ext/1580876256/plib_port.o
 .ARM.attributes
                0x0000000000000546       0x2c build/SAMD21_IOT_WG_ICM42688/debug/_ext/1014017276/plib_sercom0_spi_master.o
 .ARM.attributes
                0x0000000000000572       0x2c build/SAMD21_IOT_WG_ICM42688/debug/_ext/1014017276/plib_sercom2_spi_master.o
 .ARM.attributes
                0x000000000000059e       0x2c build/SAMD21_IOT_WG_ICM42688/debug/_ext/177673482/plib_sercom5_usart.o
 .ARM.attributes
                0x00000000000005ca       0x2c build/SAMD21_IOT_WG_ICM42688/debug/_ext/223004715/plib_systick.o
 .ARM.attributes
                0x00000000000005f6       0x2c build/SAMD21_IOT_WG_ICM42688/debug/_ext/399410062/plib_tc3.o
 .ARM.attributes
                0x0000000000000622       0x2c build/SAMD21_IOT_WG_ICM42688/debug/_ext/399410062/plib_tc4.o
 .ARM.attributes
                0x000000000000064e       0x2c build/SAMD21_IOT_WG_ICM42688/debug/_ext/1357625803/xc32_monitor.o
 .ARM.attributes
                0x000000000000067a       0x2c build/SAMD21_IOT_WG_ICM42688/debug/_ext/1584719636/sys_dma.o
 .ARM.attributes
                0x00000000000006a6       0x2c build/SAMD21_IOT_WG_ICM42688/debug/_ext/1318297016/sys_int.o
 .ARM.attributes
                0x00000000000006d2       0x2c build/SAMD21_IOT_WG_ICM42688/debug/_ext/386530258/sys_time.o
 .ARM.attributes
                0x00000000000006fe       0x2c build/SAMD21_IOT_WG_ICM42688/debug/_ext/1832905403/initialization.o
 .ARM.attributes
                0x000000000000072a       0x2c build/SAMD21_IOT_WG_ICM42688/debug/_ext/1832905403/interrupts.o
 .ARM.attributes
                0x0000000000000756       0x2c build/SAMD21_IOT_WG_ICM42688/debug/_ext/1832905403/exceptions.o
 .ARM.attributes
                0x0000000000000782       0x2c build/SAMD21_IOT_WG_ICM42688/debug/_ext/1832905403/startup_xc32.o
 .ARM.attributes
                0x00000000000007ae       0x2c build/SAMD21_IOT_WG_ICM42688/debug/_ext/1832905403/tasks.o
 .ARM.attributes
                0x00000000000007da       0x2c build/SAMD21_IOT_WG_ICM42688/debug/_ext/1341251756/Icm426xxDriver_HL.o
 .ARM.attributes
                0x0000000000000806       0x2c build/SAMD21_IOT_WG_ICM42688/debug/_ext/1341251756/Icm426xxTransport.o
 .ARM.attributes
                0x0000000000000832       0x2c build/SAMD21_IOT_WG_ICM42688/debug/_ext/1360937237/main.o
 .ARM.attributes
                0x000000000000085e       0x2c build/SAMD21_IOT_WG_ICM42688/debug/_ext/1360937237/ringbuffer.o
 .ARM.attributes
                0x000000000000088a       0x2c build/SAMD21_IOT_WG_ICM42688/debug/_ext/1360937237/app.o
 .ARM.attributes
                0x00000000000008b6       0x2c build/SAMD21_IOT_WG_ICM42688/debug/_ext/1360937237/ws2812.o
 .ARM.attributes
                0x00000000000008e2       0x2c build/SAMD21_IOT_WG_ICM42688/debug/_ext/550870616/sml_recognition_run.o
 .ARM.attributes
                0x000000000000090e       0x2c build/SAMD21_IOT_WG_ICM42688/debug/_ext/1318798506/dsp_dtw_distance.o
 .ARM.attributes
                0x000000000000093a       0x2c build/SAMD21_IOT_WG_ICM42688/debug/_ext/1318798506/dsp_l1_distance.o
 .ARM.attributes
                0x0000000000000966       0x2c build/SAMD21_IOT_WG_ICM42688/debug/_ext/1318798506/dsp_lsup_distance.o
 .ARM.attributes
                0x0000000000000992       0x2c build/SAMD21_IOT_WG_ICM42688/debug/_ext/1318798506/fftr.o
 .ARM.attributes
                0x00000000000009be       0x2c build/SAMD21_IOT_WG_ICM42688/debug/_ext/1318798506/fftr_utils.o
 .ARM.attributes
                0x00000000000009ea       0x2c build/SAMD21_IOT_WG_ICM42688/debug/_ext/1318798506/fg_amplitude_global_p2p_low_frequency.o
 .ARM.attributes
                0x0000000000000a16       0x2c build/SAMD21_IOT_WG_ICM42688/debug/_ext/1318798506/fg_cross_p2p_difference.o
 .ARM.attributes
                0x0000000000000a42       0x2c build/SAMD21_IOT_WG_ICM42688/debug/_ext/1318798506/fg_cross_peak_location_difference.o
 .ARM.attributes
                0x0000000000000a6e       0x2c build/SAMD21_IOT_WG_ICM42688/debug/_ext/1318798506/fg_frequency_mfe.o
 .ARM.attributes
                0x0000000000000a9a       0x2c build/SAMD21_IOT_WG_ICM42688/debug/_ext/1318798506/fg_frequency_power_spectrum.o
 .ARM.attributes
                0x0000000000000ac6       0x2c build/SAMD21_IOT_WG_ICM42688/debug/_ext/1318798506/fg_frequency_spectral_entropy.o
 .ARM.attributes
                0x0000000000000af2       0x2c build/SAMD21_IOT_WG_ICM42688/debug/_ext/1318798506/fg_stats_variance.o
 .ARM.attributes
                0x0000000000000b1e       0x2c build/SAMD21_IOT_WG_ICM42688/debug/_ext/1318798506/fixlog.o
 .ARM.attributes
                0x0000000000000b4a       0x2c build/SAMD21_IOT_WG_ICM42688/debug/_ext/1318798506/imfcc.o
 .ARM.attributes
                0x0000000000000b76       0x2c build/SAMD21_IOT_WG_ICM42688/debug/_ext/1318798506/kb.o
 .ARM.attributes
                0x0000000000000ba2       0x2c build/SAMD21_IOT_WG_ICM42688/debug/_ext/1318798506/kb_output.o
 .ARM.attributes
                0x0000000000000bce       0x2c build/SAMD21_IOT_WG_ICM42688/debug/_ext/1318798506/kb_pipeline.o
 .ARM.attributes
                0x0000000000000bfa       0x2c build/SAMD21_IOT_WG_ICM42688/debug/_ext/1318798506/ma_symmetric.o
 .ARM.attributes
                0x0000000000000c26       0x2c build/SAMD21_IOT_WG_ICM42688/debug/_ext/1318798506/mean.o
 .ARM.attributes
                0x0000000000000c52       0x2c build/SAMD21_IOT_WG_ICM42688/debug/_ext/1318798506/pme.o
 .ARM.attributes
                0x0000000000000c7e       0x32 build/SAMD21_IOT_WG_ICM42688/debug/_ext/1318798506/pme_trained_neurons.o
 .ARM.attributes
                0x0000000000000cb0       0x2c build/SAMD21_IOT_WG_ICM42688/debug/_ext/1318798506/rb.o
 .ARM.attributes
                0x0000000000000cdc       0x2c build/SAMD21_IOT_WG_ICM42688/debug/_ext/1318798506/save_sensor_data.o
 .ARM.attributes
                0x0000000000000d08       0x2c build/SAMD21_IOT_WG_ICM42688/debug/_ext/1318798506/sf_downsample_by_averaging.o
 .ARM.attributes
                0x0000000000000d34       0x2c build/SAMD21_IOT_WG_ICM42688/debug/_ext/1318798506/sg_windowing.o
 .ARM.attributes
                0x0000000000000d60       0x2c build/SAMD21_IOT_WG_ICM42688/debug/_ext/1318798506/sortarray.o
 .ARM.attributes
                0x0000000000000d8c       0x2c build/SAMD21_IOT_WG_ICM42688/debug/_ext/1318798506/sorted_copy.o
 .ARM.attributes
                0x0000000000000db8       0x2c build/SAMD21_IOT_WG_ICM42688/debug/_ext/1318798506/tr_min_max_scale.o
 .ARM.attributes
                0x0000000000000de4       0x2c build/SAMD21_IOT_WG_ICM42688/debug/_ext/1318798506/tr_sensor_magnitude.o
 .ARM.attributes
                0x0000000000000e10       0x2c build/SAMD21_IOT_WG_ICM42688/debug/_ext/1318798506/utils_array.o
 .ARM.attributes
                0x0000000000000e3c       0x2c build/SAMD21_IOT_WG_ICM42688/debug/_ext/1318798506/utils_array_max_uint8.o
 .ARM.attributes
                0x0000000000000e68       0x2c build/SAMD21_IOT_WG_ICM42688/debug/_ext/1318798506/utils_bitwise_abs_val.o
 .ARM.attributes
                0x0000000000000e94       0x2c build/SAMD21_IOT_WG_ICM42688/debug/_ext/1318798506/utils_buffer_argmax.o
 .ARM.attributes
                0x0000000000000ec0       0x2c build/SAMD21_IOT_WG_ICM42688/debug/_ext/1318798506/utils_model_cross_difference.o
 .ARM.attributes
                0x0000000000000eec       0x2c build/SAMD21_IOT_WG_ICM42688/debug/_ext/1318798506/utils_tr_sensor.o
 .ARM.attributes
                0x0000000000000f18       0x2c c:/program files/microchip/xc32/v4.60/bin/bin/../../lib/gcc/pic32c/8.3.1/../../../../pic32c/lib/thumb/v6-m/nofp\libpic32c.a(data_init.o)
 .ARM.attributes
                0x0000000000000f44       0x2e c:/program files/microchip/xc32/v4.60/bin/bin/../../lib/gcc/pic32c/8.3.1/../../../../pic32c/lib/thumb/v6-m/nofp\libc-size-musl.a(memcpy.o)
 .ARM.attributes
                0x0000000000000f72       0x2e c:/program files/microchip/xc32/v4.60/bin/bin/../../lib/gcc/pic32c/8.3.1/../../../../pic32c/lib/thumb/v6-m/nofp\libc-size-musl.a(memset.o)
 .ARM.attributes
                0x0000000000000fa0       0x2e c:/program files/microchip/xc32/v4.60/bin/bin/../../lib/gcc/pic32c/8.3.1/../../../../pic32c/lib/thumb/v6-m/nofp\libc-size-musl.a(strlen.o)
 .ARM.attributes
                0x0000000000000fce       0x2e c:/program files/microchip/xc32/v4.60/bin/bin/../../lib/gcc/pic32c/8.3.1/../../../../pic32c/lib/thumb/v6-m/nofp\libc-size-musl.a(strchr.o)
 .ARM.attributes
                0x0000000000000ffc       0x2e c:/program files/microchip/xc32/v4.60/bin/bin/../../lib/gcc/pic32c/8.3.1/../../../../pic32c/lib/thumb/v6-m/nofp\libc-size-musl.a(strchrnul.o)
 .ARM.attributes
                0x000000000000102a       0x2e c:/program files/microchip/xc32/v4.60/bin/bin/../../lib/gcc/pic32c/8.3.1/../../../../pic32c/lib/thumb/v6-m/nofp\libc-size-musl.a(strnlen.o)
 .ARM.attributes
                0x0000000000001058       0x2e c:/program files/microchip/xc32/v4.60/bin/bin/../../lib/gcc/pic32c/8.3.1/../../../../pic32c/lib/thumb/v6-m/nofp\libc-size-musl.a(memchr.o)
 .ARM.attributes
                0x0000000000001086       0x2e c:/program files/microchip/xc32/v4.60/bin/bin/../../lib/gcc/pic32c/8.3.1/../../../../pic32c/lib/thumb/v6-m/nofp\liblmalloc-musl.a(lite_free.o)
 .ARM.attributes
                0x00000000000010b4       0x2e c:/program files/microchip/xc32/v4.60/bin/bin/../../lib/gcc/pic32c/8.3.1/../../../../pic32c/lib/thumb/v6-m/nofp\liblmalloc-musl.a(lite_malloc.o)
 .ARM.attributes
                0x00000000000010e2       0x2c c:/program files/microchip/xc32/v4.60/bin/bin/../../lib/gcc/pic32c/8.3.1/../../../../pic32c/lib/thumb/v6-m/nofp\libm-fast-emfloat.a(cos.o)
 .ARM.attributes
                0x000000000000110e       0x2c c:/program files/microchip/xc32/v4.60/bin/bin/../../lib/gcc/pic32c/8.3.1/../../../../pic32c/lib/thumb/v6-m/nofp\libm-fast-emfloat.a(sqrtf.o)
 .ARM.attributes
                0x000000000000113a       0x2c c:/program files/microchip/xc32/v4.60/bin/bin/../../lib/gcc/pic32c/8.3.1/../../../../pic32c/lib/thumb/v6-m/nofp\libm-fast-emfloat.a(sqrt.o)
 .ARM.attributes
                0x0000000000001166       0x2c c:/program files/microchip/xc32/v4.60/bin/bin/../../lib/gcc/pic32c/8.3.1/../../../../pic32c/lib/thumb/v6-m/nofp\libm-fast-emfloat.a(log10.o)
 .ARM.attributes
                0x0000000000001192       0x2c c:/program files/microchip/xc32/v4.60/bin/bin/../../lib/gcc/pic32c/8.3.1/../../../../pic32c/lib/thumb/v6-m/nofp\libm-fast-emfloat.a(__SEGGER_RTL_aSqrtData.o)
 .ARM.attributes
                0x00000000000011be       0x2c c:/program files/microchip/xc32/v4.60/bin/bin/../../lib/gcc/pic32c/8.3.1/../../../../pic32c/lib/thumb/v6-m/nofp\libm-fast-emfloat.a(__SEGGER_RTL_float64_SinCos.o)
 .ARM.attributes
                0x00000000000011ea       0x2c c:/program files/microchip/xc32/v4.60/bin/bin/../../lib/gcc/pic32c/8.3.1/../../../../pic32c/lib/thumb/v6-m/nofp\libm-fast-emfloat.a(__SEGGER_RTL_kahan_aT2.o)
 .ARM.attributes
                0x0000000000001216       0x1c c:/program files/microchip/xc32/v4.60/bin/bin/../../lib/gcc/pic32c/8.3.1/../../../../pic32c/lib/thumb/v6-m/nofp\libm-fast-emfloat.a(__aeabi_fadd.o)
 .ARM.attributes
                0x0000000000001232       0x1c c:/program files/microchip/xc32/v4.60/bin/bin/../../lib/gcc/pic32c/8.3.1/../../../../pic32c/lib/thumb/v6-m/nofp\libm-fast-emfloat.a(__aeabi_dadd.o)
 .ARM.attributes
                0x000000000000124e       0x1c c:/program files/microchip/xc32/v4.60/bin/bin/../../lib/gcc/pic32c/8.3.1/../../../../pic32c/lib/thumb/v6-m/nofp\libm-fast-emfloat.a(__aeabi_fsub.o)
 .ARM.attributes
                0x000000000000126a       0x1c c:/program files/microchip/xc32/v4.60/bin/bin/../../lib/gcc/pic32c/8.3.1/../../../../pic32c/lib/thumb/v6-m/nofp\libm-fast-emfloat.a(__aeabi_dsub.o)
 .ARM.attributes
                0x0000000000001286       0x1c c:/program files/microchip/xc32/v4.60/bin/bin/../../lib/gcc/pic32c/8.3.1/../../../../pic32c/lib/thumb/v6-m/nofp\libm-fast-emfloat.a(__aeabi_fmul.o)
 .ARM.attributes
                0x00000000000012a2       0x1c c:/program files/microchip/xc32/v4.60/bin/bin/../../lib/gcc/pic32c/8.3.1/../../../../pic32c/lib/thumb/v6-m/nofp\libm-fast-emfloat.a(__aeabi_dmul_aux.o)
 .ARM.attributes
                0x00000000000012be       0x1c c:/program files/microchip/xc32/v4.60/bin/bin/../../lib/gcc/pic32c/8.3.1/../../../../pic32c/lib/thumb/v6-m/nofp\libm-fast-emfloat.a(__aeabi_fdiv.o)
 .ARM.attributes
                0x00000000000012da       0x1c c:/program files/microchip/xc32/v4.60/bin/bin/../../lib/gcc/pic32c/8.3.1/../../../../pic32c/lib/thumb/v6-m/nofp\libm-fast-emfloat.a(__aeabi_ddiv.o)
 .ARM.attributes
                0x00000000000012f6       0x1c c:/program files/microchip/xc32/v4.60/bin/bin/../../lib/gcc/pic32c/8.3.1/../../../../pic32c/lib/thumb/v6-m/nofp\libm-fast-emfloat.a(__aeabi_fcmpeq.o)
 .ARM.attributes
                0x0000000000001312       0x1c c:/program files/microchip/xc32/v4.60/bin/bin/../../lib/gcc/pic32c/8.3.1/../../../../pic32c/lib/thumb/v6-m/nofp\libm-fast-emfloat.a(__aeabi_dcmpeq.o)
 .ARM.attributes
                0x000000000000132e       0x1c c:/program files/microchip/xc32/v4.60/bin/bin/../../lib/gcc/pic32c/8.3.1/../../../../pic32c/lib/thumb/v6-m/nofp\libm-fast-emfloat.a(__aeabi_fcmpge.o)
 .ARM.attributes
                0x000000000000134a       0x1c c:/program files/microchip/xc32/v4.60/bin/bin/../../lib/gcc/pic32c/8.3.1/../../../../pic32c/lib/thumb/v6-m/nofp\libm-fast-emfloat.a(__aeabi_fcmpgt.o)
 .ARM.attributes
                0x0000000000001366       0x1c c:/program files/microchip/xc32/v4.60/bin/bin/../../lib/gcc/pic32c/8.3.1/../../../../pic32c/lib/thumb/v6-m/nofp\libm-fast-emfloat.a(__aeabi_dcmpgt.o)
 .ARM.attributes
                0x0000000000001382       0x1c c:/program files/microchip/xc32/v4.60/bin/bin/../../lib/gcc/pic32c/8.3.1/../../../../pic32c/lib/thumb/v6-m/nofp\libm-fast-emfloat.a(__aeabi_fcmplt.o)
 .ARM.attributes
                0x000000000000139e       0x1c c:/program files/microchip/xc32/v4.60/bin/bin/../../lib/gcc/pic32c/8.3.1/../../../../pic32c/lib/thumb/v6-m/nofp\libm-fast-emfloat.a(__aeabi_dcmplt.o)
 .ARM.attributes
                0x00000000000013ba       0x1c c:/program files/microchip/xc32/v4.60/bin/bin/../../lib/gcc/pic32c/8.3.1/../../../../pic32c/lib/thumb/v6-m/nofp\libm-fast-emfloat.a(__aeabi_f2iz.o)
 .ARM.attributes
                0x00000000000013d6       0x1c c:/program files/microchip/xc32/v4.60/bin/bin/../../lib/gcc/pic32c/8.3.1/../../../../pic32c/lib/thumb/v6-m/nofp\libm-fast-emfloat.a(__aeabi_d2iz.o)
 .ARM.attributes
                0x00000000000013f2       0x1c c:/program files/microchip/xc32/v4.60/bin/bin/../../lib/gcc/pic32c/8.3.1/../../../../pic32c/lib/thumb/v6-m/nofp\libm-fast-emfloat.a(__aeabi_f2uiz.o)
 .ARM.attributes
                0x000000000000140e       0x1c c:/program files/microchip/xc32/v4.60/bin/bin/../../lib/gcc/pic32c/8.3.1/../../../../pic32c/lib/thumb/v6-m/nofp\libm-fast-emfloat.a(__aeabi_d2uiz.o)
 .ARM.attributes
                0x000000000000142a       0x1c c:/program files/microchip/xc32/v4.60/bin/bin/../../lib/gcc/pic32c/8.3.1/../../../../pic32c/lib/thumb/v6-m/nofp\libm-fast-emfloat.a(__aeabi_i2f.o)
 .ARM.attributes
                0x0000000000001446       0x1c c:/program files/microchip/xc32/v4.60/bin/bin/../../lib/gcc/pic32c/8.3.1/../../../../pic32c/lib/thumb/v6-m/nofp\libm-fast-emfloat.a(__aeabi_i2d.o)
 .ARM.attributes
                0x0000000000001462       0x1c c:/program files/microchip/xc32/v4.60/bin/bin/../../lib/gcc/pic32c/8.3.1/../../../../pic32c/lib/thumb/v6-m/nofp\libm-fast-emfloat.a(__aeabi_l2f.o)
 .ARM.attributes
                0x000000000000147e       0x1c c:/program files/microchip/xc32/v4.60/bin/bin/../../lib/gcc/pic32c/8.3.1/../../../../pic32c/lib/thumb/v6-m/nofp\libm-fast-emfloat.a(__aeabi_ui2f.o)
 .ARM.attributes
                0x000000000000149a       0x1c c:/program files/microchip/xc32/v4.60/bin/bin/../../lib/gcc/pic32c/8.3.1/../../../../pic32c/lib/thumb/v6-m/nofp\libm-fast-emfloat.a(__aeabi_ui2d.o)
 .ARM.attributes
                0x00000000000014b6       0x1c c:/program files/microchip/xc32/v4.60/bin/bin/../../lib/gcc/pic32c/8.3.1/../../../../pic32c/lib/thumb/v6-m/nofp\libm-fast-emfloat.a(__aeabi_ul2f.o)
 .ARM.attributes
                0x00000000000014d2       0x1c c:/program files/microchip/xc32/v4.60/bin/bin/../../lib/gcc/pic32c/8.3.1/../../../../pic32c/lib/thumb/v6-m/nofp\libm-fast-emfloat.a(__aeabi_f2d.o)
 .ARM.attributes
                0x00000000000014ee       0x1c c:/program files/microchip/xc32/v4.60/bin/bin/../../lib/gcc/pic32c/8.3.1/../../../../pic32c/lib/thumb/v6-m/nofp\libm-fast-emfloat.a(__aeabi_d2f.o)
 .ARM.attributes
                0x000000000000150a       0x2c c:/program files/microchip/xc32/v4.60/bin/bin/../../lib/gcc/pic32c/8.3.1/../../../../pic32c/lib/thumb/v6-m/nofp\libm-fast-emfloat.a(__SEGGER_RTL_float64_PolyEvalP.o)
 .ARM.attributes
                0x0000000000001536       0x2c c:/program files/microchip/xc32/v4.60/bin/bin/../../lib/gcc/pic32c/8.3.1/../../../../pic32c/lib/thumb/v6-m/nofp\libm-fast-emfloat.a(ldexpf.o)
 .ARM.attributes
                0x0000000000001562       0x2c c:/program files/microchip/xc32/v4.60/bin/bin/../../lib/gcc/pic32c/8.3.1/../../../../pic32c/lib/thumb/v6-m/nofp\libm-fast-emfloat.a(ldexp.o)
 .ARM.attributes
                0x000000000000158e       0x2c c:/program files/microchip/xc32/v4.60/bin/bin/../../lib/gcc/pic32c/8.3.1/../../../../pic32c/lib/thumb/v6-m/nofp\libm-fast-emfloat.a(frexpf.o)
 .ARM.attributes
                0x00000000000015ba       0x2c c:/program files/microchip/xc32/v4.60/bin/bin/../../lib/gcc/pic32c/8.3.1/../../../../pic32c/lib/thumb/v6-m/nofp\libm-fast-emfloat.a(log.o)
 .ARM.attributes
                0x00000000000015e6       0x2c c:/program files/microchip/xc32/v4.60/bin/bin/../../lib/gcc/pic32c/8.3.1/../../../../pic32c/lib/thumb/v6-m/nofp\libm-fast-emfloat.a(__SEGGER_RTL_float64_Log.o)
 .ARM.attributes
                0x0000000000001612       0x2c c:/program files/microchip/xc32/v4.60/bin/bin/../../lib/gcc/pic32c/8.3.1/../../../../pic32c/lib/thumb/v6-m/nofp\libm-fast-emfloat.a(__SEGGER_RTL_float64_PolyEvalQ.o)
 .ARM.attributes
                0x000000000000163e       0x2c c:/program files/microchip/xc32/v4.60/bin/bin/../../lib/gcc/pic32c/8.3.1/../../../../pic32c/lib/thumb/v6-m/nofp\libm-fast-emfloat.a(frexp.o)
 .ARM.attributes
                0x000000000000166a       0x2e c:/program files/microchip/xc32/v4.60/bin/bin/../../lib/gcc/pic32c/8.3.1/../../../../pic32c/lib/thumb/v6-m/nofp\libg-musl.a(__libc_start_main.o)
 .ARM.attributes
                0x0000000000001698       0x2e c:/program files/microchip/xc32/v4.60/bin/bin/../../lib/gcc/pic32c/8.3.1/../../../../pic32c/lib/thumb/v6-m/nofp\libg-musl.a(__errno_location.o)
 .ARM.attributes
                0x00000000000016c6       0x2e c:/program files/microchip/xc32/v4.60/bin/bin/../../lib/gcc/pic32c/8.3.1/../../../../pic32c/lib/thumb/v6-m/nofp\libg-musl.a(libc.o)
 .ARM.attributes
                0x00000000000016f4       0x2e c:/program files/microchip/xc32/v4.60/bin/bin/../../lib/gcc/pic32c/8.3.1/../../../../pic32c/lib/thumb/v6-m/nofp\libg-musl.a(expand_heap.o)
 .ARM.attributes
                0x0000000000001722       0x2e c:/program files/microchip/xc32/v4.60/bin/bin/../../lib/gcc/pic32c/8.3.1/../../../../pic32c/lib/thumb/v6-m/nofp\libg-musl.a(__sio_printf_cdeEfFgGnpsuxX.o)
 .ARM.attributes
                0x0000000000001750       0x2e c:/program files/microchip/xc32/v4.60/bin/bin/../../lib/gcc/pic32c/8.3.1/../../../../pic32c/lib/thumb/v6-m/nofp\libg-musl.a(__sio_sprintf_cdeEfFgGnpsuxX.o)
 .ARM.attributes
                0x000000000000177e       0x2e c:/program files/microchip/xc32/v4.60/bin/bin/../../lib/gcc/pic32c/8.3.1/../../../../pic32c/lib/thumb/v6-m/nofp\libg-musl.a(__fmt_d.o)
 .ARM.attributes
                0x00000000000017ac       0x2e c:/program files/microchip/xc32/v4.60/bin/bin/../../lib/gcc/pic32c/8.3.1/../../../../pic32c/lib/thumb/v6-m/nofp\libg-musl.a(__fmt_fp.o)
 .ARM.attributes
                0x00000000000017da       0x2e c:/program files/microchip/xc32/v4.60/bin/bin/../../lib/gcc/pic32c/8.3.1/../../../../pic32c/lib/thumb/v6-m/nofp\libg-musl.a(__fmt_s.o)
 .ARM.attributes
                0x0000000000001808       0x2e c:/program files/microchip/xc32/v4.60/bin/bin/../../lib/gcc/pic32c/8.3.1/../../../../pic32c/lib/thumb/v6-m/nofp\libg-musl.a(__fmt_u.o)
 .ARM.attributes
                0x0000000000001836       0x2e c:/program files/microchip/xc32/v4.60/bin/bin/../../lib/gcc/pic32c/8.3.1/../../../../pic32c/lib/thumb/v6-m/nofp\libg-musl.a(__fmt_x.o)
 .ARM.attributes
                0x0000000000001864       0x2e c:/program files/microchip/xc32/v4.60/bin/bin/../../lib/gcc/pic32c/8.3.1/../../../../pic32c/lib/thumb/v6-m/nofp\libg-musl.a(__pop_float.o)
 .ARM.attributes
                0x0000000000001892       0x2e c:/program files/microchip/xc32/v4.60/bin/bin/../../lib/gcc/pic32c/8.3.1/../../../../pic32c/lib/thumb/v6-m/nofp\libg-musl.a(__pop_int.o)
 .ARM.attributes
                0x00000000000018c0       0x2e c:/program files/microchip/xc32/v4.60/bin/bin/../../lib/gcc/pic32c/8.3.1/../../../../pic32c/lib/thumb/v6-m/nofp\libg-musl.a(__pop_ptr.o)
 .ARM.attributes
                0x00000000000018ee       0x2e c:/program files/microchip/xc32/v4.60/bin/bin/../../lib/gcc/pic32c/8.3.1/../../../../pic32c/lib/thumb/v6-m/nofp\libg-musl.a(__printf_core.o)
 .ARM.attributes
                0x000000000000191c       0x2e c:/program files/microchip/xc32/v4.60/bin/bin/../../lib/gcc/pic32c/8.3.1/../../../../pic32c/lib/thumb/v6-m/nofp\libg-musl.a(stdin.o)
 .ARM.attributes
                0x000000000000194a       0x2e c:/program files/microchip/xc32/v4.60/bin/bin/../../lib/gcc/pic32c/8.3.1/../../../../pic32c/lib/thumb/v6-m/nofp\libg-musl.a(stdout.o)
 .ARM.attributes
                0x0000000000001978       0x2e c:/program files/microchip/xc32/v4.60/bin/bin/../../lib/gcc/pic32c/8.3.1/../../../../pic32c/lib/thumb/v6-m/nofp\libg-musl.a(putchar.o)
 .ARM.attributes
                0x00000000000019a6       0x2e c:/program files/microchip/xc32/v4.60/bin/bin/../../lib/gcc/pic32c/8.3.1/../../../../pic32c/lib/thumb/v6-m/nofp\libg-musl.a(puts.o)
 .ARM.attributes
                0x00000000000019d4       0x2e c:/program files/microchip/xc32/v4.60/bin/bin/../../lib/gcc/pic32c/8.3.1/../../../../pic32c/lib/thumb/v6-m/nofp\libg-musl.a(setbuf.o)
 .ARM.attributes
                0x0000000000001a02       0x2e c:/program files/microchip/xc32/v4.60/bin/bin/../../lib/gcc/pic32c/8.3.1/../../../../pic32c/lib/thumb/v6-m/nofp\libg-musl.a(atoi.o)
 .ARM.attributes
                0x0000000000001a30       0x2e c:/program files/microchip/xc32/v4.60/bin/bin/../../lib/gcc/pic32c/8.3.1/../../../../pic32c/lib/thumb/v6-m/nofp\libg-musl.a(gmtime.o)
 .ARM.attributes
                0x0000000000001a5e       0x2e c:/program files/microchip/xc32/v4.60/bin/bin/../../lib/gcc/pic32c/8.3.1/../../../../pic32c/lib/thumb/v6-m/nofp\libg-musl.a(gmtime_r.o)
 .ARM.attributes
                0x0000000000001a8c       0x2e c:/program files/microchip/xc32/v4.60/bin/bin/../../lib/gcc/pic32c/8.3.1/../../../../pic32c/lib/thumb/v6-m/nofp\libg-musl.a(mktime.o)
 .ARM.attributes
                0x0000000000001aba       0x2e c:/program files/microchip/xc32/v4.60/bin/bin/../../lib/gcc/pic32c/8.3.1/../../../../pic32c/lib/thumb/v6-m/nofp\libg-musl.a(tolower.o)
 .ARM.attributes
                0x0000000000001ae8       0x2e c:/program files/microchip/xc32/v4.60/bin/bin/../../lib/gcc/pic32c/8.3.1/../../../../pic32c/lib/thumb/v6-m/nofp\libg-musl.a(toupper.o)
 .ARM.attributes
                0x0000000000001b16       0x2e c:/program files/microchip/xc32/v4.60/bin/bin/../../lib/gcc/pic32c/8.3.1/../../../../pic32c/lib/thumb/v6-m/nofp\libg-musl.a(__environ.o)
 .ARM.attributes
                0x0000000000001b44       0x2e c:/program files/microchip/xc32/v4.60/bin/bin/../../lib/gcc/pic32c/8.3.1/../../../../pic32c/lib/thumb/v6-m/nofp\libg-musl.a(__int_vfprintf.o)
 .ARM.attributes
                0x0000000000001b72       0x2e c:/program files/microchip/xc32/v4.60/bin/bin/../../lib/gcc/pic32c/8.3.1/../../../../pic32c/lib/thumb/v6-m/nofp\libg-musl.a(__int_vsprintf.o)
 .ARM.attributes
                0x0000000000001ba0       0x2e c:/program files/microchip/xc32/v4.60/bin/bin/../../lib/gcc/pic32c/8.3.1/../../../../pic32c/lib/thumb/v6-m/nofp\libg-musl.a(fputs.o)
 .ARM.attributes
                0x0000000000001bce       0x2e c:/program files/microchip/xc32/v4.60/bin/bin/../../lib/gcc/pic32c/8.3.1/../../../../pic32c/lib/thumb/v6-m/nofp\libg-musl.a(__cvt_u.o)
 .ARM.attributes
                0x0000000000001bfc       0x2e c:/program files/microchip/xc32/v4.60/bin/bin/../../lib/gcc/pic32c/8.3.1/../../../../pic32c/lib/thumb/v6-m/nofp\libg-musl.a(__stdio_read.o)
 .ARM.attributes
                0x0000000000001c2a       0x2e c:/program files/microchip/xc32/v4.60/bin/bin/../../lib/gcc/pic32c/8.3.1/../../../../pic32c/lib/thumb/v6-m/nofp\libg-musl.a(__towrite_rw.o)
 .ARM.attributes
                0x0000000000001c58       0x2e c:/program files/microchip/xc32/v4.60/bin/bin/../../lib/gcc/pic32c/8.3.1/../../../../pic32c/lib/thumb/v6-m/nofp\libg-musl.a(fwrite.o)
 .ARM.attributes
                0x0000000000001c86       0x2e c:/program files/microchip/xc32/v4.60/bin/bin/../../lib/gcc/pic32c/8.3.1/../../../../pic32c/lib/thumb/v6-m/nofp\libg-musl.a(putc.o)
 .ARM.attributes
                0x0000000000001cb4       0x2e c:/program files/microchip/xc32/v4.60/bin/bin/../../lib/gcc/pic32c/8.3.1/../../../../pic32c/lib/thumb/v6-m/nofp\libg-musl.a(setvbuf.o)
 .ARM.attributes
                0x0000000000001ce2       0x2e c:/program files/microchip/xc32/v4.60/bin/bin/../../lib/gcc/pic32c/8.3.1/../../../../pic32c/lib/thumb/v6-m/nofp\libg-musl.a(__tm_to_secs.o)
 .ARM.attributes
                0x0000000000001d10       0x2e c:/program files/microchip/xc32/v4.60/bin/bin/../../lib/gcc/pic32c/8.3.1/../../../../pic32c/lib/thumb/v6-m/nofp\libg-musl.a(__year_to_secs.o)
 .ARM.attributes
                0x0000000000001d3e       0x2e c:/program files/microchip/xc32/v4.60/bin/bin/../../lib/gcc/pic32c/8.3.1/../../../../pic32c/lib/thumb/v6-m/nofp\libg-musl.a(__secs_to_tm.o)
 .ARM.attributes
                0x0000000000001d6c       0x2e c:/program files/microchip/xc32/v4.60/bin/bin/../../lib/gcc/pic32c/8.3.1/../../../../pic32c/lib/thumb/v6-m/nofp\libg-musl.a(readv.o)
 .ARM.attributes
                0x0000000000001d9a       0x2e c:/program files/microchip/xc32/v4.60/bin/bin/../../lib/gcc/pic32c/8.3.1/../../../../pic32c/lib/thumb/v6-m/nofp\libg-musl.a(__int_vsnprintf.o)
 .ARM.attributes
                0x0000000000001dc8       0x2e c:/program files/microchip/xc32/v4.60/bin/bin/../../lib/gcc/pic32c/8.3.1/../../../../pic32c/lib/thumb/v6-m/nofp\libg-musl.a(__init_stdio.o)
 .ARM.attributes
                0x0000000000001df6       0x2e c:/program files/microchip/xc32/v4.60/bin/bin/../../lib/gcc/pic32c/8.3.1/../../../../pic32c/lib/thumb/v6-m/nofp\libg-musl.a(__out.o)
 .ARM.attributes
                0x0000000000001e24       0x2e c:/program files/microchip/xc32/v4.60/bin/bin/../../lib/gcc/pic32c/8.3.1/../../../../pic32c/lib/thumb/v6-m/nofp\libg-musl.a(__putc.o)
 .ARM.attributes
                0x0000000000001e52       0x2e c:/program files/microchip/xc32/v4.60/bin/bin/../../lib/gcc/pic32c/8.3.1/../../../../pic32c/lib/thumb/v6-m/nofp\libg-musl.a(__stderr.o)
 .ARM.attributes
                0x0000000000001e80       0x2e c:/program files/microchip/xc32/v4.60/bin/bin/../../lib/gcc/pic32c/8.3.1/../../../../pic32c/lib/thumb/v6-m/nofp\libg-musl.a(__stdio_close.o)
 .ARM.attributes
                0x0000000000001eae       0x2e c:/program files/microchip/xc32/v4.60/bin/bin/../../lib/gcc/pic32c/8.3.1/../../../../pic32c/lib/thumb/v6-m/nofp\libg-musl.a(__stdio_write.o)
 .ARM.attributes
                0x0000000000001edc       0x2e c:/program files/microchip/xc32/v4.60/bin/bin/../../lib/gcc/pic32c/8.3.1/../../../../pic32c/lib/thumb/v6-m/nofp\libg-musl.a(__stdout.o)
 .ARM.attributes
                0x0000000000001f0a       0x2e c:/program files/microchip/xc32/v4.60/bin/bin/../../lib/gcc/pic32c/8.3.1/../../../../pic32c/lib/thumb/v6-m/nofp\libg-musl.a(__towrite.o)
 .ARM.attributes
                0x0000000000001f38       0x2e c:/program files/microchip/xc32/v4.60/bin/bin/../../lib/gcc/pic32c/8.3.1/../../../../pic32c/lib/thumb/v6-m/nofp\libg-musl.a(__month_to_secs.o)
 .ARM.attributes
                0x0000000000001f66       0x2e c:/program files/microchip/xc32/v4.60/bin/bin/../../lib/gcc/pic32c/8.3.1/../../../../pic32c/lib/thumb/v6-m/nofp\libg-musl.a(writev.o)
 .ARM.attributes
                0x0000000000001f94       0x2e c:/program files/microchip/xc32/v4.60/bin/bin/../../lib/gcc/pic32c/8.3.1/../../../../pic32c/lib/thumb/v6-m/nofp\libg-musl.a(__overflow.o)
 .ARM.attributes
                0x0000000000001fc2       0x2e c:/program files/microchip/xc32/v4.60/bin/bin/../../lib/gcc/pic32c/8.3.1/../../../../pic32c/lib/thumb/v6-m/nofp\libg-musl.a(__fwrite.o)
 .ARM.attributes
                0x0000000000001ff0       0x2c c:/program files/microchip/xc32/v4.60/bin/bin/../../lib/gcc/pic32c/8.3.1/../../../../pic32c/lib/thumb/v6-m/nofp\libm-fast-emfloat.a(fma.o)
 .ARM.attributes
                0x000000000000201c       0x2c c:/program files/microchip/xc32/v4.60/bin/bin/../../lib/gcc/pic32c/8.3.1/../../../../pic32c/lib/thumb/v6-m/nofp\libm-fast-emfloat.a(floor.o)
 .ARM.attributes
                0x0000000000002048       0x1c c:/program files/microchip/xc32/v4.60/bin/bin/../../lib/gcc/pic32c/8.3.1/../../../../pic32c/lib/thumb/v6-m/nofp\libm-fast-emfloat.a(__aeabi_dcmple.o)
 .ARM.attributes
                0x0000000000002064       0x1e c:/program files/microchip/xc32/v4.60/bin/bin/../../lib/gcc/pic32c/8.3.1/thumb/v6-m/nofp\libgcc.a(_udivsi3.o)
 .ARM.attributes
                0x0000000000002082       0x1e c:/program files/microchip/xc32/v4.60/bin/bin/../../lib/gcc/pic32c/8.3.1/thumb/v6-m/nofp\libgcc.a(_divsi3.o)
 .ARM.attributes
                0x00000000000020a0       0x1e c:/program files/microchip/xc32/v4.60/bin/bin/../../lib/gcc/pic32c/8.3.1/thumb/v6-m/nofp\libgcc.a(_dvmd_tls.o)
 .ARM.attributes
                0x00000000000020be       0x1e c:/program files/microchip/xc32/v4.60/bin/bin/../../lib/gcc/pic32c/8.3.1/thumb/v6-m/nofp\libgcc.a(_aeabi_ldivmod.o)
 .ARM.attributes
                0x00000000000020dc       0x1e c:/program files/microchip/xc32/v4.60/bin/bin/../../lib/gcc/pic32c/8.3.1/thumb/v6-m/nofp\libgcc.a(_aeabi_uldivmod.o)
 .ARM.attributes
                0x00000000000020fa       0x2c c:/program files/microchip/xc32/v4.60/bin/bin/../../lib/gcc/pic32c/8.3.1/thumb/v6-m/nofp\libgcc.a(_muldi3.o)
 .ARM.attributes
                0x0000000000002126       0x2c c:/program files/microchip/xc32/v4.60/bin/bin/../../lib/gcc/pic32c/8.3.1/thumb/v6-m/nofp\libgcc.a(_udivmoddi4.o)
 .ARM.attributes
                0x0000000000002152       0x2c c:/program files/microchip/xc32/v4.60/bin/bin/../../lib/gcc/pic32c/8.3.1/thumb/v6-m/nofp\libgcc.a(bpabi.o)
 .ARM.attributes
                0x000000000000217e       0x1e c:/program files/microchip/xc32/v4.60/bin/bin/../../lib/gcc/pic32c/8.3.1/thumb/v6-m/nofp\libgcc.a(_lshrdi3.o)
 .ARM.attributes
                0x000000000000219c       0x1e c:/program files/microchip/xc32/v4.60/bin/bin/../../lib/gcc/pic32c/8.3.1/thumb/v6-m/nofp\libgcc.a(_ashldi3.o)
 .ARM.attributes
                0x00000000000021ba       0x1e c:/program files/microchip/xc32/v4.60/bin/bin/../../lib/gcc/pic32c/8.3.1/thumb/v6-m/nofp\libgcc.a(_clzdi2.o)
 .ARM.attributes
                0x00000000000021d8       0x2c c:/program files/microchip/xc32/v4.60/bin/bin/../../lib/gcc/pic32c/8.3.1/thumb/v6-m/nofp\libgcc.a(_divdi3.o)
 .ARM.attributes
                0x0000000000002204       0x1e c:/program files/microchip/xc32/v4.60/bin/bin/../../lib/gcc/pic32c/8.3.1/thumb/v6-m/nofp\libgcc.a(_clzsi2.o)
 .ARM.attributes
                0x0000000000002222       0x2c c:/program files/microchip/xc32/v4.60/bin/bin/../../lib/gcc/pic32c/8.3.1/../../../../pic32c/lib/thumb/v6-m/nofp\libpic32c.a(close.o)
 .ARM.attributes
                0x000000000000224e       0x2c c:/program files/microchip/xc32/v4.60/bin/bin/../../lib/gcc/pic32c/8.3.1/../../../../pic32c/lib/thumb/v6-m/nofp\libpic32c.a(lseek.o)
 .ARM.attributes
                0x000000000000227a       0x2c c:/program files/microchip/xc32/v4.60/bin/bin/../../lib/gcc/pic32c/8.3.1/../../../../pic32c/lib/thumb/v6-m/nofp\libpic32c.a(sbrk.o)
 .ARM.attributes
                0x00000000000022a6       0x2e c:/program files/microchip/xc32/v4.60/bin/bin/../../lib/gcc/pic32c/8.3.1/../../../../pic32c/lib/thumb/v6-m/nofp\libc-size-musl.a(strcpy.o)
 .ARM.attributes
                0x00000000000022d4       0x2e c:/program files/microchip/xc32/v4.60/bin/bin/../../lib/gcc/pic32c/8.3.1/../../../../pic32c/lib/thumb/v6-m/nofp\libc-size-musl.a(stpcpy.o)
 .ARM.attributes
                0x0000000000002302       0x1e c:/program files/microchip/xc32/v4.60/bin/bin/../../lib/gcc/pic32c/8.3.1/thumb/v6-m/nofp/crtn.o
 .ARM.attributes
                0x0000000000002320       0x2c c:/program files/microchip/xc32/v4.60/bin/bin/../../lib/gcc/pic32c/8.3.1/../../../../pic32c/lib/thumb/v6-m/nofp\libpic32c.a(pic32_data_init_clear.o)
 .ARM.attributes
                0x000000000000234c       0x2c c:/program files/microchip/xc32/v4.60/bin/bin/../../lib/gcc/pic32c/8.3.1/../../../../pic32c/lib/thumb/v6-m/nofp\libpic32c.a(pic32_data_init_copy.o)

.comment        0x0000000000000000       0x2b
 .comment       0x0000000000000000       0x2b c:/program files/microchip/xc32/v4.60/bin/bin/../../lib/gcc/pic32c/8.3.1/thumb/v6-m/nofp/crtbegin.o
                                         0x2c (size before relaxing)
 .comment       0x000000000000002b       0x2c build/SAMD21_IOT_WG_ICM42688/debug/_ext/2048461350/icm42688_sensor.o
 .comment       0x000000000000002b       0x2c build/SAMD21_IOT_WG_ICM42688/debug/_ext/1660664302/drv_spi.o
 .comment       0x000000000000002b       0x2c build/SAMD21_IOT_WG_ICM42688/debug/_ext/1164161090/wdrv_winc_gpio.o
 .comment       0x000000000000002b       0x2c build/SAMD21_IOT_WG_ICM42688/debug/_ext/1164161090/wdrv_winc_eint.o
 .comment       0x000000000000002b       0x2c build/SAMD21_IOT_WG_ICM42688/debug/_ext/101005277/wdrv_winc_spi.o
 .comment       0x000000000000002b       0x2c build/SAMD21_IOT_WG_ICM42688/debug/_ext/90265895/nm_common.o
 .comment       0x000000000000002b       0x2c build/SAMD21_IOT_WG_ICM42688/debug/_ext/121554788/m2m_ssl.o
 .comment       0x000000000000002b       0x2c build/SAMD21_IOT_WG_ICM42688/debug/_ext/121554788/m2m_hif.o
 .comment       0x000000000000002b       0x2c build/SAMD21_IOT_WG_ICM42688/debug/_ext/121554788/m2m_wifi.o
 .comment       0x000000000000002b       0x2c build/SAMD21_IOT_WG_ICM42688/debug/_ext/121554788/nmspi.o
 .comment       0x000000000000002b       0x2c build/SAMD21_IOT_WG_ICM42688/debug/_ext/121554788/nmdrv.o
 .comment       0x000000000000002b       0x2c build/SAMD21_IOT_WG_ICM42688/debug/_ext/121554788/m2m_ota.o
 .comment       0x000000000000002b       0x2c build/SAMD21_IOT_WG_ICM42688/debug/_ext/121554788/nmasic.o
 .comment       0x000000000000002b       0x2c build/SAMD21_IOT_WG_ICM42688/debug/_ext/121554788/nmbus.o
 .comment       0x000000000000002b       0x2c build/SAMD21_IOT_WG_ICM42688/debug/_ext/548032175/socket.o
 .comment       0x000000000000002b       0x2c build/SAMD21_IOT_WG_ICM42688/debug/_ext/609036575/flexible_flash.o
 .comment       0x000000000000002b       0x2c build/SAMD21_IOT_WG_ICM42688/debug/_ext/609036575/spi_flash.o
 .comment       0x000000000000002b       0x2c build/SAMD21_IOT_WG_ICM42688/debug/_ext/1784303044/wdrv_winc_osal.o
 .comment       0x000000000000002b       0x2c build/SAMD21_IOT_WG_ICM42688/debug/_ext/907429946/wdrv_winc_systime.o
 .comment       0x000000000000002b       0x2c build/SAMD21_IOT_WG_ICM42688/debug/_ext/907429946/wdrv_winc_authctx.o
 .comment       0x000000000000002b       0x2c build/SAMD21_IOT_WG_ICM42688/debug/_ext/907429946/wdrv_winc_host_file.o
 .comment       0x000000000000002b       0x2c build/SAMD21_IOT_WG_ICM42688/debug/_ext/907429946/wdrv_winc.o
 .comment       0x000000000000002b       0x2c build/SAMD21_IOT_WG_ICM42688/debug/_ext/907429946/wdrv_winc_bssctx.o
 .comment       0x000000000000002b       0x2c build/SAMD21_IOT_WG_ICM42688/debug/_ext/1750425231/plib_clock.o
 .comment       0x000000000000002b       0x2c build/SAMD21_IOT_WG_ICM42688/debug/_ext/1580516298/plib_dmac.o
 .comment       0x000000000000002b       0x2c build/SAMD21_IOT_WG_ICM42688/debug/_ext/503204096/plib_eic.o
 .comment       0x000000000000002b       0x2c build/SAMD21_IOT_WG_ICM42688/debug/_ext/1580823105/plib_nvic.o
 .comment       0x000000000000002b       0x2c build/SAMD21_IOT_WG_ICM42688/debug/_ext/11470383/plib_nvmctrl.o
 .comment       0x000000000000002b       0x2c build/SAMD21_IOT_WG_ICM42688/debug/_ext/1580876256/plib_port.o
 .comment       0x000000000000002b       0x2c build/SAMD21_IOT_WG_ICM42688/debug/_ext/1014017276/plib_sercom0_spi_master.o
 .comment       0x000000000000002b       0x2c build/SAMD21_IOT_WG_ICM42688/debug/_ext/1014017276/plib_sercom2_spi_master.o
 .comment       0x000000000000002b       0x2c build/SAMD21_IOT_WG_ICM42688/debug/_ext/177673482/plib_sercom5_usart.o
 .comment       0x000000000000002b       0x2c build/SAMD21_IOT_WG_ICM42688/debug/_ext/223004715/plib_systick.o
 .comment       0x000000000000002b       0x2c build/SAMD21_IOT_WG_ICM42688/debug/_ext/399410062/plib_tc3.o
 .comment       0x000000000000002b       0x2c build/SAMD21_IOT_WG_ICM42688/debug/_ext/399410062/plib_tc4.o
 .comment       0x000000000000002b       0x2c build/SAMD21_IOT_WG_ICM42688/debug/_ext/1357625803/xc32_monitor.o
 .comment       0x000000000000002b       0x2c build/SAMD21_IOT_WG_ICM42688/debug/_ext/1584719636/sys_dma.o
 .comment       0x000000000000002b       0x2c build/SAMD21_IOT_WG_ICM42688/debug/_ext/1318297016/sys_int.o
 .comment       0x000000000000002b       0x2c build/SAMD21_IOT_WG_ICM42688/debug/_ext/386530258/sys_time.o
 .comment       0x000000000000002b       0x2c build/SAMD21_IOT_WG_ICM42688/debug/_ext/1832905403/initialization.o
 .comment       0x000000000000002b       0x2c build/SAMD21_IOT_WG_ICM42688/debug/_ext/1832905403/interrupts.o
 .comment       0x000000000000002b       0x2c build/SAMD21_IOT_WG_ICM42688/debug/_ext/1832905403/exceptions.o
 .comment       0x000000000000002b       0x2c build/SAMD21_IOT_WG_ICM42688/debug/_ext/1832905403/startup_xc32.o
 .comment       0x000000000000002b       0x2c build/SAMD21_IOT_WG_ICM42688/debug/_ext/1832905403/tasks.o
 .comment       0x000000000000002b       0x2c build/SAMD21_IOT_WG_ICM42688/debug/_ext/1341251756/Icm426xxDriver_HL.o
 .comment       0x000000000000002b       0x2c build/SAMD21_IOT_WG_ICM42688/debug/_ext/1341251756/Icm426xxTransport.o
 .comment       0x000000000000002b       0x2c build/SAMD21_IOT_WG_ICM42688/debug/_ext/1360937237/main.o
 .comment       0x000000000000002b       0x2c build/SAMD21_IOT_WG_ICM42688/debug/_ext/1360937237/ringbuffer.o
 .comment       0x000000000000002b       0x2c build/SAMD21_IOT_WG_ICM42688/debug/_ext/1360937237/app.o
 .comment       0x000000000000002b       0x2c build/SAMD21_IOT_WG_ICM42688/debug/_ext/1360937237/ws2812.o
 .comment       0x000000000000002b       0x2c build/SAMD21_IOT_WG_ICM42688/debug/_ext/550870616/sml_recognition_run.o
 .comment       0x000000000000002b       0x2c build/SAMD21_IOT_WG_ICM42688/debug/_ext/1318798506/dsp_dtw_distance.o
 .comment       0x000000000000002b       0x2c build/SAMD21_IOT_WG_ICM42688/debug/_ext/1318798506/dsp_l1_distance.o
 .comment       0x000000000000002b       0x2c build/SAMD21_IOT_WG_ICM42688/debug/_ext/1318798506/dsp_lsup_distance.o
 .comment       0x000000000000002b       0x2c build/SAMD21_IOT_WG_ICM42688/debug/_ext/1318798506/fftr.o
 .comment       0x000000000000002b       0x2c build/SAMD21_IOT_WG_ICM42688/debug/_ext/1318798506/fftr_utils.o
 .comment       0x000000000000002b       0x2c build/SAMD21_IOT_WG_ICM42688/debug/_ext/1318798506/fg_amplitude_global_p2p_low_frequency.o
 .comment       0x000000000000002b       0x2c build/SAMD21_IOT_WG_ICM42688/debug/_ext/1318798506/fg_cross_p2p_difference.o
 .comment       0x000000000000002b       0x2c build/SAMD21_IOT_WG_ICM42688/debug/_ext/1318798506/fg_cross_peak_location_difference.o
 .comment       0x000000000000002b       0x2c build/SAMD21_IOT_WG_ICM42688/debug/_ext/1318798506/fg_frequency_mfe.o
 .comment       0x000000000000002b       0x2c build/SAMD21_IOT_WG_ICM42688/debug/_ext/1318798506/fg_frequency_power_spectrum.o
 .comment       0x000000000000002b       0x2c build/SAMD21_IOT_WG_ICM42688/debug/_ext/1318798506/fg_frequency_spectral_entropy.o
 .comment       0x000000000000002b       0x2c build/SAMD21_IOT_WG_ICM42688/debug/_ext/1318798506/fg_stats_variance.o
 .comment       0x000000000000002b       0x2c build/SAMD21_IOT_WG_ICM42688/debug/_ext/1318798506/fixlog.o
 .comment       0x000000000000002b       0x2c build/SAMD21_IOT_WG_ICM42688/debug/_ext/1318798506/imfcc.o
 .comment       0x000000000000002b       0x2c build/SAMD21_IOT_WG_ICM42688/debug/_ext/1318798506/kb.o
 .comment       0x000000000000002b       0x2c build/SAMD21_IOT_WG_ICM42688/debug/_ext/1318798506/kb_output.o
 .comment       0x000000000000002b       0x2c build/SAMD21_IOT_WG_ICM42688/debug/_ext/1318798506/kb_pipeline.o
 .comment       0x000000000000002b       0x2c build/SAMD21_IOT_WG_ICM42688/debug/_ext/1318798506/ma_symmetric.o
 .comment       0x000000000000002b       0x2c build/SAMD21_IOT_WG_ICM42688/debug/_ext/1318798506/mean.o
 .comment       0x000000000000002b       0x2c build/SAMD21_IOT_WG_ICM42688/debug/_ext/1318798506/pme.o
 .comment       0x000000000000002b       0x2c build/SAMD21_IOT_WG_ICM42688/debug/_ext/1318798506/pme_trained_neurons.o
 .comment       0x000000000000002b       0x2c build/SAMD21_IOT_WG_ICM42688/debug/_ext/1318798506/rb.o
 .comment       0x000000000000002b       0x2c build/SAMD21_IOT_WG_ICM42688/debug/_ext/1318798506/save_sensor_data.o
 .comment       0x000000000000002b       0x2c build/SAMD21_IOT_WG_ICM42688/debug/_ext/1318798506/sf_downsample_by_averaging.o
 .comment       0x000000000000002b       0x2c build/SAMD21_IOT_WG_ICM42688/debug/_ext/1318798506/sg_windowing.o
 .comment       0x000000000000002b       0x2c build/SAMD21_IOT_WG_ICM42688/debug/_ext/1318798506/sortarray.o
 .comment       0x000000000000002b       0x2c build/SAMD21_IOT_WG_ICM42688/debug/_ext/1318798506/sorted_copy.o
 .comment       0x000000000000002b       0x2c build/SAMD21_IOT_WG_ICM42688/debug/_ext/1318798506/tr_min_max_scale.o
 .comment       0x000000000000002b       0x2c build/SAMD21_IOT_WG_ICM42688/debug/_ext/1318798506/tr_sensor_magnitude.o
 .comment       0x000000000000002b       0x2c build/SAMD21_IOT_WG_ICM42688/debug/_ext/1318798506/utils_array.o
 .comment       0x000000000000002b       0x2c build/SAMD21_IOT_WG_ICM42688/debug/_ext/1318798506/utils_array_max_uint8.o
 .comment       0x000000000000002b       0x2c build/SAMD21_IOT_WG_ICM42688/debug/_ext/1318798506/utils_bitwise_abs_val.o
 .comment       0x000000000000002b       0x2c build/SAMD21_IOT_WG_ICM42688/debug/_ext/1318798506/utils_buffer_argmax.o
 .comment       0x000000000000002b       0x2c build/SAMD21_IOT_WG_ICM42688/debug/_ext/1318798506/utils_model_cross_difference.o
 .comment       0x000000000000002b       0x2c build/SAMD21_IOT_WG_ICM42688/debug/_ext/1318798506/utils_tr_sensor.o
 .comment       0x000000000000002b       0x2c c:/program files/microchip/xc32/v4.60/bin/bin/../../lib/gcc/pic32c/8.3.1/../../../../pic32c/lib/thumb/v6-m/nofp\libpic32c.a(data_init.o)
 .comment       0x000000000000002b       0x2c c:/program files/microchip/xc32/v4.60/bin/bin/../../lib/gcc/pic32c/8.3.1/../../../../pic32c/lib/thumb/v6-m/nofp\libc-size-musl.a(memcpy.o)
 .comment       0x000000000000002b       0x2c c:/program files/microchip/xc32/v4.60/bin/bin/../../lib/gcc/pic32c/8.3.1/../../../../pic32c/lib/thumb/v6-m/nofp\libc-size-musl.a(memset.o)
 .comment       0x000000000000002b       0x2c c:/program files/microchip/xc32/v4.60/bin/bin/../../lib/gcc/pic32c/8.3.1/../../../../pic32c/lib/thumb/v6-m/nofp\libc-size-musl.a(strlen.o)
 .comment       0x000000000000002b       0x2c c:/program files/microchip/xc32/v4.60/bin/bin/../../lib/gcc/pic32c/8.3.1/../../../../pic32c/lib/thumb/v6-m/nofp\libc-size-musl.a(strchr.o)
 .comment       0x000000000000002b       0x2c c:/program files/microchip/xc32/v4.60/bin/bin/../../lib/gcc/pic32c/8.3.1/../../../../pic32c/lib/thumb/v6-m/nofp\libc-size-musl.a(strchrnul.o)
 .comment       0x000000000000002b       0x2c c:/program files/microchip/xc32/v4.60/bin/bin/../../lib/gcc/pic32c/8.3.1/../../../../pic32c/lib/thumb/v6-m/nofp\libc-size-musl.a(strnlen.o)
 .comment       0x000000000000002b       0x2c c:/program files/microchip/xc32/v4.60/bin/bin/../../lib/gcc/pic32c/8.3.1/../../../../pic32c/lib/thumb/v6-m/nofp\libc-size-musl.a(memchr.o)
 .comment       0x000000000000002b       0x2c c:/program files/microchip/xc32/v4.60/bin/bin/../../lib/gcc/pic32c/8.3.1/../../../../pic32c/lib/thumb/v6-m/nofp\liblmalloc-musl.a(lite_free.o)
 .comment       0x000000000000002b       0x2c c:/program files/microchip/xc32/v4.60/bin/bin/../../lib/gcc/pic32c/8.3.1/../../../../pic32c/lib/thumb/v6-m/nofp\liblmalloc-musl.a(lite_malloc.o)
 .comment       0x000000000000002b       0x2c c:/program files/microchip/xc32/v4.60/bin/bin/../../lib/gcc/pic32c/8.3.1/../../../../pic32c/lib/thumb/v6-m/nofp\libm-fast-emfloat.a(cos.o)
 .comment       0x000000000000002b       0x2c c:/program files/microchip/xc32/v4.60/bin/bin/../../lib/gcc/pic32c/8.3.1/../../../../pic32c/lib/thumb/v6-m/nofp\libm-fast-emfloat.a(sqrtf.o)
 .comment       0x000000000000002b       0x2c c:/program files/microchip/xc32/v4.60/bin/bin/../../lib/gcc/pic32c/8.3.1/../../../../pic32c/lib/thumb/v6-m/nofp\libm-fast-emfloat.a(sqrt.o)
 .comment       0x000000000000002b       0x2c c:/program files/microchip/xc32/v4.60/bin/bin/../../lib/gcc/pic32c/8.3.1/../../../../pic32c/lib/thumb/v6-m/nofp\libm-fast-emfloat.a(log10.o)
 .comment       0x000000000000002b       0x2c c:/program files/microchip/xc32/v4.60/bin/bin/../../lib/gcc/pic32c/8.3.1/../../../../pic32c/lib/thumb/v6-m/nofp\libm-fast-emfloat.a(__SEGGER_RTL_aSqrtData.o)
 .comment       0x000000000000002b       0x2c c:/program files/microchip/xc32/v4.60/bin/bin/../../lib/gcc/pic32c/8.3.1/../../../../pic32c/lib/thumb/v6-m/nofp\libm-fast-emfloat.a(__SEGGER_RTL_float64_SinCos.o)
 .comment       0x000000000000002b       0x2c c:/program files/microchip/xc32/v4.60/bin/bin/../../lib/gcc/pic32c/8.3.1/../../../../pic32c/lib/thumb/v6-m/nofp\libm-fast-emfloat.a(__SEGGER_RTL_kahan_aT2.o)
 .comment       0x000000000000002b       0x2c c:/program files/microchip/xc32/v4.60/bin/bin/../../lib/gcc/pic32c/8.3.1/../../../../pic32c/lib/thumb/v6-m/nofp\libm-fast-emfloat.a(__SEGGER_RTL_float64_PolyEvalP.o)
 .comment       0x000000000000002b       0x2c c:/program files/microchip/xc32/v4.60/bin/bin/../../lib/gcc/pic32c/8.3.1/../../../../pic32c/lib/thumb/v6-m/nofp\libm-fast-emfloat.a(ldexpf.o)
 .comment       0x000000000000002b       0x2c c:/program files/microchip/xc32/v4.60/bin/bin/../../lib/gcc/pic32c/8.3.1/../../../../pic32c/lib/thumb/v6-m/nofp\libm-fast-emfloat.a(ldexp.o)
 .comment       0x000000000000002b       0x2c c:/program files/microchip/xc32/v4.60/bin/bin/../../lib/gcc/pic32c/8.3.1/../../../../pic32c/lib/thumb/v6-m/nofp\libm-fast-emfloat.a(frexpf.o)
 .comment       0x000000000000002b       0x2c c:/program files/microchip/xc32/v4.60/bin/bin/../../lib/gcc/pic32c/8.3.1/../../../../pic32c/lib/thumb/v6-m/nofp\libm-fast-emfloat.a(log.o)
 .comment       0x000000000000002b       0x2c c:/program files/microchip/xc32/v4.60/bin/bin/../../lib/gcc/pic32c/8.3.1/../../../../pic32c/lib/thumb/v6-m/nofp\libm-fast-emfloat.a(__SEGGER_RTL_float64_Log.o)
 .comment       0x000000000000002b       0x2c c:/program files/microchip/xc32/v4.60/bin/bin/../../lib/gcc/pic32c/8.3.1/../../../../pic32c/lib/thumb/v6-m/nofp\libm-fast-emfloat.a(__SEGGER_RTL_float64_PolyEvalQ.o)
 .comment       0x000000000000002b       0x2c c:/program files/microchip/xc32/v4.60/bin/bin/../../lib/gcc/pic32c/8.3.1/../../../../pic32c/lib/thumb/v6-m/nofp\libm-fast-emfloat.a(frexp.o)
 .comment       0x000000000000002b       0x2c c:/program files/microchip/xc32/v4.60/bin/bin/../../lib/gcc/pic32c/8.3.1/../../../../pic32c/lib/thumb/v6-m/nofp\libg-musl.a(__libc_start_main.o)
 .comment       0x000000000000002b       0x2c c:/program files/microchip/xc32/v4.60/bin/bin/../../lib/gcc/pic32c/8.3.1/../../../../pic32c/lib/thumb/v6-m/nofp\libg-musl.a(__errno_location.o)
 .comment       0x000000000000002b       0x2c c:/program files/microchip/xc32/v4.60/bin/bin/../../lib/gcc/pic32c/8.3.1/../../../../pic32c/lib/thumb/v6-m/nofp\libg-musl.a(libc.o)
 .comment       0x000000000000002b       0x2c c:/program files/microchip/xc32/v4.60/bin/bin/../../lib/gcc/pic32c/8.3.1/../../../../pic32c/lib/thumb/v6-m/nofp\libg-musl.a(expand_heap.o)
 .comment       0x000000000000002b       0x2c c:/program files/microchip/xc32/v4.60/bin/bin/../../lib/gcc/pic32c/8.3.1/../../../../pic32c/lib/thumb/v6-m/nofp\libg-musl.a(__sio_printf_cdeEfFgGnpsuxX.o)
 .comment       0x000000000000002b       0x2c c:/program files/microchip/xc32/v4.60/bin/bin/../../lib/gcc/pic32c/8.3.1/../../../../pic32c/lib/thumb/v6-m/nofp\libg-musl.a(__sio_sprintf_cdeEfFgGnpsuxX.o)
 .comment       0x000000000000002b       0x2c c:/program files/microchip/xc32/v4.60/bin/bin/../../lib/gcc/pic32c/8.3.1/../../../../pic32c/lib/thumb/v6-m/nofp\libg-musl.a(__fmt_d.o)
 .comment       0x000000000000002b       0x2c c:/program files/microchip/xc32/v4.60/bin/bin/../../lib/gcc/pic32c/8.3.1/../../../../pic32c/lib/thumb/v6-m/nofp\libg-musl.a(__fmt_fp.o)
 .comment       0x000000000000002b       0x2c c:/program files/microchip/xc32/v4.60/bin/bin/../../lib/gcc/pic32c/8.3.1/../../../../pic32c/lib/thumb/v6-m/nofp\libg-musl.a(__fmt_s.o)
 .comment       0x000000000000002b       0x2c c:/program files/microchip/xc32/v4.60/bin/bin/../../lib/gcc/pic32c/8.3.1/../../../../pic32c/lib/thumb/v6-m/nofp\libg-musl.a(__fmt_u.o)
 .comment       0x000000000000002b       0x2c c:/program files/microchip/xc32/v4.60/bin/bin/../../lib/gcc/pic32c/8.3.1/../../../../pic32c/lib/thumb/v6-m/nofp\libg-musl.a(__fmt_x.o)
 .comment       0x000000000000002b       0x2c c:/program files/microchip/xc32/v4.60/bin/bin/../../lib/gcc/pic32c/8.3.1/../../../../pic32c/lib/thumb/v6-m/nofp\libg-musl.a(__pop_float.o)
 .comment       0x000000000000002b       0x2c c:/program files/microchip/xc32/v4.60/bin/bin/../../lib/gcc/pic32c/8.3.1/../../../../pic32c/lib/thumb/v6-m/nofp\libg-musl.a(__pop_int.o)
 .comment       0x000000000000002b       0x2c c:/program files/microchip/xc32/v4.60/bin/bin/../../lib/gcc/pic32c/8.3.1/../../../../pic32c/lib/thumb/v6-m/nofp\libg-musl.a(__pop_ptr.o)
 .comment       0x000000000000002b       0x2c c:/program files/microchip/xc32/v4.60/bin/bin/../../lib/gcc/pic32c/8.3.1/../../../../pic32c/lib/thumb/v6-m/nofp\libg-musl.a(__printf_core.o)
 .comment       0x000000000000002b       0x2c c:/program files/microchip/xc32/v4.60/bin/bin/../../lib/gcc/pic32c/8.3.1/../../../../pic32c/lib/thumb/v6-m/nofp\libg-musl.a(stdin.o)
 .comment       0x000000000000002b       0x2c c:/program files/microchip/xc32/v4.60/bin/bin/../../lib/gcc/pic32c/8.3.1/../../../../pic32c/lib/thumb/v6-m/nofp\libg-musl.a(stdout.o)
 .comment       0x000000000000002b       0x2c c:/program files/microchip/xc32/v4.60/bin/bin/../../lib/gcc/pic32c/8.3.1/../../../../pic32c/lib/thumb/v6-m/nofp\libg-musl.a(putchar.o)
 .comment       0x000000000000002b       0x2c c:/program files/microchip/xc32/v4.60/bin/bin/../../lib/gcc/pic32c/8.3.1/../../../../pic32c/lib/thumb/v6-m/nofp\libg-musl.a(puts.o)
 .comment       0x000000000000002b       0x2c c:/program files/microchip/xc32/v4.60/bin/bin/../../lib/gcc/pic32c/8.3.1/../../../../pic32c/lib/thumb/v6-m/nofp\libg-musl.a(setbuf.o)
 .comment       0x000000000000002b       0x2c c:/program files/microchip/xc32/v4.60/bin/bin/../../lib/gcc/pic32c/8.3.1/../../../../pic32c/lib/thumb/v6-m/nofp\libg-musl.a(atoi.o)
 .comment       0x000000000000002b       0x2c c:/program files/microchip/xc32/v4.60/bin/bin/../../lib/gcc/pic32c/8.3.1/../../../../pic32c/lib/thumb/v6-m/nofp\libg-musl.a(gmtime.o)
 .comment       0x000000000000002b       0x2c c:/program files/microchip/xc32/v4.60/bin/bin/../../lib/gcc/pic32c/8.3.1/../../../../pic32c/lib/thumb/v6-m/nofp\libg-musl.a(gmtime_r.o)
 .comment       0x000000000000002b       0x2c c:/program files/microchip/xc32/v4.60/bin/bin/../../lib/gcc/pic32c/8.3.1/../../../../pic32c/lib/thumb/v6-m/nofp\libg-musl.a(mktime.o)
 .comment       0x000000000000002b       0x2c c:/program files/microchip/xc32/v4.60/bin/bin/../../lib/gcc/pic32c/8.3.1/../../../../pic32c/lib/thumb/v6-m/nofp\libg-musl.a(tolower.o)
 .comment       0x000000000000002b       0x2c c:/program files/microchip/xc32/v4.60/bin/bin/../../lib/gcc/pic32c/8.3.1/../../../../pic32c/lib/thumb/v6-m/nofp\libg-musl.a(toupper.o)
 .comment       0x000000000000002b       0x2c c:/program files/microchip/xc32/v4.60/bin/bin/../../lib/gcc/pic32c/8.3.1/../../../../pic32c/lib/thumb/v6-m/nofp\libg-musl.a(__environ.o)
 .comment       0x000000000000002b       0x2c c:/program files/microchip/xc32/v4.60/bin/bin/../../lib/gcc/pic32c/8.3.1/../../../../pic32c/lib/thumb/v6-m/nofp\libg-musl.a(__int_vfprintf.o)
 .comment       0x000000000000002b       0x2c c:/program files/microchip/xc32/v4.60/bin/bin/../../lib/gcc/pic32c/8.3.1/../../../../pic32c/lib/thumb/v6-m/nofp\libg-musl.a(__int_vsprintf.o)
 .comment       0x000000000000002b       0x2c c:/program files/microchip/xc32/v4.60/bin/bin/../../lib/gcc/pic32c/8.3.1/../../../../pic32c/lib/thumb/v6-m/nofp\libg-musl.a(fputs.o)
 .comment       0x000000000000002b       0x2c c:/program files/microchip/xc32/v4.60/bin/bin/../../lib/gcc/pic32c/8.3.1/../../../../pic32c/lib/thumb/v6-m/nofp\libg-musl.a(__cvt_u.o)
 .comment       0x000000000000002b       0x2c c:/program files/microchip/xc32/v4.60/bin/bin/../../lib/gcc/pic32c/8.3.1/../../../../pic32c/lib/thumb/v6-m/nofp\libg-musl.a(__stdio_read.o)
 .comment       0x000000000000002b       0x2c c:/program files/microchip/xc32/v4.60/bin/bin/../../lib/gcc/pic32c/8.3.1/../../../../pic32c/lib/thumb/v6-m/nofp\libg-musl.a(__towrite_rw.o)
 .comment       0x000000000000002b       0x2c c:/program files/microchip/xc32/v4.60/bin/bin/../../lib/gcc/pic32c/8.3.1/../../../../pic32c/lib/thumb/v6-m/nofp\libg-musl.a(fwrite.o)
 .comment       0x000000000000002b       0x2c c:/program files/microchip/xc32/v4.60/bin/bin/../../lib/gcc/pic32c/8.3.1/../../../../pic32c/lib/thumb/v6-m/nofp\libg-musl.a(putc.o)
 .comment       0x000000000000002b       0x2c c:/program files/microchip/xc32/v4.60/bin/bin/../../lib/gcc/pic32c/8.3.1/../../../../pic32c/lib/thumb/v6-m/nofp\libg-musl.a(setvbuf.o)
 .comment       0x000000000000002b       0x2c c:/program files/microchip/xc32/v4.60/bin/bin/../../lib/gcc/pic32c/8.3.1/../../../../pic32c/lib/thumb/v6-m/nofp\libg-musl.a(__tm_to_secs.o)
 .comment       0x000000000000002b       0x2c c:/program files/microchip/xc32/v4.60/bin/bin/../../lib/gcc/pic32c/8.3.1/../../../../pic32c/lib/thumb/v6-m/nofp\libg-musl.a(__year_to_secs.o)
 .comment       0x000000000000002b       0x2c c:/program files/microchip/xc32/v4.60/bin/bin/../../lib/gcc/pic32c/8.3.1/../../../../pic32c/lib/thumb/v6-m/nofp\libg-musl.a(__secs_to_tm.o)
 .comment       0x000000000000002b       0x2c c:/program files/microchip/xc32/v4.60/bin/bin/../../lib/gcc/pic32c/8.3.1/../../../../pic32c/lib/thumb/v6-m/nofp\libg-musl.a(readv.o)
 .comment       0x000000000000002b       0x2c c:/program files/microchip/xc32/v4.60/bin/bin/../../lib/gcc/pic32c/8.3.1/../../../../pic32c/lib/thumb/v6-m/nofp\libg-musl.a(__int_vsnprintf.o)
 .comment       0x000000000000002b       0x2c c:/program files/microchip/xc32/v4.60/bin/bin/../../lib/gcc/pic32c/8.3.1/../../../../pic32c/lib/thumb/v6-m/nofp\libg-musl.a(__init_stdio.o)
 .comment       0x000000000000002b       0x2c c:/program files/microchip/xc32/v4.60/bin/bin/../../lib/gcc/pic32c/8.3.1/../../../../pic32c/lib/thumb/v6-m/nofp\libg-musl.a(__out.o)
 .comment       0x000000000000002b       0x2c c:/program files/microchip/xc32/v4.60/bin/bin/../../lib/gcc/pic32c/8.3.1/../../../../pic32c/lib/thumb/v6-m/nofp\libg-musl.a(__putc.o)
 .comment       0x000000000000002b       0x2c c:/program files/microchip/xc32/v4.60/bin/bin/../../lib/gcc/pic32c/8.3.1/../../../../pic32c/lib/thumb/v6-m/nofp\libg-musl.a(__stderr.o)
 .comment       0x000000000000002b       0x2c c:/program files/microchip/xc32/v4.60/bin/bin/../../lib/gcc/pic32c/8.3.1/../../../../pic32c/lib/thumb/v6-m/nofp\libg-musl.a(__stdio_close.o)
 .comment       0x000000000000002b       0x2c c:/program files/microchip/xc32/v4.60/bin/bin/../../lib/gcc/pic32c/8.3.1/../../../../pic32c/lib/thumb/v6-m/nofp\libg-musl.a(__stdio_write.o)
 .comment       0x000000000000002b       0x2c c:/program files/microchip/xc32/v4.60/bin/bin/../../lib/gcc/pic32c/8.3.1/../../../../pic32c/lib/thumb/v6-m/nofp\libg-musl.a(__stdout.o)
 .comment       0x000000000000002b       0x2c c:/program files/microchip/xc32/v4.60/bin/bin/../../lib/gcc/pic32c/8.3.1/../../../../pic32c/lib/thumb/v6-m/nofp\libg-musl.a(__towrite.o)
 .comment       0x000000000000002b       0x2c c:/program files/microchip/xc32/v4.60/bin/bin/../../lib/gcc/pic32c/8.3.1/../../../../pic32c/lib/thumb/v6-m/nofp\libg-musl.a(__month_to_secs.o)
 .comment       0x000000000000002b       0x2c c:/program files/microchip/xc32/v4.60/bin/bin/../../lib/gcc/pic32c/8.3.1/../../../../pic32c/lib/thumb/v6-m/nofp\libg-musl.a(writev.o)
 .comment       0x000000000000002b       0x2c c:/program files/microchip/xc32/v4.60/bin/bin/../../lib/gcc/pic32c/8.3.1/../../../../pic32c/lib/thumb/v6-m/nofp\libg-musl.a(__overflow.o)
 .comment       0x000000000000002b       0x2c c:/program files/microchip/xc32/v4.60/bin/bin/../../lib/gcc/pic32c/8.3.1/../../../../pic32c/lib/thumb/v6-m/nofp\libg-musl.a(__fwrite.o)
 .comment       0x000000000000002b       0x2c c:/program files/microchip/xc32/v4.60/bin/bin/../../lib/gcc/pic32c/8.3.1/../../../../pic32c/lib/thumb/v6-m/nofp\libm-fast-emfloat.a(fma.o)
 .comment       0x000000000000002b       0x2c c:/program files/microchip/xc32/v4.60/bin/bin/../../lib/gcc/pic32c/8.3.1/../../../../pic32c/lib/thumb/v6-m/nofp\libm-fast-emfloat.a(floor.o)
 .comment       0x000000000000002b       0x2c c:/program files/microchip/xc32/v4.60/bin/bin/../../lib/gcc/pic32c/8.3.1/thumb/v6-m/nofp\libgcc.a(_muldi3.o)
 .comment       0x000000000000002b       0x2c c:/program files/microchip/xc32/v4.60/bin/bin/../../lib/gcc/pic32c/8.3.1/thumb/v6-m/nofp\libgcc.a(_udivmoddi4.o)
 .comment       0x000000000000002b       0x2c c:/program files/microchip/xc32/v4.60/bin/bin/../../lib/gcc/pic32c/8.3.1/thumb/v6-m/nofp\libgcc.a(bpabi.o)
 .comment       0x000000000000002b       0x2c c:/program files/microchip/xc32/v4.60/bin/bin/../../lib/gcc/pic32c/8.3.1/thumb/v6-m/nofp\libgcc.a(_divdi3.o)
 .comment       0x000000000000002b       0x2c c:/program files/microchip/xc32/v4.60/bin/bin/../../lib/gcc/pic32c/8.3.1/../../../../pic32c/lib/thumb/v6-m/nofp\libpic32c.a(close.o)
 .comment       0x000000000000002b       0x2c c:/program files/microchip/xc32/v4.60/bin/bin/../../lib/gcc/pic32c/8.3.1/../../../../pic32c/lib/thumb/v6-m/nofp\libpic32c.a(lseek.o)
 .comment       0x000000000000002b       0x2c c:/program files/microchip/xc32/v4.60/bin/bin/../../lib/gcc/pic32c/8.3.1/../../../../pic32c/lib/thumb/v6-m/nofp\libpic32c.a(sbrk.o)
 .comment       0x000000000000002b       0x2c c:/program files/microchip/xc32/v4.60/bin/bin/../../lib/gcc/pic32c/8.3.1/../../../../pic32c/lib/thumb/v6-m/nofp\libc-size-musl.a(strcpy.o)
 .comment       0x000000000000002b       0x2c c:/program files/microchip/xc32/v4.60/bin/bin/../../lib/gcc/pic32c/8.3.1/../../../../pic32c/lib/thumb/v6-m/nofp\libc-size-musl.a(stpcpy.o)
 .comment       0x000000000000002b       0x2c c:/program files/microchip/xc32/v4.60/bin/bin/../../lib/gcc/pic32c/8.3.1/../../../../pic32c/lib/thumb/v6-m/nofp\libpic32c.a(pic32_data_init_clear.o)
 .comment       0x000000000000002b       0x2c c:/program files/microchip/xc32/v4.60/bin/bin/../../lib/gcc/pic32c/8.3.1/../../../../pic32c/lib/thumb/v6-m/nofp\libpic32c.a(pic32_data_init_copy.o)

.debug_info     0x0000000000000000    0x37c0c
 .debug_info    0x0000000000000000      0xb62 build/SAMD21_IOT_WG_ICM42688/debug/_ext/2048461350/icm42688_sensor.o
 .debug_info    0x0000000000000b62     0x1d51 build/SAMD21_IOT_WG_ICM42688/debug/_ext/1660664302/drv_spi.o
 .debug_info    0x00000000000028b3      0x2b0 build/SAMD21_IOT_WG_ICM42688/debug/_ext/1164161090/wdrv_winc_gpio.o
 .debug_info    0x0000000000002b63      0x101 build/SAMD21_IOT_WG_ICM42688/debug/_ext/1164161090/wdrv_winc_eint.o
 .debug_info    0x0000000000002c64      0xa39 build/SAMD21_IOT_WG_ICM42688/debug/_ext/101005277/wdrv_winc_spi.o
 .debug_info    0x000000000000369d       0xd3 build/SAMD21_IOT_WG_ICM42688/debug/_ext/90265895/nm_common.o
 .debug_info    0x0000000000003770      0x95f build/SAMD21_IOT_WG_ICM42688/debug/_ext/121554788/m2m_ssl.o
 .debug_info    0x00000000000040cf      0xaa0 build/SAMD21_IOT_WG_ICM42688/debug/_ext/121554788/m2m_hif.o
 .debug_info    0x0000000000004b6f     0x3ae8 build/SAMD21_IOT_WG_ICM42688/debug/_ext/121554788/m2m_wifi.o
 .debug_info    0x0000000000008657      0xc30 build/SAMD21_IOT_WG_ICM42688/debug/_ext/121554788/nmspi.o
 .debug_info    0x0000000000009287      0x532 build/SAMD21_IOT_WG_ICM42688/debug/_ext/121554788/nmdrv.o
 .debug_info    0x00000000000097b9      0xe11 build/SAMD21_IOT_WG_ICM42688/debug/_ext/121554788/m2m_ota.o
 .debug_info    0x000000000000a5ca      0x88d build/SAMD21_IOT_WG_ICM42688/debug/_ext/121554788/nmasic.o
 .debug_info    0x000000000000ae57      0x465 build/SAMD21_IOT_WG_ICM42688/debug/_ext/121554788/nmbus.o
 .debug_info    0x000000000000b2bc     0x1bf3 build/SAMD21_IOT_WG_ICM42688/debug/_ext/548032175/socket.o
 .debug_info    0x000000000000ceaf      0x17a build/SAMD21_IOT_WG_ICM42688/debug/_ext/609036575/flexible_flash.o
 .debug_info    0x000000000000d029      0x75d build/SAMD21_IOT_WG_ICM42688/debug/_ext/609036575/spi_flash.o
 .debug_info    0x000000000000d786       0xfd build/SAMD21_IOT_WG_ICM42688/debug/_ext/1784303044/wdrv_winc_osal.o
 .debug_info    0x000000000000d883     0x13ea build/SAMD21_IOT_WG_ICM42688/debug/_ext/907429946/wdrv_winc_systime.o
 .debug_info    0x000000000000ec6d      0x8fe build/SAMD21_IOT_WG_ICM42688/debug/_ext/907429946/wdrv_winc_authctx.o
 .debug_info    0x000000000000f56b     0x1973 build/SAMD21_IOT_WG_ICM42688/debug/_ext/907429946/wdrv_winc_host_file.o
 .debug_info    0x0000000000010ede     0x3468 build/SAMD21_IOT_WG_ICM42688/debug/_ext/907429946/wdrv_winc.o
 .debug_info    0x0000000000014346      0x43f build/SAMD21_IOT_WG_ICM42688/debug/_ext/907429946/wdrv_winc_bssctx.o
 .debug_info    0x0000000000014785      0x583 build/SAMD21_IOT_WG_ICM42688/debug/_ext/1750425231/plib_clock.o
 .debug_info    0x0000000000014d08      0xaf1 build/SAMD21_IOT_WG_ICM42688/debug/_ext/1580516298/plib_dmac.o
 .debug_info    0x00000000000157f9      0x345 build/SAMD21_IOT_WG_ICM42688/debug/_ext/503204096/plib_eic.o
 .debug_info    0x0000000000015b3e      0x673 build/SAMD21_IOT_WG_ICM42688/debug/_ext/1580823105/plib_nvic.o
 .debug_info    0x00000000000161b1      0x50d build/SAMD21_IOT_WG_ICM42688/debug/_ext/11470383/plib_nvmctrl.o
 .debug_info    0x00000000000166be      0x67a build/SAMD21_IOT_WG_ICM42688/debug/_ext/1580876256/plib_port.o
 .debug_info    0x0000000000016d38      0xc60 build/SAMD21_IOT_WG_ICM42688/debug/_ext/1014017276/plib_sercom0_spi_master.o
 .debug_info    0x0000000000017998      0xe64 build/SAMD21_IOT_WG_ICM42688/debug/_ext/1014017276/plib_sercom2_spi_master.o
 .debug_info    0x00000000000187fc      0xe5d build/SAMD21_IOT_WG_ICM42688/debug/_ext/177673482/plib_sercom5_usart.o
 .debug_info    0x0000000000019659      0x2f4 build/SAMD21_IOT_WG_ICM42688/debug/_ext/223004715/plib_systick.o
 .debug_info    0x000000000001994d      0x76f build/SAMD21_IOT_WG_ICM42688/debug/_ext/399410062/plib_tc3.o
 .debug_info    0x000000000001a0bc      0x79a build/SAMD21_IOT_WG_ICM42688/debug/_ext/399410062/plib_tc4.o
 .debug_info    0x000000000001a856      0x159 build/SAMD21_IOT_WG_ICM42688/debug/_ext/1357625803/xc32_monitor.o
 .debug_info    0x000000000001a9af      0x25b build/SAMD21_IOT_WG_ICM42688/debug/_ext/1584719636/sys_dma.o
 .debug_info    0x000000000001ac0a      0x445 build/SAMD21_IOT_WG_ICM42688/debug/_ext/1318297016/sys_int.o
 .debug_info    0x000000000001b04f     0x1495 build/SAMD21_IOT_WG_ICM42688/debug/_ext/386530258/sys_time.o
 .debug_info    0x000000000001c4e4     0x1887 build/SAMD21_IOT_WG_ICM42688/debug/_ext/1832905403/initialization.o
 .debug_info    0x000000000001dd6b      0x3e1 build/SAMD21_IOT_WG_ICM42688/debug/_ext/1832905403/interrupts.o
 .debug_info    0x000000000001e14c       0xb8 build/SAMD21_IOT_WG_ICM42688/debug/_ext/1832905403/exceptions.o
 .debug_info    0x000000000001e204      0x1ac build/SAMD21_IOT_WG_ICM42688/debug/_ext/1832905403/startup_xc32.o
 .debug_info    0x000000000001e3b0       0x9f build/SAMD21_IOT_WG_ICM42688/debug/_ext/1832905403/tasks.o
 .debug_info    0x000000000001e44f     0x2162 build/SAMD21_IOT_WG_ICM42688/debug/_ext/1341251756/Icm426xxDriver_HL.o
 .debug_info    0x00000000000205b1      0x49d build/SAMD21_IOT_WG_ICM42688/debug/_ext/1341251756/Icm426xxTransport.o
 .debug_info    0x0000000000020a4e     0x157b build/SAMD21_IOT_WG_ICM42688/debug/_ext/1360937237/main.o
 .debug_info    0x0000000000021fc9      0x4cc build/SAMD21_IOT_WG_ICM42688/debug/_ext/1360937237/ringbuffer.o
 .debug_info    0x0000000000022495      0x4ce build/SAMD21_IOT_WG_ICM42688/debug/_ext/1360937237/app.o
 .debug_info    0x0000000000022963      0x60b build/SAMD21_IOT_WG_ICM42688/debug/_ext/1360937237/ws2812.o
 .debug_info    0x0000000000022f6e      0x152 build/SAMD21_IOT_WG_ICM42688/debug/_ext/550870616/sml_recognition_run.o
 .debug_info    0x00000000000230c0      0x1c2 build/SAMD21_IOT_WG_ICM42688/debug/_ext/1318798506/dsp_dtw_distance.o
 .debug_info    0x0000000000023282      0x126 build/SAMD21_IOT_WG_ICM42688/debug/_ext/1318798506/dsp_l1_distance.o
 .debug_info    0x00000000000233a8      0x120 build/SAMD21_IOT_WG_ICM42688/debug/_ext/1318798506/dsp_lsup_distance.o
 .debug_info    0x00000000000234c8      0x436 build/SAMD21_IOT_WG_ICM42688/debug/_ext/1318798506/fftr.o
 .debug_info    0x00000000000238fe      0x361 build/SAMD21_IOT_WG_ICM42688/debug/_ext/1318798506/fftr_utils.o
 .debug_info    0x0000000000023c5f      0x690 build/SAMD21_IOT_WG_ICM42688/debug/_ext/1318798506/fg_amplitude_global_p2p_low_frequency.o
 .debug_info    0x00000000000242ef      0x636 build/SAMD21_IOT_WG_ICM42688/debug/_ext/1318798506/fg_cross_p2p_difference.o
 .debug_info    0x0000000000024925      0x654 build/SAMD21_IOT_WG_ICM42688/debug/_ext/1318798506/fg_cross_peak_location_difference.o
 .debug_info    0x0000000000024f79      0x7bc build/SAMD21_IOT_WG_ICM42688/debug/_ext/1318798506/fg_frequency_mfe.o
 .debug_info    0x0000000000025735      0x786 build/SAMD21_IOT_WG_ICM42688/debug/_ext/1318798506/fg_frequency_power_spectrum.o
 .debug_info    0x0000000000025ebb      0x787 build/SAMD21_IOT_WG_ICM42688/debug/_ext/1318798506/fg_frequency_spectral_entropy.o
 .debug_info    0x0000000000026642      0x6f7 build/SAMD21_IOT_WG_ICM42688/debug/_ext/1318798506/fg_stats_variance.o
 .debug_info    0x0000000000026d39      0x204 build/SAMD21_IOT_WG_ICM42688/debug/_ext/1318798506/fixlog.o
 .debug_info    0x0000000000026f3d      0x678 build/SAMD21_IOT_WG_ICM42688/debug/_ext/1318798506/imfcc.o
 .debug_info    0x00000000000275b5     0x1baf build/SAMD21_IOT_WG_ICM42688/debug/_ext/1318798506/kb.o
 .debug_info    0x0000000000029164      0x4e2 build/SAMD21_IOT_WG_ICM42688/debug/_ext/1318798506/kb_output.o
 .debug_info    0x0000000000029646      0x8c0 build/SAMD21_IOT_WG_ICM42688/debug/_ext/1318798506/kb_pipeline.o
 .debug_info    0x0000000000029f06      0x54c build/SAMD21_IOT_WG_ICM42688/debug/_ext/1318798506/ma_symmetric.o
 .debug_info    0x000000000002a452      0x282 build/SAMD21_IOT_WG_ICM42688/debug/_ext/1318798506/mean.o
 .debug_info    0x000000000002a6d4     0x10ba build/SAMD21_IOT_WG_ICM42688/debug/_ext/1318798506/pme.o
 .debug_info    0x000000000002b78e      0x30e build/SAMD21_IOT_WG_ICM42688/debug/_ext/1318798506/pme_trained_neurons.o
 .debug_info    0x000000000002ba9c      0x7e2 build/SAMD21_IOT_WG_ICM42688/debug/_ext/1318798506/rb.o
 .debug_info    0x000000000002c27e      0x1fb build/SAMD21_IOT_WG_ICM42688/debug/_ext/1318798506/save_sensor_data.o
 .debug_info    0x000000000002c479      0x20f build/SAMD21_IOT_WG_ICM42688/debug/_ext/1318798506/sf_downsample_by_averaging.o
 .debug_info    0x000000000002c688      0x64f build/SAMD21_IOT_WG_ICM42688/debug/_ext/1318798506/sg_windowing.o
 .debug_info    0x000000000002ccd7      0x119 build/SAMD21_IOT_WG_ICM42688/debug/_ext/1318798506/sortarray.o
 .debug_info    0x000000000002cdf0      0x1de build/SAMD21_IOT_WG_ICM42688/debug/_ext/1318798506/sorted_copy.o
 .debug_info    0x000000000002cfce      0x237 build/SAMD21_IOT_WG_ICM42688/debug/_ext/1318798506/tr_min_max_scale.o
 .debug_info    0x000000000002d205      0x16e build/SAMD21_IOT_WG_ICM42688/debug/_ext/1318798506/tr_sensor_magnitude.o
 .debug_info    0x000000000002d373      0x466 build/SAMD21_IOT_WG_ICM42688/debug/_ext/1318798506/utils_array.o
 .debug_info    0x000000000002d7d9      0x13e build/SAMD21_IOT_WG_ICM42688/debug/_ext/1318798506/utils_array_max_uint8.o
 .debug_info    0x000000000002d917       0xde build/SAMD21_IOT_WG_ICM42688/debug/_ext/1318798506/utils_bitwise_abs_val.o
 .debug_info    0x000000000002d9f5      0x1d4 build/SAMD21_IOT_WG_ICM42688/debug/_ext/1318798506/utils_buffer_argmax.o
 .debug_info    0x000000000002dbc9      0x6fc build/SAMD21_IOT_WG_ICM42688/debug/_ext/1318798506/utils_model_cross_difference.o
 .debug_info    0x000000000002e2c5      0x143 build/SAMD21_IOT_WG_ICM42688/debug/_ext/1318798506/utils_tr_sensor.o
 .debug_info    0x000000000002e408       0x68 c:/program files/microchip/xc32/v4.60/bin/bin/../../lib/gcc/pic32c/8.3.1/../../../../pic32c/lib/thumb/v6-m/nofp\libpic32c.a(data_init.o)
 .debug_info    0x000000000002e470       0xed c:/program files/microchip/xc32/v4.60/bin/bin/../../lib/gcc/pic32c/8.3.1/../../../../pic32c/lib/thumb/v6-m/nofp\libc-size-musl.a(memcpy.o)
 .debug_info    0x000000000002e55d       0xbb c:/program files/microchip/xc32/v4.60/bin/bin/../../lib/gcc/pic32c/8.3.1/../../../../pic32c/lib/thumb/v6-m/nofp\libc-size-musl.a(memset.o)
 .debug_info    0x000000000002e618       0xa4 c:/program files/microchip/xc32/v4.60/bin/bin/../../lib/gcc/pic32c/8.3.1/../../../../pic32c/lib/thumb/v6-m/nofp\libc-size-musl.a(strlen.o)
 .debug_info    0x000000000002e6bc       0xd2 c:/program files/microchip/xc32/v4.60/bin/bin/../../lib/gcc/pic32c/8.3.1/../../../../pic32c/lib/thumb/v6-m/nofp\libc-size-musl.a(strchr.o)
 .debug_info    0x000000000002e78e      0x133 c:/program files/microchip/xc32/v4.60/bin/bin/../../lib/gcc/pic32c/8.3.1/../../../../pic32c/lib/thumb/v6-m/nofp\libc-size-musl.a(strchrnul.o)
 .debug_info    0x000000000002e8c1       0xd5 c:/program files/microchip/xc32/v4.60/bin/bin/../../lib/gcc/pic32c/8.3.1/../../../../pic32c/lib/thumb/v6-m/nofp\libc-size-musl.a(strnlen.o)
 .debug_info    0x000000000002e996       0xe5 c:/program files/microchip/xc32/v4.60/bin/bin/../../lib/gcc/pic32c/8.3.1/../../../../pic32c/lib/thumb/v6-m/nofp\libc-size-musl.a(memchr.o)
 .debug_info    0x000000000002ea7b      0x272 c:/program files/microchip/xc32/v4.60/bin/bin/../../lib/gcc/pic32c/8.3.1/../../../../pic32c/lib/thumb/v6-m/nofp\liblmalloc-musl.a(lite_free.o)
 .debug_info    0x000000000002eced      0x1bd c:/program files/microchip/xc32/v4.60/bin/bin/../../lib/gcc/pic32c/8.3.1/../../../../pic32c/lib/thumb/v6-m/nofp\liblmalloc-musl.a(lite_malloc.o)
 .debug_info    0x000000000002eeaa      0x2fb c:/program files/microchip/xc32/v4.60/bin/bin/../../lib/gcc/pic32c/8.3.1/../../../../pic32c/lib/thumb/v6-m/nofp\libg-musl.a(__libc_start_main.o)
 .debug_info    0x000000000002f1a5       0x5b c:/program files/microchip/xc32/v4.60/bin/bin/../../lib/gcc/pic32c/8.3.1/../../../../pic32c/lib/thumb/v6-m/nofp\libg-musl.a(__errno_location.o)
 .debug_info    0x000000000002f200      0x276 c:/program files/microchip/xc32/v4.60/bin/bin/../../lib/gcc/pic32c/8.3.1/../../../../pic32c/lib/thumb/v6-m/nofp\libg-musl.a(libc.o)