Archive member included to satisfy reference by file (symbol)

c:/program files/microchip/xc32/v4.60/bin/bin/../../lib/gcc/pic32c/8.3.1/../../../../pic32c/lib/thumb/v6-m/nofp\libpic32c.a(data_init.o)
                              build/SAMD21_IOT_WG_ICM42688/production/_ext/1832905403/startup_xc32.o (__pic32c_data_initialization)
c:/program files/microchip/xc32/v4.60/bin/bin/../../lib/gcc/pic32c/8.3.1/../../../../pic32c/lib/thumb/v6-m/nofp\libc-size-musl.a(memcpy.o)
                              build/SAMD21_IOT_WG_ICM42688/production/_ext/101005277/wdrv_winc_spi.o (memcpy)
c:/program files/microchip/xc32/v4.60/bin/bin/../../lib/gcc/pic32c/8.3.1/../../../../pic32c/lib/thumb/v6-m/nofp\libc-size-musl.a(memset.o)
                              build/SAMD21_IOT_WG_ICM42688/production/_ext/2048461350/icm42688_sensor.o (memset)
c:/program files/microchip/xc32/v4.60/bin/bin/../../lib/gcc/pic32c/8.3.1/../../../../pic32c/lib/thumb/v6-m/nofp\libc-size-musl.a(strlen.o)
                              build/SAMD21_IOT_WG_ICM42688/production/_ext/121554788/m2m_wifi.o (strlen)
c:/program files/microchip/xc32/v4.60/bin/bin/../../lib/gcc/pic32c/8.3.1/../../../../pic32c/lib/thumb/v6-m/nofp\libc-size-musl.a(strchr.o)
                              build/SAMD21_IOT_WG_ICM42688/production/_ext/907429946/wdrv_winc_sta.o (strchr)
c:/program files/microchip/xc32/v4.60/bin/bin/../../lib/gcc/pic32c/8.3.1/../../../../pic32c/lib/thumb/v6-m/nofp\libc-size-musl.a(strchrnul.o)
                              c:/program files/microchip/xc32/v4.60/bin/bin/../../lib/gcc/pic32c/8.3.1/../../../../pic32c/lib/thumb/v6-m/nofp\libc-size-musl.a(strchr.o) (__strchrnul)
c:/program files/microchip/xc32/v4.60/bin/bin/../../lib/gcc/pic32c/8.3.1/../../../../pic32c/lib/thumb/v6-m/nofp\libc-size-musl.a(strcmp.o)
                              build/SAMD21_IOT_WG_ICM42688/production/_ext/299863938/ssi_comms.o (strcmp)
c:/program files/microchip/xc32/v4.60/bin/bin/../../lib/gcc/pic32c/8.3.1/../../../../pic32c/lib/thumb/v6-m/nofp\libc-size-musl.a(strnlen.o)
                              build/SAMD21_IOT_WG_ICM42688/production/_ext/121554788/m2m_ota.o (strnlen)
c:/program files/microchip/xc32/v4.60/bin/bin/../../lib/gcc/pic32c/8.3.1/../../../../pic32c/lib/thumb/v6-m/nofp\libc-size-musl.a(memchr.o)
                              c:/program files/microchip/xc32/v4.60/bin/bin/../../lib/gcc/pic32c/8.3.1/../../../../pic32c/lib/thumb/v6-m/nofp\libc-size-musl.a(strnlen.o) (memchr)
c:/program files/microchip/xc32/v4.60/bin/bin/../../lib/gcc/pic32c/8.3.1/../../../../pic32c/lib/thumb/v6-m/nofp\liblmalloc-musl.a(lite_calloc.o)
                              build/SAMD21_IOT_WG_ICM42688/production/_ext/121554788/m2m_wifi.o (calloc)
c:/program files/microchip/xc32/v4.60/bin/bin/../../lib/gcc/pic32c/8.3.1/../../../../pic32c/lib/thumb/v6-m/nofp\liblmalloc-musl.a(lite_free.o)
                              build/SAMD21_IOT_WG_ICM42688/production/_ext/121554788/m2m_wifi.o (free)
c:/program files/microchip/xc32/v4.60/bin/bin/../../lib/gcc/pic32c/8.3.1/../../../../pic32c/lib/thumb/v6-m/nofp\liblmalloc-musl.a(lite_malloc.o)
                              c:/program files/microchip/xc32/v4.60/bin/bin/../../lib/gcc/pic32c/8.3.1/../../../../pic32c/lib/thumb/v6-m/nofp\liblmalloc-musl.a(lite_calloc.o) (__simple_malloc)
c:/program files/microchip/xc32/v4.60/bin/bin/../../lib/gcc/pic32c/8.3.1/../../../../pic32c/lib/thumb/v6-m/nofp\libm-fast-emfloat.a(modff.o)
                              build/SAMD21_IOT_WG_ICM42688/production/_ext/1310896710/stats_percentile_presorted.o (modff)
c:/program files/microchip/xc32/v4.60/bin/bin/../../lib/gcc/pic32c/8.3.1/../../../../pic32c/lib/thumb/v6-m/nofp\libm-fast-emfloat.a(cos.o)
                              build/SAMD21_IOT_WG_ICM42688/production/_ext/1310896710/utils_array.o (cos)
c:/program files/microchip/xc32/v4.60/bin/bin/../../lib/gcc/pic32c/8.3.1/../../../../pic32c/lib/thumb/v6-m/nofp\libm-fast-emfloat.a(sqrt.o)
                              build/SAMD21_IOT_WG_ICM42688/production/_ext/1310896710/std.o (sqrt)
c:/program files/microchip/xc32/v4.60/bin/bin/../../lib/gcc/pic32c/8.3.1/../../../../pic32c/lib/thumb/v6-m/nofp\libm-fast-emfloat.a(pow.o)
                              build/SAMD21_IOT_WG_ICM42688/production/_ext/1341251756/Icm426xxSelfTest.o (pow)
c:/program files/microchip/xc32/v4.60/bin/bin/../../lib/gcc/pic32c/8.3.1/../../../../pic32c/lib/thumb/v6-m/nofp\libm-fast-emfloat.a(__SEGGER_RTL_float64_SinCos.o)
                              c:/program files/microchip/xc32/v4.60/bin/bin/../../lib/gcc/pic32c/8.3.1/../../../../pic32c/lib/thumb/v6-m/nofp\libm-fast-emfloat.a(cos.o) (__SEGGER_RTL_float64_SinCos)
c:/program files/microchip/xc32/v4.60/bin/bin/../../lib/gcc/pic32c/8.3.1/../../../../pic32c/lib/thumb/v6-m/nofp\libm-fast-emfloat.a(__SEGGER_RTL_kahan_aT2.o)
[...]
Memory Configuration

Name             Origin             Length             Attributes
rom              0x0000000000000000 0x0000000000040000 xrl
ram              0x0000000020000000 0x0000000000008000 xw !r
config_00804000  0x0000000000804000 0x0000000000000004
config_00804004  0x0000000000804004 0x0000000000000004
*default*        0x0000000000000000 0xffffffffffffffff

Linker script and memory map

LOAD c:/program files/microchip/xc32/v4.60/bin/bin/../../lib/gcc/pic32c/8.3.1/thumb/v6-m/nofp/crti.o
LOAD c:/program files/microchip/xc32/v4.60/bin/bin/../../lib/gcc/pic32c/8.3.1/thumb/v6-m/nofp/crtbegin.o
LOAD build/SAMD21_IOT_WG_ICM42688/production/_ext/2048461350/icm42688_sensor.o
LOAD build/SAMD21_IOT_WG_ICM42688/production/_ext/2078824600/sml_recognition_run.o
LOAD build/SAMD21_IOT_WG_ICM42688/production/_ext/1660664302/drv_spi.o
LOAD build/SAMD21_IOT_WG_ICM42688/production/_ext/1164161090/wdrv_winc_gpio.o
LOAD build/SAMD21_IOT_WG_ICM42688/production/_ext/1164161090/wdrv_winc_eint.o
LOAD build/SAMD21_IOT_WG_ICM42688/production/_ext/101005277/wdrv_winc_spi.o
LOAD build/SAMD21_IOT_WG_ICM42688/production/_ext/90265895/nm_common.o
LOAD build/SAMD21_IOT_WG_ICM42688/production/_ext/121554788/m2m_ssl.o
LOAD build/SAMD21_IOT_WG_ICM42688/production/_ext/121554788/m2m_hif.o
LOAD build/SAMD21_IOT_WG_ICM42688/production/_ext/121554788/m2m_wifi.o
LOAD build/SAMD21_IOT_WG_ICM42688/production/_ext/121554788/nmspi.o
LOAD build/SAMD21_IOT_WG_ICM42688/production/_ext/121554788/nmdrv.o
LOAD build/SAMD21_IOT_WG_ICM42688/production/_ext/121554788/m2m_periph.o
LOAD build/SAMD21_IOT_WG_ICM42688/production/_ext/121554788/m2m_ota.o
LOAD build/SAMD21_IOT_WG_ICM42688/production/_ext/121554788/nmasic.o
LOAD build/SAMD21_IOT_WG_ICM42688/production/_ext/121554788/nmbus.o
LOAD build/SAMD21_IOT_WG_ICM42688/production/_ext/548032175/socket.o
LOAD build/SAMD21_IOT_WG_ICM42688/production/_ext/548032175/inet_addr.o
LOAD build/SAMD21_IOT_WG_ICM42688/production/_ext/548032175/inet_ntop.o
LOAD build/SAMD21_IOT_WG_ICM42688/production/_ext/609036575/flexible_flash.o
LOAD build/SAMD21_IOT_WG_ICM42688/production/_ext/609036575/spi_flash.o
LOAD build/SAMD21_IOT_WG_ICM42688/production/_ext/1784303044/wdrv_winc_osal.o
LOAD build/SAMD21_IOT_WG_ICM42688/production/_ext/907429946/wdrv_winc_softap.o
LOAD build/SAMD21_IOT_WG_ICM42688/production/_ext/907429946/wdrv_winc_bssfind.o
LOAD build/SAMD21_IOT_WG_ICM42688/production/_ext/907429946/wdrv_winc_sta.o
LOAD build/SAMD21_IOT_WG_ICM42688/production/_ext/907429946/wdrv_winc_wps.o
LOAD build/SAMD21_IOT_WG_ICM42688/production/_ext/907429946/wdrv_winc_assoc.o
LOAD build/SAMD21_IOT_WG_ICM42688/production/_ext/907429946/wdrv_winc_socket.o
LOAD build/SAMD21_IOT_WG_ICM42688/production/_ext/907429946/wdrv_winc_systime.o
LOAD build/SAMD21_IOT_WG_ICM42688/production/_ext/907429946/wdrv_winc_enterprise.o
LOAD build/SAMD21_IOT_WG_ICM42688/production/_ext/907429946/wdrv_winc_nvm.o
LOAD build/SAMD21_IOT_WG_ICM42688/production/_ext/907429946/wdrv_winc_httpprovctx.o
LOAD build/SAMD21_IOT_WG_ICM42688/production/_ext/907429946/wdrv_winc_powersave.o
LOAD build/SAMD21_IOT_WG_ICM42688/production/_ext/907429946/wdrv_winc_authctx.o
LOAD build/SAMD21_IOT_WG_ICM42688/production/_ext/907429946/wdrv_winc_ssl.o
LOAD build/SAMD21_IOT_WG_ICM42688/production/_ext/907429946/wdrv_winc_custie.o
LOAD build/SAMD21_IOT_WG_ICM42688/production/_ext/907429946/wdrv_winc_host_file.o
LOAD build/SAMD21_IOT_WG_ICM42688/production/_ext/907429946/wdrv_winc.o
LOAD build/SAMD21_IOT_WG_ICM42688/production/_ext/907429946/wdrv_winc_bssctx.o
LOAD build/SAMD21_IOT_WG_ICM42688/production/_ext/1750425231/plib_clock.o
LOAD build/SAMD21_IOT_WG_ICM42688/production/_ext/1580516298/plib_dmac.o
LOAD build/SAMD21_IOT_WG_ICM42688/production/_ext/503204096/plib_eic.o
LOAD build/SAMD21_IOT_WG_ICM42688/production/_ext/1752574717/plib_evsys.o
LOAD build/SAMD21_IOT_WG_ICM42688/production/_ext/1580823105/plib_nvic.o
LOAD build/SAMD21_IOT_WG_ICM42688/production/_ext/11470383/plib_nvmctrl.o
LOAD build/SAMD21_IOT_WG_ICM42688/production/_ext/1580876256/plib_port.o
LOAD build/SAMD21_IOT_WG_ICM42688/production/_ext/1014017276/plib_sercom0_spi_master.o
LOAD build/SAMD21_IOT_WG_ICM42688/production/_ext/1014017276/plib_sercom2_spi_master.o
LOAD build/SAMD21_IOT_WG_ICM42688/production/_ext/177673482/plib_sercom5_usart.o
LOAD build/SAMD21_IOT_WG_ICM42688/production/_ext/223004715/plib_systick.o
LOAD build/SAMD21_IOT_WG_ICM42688/production/_ext/399410062/plib_tc3.o
LOAD build/SAMD21_IOT_WG_ICM42688/production/_ext/399410062/plib_tc4.o
LOAD build/SAMD21_IOT_WG_ICM42688/production/_ext/1357625803/xc32_monitor.o
LOAD build/SAMD21_IOT_WG_ICM42688/production/_ext/1584719636/sys_dma.o
LOAD build/SAMD21_IOT_WG_ICM42688/production/_ext/1318297016/sys_int.o
LOAD build/SAMD21_IOT_WG_ICM42688/production/_ext/386530258/sys_time.o
LOAD build/SAMD21_IOT_WG_ICM42688/production/_ext/1832905403/initialization.o
LOAD build/SAMD21_IOT_WG_ICM42688/production/_ext/1832905403/interrupts.o
LOAD build/SAMD21_IOT_WG_ICM42688/production/_ext/1832905403/exceptions.o
LOAD build/SAMD21_IOT_WG_ICM42688/production/_ext/1832905403/startup_xc32.o
LOAD build/SAMD21_IOT_WG_ICM42688/production/_ext/1832905403/libc_syscalls.o
LOAD build/SAMD21_IOT_WG_ICM42688/production/_ext/1832905403/tasks.o
LOAD build/SAMD21_IOT_WG_ICM42688/production/_ext/1341251756/Icm426xxDriver_HL.o
LOAD build/SAMD21_IOT_WG_ICM42688/production/_ext/1341251756/Icm426xxDriver_HL_apex.o
LOAD build/SAMD21_IOT_WG_ICM42688/production/_ext/1341251756/Icm426xxSelfTest.o
LOAD build/SAMD21_IOT_WG_ICM42688/production/_ext/1341251756/Icm426xxTransport.o
LOAD build/SAMD21_IOT_WG_ICM42688/production/_ext/1310896710/array_contains.o
LOAD build/SAMD21_IOT_WG_ICM42688/production/_ext/1310896710/calc_area.o
LOAD build/SAMD21_IOT_WG_ICM42688/production/_ext/1310896710/column_to_row_complex.o
LOAD build/SAMD21_IOT_WG_ICM42688/production/_ext/1310896710/crossing_rate.o
LOAD build/SAMD21_IOT_WG_ICM42688/production/_ext/1310896710/dsp_dtw_distance.o
LOAD build/SAMD21_IOT_WG_ICM42688/production/_ext/1310896710/dsp_l1_distance.o
LOAD build/SAMD21_IOT_WG_ICM42688/production/_ext/1310896710/dsp_lsup_distance.o
LOAD build/SAMD21_IOT_WG_ICM42688/production/_ext/1310896710/fftr.o
LOAD build/SAMD21_IOT_WG_ICM42688/production/_ext/1310896710/fftr_utils.o
LOAD build/SAMD21_IOT_WG_ICM42688/production/_ext/1310896710/fg_amplitude_global_p2p_low_frequency.o
LOAD build/SAMD21_IOT_WG_ICM42688/production/_ext/1310896710/fg_amplitude_min_max_sum.o
LOAD build/SAMD21_IOT_WG_ICM42688/production/_ext/1310896710/fg_amplitude_peak_to_peak.o
LOAD build/SAMD21_IOT_WG_ICM42688/production/_ext/1310896710/fg_area_absolute_area.o
LOAD build/SAMD21_IOT_WG_ICM42688/production/_ext/1310896710/fg_area_absolute_area_high_frequency.o
LOAD build/SAMD21_IOT_WG_ICM42688/production/_ext/1310896710/fg_area_absolute_area_low_frequency.o
LOAD build/SAMD21_IOT_WG_ICM42688/production/_ext/1310896710/fg_area_power_spectrum_density.o
LOAD build/SAMD21_IOT_WG_ICM42688/production/_ext/1310896710/fg_area_total_area_low_frequency.o
LOAD build/SAMD21_IOT_WG_ICM42688/production/_ext/1310896710/fg_cross_p2p_difference.o
LOAD build/SAMD21_IOT_WG_ICM42688/production/_ext/1310896710/fg_sampling_downsample.o
LOAD build/SAMD21_IOT_WG_ICM42688/production/_ext/1310896710/fg_stats_iqr.o
LOAD build/SAMD21_IOT_WG_ICM42688/production/_ext/1310896710/fg_stats_minimum.o
LOAD build/SAMD21_IOT_WG_ICM42688/production/_ext/1310896710/fg_stats_pct025.o
LOAD build/SAMD21_IOT_WG_ICM42688/production/_ext/1310896710/fg_stats_positive_zero_crossings.o
LOAD build/SAMD21_IOT_WG_ICM42688/production/_ext/1310896710/fixlog.o
LOAD build/SAMD21_IOT_WG_ICM42688/production/_ext/1310896710/imfcc.o
LOAD build/SAMD21_IOT_WG_ICM42688/production/_ext/1310896710/kb.o
LOAD build/SAMD21_IOT_WG_ICM42688/production/_ext/1310896710/kb_output.o
LOAD build/SAMD21_IOT_WG_ICM42688/production/_ext/1310896710/kb_pipeline.o
LOAD build/SAMD21_IOT_WG_ICM42688/production/_ext/1310896710/kb_post_processing.o
LOAD build/SAMD21_IOT_WG_ICM42688/production/_ext/1310896710/max_min_high_low_freq.o
LOAD build/SAMD21_IOT_WG_ICM42688/production/_ext/1310896710/ma_symmetric.o
LOAD build/SAMD21_IOT_WG_ICM42688/production/_ext/1310896710/mean.o
LOAD build/SAMD21_IOT_WG_ICM42688/production/_ext/1310896710/pme.o
LOAD build/SAMD21_IOT_WG_ICM42688/production/_ext/1310896710/pme_trained_neurons.o
LOAD build/SAMD21_IOT_WG_ICM42688/production/_ext/1310896710/ratio_diff_impl.o
LOAD build/SAMD21_IOT_WG_ICM42688/production/_ext/1310896710/rb.o
LOAD build/SAMD21_IOT_WG_ICM42688/production/_ext/1310896710/save_sensor_data.o
LOAD build/SAMD21_IOT_WG_ICM42688/production/_ext/1310896710/sf_downsample_by_averaging.o
LOAD build/SAMD21_IOT_WG_ICM42688/production/_ext/1310896710/sf_downsample_by_decimation.o
LOAD build/SAMD21_IOT_WG_ICM42688/production/_ext/1310896710/sg_windowing.o
LOAD build/SAMD21_IOT_WG_ICM42688/production/_ext/1310896710/sortarray.o
LOAD build/SAMD21_IOT_WG_ICM42688/production/_ext/1310896710/sorted_copy.o
LOAD build/SAMD21_IOT_WG_ICM42688/production/_ext/1310896710/stats_percentile_presorted.o
LOAD build/SAMD21_IOT_WG_ICM42688/production/_ext/1310896710/stat_mean.o
LOAD build/SAMD21_IOT_WG_ICM42688/production/_ext/1310896710/stat_moment.o
LOAD build/SAMD21_IOT_WG_ICM42688/production/_ext/1310896710/std.o
LOAD build/SAMD21_IOT_WG_ICM42688/production/_ext/1310896710/st_absolute_average.o
LOAD build/SAMD21_IOT_WG_ICM42688/production/_ext/1310896710/st_average.o
LOAD build/SAMD21_IOT_WG_ICM42688/production/_ext/1310896710/st_high_pass_filter.o
LOAD build/SAMD21_IOT_WG_ICM42688/production/_ext/1310896710/st_moving_average.o
LOAD build/SAMD21_IOT_WG_ICM42688/production/_ext/1310896710/sum.o
LOAD build/SAMD21_IOT_WG_ICM42688/production/_ext/1310896710/tr_min_max_scale.o
LOAD build/SAMD21_IOT_WG_ICM42688/production/_ext/1310896710/utils_array.o
LOAD build/SAMD21_IOT_WG_ICM42688/production/_ext/1310896710/utils_array_max_uint8.o
LOAD build/SAMD21_IOT_WG_ICM42688/production/_ext/1310896710/utils_bitwise_abs_val.o
LOAD build/SAMD21_IOT_WG_ICM42688/production/_ext/1310896710/utils_buffer_absmean.o
LOAD build/SAMD21_IOT_WG_ICM42688/production/_ext/1310896710/utils_buffer_abssum.o
LOAD build/SAMD21_IOT_WG_ICM42688/production/_ext/1310896710/utils_buffer_abs_max.o
LOAD build/SAMD21_IOT_WG_ICM42688/production/_ext/1310896710/utils_buffer_argmax.o
LOAD build/SAMD21_IOT_WG_ICM42688/production/_ext/1310896710/utils_buffer_autoscale.o
LOAD build/SAMD21_IOT_WG_ICM42688/production/_ext/1310896710/utils_buffer_cumsum.o
LOAD build/SAMD21_IOT_WG_ICM42688/production/_ext/1310896710/utils_buffer_max.o
LOAD build/SAMD21_IOT_WG_ICM42688/production/_ext/1310896710/utils_buffer_mean.o
LOAD build/SAMD21_IOT_WG_ICM42688/production/_ext/1310896710/utils_buffer_median.o
LOAD build/SAMD21_IOT_WG_ICM42688/production/_ext/1310896710/utils_buffer_min.o
LOAD build/SAMD21_IOT_WG_ICM42688/production/_ext/1310896710/utils_buffer_min_max.o
LOAD build/SAMD21_IOT_WG_ICM42688/production/_ext/1310896710/utils_buffer_pass_threshold.o
LOAD build/SAMD21_IOT_WG_ICM42688/production/_ext/1310896710/utils_buffer_std.o
LOAD build/SAMD21_IOT_WG_ICM42688/production/_ext/1310896710/utils_buffer_variance.o
LOAD build/SAMD21_IOT_WG_ICM42688/production/_ext/1310896710/utils_model_crossing_rate.o
LOAD build/SAMD21_IOT_WG_ICM42688/production/_ext/1310896710/utils_model_cross_column.o
LOAD build/SAMD21_IOT_WG_ICM42688/production/_ext/1310896710/utils_model_cross_difference.o
LOAD build/SAMD21_IOT_WG_ICM42688/production/_ext/1310896710/utils_model_mean_crossing_rate.o
LOAD build/SAMD21_IOT_WG_ICM42688/production/_ext/1310896710/utils_model_pct_time_over_sigma.o
LOAD build/SAMD21_IOT_WG_ICM42688/production/_ext/1310896710/utils_model_pct_time_over_threshold.o
LOAD build/SAMD21_IOT_WG_ICM42688/production/_ext/1310896710/utils_model_stats_max_min.o
LOAD build/SAMD21_IOT_WG_ICM42688/production/_ext/1310896710/utils_model_total_area.o
LOAD build/SAMD21_IOT_WG_ICM42688/production/_ext/1310896710/utils_model_total_energy.o
LOAD build/SAMD21_IOT_WG_ICM42688/production/_ext/1310896710/utils_tr_sensor.o
LOAD build/SAMD21_IOT_WG_ICM42688/production/_ext/299863938/ssi_comms.o
LOAD build/SAMD21_IOT_WG_ICM42688/production/_ext/1360937237/main.o
LOAD build/SAMD21_IOT_WG_ICM42688/production/_ext/1360937237/ringbuffer.o
LOAD build/SAMD21_IOT_WG_ICM42688/production/_ext/1360937237/app.o
LOAD build/SAMD21_IOT_WG_ICM42688/production/_ext/1360937237/ws2812.o
LOAD build/SAMD21_IOT_WG_ICM42688/production/_ext/1360937237/winc1500_udp_client.o
                0x0000000000000001                __MPLAB_BUILD = 0x1
                0x0000000000040000                __rom_end = (ORIGIN (rom) + LENGTH (rom))
                0x0000000020008000                __ram_end = (ORIGIN (ram) + LENGTH (ram))

.config_00804000
                0x0000000000804000        0x4
 *(.config_00804000)
 .config_00804000
                0x0000000000804000        0x4 build/SAMD21_IOT_WG_ICM42688/production/_ext/1832905403/initialization.o
                0x0000000000804000                __config_00804000

.config_00804004
                0x0000000000804004        0x4
 *(.config_00804004)
 .config_00804004
                0x0000000000804004        0x4 build/SAMD21_IOT_WG_ICM42688/production/_ext/1832905403/initialization.o
                0x0000000000804004                __config_00804004

.vectors        0x0000000000000000       0xb0
                0x0000000000000000                . = ALIGN (0x4)
                0x0000000000000000                _sfixed = .
 *(.vectors .vectors.* .vectors_default .vectors_default.*)
 .vectors       0x0000000000000000       0xb0 build/SAMD21_IOT_WG_ICM42688/production/_ext/1832905403/interrupts.o
                0x0000000000000000                exception_table
 *(.isr_vector)
 *(.reset*)
 *(.after_vectors)

.text           0x00000000000000b0       0x20
                0x00000000000000b0                . = ALIGN (0x4)
 *(.glue_7t)
 .glue_7t       0x00000000000000b0        0x0 linker stubs
 *(.glue_7)
 .glue_7        0x00000000000000b0        0x0 linker stubs
 *(.gnu.linkonce.r.*)
 *(.ARM.extab* .gnu.linkonce.armextab.*)
                0x00000000000000b0                . = ALIGN (0x4)
 *(.init)
 .init          0x00000000000000b0        0x4 c:/program files/microchip/xc32/v4.60/bin/bin/../../lib/gcc/pic32c/8.3.1/thumb/v6-m/nofp/crti.o
                0x00000000000000b0                _init
 .init          0x00000000000000b4        0x8 c:/program files/microchip/xc32/v4.60/bin/bin/../../lib/gcc/pic32c/8.3.1/thumb/v6-m/nofp/crtn.o
                0x00000000000000bc                . = ALIGN (0x4)
                0x00000000000000bc                __preinit_array_start = .
 *(.preinit_array)
                0x00000000000000bc                __preinit_array_end = .
                0x00000000000000bc                . = ALIGN (0x4)
                0x00000000000000bc                __init_array_start = .
 *(SORT_BY_NAME(.init_array.*))
 *(.init_array)
 .init_array    0x00000000000000bc        0x4 c:/program files/microchip/xc32/v4.60/bin/bin/../../lib/gcc/pic32c/8.3.1/thumb/v6-m/nofp/crtbegin.o
                0x00000000000000c0                __init_array_end = .
                0x00000000000000c0                . = ALIGN (0x4)
 *crtbegin.o(.ctors)
 *(EXCLUDE_FILE(*crtend.o) .ctors)
 *(SORT_BY_NAME(.ctors.*))
 *crtend.o(.ctors)
                0x00000000000000c0                . = ALIGN (0x4)
 *(.fini)
 .fini          0x00000000000000c0        0x4 c:/program files/microchip/xc32/v4.60/bin/bin/../../lib/gcc/pic32c/8.3.1/thumb/v6-m/nofp/crti.o
                0x00000000000000c0                _fini
 .fini          0x00000000000000c4        0x8 c:/program files/microchip/xc32/v4.60/bin/bin/../../lib/gcc/pic32c/8.3.1/thumb/v6-m/nofp/crtn.o
                0x00000000000000cc                . = ALIGN (0x4)
                0x00000000000000cc                __fini_array_start = .
 *(.fini_array)
 .fini_array    0x00000000000000cc        0x4 c:/program files/microchip/xc32/v4.60/bin/bin/../../lib/gcc/pic32c/8.3.1/thumb/v6-m/nofp/crtbegin.o
 *(SORT_BY_NAME(.fini_array.*))
                0x00000000000000d0                __fini_array_end = .
 *crtbegin.o(.dtors)
 *(EXCLUDE_FILE(*crtend.o) .dtors)
 *(SORT_BY_NAME(.dtors.*))
 *crtend.o(.dtors)
                0x00000000000000d0                . = ALIGN (0x4)
                0x00000000000000d0                _efixed = .
                [!provide]                        PROVIDE (__exidx_start = .)

.ARM.exidx      0x00000000000000d0       0x10
 *(.ARM.exidx* .gnu.linkonce.armexidx.*)
 .ARM.exidx     0x00000000000000d8        0x8 c:/program files/microchip/xc32/v4.60/bin/bin/../../lib/gcc/pic32c/8.3.1/thumb/v6-m/nofp\libgcc.a(_udivmoddi4.o)
 .ARM.exidx     0x00000000000000d0        0x8 c:/program files/microchip/xc32/v4.60/bin/bin/../../lib/gcc/pic32c/8.3.1/thumb/v6-m/nofp\libgcc.a(_divdi3.o)
                [!provide]                        PROVIDE (__exidx_end = .)
                0x00000000000000e0                . = ALIGN (0x4)
                0x00000000000000e0                _etext = .

.bss            0x0000000020000000        0x0
                0x0000000020000000                . = ALIGN (0x4)
                0x0000000020000000                __bss_start__ = .
                0x0000000020000000                _sbss = .
                0x0000000020000000                _szero = .
 *(COMMON)
                0x0000000020000000                . = ALIGN (0x4)
                0x0000000020000000                __bss_end__ = .
                0x0000000020000000                _ebss = .
                0x0000000020000000                _ezero = .
                0x0000000020000000                . = ALIGN (0x4)
                0x0000000020000000                _end = .
                0x0000000020007fff                _ram_end_ = ((ORIGIN (ram) + LENGTH (ram)) - 0x1)
                0x0000000000000200                _min_heap_size = 0x200
START GROUP
LOAD c:/program files/microchip/xc32/v4.60/bin/bin/../../lib/gcc/pic32c/8.3.1/../../../../pic32c/lib/thumb/v6-m/nofp\libpic32c.a
LOAD c:/program files/microchip/xc32/v4.60/bin/bin/../../lib/gcc/pic32c/8.3.1/../../../../pic32c/lib/thumb/v6-m/nofp\libc-size-musl.a
LOAD c:/program files/microchip/xc32/v4.60/bin/bin/../../lib/gcc/pic32c/8.3.1/../../../../pic32c/lib/thumb/v6-m/nofp\liblmalloc-musl.a
LOAD c:/program files/microchip/xc32/v4.60/bin/bin/../../lib/gcc/pic32c/8.3.1/../../../../pic32c/lib/thumb/v6-m/nofp\libm-fast-emfloat.a
LOAD c:/program files/microchip/xc32/v4.60/bin/bin/../../lib/gcc/pic32c/8.3.1/../../../../pic32c/lib/thumb/v6-m/nofp\libm-musl.a
LOAD c:/program files/microchip/xc32/v4.60/bin/bin/../../lib/gcc/pic32c/8.3.1/../../../../pic32c/lib/thumb/v6-m/nofp\libc-musl.a
LOAD c:/program files/microchip/xc32/v4.60/bin/bin/../../lib/gcc/pic32c/8.3.1/../../../../pic32c/lib/thumb/v6-m/nofp\libm-fast-emfloat.a
LOAD c:/program files/microchip/xc32/v4.60/bin/bin/../../lib/gcc/pic32c/8.3.1/../../../../pic32c/lib/thumb/v6-m/nofp\libm-musl.a
LOAD c:/program files/microchip/xc32/v4.60/bin/bin/../../lib/gcc/pic32c/8.3.1/thumb/v6-m/nofp\libgcc.a
END GROUP
LOAD c:/program files/microchip/xc32/v4.60/bin/bin/../../lib/gcc/pic32c/8.3.1/thumb/v6-m/nofp/crtend.o
LOAD c:/program files/microchip/xc32/v4.60/bin/bin/../../lib/gcc/pic32c/8.3.1/thumb/v6-m/nofp/crtn.o
OUTPUT(dist/SAMD21_IOT_WG_ICM42688/production/samd21_iot_wand.X.production.elf elf32-littlearm)
LOAD data_init
LOAD stack

.ARM.attributes
                0x0000000000000000       0x2a
 .ARM.attributes
                0x0000000000000000       0x1e c:/program files/microchip/xc32/v4.60/bin/bin/../../lib/gcc/pic32c/8.3.1/thumb/v6-m/nofp/crti.o
 .ARM.attributes
                0x000000000000001e       0x2c c:/program files/microchip/xc32/v4.60/bin/bin/../../lib/gcc/pic32c/8.3.1/thumb/v6-m/nofp/crtbegin.o
 .ARM.attributes
                0x000000000000004a       0x2c build/SAMD21_IOT_WG_ICM42688/production/_ext/2048461350/icm42688_sensor.o
 .ARM.attributes
                0x0000000000000076       0x2c build/SAMD21_IOT_WG_ICM42688/production/_ext/2078824600/sml_recognition_run.o
 .ARM.attributes
                0x00000000000000a2       0x2c build/SAMD21_IOT_WG_ICM42688/production/_ext/1660664302/drv_spi.o
 .ARM.attributes
                0x00000000000000ce       0x2c build/SAMD21_IOT_WG_ICM42688/production/_ext/1164161090/wdrv_winc_gpio.o
 .ARM.attributes
                0x00000000000000fa       0x2c build/SAMD21_IOT_WG_ICM42688/production/_ext/1164161090/wdrv_winc_eint.o
 .ARM.attributes
                0x0000000000000126       0x2c build/SAMD21_IOT_WG_ICM42688/production/_ext/101005277/wdrv_winc_spi.o
 .ARM.attributes
                0x0000000000000152       0x2c build/SAMD21_IOT_WG_ICM42688/production/_ext/90265895/nm_common.o
 .ARM.attributes
                0x000000000000017e       0x2c build/SAMD21_IOT_WG_ICM42688/production/_ext/121554788/m2m_ssl.o
 .ARM.attributes
                0x00000000000001aa       0x2c build/SAMD21_IOT_WG_ICM42688/production/_ext/121554788/m2m_hif.o
 .ARM.attributes
                0x00000000000001d6       0x2c build/SAMD21_IOT_WG_ICM42688/production/_ext/121554788/m2m_wifi.o
 .ARM.attributes
                0x0000000000000202       0x2c build/SAMD21_IOT_WG_ICM42688/production/_ext/121554788/nmspi.o
 .ARM.attributes
                0x000000000000022e       0x2c build/SAMD21_IOT_WG_ICM42688/production/_ext/121554788/nmdrv.o
 .ARM.attributes
                0x000000000000025a       0x2c build/SAMD21_IOT_WG_ICM42688/production/_ext/121554788/m2m_ota.o
 .ARM.attributes
                0x0000000000000286       0x2c build/SAMD21_IOT_WG_ICM42688/production/_ext/121554788/nmasic.o
 .ARM.attributes
                0x00000000000002b2       0x2c build/SAMD21_IOT_WG_ICM42688/production/_ext/121554788/nmbus.o
 .ARM.attributes
                0x00000000000002de       0x2c build/SAMD21_IOT_WG_ICM42688/production/_ext/548032175/socket.o
 .ARM.attributes
                0x000000000000030a       0x2c build/SAMD21_IOT_WG_ICM42688/production/_ext/609036575/flexible_flash.o
 .ARM.attributes
                0x0000000000000336       0x2c build/SAMD21_IOT_WG_ICM42688/production/_ext/609036575/spi_flash.o
 .ARM.attributes
                0x0000000000000362       0x2c build/SAMD21_IOT_WG_ICM42688/production/_ext/1784303044/wdrv_winc_osal.o
 .ARM.attributes
                0x000000000000038e       0x2c build/SAMD21_IOT_WG_ICM42688/production/_ext/907429946/wdrv_winc_systime.o
 .ARM.attributes
                0x00000000000003ba       0x2c build/SAMD21_IOT_WG_ICM42688/production/_ext/907429946/wdrv_winc_authctx.o
 .ARM.attributes
                0x00000000000003e6       0x2c build/SAMD21_IOT_WG_ICM42688/production/_ext/907429946/wdrv_winc_host_file.o
 .ARM.attributes
                0x0000000000000412       0x2c build/SAMD21_IOT_WG_ICM42688/production/_ext/907429946/wdrv_winc.o
 .ARM.attributes
                0x000000000000043e       0x2c build/SAMD21_IOT_WG_ICM42688/production/_ext/907429946/wdrv_winc_bssctx.o
 .ARM.attributes
                0x000000000000046a       0x2c build/SAMD21_IOT_WG_ICM42688/production/_ext/1750425231/plib_clock.o
 .ARM.attributes
                0x0000000000000496       0x2c build/SAMD21_IOT_WG_ICM42688/production/_ext/1580516298/plib_dmac.o
 .ARM.attributes
                0x00000000000004c2       0x2c build/SAMD21_IOT_WG_ICM42688/production/_ext/503204096/plib_eic.o
 .ARM.attributes
                0x00000000000004ee       0x2c build/SAMD21_IOT_WG_ICM42688/production/_ext/1580823105/plib_nvic.o
 .ARM.attributes
                0x000000000000051a       0x2c build/SAMD21_IOT_WG_ICM42688/production/_ext/11470383/plib_nvmctrl.o
 .ARM.attributes
                0x0000000000000546       0x2c build/SAMD21_IOT_WG_ICM42688/production/_ext/1580876256/plib_port.o
 .ARM.attributes
                0x0000000000000572       0x2c build/SAMD21_IOT_WG_ICM42688/production/_ext/1014017276/plib_sercom0_spi_master.o
 .ARM.attributes
                0x000000000000059e       0x2c build/SAMD21_IOT_WG_ICM42688/production/_ext/1014017276/plib_sercom2_spi_master.o
 .ARM.attributes
                0x00000000000005ca       0x2c build/SAMD21_IOT_WG_ICM42688/production/_ext/177673482/plib_sercom5_usart.o
 .ARM.attributes
                0x00000000000005f6       0x2c build/SAMD21_IOT_WG_ICM42688/production/_ext/223004715/plib_systick.o
 .ARM.attributes
                0x0000000000000622       0x2c build/SAMD21_IOT_WG_ICM42688/production/_ext/399410062/plib_tc3.o
 .ARM.attributes
                0x000000000000064e       0x2c build/SAMD21_IOT_WG_ICM42688/production/_ext/399410062/plib_tc4.o
 .ARM.attributes
                0x000000000000067a       0x2c build/SAMD21_IOT_WG_ICM42688/production/_ext/1357625803/xc32_monitor.o
 .ARM.attributes
                0x00000000000006a6       0x2c build/SAMD21_IOT_WG_ICM42688/production/_ext/1584719636/sys_dma.o
 .ARM.attributes
                0x00000000000006d2       0x2c build/SAMD21_IOT_WG_ICM42688/production/_ext/1318297016/sys_int.o
 .ARM.attributes
                0x00000000000006fe       0x2c build/SAMD21_IOT_WG_ICM42688/production/_ext/386530258/sys_time.o
 .ARM.attributes
                0x000000000000072a       0x2c build/SAMD21_IOT_WG_ICM42688/production/_ext/1832905403/initialization.o
 .ARM.attributes
                0x0000000000000756       0x2c build/SAMD21_IOT_WG_ICM42688/production/_ext/1832905403/interrupts.o
 .ARM.attributes
                0x0000000000000782       0x2c build/SAMD21_IOT_WG_ICM42688/production/_ext/1832905403/exceptions.o
 .ARM.attributes
                0x00000000000007ae       0x2c build/SAMD21_IOT_WG_ICM42688/production/_ext/1832905403/startup_xc32.o
 .ARM.attributes
                0x00000000000007da       0x2c build/SAMD21_IOT_WG_ICM42688/production/_ext/1832905403/tasks.o
 .ARM.attributes
                0x0000000000000806       0x2c build/SAMD21_IOT_WG_ICM42688/production/_ext/1341251756/Icm426xxDriver_HL.o
 .ARM.attributes
                0x0000000000000832       0x2c build/SAMD21_IOT_WG_ICM42688/production/_ext/1341251756/Icm426xxTransport.o
 .ARM.attributes
                0x000000000000085e       0x2c build/SAMD21_IOT_WG_ICM42688/production/_ext/1310896710/crossing_rate.o
 .ARM.attributes
                0x000000000000088a       0x2c build/SAMD21_IOT_WG_ICM42688/production/_ext/1310896710/dsp_dtw_distance.o
 .ARM.attributes
                0x00000000000008b6       0x2c build/SAMD21_IOT_WG_ICM42688/production/_ext/1310896710/dsp_l1_distance.o
 .ARM.attributes
                0x00000000000008e2       0x2c build/SAMD21_IOT_WG_ICM42688/production/_ext/1310896710/dsp_lsup_distance.o
 .ARM.attributes
                0x000000000000090e       0x2c build/SAMD21_IOT_WG_ICM42688/production/_ext/1310896710/fg_amplitude_global_p2p_low_frequency.o
 .ARM.attributes
                0x000000000000093a       0x2c build/SAMD21_IOT_WG_ICM42688/production/_ext/1310896710/fg_amplitude_min_max_sum.o
 .ARM.attributes
                0x0000000000000966       0x2c build/SAMD21_IOT_WG_ICM42688/production/_ext/1310896710/fg_amplitude_peak_to_peak.o
 .ARM.attributes
                0x0000000000000992       0x2c build/SAMD21_IOT_WG_ICM42688/production/_ext/1310896710/fg_area_absolute_area.o
 .ARM.attributes
                0x00000000000009be       0x2c build/SAMD21_IOT_WG_ICM42688/production/_ext/1310896710/fg_area_absolute_area_high_frequency.o
 .ARM.attributes
                0x00000000000009ea       0x2c build/SAMD21_IOT_WG_ICM42688/production/_ext/1310896710/fg_area_absolute_area_low_frequency.o
 .ARM.attributes
                0x0000000000000a16       0x2c build/SAMD21_IOT_WG_ICM42688/production/_ext/1310896710/fg_area_power_spectrum_density.o
 .ARM.attributes
                0x0000000000000a42       0x2c build/SAMD21_IOT_WG_ICM42688/production/_ext/1310896710/fg_area_total_area_low_frequency.o
 .ARM.attributes
                0x0000000000000a6e       0x2c build/SAMD21_IOT_WG_ICM42688/production/_ext/1310896710/fg_cross_p2p_difference.o
 .ARM.attributes
                0x0000000000000a9a       0x2c build/SAMD21_IOT_WG_ICM42688/production/_ext/1310896710/fg_sampling_downsample.o
 .ARM.attributes
                0x0000000000000ac6       0x2c build/SAMD21_IOT_WG_ICM42688/production/_ext/1310896710/fg_stats_iqr.o
 .ARM.attributes
                0x0000000000000af2       0x2c build/SAMD21_IOT_WG_ICM42688/production/_ext/1310896710/fg_stats_minimum.o
 .ARM.attributes
                0x0000000000000b1e       0x2c build/SAMD21_IOT_WG_ICM42688/production/_ext/1310896710/fg_stats_pct025.o
 .ARM.attributes
                0x0000000000000b4a       0x2c build/SAMD21_IOT_WG_ICM42688/production/_ext/1310896710/fg_stats_positive_zero_crossings.o
 .ARM.attributes
                0x0000000000000b76       0x2c build/SAMD21_IOT_WG_ICM42688/production/_ext/1310896710/kb.o
 .ARM.attributes
                0x0000000000000ba2       0x2c build/SAMD21_IOT_WG_ICM42688/production/_ext/1310896710/kb_output.o
 .ARM.attributes
                0x0000000000000bce       0x2c build/SAMD21_IOT_WG_ICM42688/production/_ext/1310896710/kb_pipeline.o
 .ARM.attributes
                0x0000000000000bfa       0x2c build/SAMD21_IOT_WG_ICM42688/production/_ext/1310896710/ma_symmetric.o
 .ARM.attributes
                0x0000000000000c26       0x2c build/SAMD21_IOT_WG_ICM42688/production/_ext/1310896710/mean.o
 .ARM.attributes
                0x0000000000000c52       0x2c build/SAMD21_IOT_WG_ICM42688/production/_ext/1310896710/pme.o
 .ARM.attributes
                0x0000000000000c7e       0x32 build/SAMD21_IOT_WG_ICM42688/production/_ext/1310896710/pme_trained_neurons.o
 .ARM.attributes
                0x0000000000000cb0       0x2c build/SAMD21_IOT_WG_ICM42688/production/_ext/1310896710/rb.o
 .ARM.attributes
                0x0000000000000cdc       0x2c build/SAMD21_IOT_WG_ICM42688/production/_ext/1310896710/save_sensor_data.o
 .ARM.attributes
                0x0000000000000d08       0x2c build/SAMD21_IOT_WG_ICM42688/production/_ext/1310896710/sf_downsample_by_averaging.o
 .ARM.attributes
                0x0000000000000d34       0x2c build/SAMD21_IOT_WG_ICM42688/production/_ext/1310896710/sg_windowing.o
 .ARM.attributes
                0x0000000000000d60       0x2c build/SAMD21_IOT_WG_ICM42688/production/_ext/1310896710/sortarray.o
 .ARM.attributes
                0x0000000000000d8c       0x2c build/SAMD21_IOT_WG_ICM42688/production/_ext/1310896710/sorted_copy.o
 .ARM.attributes
                0x0000000000000db8       0x2c build/SAMD21_IOT_WG_ICM42688/production/_ext/1310896710/stats_percentile_presorted.o
 .ARM.attributes
                0x0000000000000de4       0x2c build/SAMD21_IOT_WG_ICM42688/production/_ext/1310896710/tr_min_max_scale.o
 .ARM.attributes
                0x0000000000000e10       0x2c build/SAMD21_IOT_WG_ICM42688/production/_ext/1310896710/utils_array_max_uint8.o
 .ARM.attributes
                0x0000000000000e3c       0x2c build/SAMD21_IOT_WG_ICM42688/production/_ext/1310896710/utils_bitwise_abs_val.o
 .ARM.attributes
                0x0000000000000e68       0x2c build/SAMD21_IOT_WG_ICM42688/production/_ext/1310896710/utils_buffer_min_max.o
 .ARM.attributes
                0x0000000000000e94       0x2c build/SAMD21_IOT_WG_ICM42688/production/_ext/1310896710/utils_model_cross_difference.o
 .ARM.attributes
                0x0000000000000ec0       0x2c build/SAMD21_IOT_WG_ICM42688/production/_ext/1310896710/utils_model_stats_max_min.o
 .ARM.attributes
                0x0000000000000eec       0x2c build/SAMD21_IOT_WG_ICM42688/production/_ext/1310896710/utils_model_total_area.o
 .ARM.attributes
                0x0000000000000f18       0x2c build/SAMD21_IOT_WG_ICM42688/production/_ext/1310896710/utils_tr_sensor.o
 .ARM.attributes
                0x0000000000000f44       0x2c build/SAMD21_IOT_WG_ICM42688/production/_ext/1360937237/main.o
 .ARM.attributes
                0x0000000000000f70       0x2c build/SAMD21_IOT_WG_ICM42688/production/_ext/1360937237/ringbuffer.o
 .ARM.attributes
                0x0000000000000f9c       0x2c build/SAMD21_IOT_WG_ICM42688/production/_ext/1360937237/app.o
 .ARM.attributes
                0x0000000000000fc8       0x2c build/SAMD21_IOT_WG_ICM42688/production/_ext/1360937237/ws2812.o
 .ARM.attributes
                0x0000000000000ff4       0x2c c:/program files/microchip/xc32/v4.60/bin/bin/../../lib/gcc/pic32c/8.3.1/../../../../pic32c/lib/thumb/v6-m/nofp\libpic32c.a(data_init.o)
 .ARM.attributes
                0x0000000000001020       0x2e c:/program files/microchip/xc32/v4.60/bin/bin/../../lib/gcc/pic32c/8.3.1/../../../../pic32c/lib/thumb/v6-m/nofp\libc-size-musl.a(memcpy.o)
 .ARM.attributes
                0x000000000000104e       0x2e c:/program files/microchip/xc32/v4.60/bin/bin/../../lib/gcc/pic32c/8.3.1/../../../../pic32c/lib/thumb/v6-m/nofp\libc-size-musl.a(memset.o)
 .ARM.attributes
                0x000000000000107c       0x2e c:/program files/microchip/xc32/v4.60/bin/bin/../../lib/gcc/pic32c/8.3.1/../../../../pic32c/lib/thumb/v6-m/nofp\libc-size-musl.a(strlen.o)
 .ARM.attributes
                0x00000000000010aa       0x2e c:/program files/microchip/xc32/v4.60/bin/bin/../../lib/gcc/pic32c/8.3.1/../../../../pic32c/lib/thumb/v6-m/nofp\libc-size-musl.a(strchr.o)
 .ARM.attributes
                0x00000000000010d8       0x2e c:/program files/microchip/xc32/v4.60/bin/bin/../../lib/gcc/pic32c/8.3.1/../../../../pic32c/lib/thumb/v6-m/nofp\libc-size-musl.a(strchrnul.o)
 .ARM.attributes
                0x0000000000001106       0x2e c:/program files/microchip/xc32/v4.60/bin/bin/../../lib/gcc/pic32c/8.3.1/../../../../pic32c/lib/thumb/v6-m/nofp\libc-size-musl.a(strnlen.o)
 .ARM.attributes
                0x0000000000001134       0x2e c:/program files/microchip/xc32/v4.60/bin/bin/../../lib/gcc/pic32c/8.3.1/../../../../pic32c/lib/thumb/v6-m/nofp\libc-size-musl.a(memchr.o)
 .ARM.attributes
                0x0000000000001162       0x2e c:/program files/microchip/xc32/v4.60/bin/bin/../../lib/gcc/pic32c/8.3.1/../../../../pic32c/lib/thumb/v6-m/nofp\liblmalloc-musl.a(lite_calloc.o)
 .ARM.attributes
                0x0000000000001190       0x2e c:/program files/microchip/xc32/v4.60/bin/bin/../../lib/gcc/pic32c/8.3.1/../../../../pic32c/lib/thumb/v6-m/nofp\liblmalloc-musl.a(lite_free.o)
 .ARM.attributes
                0x00000000000011be       0x2e c:/program files/microchip/xc32/v4.60/bin/bin/../../lib/gcc/pic32c/8.3.1/../../../../pic32c/lib/thumb/v6-m/nofp\liblmalloc-musl.a(lite_malloc.o)
 .ARM.attributes
                0x00000000000011ec       0x2c c:/program files/microchip/xc32/v4.60/bin/bin/../../lib/gcc/pic32c/8.3.1/../../../../pic32c/lib/thumb/v6-m/nofp\libm-fast-emfloat.a(modff.o)
 .ARM.attributes
                0x0000000000001218       0x1c c:/program files/microchip/xc32/v4.60/bin/bin/../../lib/gcc/pic32c/8.3.1/../../../../pic32c/lib/thumb/v6-m/nofp\libm-fast-emfloat.a(__aeabi_fadd.o)
 .ARM.attributes
                0x0000000000001234       0x1c c:/program files/microchip/xc32/v4.60/bin/bin/../../lib/gcc/pic32c/8.3.1/../../../../pic32c/lib/thumb/v6-m/nofp\libm-fast-emfloat.a(__aeabi_dadd.o)
 .ARM.attributes
                0x0000000000001250       0x1c c:/program files/microchip/xc32/v4.60/bin/bin/../../lib/gcc/pic32c/8.3.1/../../../../pic32c/lib/thumb/v6-m/nofp\libm-fast-emfloat.a(__aeabi_fsub.o)
 .ARM.attributes
                0x000000000000126c       0x1c c:/program files/microchip/xc32/v4.60/bin/bin/../../lib/gcc/pic32c/8.3.1/../../../../pic32c/lib/thumb/v6-m/nofp\libm-fast-emfloat.a(__aeabi_fmul.o)
 .ARM.attributes
                0x0000000000001288       0x1c c:/program files/microchip/xc32/v4.60/bin/bin/../../lib/gcc/pic32c/8.3.1/../../../../pic32c/lib/thumb/v6-m/nofp\libm-fast-emfloat.a(__aeabi_dmul_aux.o)
 .ARM.attributes
                0x00000000000012a4       0x1c c:/program files/microchip/xc32/v4.60/bin/bin/../../lib/gcc/pic32c/8.3.1/../../../../pic32c/lib/thumb/v6-m/nofp\libm-fast-emfloat.a(__aeabi_fdiv.o)
 .ARM.attributes
                0x00000000000012c0       0x1c c:/program files/microchip/xc32/v4.60/bin/bin/../../lib/gcc/pic32c/8.3.1/../../../../pic32c/lib/thumb/v6-m/nofp\libm-fast-emfloat.a(__aeabi_ddiv.o)
 .ARM.attributes
                0x00000000000012dc       0x1c c:/program files/microchip/xc32/v4.60/bin/bin/../../lib/gcc/pic32c/8.3.1/../../../../pic32c/lib/thumb/v6-m/nofp\libm-fast-emfloat.a(__aeabi_fcmple.o)
 .ARM.attributes
                0x00000000000012f8       0x1c c:/program files/microchip/xc32/v4.60/bin/bin/../../lib/gcc/pic32c/8.3.1/../../../../pic32c/lib/thumb/v6-m/nofp\libm-fast-emfloat.a(__aeabi_fcmpeq.o)
 .ARM.attributes
                0x0000000000001314       0x1c c:/program files/microchip/xc32/v4.60/bin/bin/../../lib/gcc/pic32c/8.3.1/../../../../pic32c/lib/thumb/v6-m/nofp\libm-fast-emfloat.a(__aeabi_dcmpeq.o)
 .ARM.attributes
                0x0000000000001330       0x1c c:/program files/microchip/xc32/v4.60/bin/bin/../../lib/gcc/pic32c/8.3.1/../../../../pic32c/lib/thumb/v6-m/nofp\libm-fast-emfloat.a(__aeabi_fcmpge.o)
 .ARM.attributes
                0x000000000000134c       0x1c c:/program files/microchip/xc32/v4.60/bin/bin/../../lib/gcc/pic32c/8.3.1/../../../../pic32c/lib/thumb/v6-m/nofp\libm-fast-emfloat.a(__aeabi_fcmpgt.o)
 .ARM.attributes
                0x0000000000001368       0x1c c:/program files/microchip/xc32/v4.60/bin/bin/../../lib/gcc/pic32c/8.3.1/../../../../pic32c/lib/thumb/v6-m/nofp\libm-fast-emfloat.a(__aeabi_dcmpgt.o)
 .ARM.attributes
                0x0000000000001384       0x1c c:/program files/microchip/xc32/v4.60/bin/bin/../../lib/gcc/pic32c/8.3.1/../../../../pic32c/lib/thumb/v6-m/nofp\libm-fast-emfloat.a(__aeabi_fcmplt.o)
 .ARM.attributes
                0x00000000000013a0       0x1c c:/program files/microchip/xc32/v4.60/bin/bin/../../lib/gcc/pic32c/8.3.1/../../../../pic32c/lib/thumb/v6-m/nofp\libm-fast-emfloat.a(__aeabi_dcmplt.o)
 .ARM.attributes
                0x00000000000013bc       0x1c c:/program files/microchip/xc32/v4.60/bin/bin/../../lib/gcc/pic32c/8.3.1/../../../../pic32c/lib/thumb/v6-m/nofp\libm-fast-emfloat.a(__aeabi_f2iz.o)
 .ARM.attributes
                0x00000000000013d8       0x1c c:/program files/microchip/xc32/v4.60/bin/bin/../../lib/gcc/pic32c/8.3.1/../../../../pic32c/lib/thumb/v6-m/nofp\libm-fast-emfloat.a(__aeabi_d2iz.o)
 .ARM.attributes
                0x00000000000013f4       0x1c c:/program files/microchip/xc32/v4.60/bin/bin/../../lib/gcc/pic32c/8.3.1/../../../../pic32c/lib/thumb/v6-m/nofp\libm-fast-emfloat.a(__aeabi_f2uiz.o)
 .ARM.attributes
                0x0000000000001410       0x1c c:/program files/microchip/xc32/v4.60/bin/bin/../../lib/gcc/pic32c/8.3.1/../../../../pic32c/lib/thumb/v6-m/nofp\libm-fast-emfloat.a(__aeabi_d2uiz.o)
 .ARM.attributes
                0x000000000000142c       0x1c c:/program files/microchip/xc32/v4.60/bin/bin/../../lib/gcc/pic32c/8.3.1/../../../../pic32c/lib/thumb/v6-m/nofp\libm-fast-emfloat.a(__aeabi_i2f.o)
 .ARM.attributes
                0x0000000000001448       0x1c c:/program files/microchip/xc32/v4.60/bin/bin/../../lib/gcc/pic32c/8.3.1/../../../../pic32c/lib/thumb/v6-m/nofp\libm-fast-emfloat.a(__aeabi_i2d.o)
 .ARM.attributes
                0x0000000000001464       0x1c c:/program files/microchip/xc32/v4.60/bin/bin/../../lib/gcc/pic32c/8.3.1/../../../../pic32c/lib/thumb/v6-m/nofp\libm-fast-emfloat.a(__aeabi_l2f.o)
 .ARM.attributes
                0x0000000000001480       0x1c c:/program files/microchip/xc32/v4.60/bin/bin/../../lib/gcc/pic32c/8.3.1/../../../../pic32c/lib/thumb/v6-m/nofp\libm-fast-emfloat.a(__aeabi_ui2f.o)
 .ARM.attributes
                0x000000000000149c       0x1c c:/program files/microchip/xc32/v4.60/bin/bin/../../lib/gcc/pic32c/8.3.1/../../../../pic32c/lib/thumb/v6-m/nofp\libm-fast-emfloat.a(__aeabi_ui2d.o)
 .ARM.attributes
                0x00000000000014b8       0x1c c:/program files/microchip/xc32/v4.60/bin/bin/../../lib/gcc/pic32c/8.3.1/../../../../pic32c/lib/thumb/v6-m/nofp\libm-fast-emfloat.a(__aeabi_ul2f.o)
 .ARM.attributes
                0x00000000000014d4       0x1c c:/program files/microchip/xc32/v4.60/bin/bin/../../lib/gcc/pic32c/8.3.1/../../../../pic32c/lib/thumb/v6-m/nofp\libm-fast-emfloat.a(__aeabi_f2d.o)
 .ARM.attributes
                0x00000000000014f0       0x1c c:/program files/microchip/xc32/v4.60/bin/bin/../../lib/gcc/pic32c/8.3.1/../../../../pic32c/lib/thumb/v6-m/nofp\libm-fast-emfloat.a(__aeabi_d2f.o)
 .ARM.attributes
                0x000000000000150c       0x2e c:/program files/microchip/xc32/v4.60/bin/bin/../../lib/gcc/pic32c/8.3.1/../../../../pic32c/lib/thumb/v6-m/nofp\libc-musl.a(__libc_start_main.o)
 .ARM.attributes
                0x000000000000153a       0x2e c:/program files/microchip/xc32/v4.60/bin/bin/../../lib/gcc/pic32c/8.3.1/../../../../pic32c/lib/thumb/v6-m/nofp\libc-musl.a(__errno_location.o)
 .ARM.attributes
                0x0000000000001568       0x2e c:/program files/microchip/xc32/v4.60/bin/bin/../../lib/gcc/pic32c/8.3.1/../../../../pic32c/lib/thumb/v6-m/nofp\libc-musl.a(libc.o)
 .ARM.attributes
                0x0000000000001596       0x2e c:/program files/microchip/xc32/v4.60/bin/bin/../../lib/gcc/pic32c/8.3.1/../../../../pic32c/lib/thumb/v6-m/nofp\libc-musl.a(expand_heap.o)
 .ARM.attributes
                0x00000000000015c4       0x2e c:/program files/microchip/xc32/v4.60/bin/bin/../../lib/gcc/pic32c/8.3.1/../../../../pic32c/lib/thumb/v6-m/nofp\libc-musl.a(__sio_printf_cdeEfFgGnpsuxX.o)
 .ARM.attributes
                0x00000000000015f2       0x2e c:/program files/microchip/xc32/v4.60/bin/bin/../../lib/gcc/pic32c/8.3.1/../../../../pic32c/lib/thumb/v6-m/nofp\libc-musl.a(__sio_sprintf_cdeEfFgGnpsuxX.o)
 .ARM.attributes
                0x0000000000001620       0x2e c:/program files/microchip/xc32/v4.60/bin/bin/../../lib/gcc/pic32c/8.3.1/../../../../pic32c/lib/thumb/v6-m/nofp\libc-musl.a(__fmt_d.o)
 .ARM.attributes
                0x000000000000164e       0x2e c:/program files/microchip/xc32/v4.60/bin/bin/../../lib/gcc/pic32c/8.3.1/../../../../pic32c/lib/thumb/v6-m/nofp\libc-musl.a(__fmt_fp.o)
 .ARM.attributes
                0x000000000000167c       0x2e c:/program files/microchip/xc32/v4.60/bin/bin/../../lib/gcc/pic32c/8.3.1/../../../../pic32c/lib/thumb/v6-m/nofp\libc-musl.a(__fmt_s.o)
 .ARM.attributes
                0x00000000000016aa       0x2e c:/program files/microchip/xc32/v4.60/bin/bin/../../lib/gcc/pic32c/8.3.1/../../../../pic32c/lib/thumb/v6-m/nofp\libc-musl.a(__fmt_u.o)
 .ARM.attributes
                0x00000000000016d8       0x2e c:/program files/microchip/xc32/v4.60/bin/bin/../../lib/gcc/pic32c/8.3.1/../../../../pic32c/lib/thumb/v6-m/nofp\libc-musl.a(__fmt_x.o)
 .ARM.attributes
                0x0000000000001706       0x2e c:/program files/microchip/xc32/v4.60/bin/bin/../../lib/gcc/pic32c/8.3.1/../../../../pic32c/lib/thumb/v6-m/nofp\libc-musl.a(__pop_float.o)
 .ARM.attributes
                0x0000000000001734       0x2e c:/program files/microchip/xc32/v4.60/bin/bin/../../lib/gcc/pic32c/8.3.1/../../../../pic32c/lib/thumb/v6-m/nofp\libc-musl.a(__pop_int.o)
 .ARM.attributes
                0x0000000000001762       0x2e c:/program files/microchip/xc32/v4.60/bin/bin/../../lib/gcc/pic32c/8.3.1/../../../../pic32c/lib/thumb/v6-m/nofp\libc-musl.a(__pop_ptr.o)
 .ARM.attributes
                0x0000000000001790       0x2e c:/program files/microchip/xc32/v4.60/bin/bin/../../lib/gcc/pic32c/8.3.1/../../../../pic32c/lib/thumb/v6-m/nofp\libc-musl.a(__printf_core.o)
 .ARM.attributes
                0x00000000000017be       0x2e c:/program files/microchip/xc32/v4.60/bin/bin/../../lib/gcc/pic32c/8.3.1/../../../../pic32c/lib/thumb/v6-m/nofp\libc-musl.a(stdin.o)
 .ARM.attributes
                0x00000000000017ec       0x2e c:/program files/microchip/xc32/v4.60/bin/bin/../../lib/gcc/pic32c/8.3.1/../../../../pic32c/lib/thumb/v6-m/nofp\libc-musl.a(stdout.o)
 .ARM.attributes
                0x000000000000181a       0x2e c:/program files/microchip/xc32/v4.60/bin/bin/../../lib/gcc/pic32c/8.3.1/../../../../pic32c/lib/thumb/v6-m/nofp\libc-musl.a(putchar.o)
 .ARM.attributes
                0x0000000000001848       0x2e c:/program files/microchip/xc32/v4.60/bin/bin/../../lib/gcc/pic32c/8.3.1/../../../../pic32c/lib/thumb/v6-m/nofp\libc-musl.a(puts.o)
 .ARM.attributes
                0x0000000000001876       0x2e c:/program files/microchip/xc32/v4.60/bin/bin/../../lib/gcc/pic32c/8.3.1/../../../../pic32c/lib/thumb/v6-m/nofp\libc-musl.a(setbuf.o)
 .ARM.attributes
                0x00000000000018a4       0x2e c:/program files/microchip/xc32/v4.60/bin/bin/../../lib/gcc/pic32c/8.3.1/../../../../pic32c/lib/thumb/v6-m/nofp\libc-musl.a(atoi.o)
 .ARM.attributes
                0x00000000000018d2       0x2e c:/program files/microchip/xc32/v4.60/bin/bin/../../lib/gcc/pic32c/8.3.1/../../../../pic32c/lib/thumb/v6-m/nofp\libc-musl.a(gmtime.o)
 .ARM.attributes
                0x0000000000001900       0x2e c:/program files/microchip/xc32/v4.60/bin/bin/../../lib/gcc/pic32c/8.3.1/../../../../pic32c/lib/thumb/v6-m/nofp\libc-musl.a(gmtime_r.o)
 .ARM.attributes
                0x000000000000192e       0x2e c:/program files/microchip/xc32/v4.60/bin/bin/../../lib/gcc/pic32c/8.3.1/../../../../pic32c/lib/thumb/v6-m/nofp\libc-musl.a(mktime.o)
 .ARM.attributes
                0x000000000000195c       0x2e c:/program files/microchip/xc32/v4.60/bin/bin/../../lib/gcc/pic32c/8.3.1/../../../../pic32c/lib/thumb/v6-m/nofp\libc-musl.a(tolower.o)
 .ARM.attributes
                0x000000000000198a       0x2e c:/program files/microchip/xc32/v4.60/bin/bin/../../lib/gcc/pic32c/8.3.1/../../../../pic32c/lib/thumb/v6-m/nofp\libc-musl.a(toupper.o)
 .ARM.attributes
                0x00000000000019b8       0x2e c:/program files/microchip/xc32/v4.60/bin/bin/../../lib/gcc/pic32c/8.3.1/../../../../pic32c/lib/thumb/v6-m/nofp\libc-musl.a(__environ.o)
 .ARM.attributes
                0x00000000000019e6       0x2e c:/program files/microchip/xc32/v4.60/bin/bin/../../lib/gcc/pic32c/8.3.1/../../../../pic32c/lib/thumb/v6-m/nofp\libc-musl.a(__int_vfprintf.o)
 .ARM.attributes
                0x0000000000001a14       0x2e c:/program files/microchip/xc32/v4.60/bin/bin/../../lib/gcc/pic32c/8.3.1/../../../../pic32c/lib/thumb/v6-m/nofp\libc-musl.a(__int_vsprintf.o)
 .ARM.attributes
                0x0000000000001a42       0x2e c:/program files/microchip/xc32/v4.60/bin/bin/../../lib/gcc/pic32c/8.3.1/../../../../pic32c/lib/thumb/v6-m/nofp\libc-musl.a(fputs.o)
 .ARM.attributes
                0x0000000000001a70       0x2e c:/program files/microchip/xc32/v4.60/bin/bin/../../lib/gcc/pic32c/8.3.1/../../../../pic32c/lib/thumb/v6-m/nofp\libc-musl.a(__cvt_u.o)
 .ARM.attributes
                0x0000000000001a9e       0x2e c:/program files/microchip/xc32/v4.60/bin/bin/../../lib/gcc/pic32c/8.3.1/../../../../pic32c/lib/thumb/v6-m/nofp\libc-musl.a(__stdio_read.o)
 .ARM.attributes
                0x0000000000001acc       0x2e c:/program files/microchip/xc32/v4.60/bin/bin/../../lib/gcc/pic32c/8.3.1/../../../../pic32c/lib/thumb/v6-m/nofp\libc-musl.a(__towrite_rw.o)
 .ARM.attributes
                0x0000000000001afa       0x2e c:/program files/microchip/xc32/v4.60/bin/bin/../../lib/gcc/pic32c/8.3.1/../../../../pic32c/lib/thumb/v6-m/nofp\libc-musl.a(fwrite.o)
 .ARM.attributes
                0x0000000000001b28       0x2e c:/program files/microchip/xc32/v4.60/bin/bin/../../lib/gcc/pic32c/8.3.1/../../../../pic32c/lib/thumb/v6-m/nofp\libc-musl.a(putc.o)
 .ARM.attributes
                0x0000000000001b56       0x2e c:/program files/microchip/xc32/v4.60/bin/bin/../../lib/gcc/pic32c/8.3.1/../../../../pic32c/lib/thumb/v6-m/nofp\libc-musl.a(setvbuf.o)
 .ARM.attributes
                0x0000000000001b84       0x2e c:/program files/microchip/xc32/v4.60/bin/bin/../../lib/gcc/pic32c/8.3.1/../../../../pic32c/lib/thumb/v6-m/nofp\libc-musl.a(__tm_to_secs.o)
 .ARM.attributes
                0x0000000000001bb2       0x2e c:/program files/microchip/xc32/v4.60/bin/bin/../../lib/gcc/pic32c/8.3.1/../../../../pic32c/lib/thumb/v6-m/nofp\libc-musl.a(__year_to_secs.o)
 .ARM.attributes
                0x0000000000001be0       0x2e c:/program files/microchip/xc32/v4.60/bin/bin/../../lib/gcc/pic32c/8.3.1/../../../../pic32c/lib/thumb/v6-m/nofp\libc-musl.a(__secs_to_tm.o)
 .ARM.attributes
                0x0000000000001c0e       0x2e c:/program files/microchip/xc32/v4.60/bin/bin/../../lib/gcc/pic32c/8.3.1/../../../../pic32c/lib/thumb/v6-m/nofp\libc-musl.a(readv.o)
 .ARM.attributes
                0x0000000000001c3c       0x2e c:/program files/microchip/xc32/v4.60/bin/bin/../../lib/gcc/pic32c/8.3.1/../../../../pic32c/lib/thumb/v6-m/nofp\libc-musl.a(__int_vsnprintf.o)
 .ARM.attributes
                0x0000000000001c6a       0x2e c:/program files/microchip/xc32/v4.60/bin/bin/../../lib/gcc/pic32c/8.3.1/../../../../pic32c/lib/thumb/v6-m/nofp\libc-musl.a(__init_stdio.o)
 .ARM.attributes
                0x0000000000001c98       0x2e c:/program files/microchip/xc32/v4.60/bin/bin/../../lib/gcc/pic32c/8.3.1/../../../../pic32c/lib/thumb/v6-m/nofp\libc-musl.a(__out.o)
 .ARM.attributes
                0x0000000000001cc6       0x2e c:/program files/microchip/xc32/v4.60/bin/bin/../../lib/gcc/pic32c/8.3.1/../../../../pic32c/lib/thumb/v6-m/nofp\libc-musl.a(__putc.o)
 .ARM.attributes
                0x0000000000001cf4       0x2e c:/program files/microchip/xc32/v4.60/bin/bin/../../lib/gcc/pic32c/8.3.1/../../../../pic32c/lib/thumb/v6-m/nofp\libc-musl.a(__stderr.o)
 .ARM.attributes
                0x0000000000001d22       0x2e c:/program files/microchip/xc32/v4.60/bin/bin/../../lib/gcc/pic32c/8.3.1/../../../../pic32c/lib/thumb/v6-m/nofp\libc-musl.a(__stdio_close.o)
 .ARM.attributes
                0x0000000000001d50       0x2e c:/program files/microchip/xc32/v4.60/bin/bin/../../lib/gcc/pic32c/8.3.1/../../../../pic32c/lib/thumb/v6-m/nofp\libc-musl.a(__stdio_write.o)
 .ARM.attributes
                0x0000000000001d7e       0x2e c:/program files/microchip/xc32/v4.60/bin/bin/../../lib/gcc/pic32c/8.3.1/../../../../pic32c/lib/thumb/v6-m/nofp\libc-musl.a(__stdout.o)
 .ARM.attributes
                0x0000000000001dac       0x2e c:/program files/microchip/xc32/v4.60/bin/bin/../../lib/gcc/pic32c/8.3.1/../../../../pic32c/lib/thumb/v6-m/nofp\libc-musl.a(__towrite.o)
 .ARM.attributes
                0x0000000000001dda       0x2e c:/program files/microchip/xc32/v4.60/bin/bin/../../lib/gcc/pic32c/8.3.1/../../../../pic32c/lib/thumb/v6-m/nofp\libc-musl.a(__month_to_secs.o)
 .ARM.attributes
                0x0000000000001e08       0x2e c:/program files/microchip/xc32/v4.60/bin/bin/../../lib/gcc/pic32c/8.3.1/../../../../pic32c/lib/thumb/v6-m/nofp\libc-musl.a(writev.o)
 .ARM.attributes
                0x0000000000001e36       0x2e c:/program files/microchip/xc32/v4.60/bin/bin/../../lib/gcc/pic32c/8.3.1/../../../../pic32c/lib/thumb/v6-m/nofp\libc-musl.a(__overflow.o)
 .ARM.attributes
                0x0000000000001e64       0x2e c:/program files/microchip/xc32/v4.60/bin/bin/../../lib/gcc/pic32c/8.3.1/../../../../pic32c/lib/thumb/v6-m/nofp\libc-musl.a(__fwrite.o)
 .ARM.attributes
                0x0000000000001e92       0x2c c:/program files/microchip/xc32/v4.60/bin/bin/../../lib/gcc/pic32c/8.3.1/../../../../pic32c/lib/thumb/v6-m/nofp\libm-fast-emfloat.a(fma.o)
 .ARM.attributes
                0x0000000000001ebe       0x2c c:/program files/microchip/xc32/v4.60/bin/bin/../../lib/gcc/pic32c/8.3.1/../../../../pic32c/lib/thumb/v6-m/nofp\libm-fast-emfloat.a(floor.o)
 .ARM.attributes
                0x0000000000001eea       0x1c c:/program files/microchip/xc32/v4.60/bin/bin/../../lib/gcc/pic32c/8.3.1/../../../../pic32c/lib/thumb/v6-m/nofp\libm-fast-emfloat.a(__aeabi_dcmple.o)
 .ARM.attributes
                0x0000000000001f06       0x1e c:/program files/microchip/xc32/v4.60/bin/bin/../../lib/gcc/pic32c/8.3.1/thumb/v6-m/nofp\libgcc.a(_udivsi3.o)
 .ARM.attributes
                0x0000000000001f24       0x1e c:/program files/microchip/xc32/v4.60/bin/bin/../../lib/gcc/pic32c/8.3.1/thumb/v6-m/nofp\libgcc.a(_divsi3.o)
 .ARM.attributes
                0x0000000000001f42       0x1e c:/program files/microchip/xc32/v4.60/bin/bin/../../lib/gcc/pic32c/8.3.1/thumb/v6-m/nofp\libgcc.a(_dvmd_tls.o)
 .ARM.attributes
                0x0000000000001f60       0x1e c:/program files/microchip/xc32/v4.60/bin/bin/../../lib/gcc/pic32c/8.3.1/thumb/v6-m/nofp\libgcc.a(_aeabi_ldivmod.o)
 .ARM.attributes
                0x0000000000001f7e       0x1e c:/program files/microchip/xc32/v4.60/bin/bin/../../lib/gcc/pic32c/8.3.1/thumb/v6-m/nofp\libgcc.a(_aeabi_uldivmod.o)
 .ARM.attributes
                0x0000000000001f9c       0x2c c:/program files/microchip/xc32/v4.60/bin/bin/../../lib/gcc/pic32c/8.3.1/thumb/v6-m/nofp\libgcc.a(_muldi3.o)
 .ARM.attributes
                0x0000000000001fc8       0x2c c:/program files/microchip/xc32/v4.60/bin/bin/../../lib/gcc/pic32c/8.3.1/thumb/v6-m/nofp\libgcc.a(_udivmoddi4.o)
 .ARM.attributes
                0x0000000000001ff4       0x2c c:/program files/microchip/xc32/v4.60/bin/bin/../../lib/gcc/pic32c/8.3.1/thumb/v6-m/nofp\libgcc.a(bpabi.o)
 .ARM.attributes
                0x0000000000002020       0x1e c:/program files/microchip/xc32/v4.60/bin/bin/../../lib/gcc/pic32c/8.3.1/thumb/v6-m/nofp\libgcc.a(_lshrdi3.o)
 .ARM.attributes
                0x000000000000203e       0x1e c:/program files/microchip/xc32/v4.60/bin/bin/../../lib/gcc/pic32c/8.3.1/thumb/v6-m/nofp\libgcc.a(_ashldi3.o)
 .ARM.attributes
                0x000000000000205c       0x1e c:/program files/microchip/xc32/v4.60/bin/bin/../../lib/gcc/pic32c/8.3.1/thumb/v6-m/nofp\libgcc.a(_clzdi2.o)
 .ARM.attributes
                0x000000000000207a       0x2c c:/program files/microchip/xc32/v4.60/bin/bin/../../lib/gcc/pic32c/8.3.1/thumb/v6-m/nofp\libgcc.a(_divdi3.o)
 .ARM.attributes
                0x00000000000020a6       0x1e c:/program files/microchip/xc32/v4.60/bin/bin/../../lib/gcc/pic32c/8.3.1/thumb/v6-m/nofp\libgcc.a(_clzsi2.o)
 .ARM.attributes
                0x00000000000020c4       0x2c c:/program files/microchip/xc32/v4.60/bin/bin/../../lib/gcc/pic32c/8.3.1/../../../../pic32c/lib/thumb/v6-m/nofp\libpic32c.a(close.o)
 .ARM.attributes
                0x00000000000020f0       0x2c c:/program files/microchip/xc32/v4.60/bin/bin/../../lib/gcc/pic32c/8.3.1/../../../../pic32c/lib/thumb/v6-m/nofp\libpic32c.a(lseek.o)
 .ARM.attributes
                0x000000000000211c       0x2c c:/program files/microchip/xc32/v4.60/bin/bin/../../lib/gcc/pic32c/8.3.1/../../../../pic32c/lib/thumb/v6-m/nofp\libpic32c.a(sbrk.o)
 .ARM.attributes
                0x0000000000002148       0x2e c:/program files/microchip/xc32/v4.60/bin/bin/../../lib/gcc/pic32c/8.3.1/../../../../pic32c/lib/thumb/v6-m/nofp\libc-size-musl.a(strcpy.o)
 .ARM.attributes
                0x0000000000002176       0x2e c:/program files/microchip/xc32/v4.60/bin/bin/../../lib/gcc/pic32c/8.3.1/../../../../pic32c/lib/thumb/v6-m/nofp\libc-size-musl.a(stpcpy.o)
 .ARM.attributes
                0x00000000000021a4       0x1e c:/program files/microchip/xc32/v4.60/bin/bin/../../lib/gcc/pic32c/8.3.1/thumb/v6-m/nofp/crtn.o
 .ARM.attributes
                0x00000000000021c2       0x2c c:/program files/microchip/xc32/v4.60/bin/bin/../../lib/gcc/pic32c/8.3.1/../../../../pic32c/lib/thumb/v6-m/nofp\libpic32c.a(pic32_data_init_clear.o)
 .ARM.attributes
                0x00000000000021ee       0x2c c:/program files/microchip/xc32/v4.60/bin/bin/../../lib/gcc/pic32c/8.3.1/../../../../pic32c/lib/thumb/v6-m/nofp\libpic32c.a(pic32_data_init_copy.o)

.comment        0x0000000000000000       0x2b
 .comment       0x0000000000000000       0x2b c:/program files/microchip/xc32/v4.60/bin/bin/../../lib/gcc/pic32c/8.3.1/thumb/v6-m/nofp/crtbegin.o
                                         0x2c (size before relaxing)
 .comment       0x000000000000002b       0x2c build/SAMD21_IOT_WG_ICM42688/production/_ext/2048461350/icm42688_sensor.o
 .comment       0x000000000000002b       0x2c build/SAMD21_IOT_WG_ICM42688/production/_ext/2078824600/sml_recognition_run.o
 .comment       0x000000000000002b       0x2c build/SAMD21_IOT_WG_ICM42688/production/_ext/1660664302/drv_spi.o
 .comment       0x000000000000002b       0x2c build/SAMD21_IOT_WG_ICM42688/production/_ext/1164161090/wdrv_winc_gpio.o
 .comment       0x000000000000002b       0x2c build/SAMD21_IOT_WG_ICM42688/production/_ext/1164161090/wdrv_winc_eint.o
 .comment       0x000000000000002b       0x2c build/SAMD21_IOT_WG_ICM42688/production/_ext/101005277/wdrv_winc_spi.o
 .comment       0x000000000000002b       0x2c build/SAMD21_IOT_WG_ICM42688/production/_ext/90265895/nm_common.o
 .comment       0x000000000000002b       0x2c build/SAMD21_IOT_WG_ICM42688/production/_ext/121554788/m2m_ssl.o
 .comment       0x000000000000002b       0x2c build/SAMD21_IOT_WG_ICM42688/production/_ext/121554788/m2m_hif.o
 .comment       0x000000000000002b       0x2c build/SAMD21_IOT_WG_ICM42688/production/_ext/121554788/m2m_wifi.o
 .comment       0x000000000000002b       0x2c build/SAMD21_IOT_WG_ICM42688/production/_ext/121554788/nmspi.o
 .comment       0x000000000000002b       0x2c build/SAMD21_IOT_WG_ICM42688/production/_ext/121554788/nmdrv.o
 .comment       0x000000000000002b       0x2c build/SAMD21_IOT_WG_ICM42688/production/_ext/121554788/m2m_ota.o
 .comment       0x000000000000002b       0x2c build/SAMD21_IOT_WG_ICM42688/production/_ext/121554788/nmasic.o
 .comment       0x000000000000002b       0x2c build/SAMD21_IOT_WG_ICM42688/production/_ext/121554788/nmbus.o
 .comment       0x000000000000002b       0x2c build/SAMD21_IOT_WG_ICM42688/production/_ext/548032175/socket.o
 .comment       0x000000000000002b       0x2c build/SAMD21_IOT_WG_ICM42688/production/_ext/609036575/flexible_flash.o
 .comment       0x000000000000002b       0x2c build/SAMD21_IOT_WG_ICM42688/production/_ext/609036575/spi_flash.o
 .comment       0x000000000000002b       0x2c build/SAMD21_IOT_WG_ICM42688/production/_ext/1784303044/wdrv_winc_osal.o
 .comment       0x000000000000002b       0x2c build/SAMD21_IOT_WG_ICM42688/production/_ext/907429946/wdrv_winc_systime.o
 .comment       0x000000000000002b       0x2c build/SAMD21_IOT_WG_ICM42688/production/_ext/907429946/wdrv_winc_authctx.o
 .comment       0x000000000000002b       0x2c build/SAMD21_IOT_WG_ICM42688/production/_ext/907429946/wdrv_winc_host_file.o
 .comment       0x000000000000002b       0x2c build/SAMD21_IOT_WG_ICM42688/production/_ext/907429946/wdrv_winc.o
 .comment       0x000000000000002b       0x2c build/SAMD21_IOT_WG_ICM42688/production/_ext/907429946/wdrv_winc_bssctx.o
 .comment       0x000000000000002b       0x2c build/SAMD21_IOT_WG_ICM42688/production/_ext/1750425231/plib_clock.o
 .comment       0x000000000000002b       0x2c build/SAMD21_IOT_WG_ICM42688/production/_ext/1580516298/plib_dmac.o
 .comment       0x000000000000002b       0x2c build/SAMD21_IOT_WG_ICM42688/production/_ext/503204096/plib_eic.o
 .comment       0x000000000000002b       0x2c build/SAMD21_IOT_WG_ICM42688/production/_ext/1580823105/plib_nvic.o
 .comment       0x000000000000002b       0x2c build/SAMD21_IOT_WG_ICM42688/production/_ext/11470383/plib_nvmctrl.o
 .comment       0x000000000000002b       0x2c build/SAMD21_IOT_WG_ICM42688/production/_ext/1580876256/plib_port.o
 .comment       0x000000000000002b       0x2c build/SAMD21_IOT_WG_ICM42688/production/_ext/1014017276/plib_sercom0_spi_master.o
 .comment       0x000000000000002b       0x2c build/SAMD21_IOT_WG_ICM42688/production/_ext/1014017276/plib_sercom2_spi_master.o
 .comment       0x000000000000002b       0x2c build/SAMD21_IOT_WG_ICM42688/production/_ext/177673482/plib_sercom5_usart.o
 .comment       0x000000000000002b       0x2c build/SAMD21_IOT_WG_ICM42688/production/_ext/223004715/plib_systick.o
 .comment       0x000000000000002b       0x2c build/SAMD21_IOT_WG_ICM42688/production/_ext/399410062/plib_tc3.o
 .comment       0x000000000000002b       0x2c build/SAMD21_IOT_WG_ICM42688/production/_ext/399410062/plib_tc4.o
 .comment       0x000000000000002b       0x2c build/SAMD21_IOT_WG_ICM42688/production/_ext/1357625803/xc32_monitor.o
 .comment       0x000000000000002b       0x2c build/SAMD21_IOT_WG_ICM42688/production/_ext/1584719636/sys_dma.o
 .comment       0x000000000000002b       0x2c build/SAMD21_IOT_WG_ICM42688/production/_ext/1318297016/sys_int.o
 .comment       0x000000000000002b       0x2c build/SAMD21_IOT_WG_ICM42688/production/_ext/386530258/sys_time.o
 .comment       0x000000000000002b       0x2c build/SAMD21_IOT_WG_ICM42688/production/_ext/1832905403/initialization.o
 .comment       0x000000000000002b       0x2c build/SAMD21_IOT_WG_ICM42688/production/_ext/1832905403/interrupts.o
 .comment       0x000000000000002b       0x2c build/SAMD21_IOT_WG_ICM42688/production/_ext/1832905403/exceptions.o
 .comment       0x000000000000002b       0x2c build/SAMD21_IOT_WG_ICM42688/production/_ext/1832905403/startup_xc32.o
 .comment       0x000000000000002b       0x2c build/SAMD21_IOT_WG_ICM42688/production/_ext/1832905403/tasks.o
 .comment       0x000000000000002b       0x2c build/SAMD21_IOT_WG_ICM42688/production/_ext/1341251756/Icm426xxDriver_HL.o
 .comment       0x000000000000002b       0x2c build/SAMD21_IOT_WG_ICM42688/production/_ext/1341251756/Icm426xxTransport.o
 .comment       0x000000000000002b       0x2c build/SAMD21_IOT_WG_ICM42688/production/_ext/1310896710/crossing_rate.o
 .comment       0x000000000000002b       0x2c build/SAMD21_IOT_WG_ICM42688/production/_ext/1310896710/dsp_dtw_distance.o
 .comment       0x000000000000002b       0x2c build/SAMD21_IOT_WG_ICM42688/production/_ext/1310896710/dsp_l1_distance.o
 .comment       0x000000000000002b       0x2c build/SAMD21_IOT_WG_ICM42688/production/_ext/1310896710/dsp_lsup_distance.o
 .comment       0x000000000000002b       0x2c build/SAMD21_IOT_WG_ICM42688/production/_ext/1310896710/fg_amplitude_global_p2p_low_frequency.o
 .comment       0x000000000000002b       0x2c build/SAMD21_IOT_WG_ICM42688/production/_ext/1310896710/fg_amplitude_min_max_sum.o
 .comment       0x000000000000002b       0x2c build/SAMD21_IOT_WG_ICM42688/production/_ext/1310896710/fg_amplitude_peak_to_peak.o
 .comment       0x000000000000002b       0x2c build/SAMD21_IOT_WG_ICM42688/production/_ext/1310896710/fg_area_absolute_area.o
 .comment       0x000000000000002b       0x2c build/SAMD21_IOT_WG_ICM42688/production/_ext/1310896710/fg_area_absolute_area_high_frequency.o
 .comment       0x000000000000002b       0x2c build/SAMD21_IOT_WG_ICM42688/production/_ext/1310896710/fg_area_absolute_area_low_frequency.o
 .comment       0x000000000000002b       0x2c build/SAMD21_IOT_WG_ICM42688/production/_ext/1310896710/fg_area_power_spectrum_density.o
 .comment       0x000000000000002b       0x2c build/SAMD21_IOT_WG_ICM42688/production/_ext/1310896710/fg_area_total_area_low_frequency.o
 .comment       0x000000000000002b       0x2c build/SAMD21_IOT_WG_ICM42688/production/_ext/1310896710/fg_cross_p2p_difference.o
 .comment       0x000000000000002b       0x2c build/SAMD21_IOT_WG_ICM42688/production/_ext/1310896710/fg_sampling_downsample.o
 .comment       0x000000000000002b       0x2c build/SAMD21_IOT_WG_ICM42688/production/_ext/1310896710/fg_stats_iqr.o
 .comment       0x000000000000002b       0x2c build/SAMD21_IOT_WG_ICM42688/production/_ext/1310896710/fg_stats_minimum.o
 .comment       0x000000000000002b       0x2c build/SAMD21_IOT_WG_ICM42688/production/_ext/1310896710/fg_stats_pct025.o
 .comment       0x000000000000002b       0x2c build/SAMD21_IOT_WG_ICM42688/production/_ext/1310896710/fg_stats_positive_zero_crossings.o
 .comment       0x000000000000002b       0x2c build/SAMD21_IOT_WG_ICM42688/production/_ext/1310896710/kb.o
 .comment       0x000000000000002b       0x2c build/SAMD21_IOT_WG_ICM42688/production/_ext/1310896710/kb_output.o
 .comment       0x000000000000002b       0x2c build/SAMD21_IOT_WG_ICM42688/production/_ext/1310896710/kb_pipeline.o
 .comment       0x000000000000002b       0x2c build/SAMD21_IOT_WG_ICM42688/production/_ext/1310896710/ma_symmetric.o
 .comment       0x000000000000002b       0x2c build/SAMD21_IOT_WG_ICM42688/production/_ext/1310896710/mean.o
 .comment       0x000000000000002b       0x2c build/SAMD21_IOT_WG_ICM42688/production/_ext/1310896710/pme.o
 .comment       0x000000000000002b       0x2c build/SAMD21_IOT_WG_ICM42688/production/_ext/1310896710/pme_trained_neurons.o
 .comment       0x000000000000002b       0x2c build/SAMD21_IOT_WG_ICM42688/production/_ext/1310896710/rb.o
 .comment       0x000000000000002b       0x2c build/SAMD21_IOT_WG_ICM42688/production/_ext/1310896710/save_sensor_data.o
 .comment       0x000000000000002b       0x2c build/SAMD21_IOT_WG_ICM42688/production/_ext/1310896710/sf_downsample_by_averaging.o
 .comment       0x000000000000002b       0x2c build/SAMD21_IOT_WG_ICM42688/production/_ext/1310896710/sg_windowing.o
 .comment       0x000000000000002b       0x2c build/SAMD21_IOT_WG_ICM42688/production/_ext/1310896710/sortarray.o
 .comment       0x000000000000002b       0x2c build/SAMD21_IOT_WG_ICM42688/production/_ext/1310896710/sorted_copy.o
 .comment       0x000000000000002b       0x2c build/SAMD21_IOT_WG_ICM42688/production/_ext/1310896710/stats_percentile_presorted.o
 .comment       0x000000000000002b       0x2c build/SAMD21_IOT_WG_ICM42688/production/_ext/1310896710/tr_min_max_scale.o
 .comment       0x000000000000002b       0x2c build/SAMD21_IOT_WG_ICM42688/production/_ext/1310896710/utils_array_max_uint8.o
 .comment       0x000000000000002b       0x2c build/SAMD21_IOT_WG_ICM42688/production/_ext/1310896710/utils_bitwise_abs_val.o
 .comment       0x000000000000002b       0x2c build/SAMD21_IOT_WG_ICM42688/production/_ext/1310896710/utils_buffer_min_max.o
 .comment       0x000000000000002b       0x2c build/SAMD21_IOT_WG_ICM42688/production/_ext/1310896710/utils_model_cross_difference.o
 .comment       0x000000000000002b       0x2c build/SAMD21_IOT_WG_ICM42688/production/_ext/1310896710/utils_model_stats_max_min.o
 .comment       0x000000000000002b       0x2c build/SAMD21_IOT_WG_ICM42688/production/_ext/1310896710/utils_model_total_area.o
 .comment       0x000000000000002b       0x2c build/SAMD21_IOT_WG_ICM42688/production/_ext/1310896710/utils_tr_sensor.o
 .comment       0x000000000000002b       0x2c build/SAMD21_IOT_WG_ICM42688/production/_ext/1360937237/main.o
 .comment       0x000000000000002b       0x2c build/SAMD21_IOT_WG_ICM42688/production/_ext/1360937237/ringbuffer.o
 .comment       0x000000000000002b       0x2c build/SAMD21_IOT_WG_ICM42688/production/_ext/1360937237/app.o
 .comment       0x000000000000002b       0x2c build/SAMD21_IOT_WG_ICM42688/production/_ext/1360937237/ws2812.o
 .comment       0x000000000000002b       0x2c c:/program files/microchip/xc32/v4.60/bin/bin/../../lib/gcc/pic32c/8.3.1/../../../../pic32c/lib/thumb/v6-m/nofp\libpic32c.a(data_init.o)
 .comment       0x000000000000002b       0x2c c:/program files/microchip/xc32/v4.60/bin/bin/../../lib/gcc/pic32c/8.3.1/../../../../pic32c/lib/thumb/v6-m/nofp\libc-size-musl.a(memcpy.o)
 .comment       0x000000000000002b       0x2c c:/program files/microchip/xc32/v4.60/bin/bin/../../lib/gcc/pic32c/8.3.1/../../../../pic32c/lib/thumb/v6-m/nofp\libc-size-musl.a(memset.o)
 .comment       0x000000000000002b       0x2c c:/program files/microchip/xc32/v4.60/bin/bin/../../lib/gcc/pic32c/8.3.1/../../../../pic32c/lib/thumb/v6-m/nofp\libc-size-musl.a(strlen.o)
 .comment       0x000000000000002b       0x2c c:/program files/microchip/xc32/v4.60/bin/bin/../../lib/gcc/pic32c/8.3.1/../../../../pic32c/lib/thumb/v6-m/nofp\libc-size-musl.a(strchr.o)
 .comment       0x000000000000002b       0x2c c:/program files/microchip/xc32/v4.60/bin/bin/../../lib/gcc/pic32c/8.3.1/../../../../pic32c/lib/thumb/v6-m/nofp\libc-size-musl.a(strchrnul.o)
 .comment       0x000000000000002b       0x2c c:/program files/microchip/xc32/v4.60/bin/bin/../../lib/gcc/pic32c/8.3.1/../../../../pic32c/lib/thumb/v6-m/nofp\libc-size-musl.a(strnlen.o)
 .comment       0x000000000000002b       0x2c c:/program files/microchip/xc32/v4.60/bin/bin/../../lib/gcc/pic32c/8.3.1/../../../../pic32c/lib/thumb/v6-m/nofp\libc-size-musl.a(memchr.o)
 .comment       0x000000000000002b       0x2c c:/program files/microchip/xc32/v4.60/bin/bin/../../lib/gcc/pic32c/8.3.1/../../../../pic32c/lib/thumb/v6-m/nofp\liblmalloc-musl.a(lite_calloc.o)
 .comment       0x000000000000002b       0x2c c:/program files/microchip/xc32/v4.60/bin/bin/../../lib/gcc/pic32c/8.3.1/../../../../pic32c/lib/thumb/v6-m/nofp\liblmalloc-musl.a(lite_free.o)
 .comment       0x000000000000002b       0x2c c:/program files/microchip/xc32/v4.60/bin/bin/../../lib/gcc/pic32c/8.3.1/../../../../pic32c/lib/thumb/v6-m/nofp\liblmalloc-musl.a(lite_malloc.o)
 .comment       0x000000000000002b       0x2c c:/program files/microchip/xc32/v4.60/bin/bin/../../lib/gcc/pic32c/8.3.1/../../../../pic32c/lib/thumb/v6-m/nofp\libm-fast-emfloat.a(modff.o)
 .comment       0x000000000000002b       0x2c c:/program files/microchip/xc32/v4.60/bin/bin/../../lib/gcc/pic32c/8.3.1/../../../../pic32c/lib/thumb/v6-m/nofp\libc-musl.a(__libc_start_main.o)
 .comment       0x000000000000002b       0x2c c:/program files/microchip/xc32/v4.60/bin/bin/../../lib/gcc/pic32c/8.3.1/../../../../pic32c/lib/thumb/v6-m/nofp\libc-musl.a(__errno_location.o)
 .comment       0x000000000000002b       0x2c c:/program files/microchip/xc32/v4.60/bin/bin/../../lib/gcc/pic32c/8.3.1/../../../../pic32c/lib/thumb/v6-m/nofp\libc-musl.a(libc.o)
 .comment       0x000000000000002b       0x2c c:/program files/microchip/xc32/v4.60/bin/bin/../../lib/gcc/pic32c/8.3.1/../../../../pic32c/lib/thumb/v6-m/nofp\libc-musl.a(expand_heap.o)
 .comment       0x000000000000002b       0x2c c:/program files/microchip/xc32/v4.60/bin/bin/../../lib/gcc/pic32c/8.3.1/../../../../pic32c/lib/thumb/v6-m/nofp\libc-musl.a(__sio_printf_cdeEfFgGnpsuxX.o)
 .comment       0x000000000000002b       0x2c c:/program files/microchip/xc32/v4.60/bin/bin/../../lib/gcc/pic32c/8.3.1/../../../../pic32c/lib/thumb/v6-m/nofp\libc-musl.a(__sio_sprintf_cdeEfFgGnpsuxX.o)
 .comment       0x000000000000002b       0x2c c:/program files/microchip/xc32/v4.60/bin/bin/../../lib/gcc/pic32c/8.3.1/../../../../pic32c/lib/thumb/v6-m/nofp\libc-musl.a(__fmt_d.o)
 .comment       0x000000000000002b       0x2c c:/program files/microchip/xc32/v4.60/bin/bin/../../lib/gcc/pic32c/8.3.1/../../../../pic32c/lib/thumb/v6-m/nofp\libc-musl.a(__fmt_fp.o)
 .comment       0x000000000000002b       0x2c c:/program files/microchip/xc32/v4.60/bin/bin/../../lib/gcc/pic32c/8.3.1/../../../../pic32c/lib/thumb/v6-m/nofp\libc-musl.a(__fmt_s.o)
 .comment       0x000000000000002b       0x2c c:/program files/microchip/xc32/v4.60/bin/bin/../../lib/gcc/pic32c/8.3.1/../../../../pic32c/lib/thumb/v6-m/nofp\libc-musl.a(__fmt_u.o)
 .comment       0x000000000000002b       0x2c c:/program files/microchip/xc32/v4.60/bin/bin/../../lib/gcc/pic32c/8.3.1/../../../../pic32c/lib/thumb/v6-m/nofp\libc-musl.a(__fmt_x.o)
 .comment       0x000000000000002b       0x2c c:/program files/microchip/xc32/v4.60/bin/bin/../../lib/gcc/pic32c/8.3.1/../../../../pic32c/lib/thumb/v6-m/nofp\libc-musl.a(__pop_float.o)
 .comment       0x000000000000002b       0x2c c:/program files/microchip/xc32/v4.60/bin/bin/../../lib/gcc/pic32c/8.3.1/../../../../pic32c/lib/thumb/v6-m/nofp\libc-musl.a(__pop_int.o)
 .comment       0x000000000000002b       0x2c c:/program files/microchip/xc32/v4.60/bin/bin/../../lib/gcc/pic32c/8.3.1/../../../../pic32c/lib/thumb/v6-m/nofp\libc-musl.a(__pop_ptr.o)
 .comment       0x000000000000002b       0x2c c:/program files/microchip/xc32/v4.60/bin/bin/../../lib/gcc/pic32c/8.3.1/../../../../pic32c/lib/thumb/v6-m/nofp\libc-musl.a(__printf_core.o)
 .comment       0x000000000000002b       0x2c c:/program files/microchip/xc32/v4.60/bin/bin/../../lib/gcc/pic32c/8.3.1/../../../../pic32c/lib/thumb/v6-m/nofp\libc-musl.a(stdin.o)
 .comment       0x000000000000002b       0x2c c:/program files/microchip/xc32/v4.60/bin/bin/../../lib/gcc/pic32c/8.3.1/../../../../pic32c/lib/thumb/v6-m/nofp\libc-musl.a(stdout.o)
 .comment       0x000000000000002b       0x2c c:/program files/microchip/xc32/v4.60/bin/bin/../../lib/gcc/pic32c/8.3.1/../../../../pic32c/lib/thumb/v6-m/nofp\libc-musl.a(putchar.o)
 .comment       0x000000000000002b       0x2c c:/program files/microchip/xc32/v4.60/bin/bin/../../lib/gcc/pic32c/8.3.1/../../../../pic32c/lib/thumb/v6-m/nofp\libc-musl.a(puts.o)
 .comment       0x000000000000002b       0x2c c:/program files/microchip/xc32/v4.60/bin/bin/../../lib/gcc/pic32c/8.3.1/../../../../pic32c/lib/thumb/v6-m/nofp\libc-musl.a(setbuf.o)
 .comment       0x000000000000002b       0x2c c:/program files/microchip/xc32/v4.60/bin/bin/../../lib/gcc/pic32c/8.3.1/../../../../pic32c/lib/thumb/v6-m/nofp\libc-musl.a(atoi.o)
 .comment       0x000000000000002b       0x2c c:/program files/microchip/xc32/v4.60/bin/bin/../../lib/gcc/pic32c/8.3.1/../../../../pic32c/lib/thumb/v6-m/nofp\libc-musl.a(gmtime.o)
 .comment       0x000000000000002b       0x2c c:/program files/microchip/xc32/v4.60/bin/bin/../../lib/gcc/pic32c/8.3.1/../../../../pic32c/lib/thumb/v6-m/nofp\libc-musl.a(gmtime_r.o)
 .comment       0x000000000000002b       0x2c c:/program files/microchip/xc32/v4.60/bin/bin/../../lib/gcc/pic32c/8.3.1/../../../../pic32c/lib/thumb/v6-m/nofp\libc-musl.a(mktime.o)
 .comment       0x000000000000002b       0x2c c:/program files/microchip/xc32/v4.60/bin/bin/../../lib/gcc/pic32c/8.3.1/../../../../pic32c/lib/thumb/v6-m/nofp\libc-musl.a(tolower.o)
 .comment       0x000000000000002b       0x2c c:/program files/microchip/xc32/v4.60/bin/bin/../../lib/gcc/pic32c/8.3.1/../../../../pic32c/lib/thumb/v6-m/nofp\libc-musl.a(toupper.o)
 .comment       0x000000000000002b       0x2c c:/program files/microchip/xc32/v4.60/bin/bin/../../lib/gcc/pic32c/8.3.1/../../../../pic32c/lib/thumb/v6-m/nofp\libc-musl.a(__environ.o)
 .comment       0x000000000000002b       0x2c c:/program files/microchip/xc32/v4.60/bin/bin/../../lib/gcc/pic32c/8.3.1/../../../../pic32c/lib/thumb/v6-m/nofp\libc-musl.a(__int_vfprintf.o)
 .comment       0x000000000000002b       0x2c c:/program files/microchip/xc32/v4.60/bin/bin/../../lib/gcc/pic32c/8.3.1/../../../../pic32c/lib/thumb/v6-m/nofp\libc-musl.a(__int_vsprintf.o)
 .comment       0x000000000000002b       0x2c c:/program files/microchip/xc32/v4.60/bin/bin/../../lib/gcc/pic32c/8.3.1/../../../../pic32c/lib/thumb/v6-m/nofp\libc-musl.a(fputs.o)
 .comment       0x000000000000002b       0x2c c:/program files/microchip/xc32/v4.60/bin/bin/../../lib/gcc/pic32c/8.3.1/../../../../pic32c/lib/thumb/v6-m/nofp\libc-musl.a(__cvt_u.o)
 .comment       0x000000000000002b       0x2c c:/program files/microchip/xc32/v4.60/bin/bin/../../lib/gcc/pic32c/8.3.1/../../../../pic32c/lib/thumb/v6-m/nofp\libc-musl.a(__stdio_read.o)
 .comment       0x000000000000002b       0x2c c:/program files/microchip/xc32/v4.60/bin/bin/../../lib/gcc/pic32c/8.3.1/../../../../pic32c/lib/thumb/v6-m/nofp\libc-musl.a(__towrite_rw.o)
 .comment       0x000000000000002b       0x2c c:/program files/microchip/xc32/v4.60/bin/bin/../../lib/gcc/pic32c/8.3.1/../../../../pic32c/lib/thumb/v6-m/nofp\libc-musl.a(fwrite.o)
 .comment       0x000000000000002b       0x2c c:/program files/microchip/xc32/v4.60/bin/bin/../../lib/gcc/pic32c/8.3.1/../../../../pic32c/lib/thumb/v6-m/nofp\libc-musl.a(putc.o)
 .comment       0x000000000000002b       0x2c c:/program files/microchip/xc32/v4.60/bin/bin/../../lib/gcc/pic32c/8.3.1/../../../../pic32c/lib/thumb/v6-m/nofp\libc-musl.a(setvbuf.o)
 .comment       0x000000000000002b       0x2c c:/program files/microchip/xc32/v4.60/bin/bin/../../lib/gcc/pic32c/8.3.1/../../../../pic32c/lib/thumb/v6-m/nofp\libc-musl.a(__tm_to_secs.o)
 .comment       0x000000000000002b       0x2c c:/program files/microchip/xc32/v4.60/bin/bin/../../lib/gcc/pic32c/8.3.1/../../../../pic32c/lib/thumb/v6-m/nofp\libc-musl.a(__year_to_secs.o)
 .comment       0x000000000000002b       0x2c c:/program files/microchip/xc32/v4.60/bin/bin/../../lib/gcc/pic32c/8.3.1/../../../../pic32c/lib/thumb/v6-m/nofp\libc-musl.a(__secs_to_tm.o)
 .comment       0x000000000000002b       0x2c c:/program files/microchip/xc32/v4.60/bin/bin/../../lib/gcc/pic32c/8.3.1/../../../../pic32c/lib/thumb/v6-m/nofp\libc-musl.a(readv.o)
 .comment       0x000000000000002b       0x2c c:/program files/microchip/xc32/v4.60/bin/bin/../../lib/gcc/pic32c/8.3.1/../../../../pic32c/lib/thumb/v6-m/nofp\libc-musl.a(__int_vsnprintf.o)
 .comment       0x000000000000002b       0x2c c:/program files/microchip/xc32/v4.60/bin/bin/../../lib/gcc/pic32c/8.3.1/../../../../pic32c/lib/thumb/v6-m/nofp\libc-musl.a(__init_stdio.o)
 .comment       0x000000000000002b       0x2c c:/program files/microchip/xc32/v4.60/bin/bin/../../lib/gcc/pic32c/8.3.1/../../../../pic32c/lib/thumb/v6-m/nofp\libc-musl.a(__out.o)
 .comment       0x000000000000002b       0x2c c:/program files/microchip/xc32/v4.60/bin/bin/../../lib/gcc/pic32c/8.3.1/../../../../pic32c/lib/thumb/v6-m/nofp\libc-musl.a(__putc.o)
 .comment       0x000000000000002b       0x2c c:/program files/microchip/xc32/v4.60/bin/bin/../../lib/gcc/pic32c/8.3.1/../../../../pic32c/lib/thumb/v6-m/nofp\libc-musl.a(__stderr.o)
 .comment       0x000000000000002b       0x2c c:/program files/microchip/xc32/v4.60/bin/bin/../../lib/gcc/pic32c/8.3.1/../../../../pic32c/lib/thumb/v6-m/nofp\libc-musl.a(__stdio_close.o)
 .comment       0x000000000000002b       0x2c c:/program files/microchip/xc32/v4.60/bin/bin/../../lib/gcc/pic32c/8.3.1/../../../../pic32c/lib/thumb/v6-m/nofp\libc-musl.a(__stdio_write.o)
 .comment       0x000000000000002b       0x2c c:/program files/microchip/xc32/v4.60/bin/bin/../../lib/gcc/pic32c/8.3.1/../../../../pic32c/lib/thumb/v6-m/nofp\libc-musl.a(__stdout.o)
 .comment       0x000000000000002b       0x2c c:/program files/microchip/xc32/v4.60/bin/bin/../../lib/gcc/pic32c/8.3.1/../../../../pic32c/lib/thumb/v6-m/nofp\libc-musl.a(__towrite.o)
 .comment       0x000000000000002b       0x2c c:/program files/microchip/xc32/v4.60/bin/bin/../../lib/gcc/pic32c/8.3.1/../../../../pic32c/lib/thumb/v6-m/nofp\libc-musl.a(__month_to_secs.o)
 .comment       0x000000000000002b       0x2c c:/program files/microchip/xc32/v4.60/bin/bin/../../lib/gcc/pic32c/8.3.1/../../../../pic32c/lib/thumb/v6-m/nofp\libc-musl.a(writev.o)
 .comment       0x000000000000002b       0x2c c:/program files/microchip/xc32/v4.60/bin/bin/../../lib/gcc/pic32c/8.3.1/../../../../pic32c/lib/thumb/v6-m/nofp\libc-musl.a(__overflow.o)
 .comment       0x000000000000002b       0x2c c:/program files/microchip/xc32/v4.60/bin/bin/../../lib/gcc/pic32c/8.3.1/../../../../pic32c/lib/thumb/v6-m/nofp\libc-musl.a(__fwrite.o)
 .comment       0x000000000000002b       0x2c c:/program files/microchip/xc32/v4.60/bin/bin/../../lib/gcc/pic32c/8.3.1/../../../../pic32c/lib/thumb/v6-m/nofp\libm-fast-emfloat.a(fma.o)
 .comment       0x000000000000002b       0x2c c:/program files/microchip/xc32/v4.60/bin/bin/../../lib/gcc/pic32c/8.3.1/../../../../pic32c/lib/thumb/v6-m/nofp\libm-fast-emfloat.a(floor.o)
 .comment       0x000000000000002b       0x2c c:/program files/microchip/xc32/v4.60/bin/bin/../../lib/gcc/pic32c/8.3.1/thumb/v6-m/nofp\libgcc.a(_muldi3.o)
 .comment       0x000000000000002b       0x2c c:/program files/microchip/xc32/v4.60/bin/bin/../../lib/gcc/pic32c/8.3.1/thumb/v6-m/nofp\libgcc.a(_udivmoddi4.o)
 .comment       0x000000000000002b       0x2c c:/program files/microchip/xc32/v4.60/bin/bin/../../lib/gcc/pic32c/8.3.1/thumb/v6-m/nofp\libgcc.a(bpabi.o)
 .comment       0x000000000000002b       0x2c c:/program files/microchip/xc32/v4.60/bin/bin/../../lib/gcc/pic32c/8.3.1/thumb/v6-m/nofp\libgcc.a(_divdi3.o)
 .comment       0x000000000000002b       0x2c c:/program files/microchip/xc32/v4.60/bin/bin/../../lib/gcc/pic32c/8.3.1/../../../../pic32c/lib/thumb/v6-m/nofp\libpic32c.a(close.o)
 .comment       0x000000000000002b       0x2c c:/program files/microchip/xc32/v4.60/bin/bin/../../lib/gcc/pic32c/8.3.1/../../../../pic32c/lib/thumb/v6-m/nofp\libpic32c.a(lseek.o)
 .comment       0x000000000000002b       0x2c c:/program files/microchip/xc32/v4.60/bin/bin/../../lib/gcc/pic32c/8.3.1/../../../../pic32c/lib/thumb/v6-m/nofp\libpic32c.a(sbrk.o)
 .comment       0x000000000000002b       0x2c c:/program files/microchip/xc32/v4.60/bin/bin/../../lib/gcc/pic32c/8.3.1/../../../../pic32c/lib/thumb/v6-m/nofp\libc-size-musl.a(strcpy.o)
 .comment       0x000000000000002b       0x2c c:/program files/microchip/xc32/v4.60/bin/bin/../../lib/gcc/pic32c/8.3.1/../../../../pic32c/lib/thumb/v6-m/nofp\libc-size-musl.a(stpcpy.o)
 .comment       0x000000000000002b       0x2c c:/program files/microchip/xc32/v4.60/bin/bin/../../lib/gcc/pic32c/8.3.1/../../../../pic32c/lib/thumb/v6-m/nofp\libpic32c.a(pic32_data_init_clear.o)
 .comment       0x000000000000002b       0x2c c:/program files/microchip/xc32/v4.60/bin/bin/../../lib/gcc/pic32c/8.3.1/../../../../pic32c/lib/thumb/v6-m/nofp\libpic32c.a(pic32_data_init_copy.o)

.debug_info     0x0000000000000000    0x4de75
 .debug_info    0x0000000000000000      0xe24 build/SAMD21_IOT_WG_ICM42688/production/_ext/2048461350/icm42688_sensor.o
 .debug_info    0x0000000000000e24      0x250 build/SAMD21_IOT_WG_ICM42688/production/_ext/2078824600/sml_recognition_run.o
 .debug_info    0x0000000000001074     0x2c78 build/SAMD21_IOT_WG_ICM42688/production/_ext/1660664302/drv_spi.o
 .debug_info    0x0000000000003cec      0x2ac build/SAMD21_IOT_WG_ICM42688/production/_ext/1164161090/wdrv_winc_gpio.o
 .debug_info    0x0000000000003f98      0x17a build/SAMD21_IOT_WG_ICM42688/production/_ext/1164161090/wdrv_winc_eint.o
 .debug_info    0x0000000000004112      0xf98 build/SAMD21_IOT_WG_ICM42688/production/_ext/101005277/wdrv_winc_spi.o
 .debug_info    0x00000000000050aa      0x210 build/SAMD21_IOT_WG_ICM42688/production/_ext/90265895/nm_common.o
 .debug_info    0x00000000000052ba      0xdfd build/SAMD21_IOT_WG_ICM42688/production/_ext/121554788/m2m_ssl.o
 .debug_info    0x00000000000060b7     0x1333 build/SAMD21_IOT_WG_ICM42688/production/_ext/121554788/m2m_hif.o
 .debug_info    0x00000000000073ea     0x55b0 build/SAMD21_IOT_WG_ICM42688/production/_ext/121554788/m2m_wifi.o
 .debug_info    0x000000000000c99a     0x18ce build/SAMD21_IOT_WG_ICM42688/production/_ext/121554788/nmspi.o
 .debug_info    0x000000000000e268      0x904 build/SAMD21_IOT_WG_ICM42688/production/_ext/121554788/nmdrv.o
 .debug_info    0x000000000000eb6c     0x144b build/SAMD21_IOT_WG_ICM42688/production/_ext/121554788/m2m_ota.o
 .debug_info    0x000000000000ffb7     0x1121 build/SAMD21_IOT_WG_ICM42688/production/_ext/121554788/nmasic.o
 .debug_info    0x00000000000110d8      0x6d7 build/SAMD21_IOT_WG_ICM42688/production/_ext/121554788/nmbus.o
 .debug_info    0x00000000000117af     0x2662 build/SAMD21_IOT_WG_ICM42688/production/_ext/548032175/socket.o
 .debug_info    0x0000000000013e11      0x1e6 build/SAMD21_IOT_WG_ICM42688/production/_ext/609036575/flexible_flash.o
 .debug_info    0x0000000000013ff7     0x12b9 build/SAMD21_IOT_WG_ICM42688/production/_ext/609036575/spi_flash.o
 .debug_info    0x00000000000152b0      0x148 build/SAMD21_IOT_WG_ICM42688/production/_ext/1784303044/wdrv_winc_osal.o
 .debug_info    0x00000000000153f8     0x154a build/SAMD21_IOT_WG_ICM42688/production/_ext/907429946/wdrv_winc_systime.o
 .debug_info    0x0000000000016942      0xc2e build/SAMD21_IOT_WG_ICM42688/production/_ext/907429946/wdrv_winc_authctx.o
 .debug_info    0x0000000000017570     0x2649 build/SAMD21_IOT_WG_ICM42688/production/_ext/907429946/wdrv_winc_host_file.o
 .debug_info    0x0000000000019bb9     0x49d4 build/SAMD21_IOT_WG_ICM42688/production/_ext/907429946/wdrv_winc.o
 .debug_info    0x000000000001e58d      0x677 build/SAMD21_IOT_WG_ICM42688/production/_ext/907429946/wdrv_winc_bssctx.o
 .debug_info    0x000000000001ec04      0x5b8 build/SAMD21_IOT_WG_ICM42688/production/_ext/1750425231/plib_clock.o
 .debug_info    0x000000000001f1bc      0xc0f build/SAMD21_IOT_WG_ICM42688/production/_ext/1580516298/plib_dmac.o
 .debug_info    0x000000000001fdcb      0x34d build/SAMD21_IOT_WG_ICM42688/production/_ext/503204096/plib_eic.o
 .debug_info    0x0000000000020118      0xa46 build/SAMD21_IOT_WG_ICM42688/production/_ext/1580823105/plib_nvic.o
 .debug_info    0x0000000000020b5e      0x59c build/SAMD21_IOT_WG_ICM42688/production/_ext/11470383/plib_nvmctrl.o
 .debug_info    0x00000000000210fa      0x6a3 build/SAMD21_IOT_WG_ICM42688/production/_ext/1580876256/plib_port.o
 .debug_info    0x000000000002179d      0xe88 build/SAMD21_IOT_WG_ICM42688/production/_ext/1014017276/plib_sercom0_spi_master.o
 .debug_info    0x0000000000022625      0xf98 build/SAMD21_IOT_WG_ICM42688/production/_ext/1014017276/plib_sercom2_spi_master.o
 .debug_info    0x00000000000235bd      0xf59 build/SAMD21_IOT_WG_ICM42688/production/_ext/177673482/plib_sercom5_usart.o
 .debug_info    0x0000000000024516      0x336 build/SAMD21_IOT_WG_ICM42688/production/_ext/223004715/plib_systick.o
 .debug_info    0x000000000002484c      0x770 build/SAMD21_IOT_WG_ICM42688/production/_ext/399410062/plib_tc3.o
 .debug_info    0x0000000000024fbc      0x799 build/SAMD21_IOT_WG_ICM42688/production/_ext/399410062/plib_tc4.o
 .debug_info    0x0000000000025755      0x1e4 build/SAMD21_IOT_WG_ICM42688/production/_ext/1357625803/xc32_monitor.o
 .debug_info    0x0000000000025939      0x2e6 build/SAMD21_IOT_WG_ICM42688/production/_ext/1584719636/sys_dma.o
 .debug_info    0x0000000000025c1f      0x556 build/SAMD21_IOT_WG_ICM42688/production/_ext/1318297016/sys_int.o
 .debug_info    0x0000000000026175     0x2299 build/SAMD21_IOT_WG_ICM42688/production/_ext/386530258/sys_time.o
 .debug_info    0x000000000002840e     0x1a6a build/SAMD21_IOT_WG_ICM42688/production/_ext/1832905403/initialization.o
 .debug_info    0x0000000000029e78      0x3e1 build/SAMD21_IOT_WG_ICM42688/production/_ext/1832905403/interrupts.o
 .debug_info    0x000000000002a259       0xb6 build/SAMD21_IOT_WG_ICM42688/production/_ext/1832905403/exceptions.o
 .debug_info    0x000000000002a30f      0x205 build/SAMD21_IOT_WG_ICM42688/production/_ext/1832905403/startup_xc32.o
 .debug_info    0x000000000002a514       0xbb build/SAMD21_IOT_WG_ICM42688/production/_ext/1832905403/tasks.o
 .debug_info    0x000000000002a5cf     0x529a build/SAMD21_IOT_WG_ICM42688/production/_ext/1341251756/Icm426xxDriver_HL.o
 .debug_info    0x000000000002f869      0x6c6 build/SAMD21_IOT_WG_ICM42688/production/_ext/1341251756/Icm426xxTransport.o
 .debug_info    0x000000000002ff2f      0x545 build/SAMD21_IOT_WG_ICM42688/production/_ext/1310896710/crossing_rate.o
 .debug_info    0x0000000000030474      0x1ab build/SAMD21_IOT_WG_ICM42688/production/_ext/1310896710/dsp_dtw_distance.o
 .debug_info    0x000000000003061f      0x160 build/SAMD21_IOT_WG_ICM42688/production/_ext/1310896710/dsp_l1_distance.o
 .debug_info    0x000000000003077f      0x184 build/SAMD21_IOT_WG_ICM42688/production/_ext/1310896710/dsp_lsup_distance.o
 .debug_info    0x0000000000030903      0x6f7 build/SAMD21_IOT_WG_ICM42688/production/_ext/1310896710/fg_amplitude_global_p2p_low_frequency.o
 .debug_info    0x0000000000030ffa      0x6a7 build/SAMD21_IOT_WG_ICM42688/production/_ext/1310896710/fg_amplitude_min_max_sum.o
 .debug_info    0x00000000000316a1      0x6a7 build/SAMD21_IOT_WG_ICM42688/production/_ext/1310896710/fg_amplitude_peak_to_peak.o
 .debug_info    0x0000000000031d48      0x685 build/SAMD21_IOT_WG_ICM42688/production/_ext/1310896710/fg_area_absolute_area.o
 .debug_info    0x00000000000323cd      0x713 build/SAMD21_IOT_WG_ICM42688/production/_ext/1310896710/fg_area_absolute_area_high_frequency.o
 .debug_info    0x0000000000032ae0      0x713 build/SAMD21_IOT_WG_ICM42688/production/_ext/1310896710/fg_area_absolute_area_low_frequency.o
 .debug_info    0x00000000000331f3      0x6f1 build/SAMD21_IOT_WG_ICM42688/production/_ext/1310896710/fg_area_power_spectrum_density.o
 .debug_info    0x00000000000338e4      0x713 build/SAMD21_IOT_WG_ICM42688/production/_ext/1310896710/fg_area_total_area_low_frequency.o
 .debug_info    0x0000000000033ff7      0x685 build/SAMD21_IOT_WG_ICM42688/production/_ext/1310896710/fg_cross_p2p_difference.o
 .debug_info    0x000000000003467c      0x6fd build/SAMD21_IOT_WG_ICM42688/production/_ext/1310896710/fg_sampling_downsample.o
 .debug_info    0x0000000000034d79      0x6e9 build/SAMD21_IOT_WG_ICM42688/production/_ext/1310896710/fg_stats_iqr.o
 .debug_info    0x0000000000035462      0x685 build/SAMD21_IOT_WG_ICM42688/production/_ext/1310896710/fg_stats_minimum.o
 .debug_info    0x0000000000035ae7      0x6a6 build/SAMD21_IOT_WG_ICM42688/production/_ext/1310896710/fg_stats_pct025.o
 .debug_info    0x000000000003618d      0x761 build/SAMD21_IOT_WG_ICM42688/production/_ext/1310896710/fg_stats_positive_zero_crossings.o
 .debug_info    0x00000000000368ee     0x31c1 build/SAMD21_IOT_WG_ICM42688/production/_ext/1310896710/kb.o
 .debug_info    0x0000000000039aaf      0xcdf build/SAMD21_IOT_WG_ICM42688/production/_ext/1310896710/kb_output.o
 .debug_info    0x000000000003a78e      0xdb7 build/SAMD21_IOT_WG_ICM42688/production/_ext/1310896710/kb_pipeline.o
 .debug_info    0x000000000003b545      0x8b6 build/SAMD21_IOT_WG_ICM42688/production/_ext/1310896710/ma_symmetric.o
 .debug_info    0x000000000003bdfb      0x2c8 build/SAMD21_IOT_WG_ICM42688/production/_ext/1310896710/mean.o
 .debug_info    0x000000000003c0c3     0x1ab0 build/SAMD21_IOT_WG_ICM42688/production/_ext/1310896710/pme.o
 .debug_info    0x000000000003db73      0x30e build/SAMD21_IOT_WG_ICM42688/production/_ext/1310896710/pme_trained_neurons.o
 .debug_info    0x000000000003de81      0x92a build/SAMD21_IOT_WG_ICM42688/production/_ext/1310896710/rb.o
 .debug_info    0x000000000003e7ab      0x25a build/SAMD21_IOT_WG_ICM42688/production/_ext/1310896710/save_sensor_data.o
 .debug_info    0x000000000003ea05      0x2c3 build/SAMD21_IOT_WG_ICM42688/production/_ext/1310896710/sf_downsample_by_averaging.o
 .debug_info    0x000000000003ecc8      0x660 build/SAMD21_IOT_WG_ICM42688/production/_ext/1310896710/sg_windowing.o
 .debug_info    0x000000000003f328      0x137 build/SAMD21_IOT_WG_ICM42688/production/_ext/1310896710/sortarray.o
 .debug_info    0x000000000003f45f      0x21d build/SAMD21_IOT_WG_ICM42688/production/_ext/1310896710/sorted_copy.o
 .debug_info    0x000000000003f67c      0x1b3 build/SAMD21_IOT_WG_ICM42688/production/_ext/1310896710/stats_percentile_presorted.o
 .debug_info    0x000000000003f82f      0x264 build/SAMD21_IOT_WG_ICM42688/production/_ext/1310896710/tr_min_max_scale.o
 .debug_info    0x000000000003fa93      0x166 build/SAMD21_IOT_WG_ICM42688/production/_ext/1310896710/utils_array_max_uint8.o
 .debug_info    0x000000000003fbf9       0xe7 build/SAMD21_IOT_WG_ICM42688/production/_ext/1310896710/utils_bitwise_abs_val.o
 .debug_info    0x000000000003fce0      0x232 build/SAMD21_IOT_WG_ICM42688/production/_ext/1310896710/utils_buffer_min_max.o
 .debug_info    0x000000000003ff12      0x735 build/SAMD21_IOT_WG_ICM42688/production/_ext/1310896710/utils_model_cross_difference.o
 .debug_info    0x0000000000040647      0x6fc build/SAMD21_IOT_WG_ICM42688/production/_ext/1310896710/utils_model_stats_max_min.o
 .debug_info    0x0000000000040d43      0x6c4 build/SAMD21_IOT_WG_ICM42688/production/_ext/1310896710/utils_model_total_area.o
 .debug_info    0x0000000000041407      0x151 build/SAMD21_IOT_WG_ICM42688/production/_ext/1310896710/utils_tr_sensor.o
 .debug_info    0x0000000000041558     0x1cc1 build/SAMD21_IOT_WG_ICM42688/production/_ext/1360937237/main.o
 .debug_info    0x0000000000043219      0x878 build/SAMD21_IOT_WG_ICM42688/production/_ext/1360937237/ringbuffer.o
 .debug_info    0x0000000000043a91      0x370 build/SAMD21_IOT_WG_ICM42688/production/_ext/1360937237/app.o
 .debug_info    0x0000000000043e01      0x73d build/SAMD21_IOT_WG_ICM42688/production/_ext/1360937237/ws2812.o
 .debug_info    0x000000000004453e       0x68 c:/program files/microchip/xc32/v4.60/bin/bin/../../lib/gcc/pic32c/8.3.1/../../../../pic32c/lib/thumb/v6-m/nofp\libpic32c.a(data_init.o)
 .debug_info    0x00000000000445a6       0xed c:/program files/microchip/xc32/v4.60/bin/bin/../../lib/gcc/pic32c/8.3.1/../../../../pic32c/lib/thumb/v6-m/nofp\libc-size-musl.a(memcpy.o)
 .debug_info    0x0000000000044693       0xbb c:/program files/microchip/xc32/v4.60/bin/bin/../../lib/gcc/pic32c/8.3.1/../../../../pic32c/lib/thumb/v6-m/nofp\libc-size-musl.a(memset.o)
 .debug_info    0x000000000004474e       0xa4 c:/program files/microchip/xc32/v4.60/bin/bin/../../lib/gcc/pic32c/8.3.1/../../../../pic32c/lib/thumb/v6-m/nofp\libc-size-musl.a(strlen.o)
 .debug_info    0x00000000000447f2       0xd2 c:/program files/microchip/xc32/v4.60/bin/bin/../../lib/gcc/pic32c/8.3.1/../../../../pic32c/lib/thumb/v6-m/nofp\libc-size-musl.a(strchr.o)
 .debug_info    0x00000000000448c4      0x133 c:/program files/microchip/xc32/v4.60/bin/bin/../../lib/gcc/pic32c/8.3.1/../../../../pic32c/lib/thumb/v6-m/nofp\libc-size-musl.a(strchrnul.o)
 .debug_info    0x00000000000449f7       0xd5 c:/program files/microchip/xc32/v4.60/bin/bin/../../lib/gcc/pic32c/8.3.1/../../../../pic32c/lib/thumb/v6-m/nofp\libc-size-musl.a(strnlen.o)
 .debug_info    0x0000000000044acc       0xe5 c:/program files/microchip/xc32/v4.60/bin/bin/../../lib/gcc/pic32c/8.3.1/../../../../pic32c/lib/thumb/v6-m/nofp\libc-size-musl.a(memchr.o)
 .debug_info    0x0000000000044bb1      0x133 c:/program files/microchip/xc32/v4.60/bin/bin/../../lib/gcc/pic32c/8.3.1/../../../../pic32c/lib/thumb/v6-m/nofp\liblmalloc-musl.a(lite_calloc.o)
 .debug_info    0x0000000000044ce4      0x272 c:/program files/microchip/xc32/v4.60/bin/bin/../../lib/gcc/pic32c/8.3.1/../../../../pic32c/lib/thumb/v6-m/nofp\liblmalloc-musl.a(lite_free.o)
 .debug_info    0x0000000000044f56      0x1bd c:/program files/microchip/xc32/v4.60/bin/bin/../../lib/gcc/pic32c/8.3.1/../../../../pic32c/lib/thumb/v6-m/nofp\liblmalloc-musl.a(lite_malloc.o)
 .debug_info    0x0000000000045113      0x2fb c:/program files/microchip/xc32/v4.60/bin/bin/../../lib/gcc/pic32c/8.3.1/../../../../pic32c/lib/thumb/v6-m/nofp\libc-musl.a(__libc_start_main.o)
 .debug_info    0x000000000004540e       0x5b c:/program files/microchip/xc32/v4.60/bin/bin/../../lib/gcc/pic32c/8.3.1/../../../../pic32c/lib/thumb/v6-m/nofp\libc-musl.a(__errno_location.o)
 .debug_info    0x0000000000045469      0x276 c:/program files/microchip/xc32/v4.60/bin/bin/../../lib/gcc/pic32c/8.3.1/../../../../pic32c/lib/thumb/v6-m/nofp\libc-musl.a(libc.o)
 .debug_info    0x00000000000456df      0x10e c:/program files/microchip/xc32/v4.60/bin/bin/../../lib/gcc/pic32c/8.3.1/../../../../pic32c/lib/thumb/v6-m/nofp\libc-musl.a(expand_heap.o)
 .debug_info    0x00000000000457ed      0x22d c:/program files/microchip/xc32/v4.60/bin/bin/../../lib/gcc/pic32c/8.3.1/../../../../pic32c/lib/thumb/v6-m/nofp\libc-musl.a(__sio_printf_cdeEfFgGnpsuxX.o)
 .debug_info    0x0000000000045a1a      0x21a c:/program files/microchip/xc32/v4.60/bin/bin/../../lib/gcc/pic32c/8.3.1/../../../../pic32c/lib/thumb/v6-m/nofp\libc-musl.a(__sio_sprintf_cdeEfFgGnpsuxX.o)