Archive member included to satisfy reference by file (symbol)

c:/program files/microchip/xc32/v4.60/bin/bin/../../lib/gcc/pic32c/8.3.1/../../../../pic32c/lib/thumb/v6-m/nofp\libpic32c.a(data_init.o)
                              build/samd21IOT_winc1500/production/_ext/2058341299/startup_xc32.o (__pic32c_data_initialization)
c:/program files/microchip/xc32/v4.60/bin/bin/../../lib/gcc/pic32c/8.3.1/../../../../pic32c/lib/thumb/v6-m/nofp\libc-size-musl.a(memcpy.o)
                              build/samd21IOT_winc1500/production/_ext/284355797/wdrv_winc_spi.o (memcpy)
c:/program files/microchip/xc32/v4.60/bin/bin/../../lib/gcc/pic32c/8.3.1/../../../../pic32c/lib/thumb/v6-m/nofp\libc-size-musl.a(memset.o)
                              build/samd21IOT_winc1500/production/_ext/881504404/m2m_wifi.o (memset)
c:/program files/microchip/xc32/v4.60/bin/bin/../../lib/gcc/pic32c/8.3.1/../../../../pic32c/lib/thumb/v6-m/nofp\libc-size-musl.a(strlen.o)
                              build/samd21IOT_winc1500/production/_ext/881504404/m2m_wifi.o (strlen)
c:/program files/microchip/xc32/v4.60/bin/bin/../../lib/gcc/pic32c/8.3.1/../../../../pic32c/lib/thumb/v6-m/nofp\libc-size-musl.a(strchr.o)
                              build/samd21IOT_winc1500/production/_ext/1235514674/wdrv_winc_authctx.o (strchr)
c:/program files/microchip/xc32/v4.60/bin/bin/../../lib/gcc/pic32c/8.3.1/../../../../pic32c/lib/thumb/v6-m/nofp\libc-size-musl.a(strchrnul.o)
                              c:/program files/microchip/xc32/v4.60/bin/bin/../../lib/gcc/pic32c/8.3.1/../../../../pic32c/lib/thumb/v6-m/nofp\libc-size-musl.a(strchr.o) (__strchrnul)
c:/program files/microchip/xc32/v4.60/bin/bin/../../lib/gcc/pic32c/8.3.1/../../../../pic32c/lib/thumb/v6-m/nofp\libc-size-musl.a(strnlen.o)
                              build/samd21IOT_winc1500/production/_ext/881504404/m2m_ota.o (strnlen)
c:/program files/microchip/xc32/v4.60/bin/bin/../../lib/gcc/pic32c/8.3.1/../../../../pic32c/lib/thumb/v6-m/nofp\libc-size-musl.a(memchr.o)
                              c:/program files/microchip/xc32/v4.60/bin/bin/../../lib/gcc/pic32c/8.3.1/../../../../pic32c/lib/thumb/v6-m/nofp\libc-size-musl.a(strnlen.o) (memchr)
c:/program files/microchip/xc32/v4.60/bin/bin/../../lib/gcc/pic32c/8.3.1/../../../../pic32c/lib/thumb/v6-m/nofp\liblmalloc-musl.a(lite_free.o)
                              build/samd21IOT_winc1500/production/_ext/881504404/m2m_wifi.o (free)
c:/program files/microchip/xc32/v4.60/bin/bin/../../lib/gcc/pic32c/8.3.1/../../../../pic32c/lib/thumb/v6-m/nofp\liblmalloc-musl.a(lite_malloc.o)
                              build/samd21IOT_winc1500/production/_ext/881504404/m2m_wifi.o (malloc)
c:/program files/microchip/xc32/v4.60/bin/bin/../../lib/gcc/pic32c/8.3.1/../../../../pic32c/lib/thumb/v6-m/nofp\libc-musl.a(__libc_start_main.o)
                              build/samd21IOT_winc1500/production/_ext/2058341299/startup_xc32.o (__libc_init_array)
c:/program files/microchip/xc32/v4.60/bin/bin/../../lib/gcc/pic32c/8.3.1/../../../../pic32c/lib/thumb/v6-m/nofp\libc-musl.a(__errno_location.o)
                              c:/program files/microchip/xc32/v4.60/bin/bin/../../lib/gcc/pic32c/8.3.1/../../../../pic32c/lib/thumb/v6-m/nofp\liblmalloc-musl.a(lite_malloc.o) (__errno_val)
c:/program files/microchip/xc32/v4.60/bin/bin/../../lib/gcc/pic32c/8.3.1/../../../../pic32c/lib/thumb/v6-m/nofp\libc-musl.a(libc.o)
                              c:/program files/microchip/xc32/v4.60/bin/bin/../../lib/gcc/pic32c/8.3.1/../../../../pic32c/lib/thumb/v6-m/nofp\libc-musl.a(__libc_start_main.o) (__progname_full)
c:/program files/microchip/xc32/v4.60/bin/bin/../../lib/gcc/pic32c/8.3.1/../../../../pic32c/lib/thumb/v6-m/nofp\libc-musl.a(expand_heap.o)
                              c:/program files/microchip/xc32/v4.60/bin/bin/../../lib/gcc/pic32c/8.3.1/../../../../pic32c/lib/thumb/v6-m/nofp\liblmalloc-musl.a(lite_malloc.o) (__expand_heap)
c:/program files/microchip/xc32/v4.60/bin/bin/../../lib/gcc/pic32c/8.3.1/../../../../pic32c/lib/thumb/v6-m/nofp\libc-musl.a(vsnprintf.o)
                              build/samd21IOT_winc1500/production/_ext/106321624/sys_console.o (vsnprintf)
c:/program files/microchip/xc32/v4.60/bin/bin/../../lib/gcc/pic32c/8.3.1/../../../../pic32c/lib/thumb/v6-m/nofp\libc-musl.a(sprintf.o)
                              (sprintf)
c:/program files/microchip/xc32/v4.60/bin/bin/../../lib/gcc/pic32c/8.3.1/../../../../pic32c/lib/thumb/v6-m/nofp\libc-musl.a(vsprintf.o)
                              c:/program files/microchip/xc32/v4.60/bin/bin/../../lib/gcc/pic32c/8.3.1/../../../../pic32c/lib/thumb/v6-m/nofp\libc-musl.a(sprintf.o) (vsprintf)
c:/program files/microchip/xc32/v4.60/bin/bin/../../lib/gcc/pic32c/8.3.1/../../../../pic32c/lib/thumb/v6-m/nofp\libc-musl.a(gmtime.o)
                              build/samd21IOT_winc1500/production/_ext/1235514674/wdrv_winc_systime.o (gmtime)
[...]
Memory Configuration

Name             Origin             Length             Attributes
rom              0x0000000000000000 0x0000000000040000 xrl
ram              0x0000000020000000 0x0000000000008000 xw !r
config_00804000  0x0000000000804000 0x0000000000000004
config_00804004  0x0000000000804004 0x0000000000000004
*default*        0x0000000000000000 0xffffffffffffffff

Linker script and memory map

LOAD c:/program files/microchip/xc32/v4.60/bin/bin/../../lib/gcc/pic32c/8.3.1/thumb/v6-m/nofp/crti.o
LOAD c:/program files/microchip/xc32/v4.60/bin/bin/../../lib/gcc/pic32c/8.3.1/thumb/v6-m/nofp/crtbegin.o
LOAD build/samd21IOT_winc1500/production/_ext/287230454/drv_spi.o
LOAD build/samd21IOT_winc1500/production/_ext/224737734/wdrv_winc_gpio.o
LOAD build/samd21IOT_winc1500/production/_ext/224737734/wdrv_winc_eint.o
LOAD build/samd21IOT_winc1500/production/_ext/284355797/wdrv_winc_spi.o
LOAD build/samd21IOT_winc1500/production/_ext/912793297/nm_common.o
LOAD build/samd21IOT_winc1500/production/_ext/881504404/m2m_wifi.o
LOAD build/samd21IOT_winc1500/production/_ext/881504404/m2m_ota.o
LOAD build/samd21IOT_winc1500/production/_ext/881504404/m2m_hif.o
LOAD build/samd21IOT_winc1500/production/_ext/881504404/m2m_periph.o
LOAD build/samd21IOT_winc1500/production/_ext/881504404/nmbus.o
LOAD build/samd21IOT_winc1500/production/_ext/881504404/m2m_ssl.o
LOAD build/samd21IOT_winc1500/production/_ext/881504404/nmspi.o
LOAD build/samd21IOT_winc1500/production/_ext/881504404/nmdrv.o
LOAD build/samd21IOT_winc1500/production/_ext/881504404/nmasic.o
LOAD build/samd21IOT_winc1500/production/_ext/455027017/inet_ntop.o
LOAD build/samd21IOT_winc1500/production/_ext/455027017/inet_addr.o
LOAD build/samd21IOT_winc1500/production/_ext/455027017/socket.o
LOAD build/samd21IOT_winc1500/production/_ext/1637020121/flexible_flash.o
LOAD build/samd21IOT_winc1500/production/_ext/1637020121/spi_flash.o
LOAD build/samd21IOT_winc1500/production/_ext/469334988/wdrv_winc_osal.o
LOAD build/samd21IOT_winc1500/production/_ext/1235514674/wdrv_winc.o
LOAD build/samd21IOT_winc1500/production/_ext/1235514674/wdrv_winc_host_file.o
LOAD build/samd21IOT_winc1500/production/_ext/1235514674/wdrv_winc_httpprovctx.o
LOAD build/samd21IOT_winc1500/production/_ext/1235514674/wdrv_winc_custie.o
LOAD build/samd21IOT_winc1500/production/_ext/1235514674/wdrv_winc_bssctx.o
LOAD build/samd21IOT_winc1500/production/_ext/1235514674/wdrv_winc_powersave.o
LOAD build/samd21IOT_winc1500/production/_ext/1235514674/wdrv_winc_authctx.o
LOAD build/samd21IOT_winc1500/production/_ext/1235514674/wdrv_winc_bssfind.o
LOAD build/samd21IOT_winc1500/production/_ext/1235514674/wdrv_winc_socket.o
LOAD build/samd21IOT_winc1500/production/_ext/1235514674/wdrv_winc_nvm.o
LOAD build/samd21IOT_winc1500/production/_ext/1235514674/wdrv_winc_sta.o
LOAD build/samd21IOT_winc1500/production/_ext/1235514674/wdrv_winc_ssl.o
LOAD build/samd21IOT_winc1500/production/_ext/1235514674/wdrv_winc_systime.o
LOAD build/samd21IOT_winc1500/production/_ext/1235514674/wdrv_winc_wps.o
LOAD build/samd21IOT_winc1500/production/_ext/1235514674/wdrv_winc_enterprise.o
LOAD build/samd21IOT_winc1500/production/_ext/1235514674/wdrv_winc_softap.o
LOAD build/samd21IOT_winc1500/production/_ext/1235514674/wdrv_winc_assoc.o
LOAD build/samd21IOT_winc1500/production/_ext/435457175/plib_clock.o
LOAD build/samd21IOT_winc1500/production/_ext/1953739970/plib_dmac.o
LOAD build/samd21IOT_winc1500/production/_ext/1876637944/plib_eic.o
LOAD build/samd21IOT_winc1500/production/_ext/437606661/plib_evsys.o
LOAD build/samd21IOT_winc1500/production/_ext/1954046777/plib_nvic.o
LOAD build/samd21IOT_winc1500/production/_ext/975387175/plib_nvmctrl.o
LOAD build/samd21IOT_winc1500/production/_ext/1954099928/plib_port.o
LOAD build/samd21IOT_winc1500/production/_ext/34491124/plib_sercom2_spi_master.o
LOAD build/samd21IOT_winc1500/production/_ext/1207737362/plib_sercom5_usart.o
LOAD build/samd21IOT_winc1500/production/_ext/2138746234/plib_tc3.o
LOAD build/samd21IOT_winc1500/production/_ext/1613073709/xc32_monitor.o
LOAD build/samd21IOT_winc1500/production/_ext/106321624/sys_console.o
LOAD build/samd21IOT_winc1500/production/_ext/106321624/sys_console_uart.o
LOAD build/samd21IOT_winc1500/production/_ext/604157148/sys_debug.o
LOAD build/samd21IOT_winc1500/production/_ext/226979060/sys_dma.o
LOAD build/samd21IOT_winc1500/production/_ext/55136832/sys_int.o
LOAD build/samd21IOT_winc1500/production/_ext/13306586/sys_time.o
LOAD build/samd21IOT_winc1500/production/_ext/2058341299/tasks.o
LOAD build/samd21IOT_winc1500/production/_ext/2058341299/interrupts.o
LOAD build/samd21IOT_winc1500/production/_ext/2058341299/initialization.o
LOAD build/samd21IOT_winc1500/production/_ext/2058341299/startup_xc32.o
LOAD build/samd21IOT_winc1500/production/_ext/2058341299/libc_syscalls.o
LOAD build/samd21IOT_winc1500/production/_ext/2058341299/exceptions.o
LOAD build/samd21IOT_winc1500/production/_ext/1360937237/main.o
LOAD build/samd21IOT_winc1500/production/_ext/1360937237/app.o
LOAD build/samd21IOT_winc1500/production/_ext/1360937237/winc1500_tcp_server.o
                0x0000000000000001                __MPLAB_BUILD = 0x1
                0x0000000000040000                __rom_end = (ORIGIN (rom) + LENGTH (rom))
                0x0000000020008000                __ram_end = (ORIGIN (ram) + LENGTH (ram))

.config_00804000
                0x0000000000804000        0x4
 *(.config_00804000)
 .config_00804000
                0x0000000000804000        0x4 build/samd21IOT_winc1500/production/_ext/2058341299/initialization.o
                0x0000000000804000                __config_00804000

.config_00804004
                0x0000000000804004        0x4
 *(.config_00804004)
 .config_00804004
                0x0000000000804004        0x4 build/samd21IOT_winc1500/production/_ext/2058341299/initialization.o
                0x0000000000804004                __config_00804004

.vectors        0x0000000000000000       0xb0
                0x0000000000000000                . = ALIGN (0x4)
                0x0000000000000000                _sfixed = .
 *(.vectors .vectors.* .vectors_default .vectors_default.*)
 .vectors       0x0000000000000000       0xb0 build/samd21IOT_winc1500/production/_ext/2058341299/interrupts.o
                0x0000000000000000                exception_table
 *(.isr_vector)
 *(.reset*)
 *(.after_vectors)

.text           0x00000000000000b0       0x20
                0x00000000000000b0                . = ALIGN (0x4)
 *(.glue_7t)
 .glue_7t       0x00000000000000b0        0x0 linker stubs
 *(.glue_7)
 .glue_7        0x00000000000000b0        0x0 linker stubs
 *(.gnu.linkonce.r.*)
 *(.ARM.extab* .gnu.linkonce.armextab.*)
 .ARM.extab     0x00000000000000b0        0x0 c:/program files/microchip/xc32/v4.60/bin/bin/../../lib/gcc/pic32c/8.3.1/thumb/v6-m/nofp\libgcc.a(_udivmoddi4.o)
 .ARM.extab     0x00000000000000b0        0x0 c:/program files/microchip/xc32/v4.60/bin/bin/../../lib/gcc/pic32c/8.3.1/thumb/v6-m/nofp\libgcc.a(_divdi3.o)
                0x00000000000000b0                . = ALIGN (0x4)
 *(.init)
 .init          0x00000000000000b0        0x4 c:/program files/microchip/xc32/v4.60/bin/bin/../../lib/gcc/pic32c/8.3.1/thumb/v6-m/nofp/crti.o
                0x00000000000000b0                _init
 .init          0x00000000000000b4        0x8 c:/program files/microchip/xc32/v4.60/bin/bin/../../lib/gcc/pic32c/8.3.1/thumb/v6-m/nofp/crtn.o
                0x00000000000000bc                . = ALIGN (0x4)
                0x00000000000000bc                __preinit_array_start = .
 *(.preinit_array)
                0x00000000000000bc                __preinit_array_end = .
                0x00000000000000bc                . = ALIGN (0x4)
                0x00000000000000bc                __init_array_start = .
 *(SORT_BY_NAME(.init_array.*))
 *(.init_array)
 .init_array    0x00000000000000bc        0x4 c:/program files/microchip/xc32/v4.60/bin/bin/../../lib/gcc/pic32c/8.3.1/thumb/v6-m/nofp/crtbegin.o
                0x00000000000000c0                __init_array_end = .
                0x00000000000000c0                . = ALIGN (0x4)
 *crtbegin.o(.ctors)
 *(EXCLUDE_FILE(*crtend.o) .ctors)
 *(SORT_BY_NAME(.ctors.*))
 *crtend.o(.ctors)
                0x00000000000000c0                . = ALIGN (0x4)
 *(.fini)
 .fini          0x00000000000000c0        0x4 c:/program files/microchip/xc32/v4.60/bin/bin/../../lib/gcc/pic32c/8.3.1/thumb/v6-m/nofp/crti.o
                0x00000000000000c0                _fini
 .fini          0x00000000000000c4        0x8 c:/program files/microchip/xc32/v4.60/bin/bin/../../lib/gcc/pic32c/8.3.1/thumb/v6-m/nofp/crtn.o
                0x00000000000000cc                . = ALIGN (0x4)
                0x00000000000000cc                __fini_array_start = .
 *(.fini_array)
 .fini_array    0x00000000000000cc        0x4 c:/program files/microchip/xc32/v4.60/bin/bin/../../lib/gcc/pic32c/8.3.1/thumb/v6-m/nofp/crtbegin.o
 *(SORT_BY_NAME(.fini_array.*))
                0x00000000000000d0                __fini_array_end = .
 *crtbegin.o(.dtors)
 *(EXCLUDE_FILE(*crtend.o) .dtors)
 *(SORT_BY_NAME(.dtors.*))
 *crtend.o(.dtors)
                0x00000000000000d0                . = ALIGN (0x4)
                0x00000000000000d0                _efixed = .
                [!provide]                        PROVIDE (__exidx_start = .)

.ARM.exidx      0x00000000000000d0       0x10
 *(.ARM.exidx* .gnu.linkonce.armexidx.*)
 .ARM.exidx     0x00000000000000d8        0x8 c:/program files/microchip/xc32/v4.60/bin/bin/../../lib/gcc/pic32c/8.3.1/thumb/v6-m/nofp\libgcc.a(_udivmoddi4.o)
 .ARM.exidx     0x00000000000000d0        0x8 c:/program files/microchip/xc32/v4.60/bin/bin/../../lib/gcc/pic32c/8.3.1/thumb/v6-m/nofp\libgcc.a(_divdi3.o)
                [!provide]                        PROVIDE (__exidx_end = .)
                0x00000000000000e0                . = ALIGN (0x4)
                0x00000000000000e0                _etext = .

.bss            0x0000000020000000        0x0
                0x0000000020000000                . = ALIGN (0x4)
                0x0000000020000000                __bss_start__ = .
                0x0000000020000000                _sbss = .
                0x0000000020000000                _szero = .
 *(COMMON)
                0x0000000020000000                . = ALIGN (0x4)
                0x0000000020000000                __bss_end__ = .
                0x0000000020000000                _ebss = .
                0x0000000020000000                _ezero = .
                0x0000000020000000                . = ALIGN (0x4)
                0x0000000020000000                _end = .
                0x0000000020007fff                _ram_end_ = ((ORIGIN (ram) + LENGTH (ram)) - 0x1)
                0x0000000000000200                _min_heap_size = 0x200
START GROUP
LOAD c:/program files/microchip/xc32/v4.60/bin/bin/../../lib/gcc/pic32c/8.3.1/../../../../pic32c/lib/thumb/v6-m/nofp\libpic32c.a
LOAD c:/program files/microchip/xc32/v4.60/bin/bin/../../lib/gcc/pic32c/8.3.1/../../../../pic32c/lib/thumb/v6-m/nofp\libc-size-musl.a
LOAD c:/program files/microchip/xc32/v4.60/bin/bin/../../lib/gcc/pic32c/8.3.1/../../../../pic32c/lib/thumb/v6-m/nofp\liblmalloc-musl.a
LOAD c:/program files/microchip/xc32/v4.60/bin/bin/../../lib/gcc/pic32c/8.3.1/../../../../pic32c/lib/thumb/v6-m/nofp\libm-fast-emfloat.a
LOAD c:/program files/microchip/xc32/v4.60/bin/bin/../../lib/gcc/pic32c/8.3.1/../../../../pic32c/lib/thumb/v6-m/nofp\libm-musl.a
LOAD c:/program files/microchip/xc32/v4.60/bin/bin/../../lib/gcc/pic32c/8.3.1/../../../../pic32c/lib/thumb/v6-m/nofp\libc-musl.a
LOAD c:/program files/microchip/xc32/v4.60/bin/bin/../../lib/gcc/pic32c/8.3.1/../../../../pic32c/lib/thumb/v6-m/nofp\libm-fast-emfloat.a
LOAD c:/program files/microchip/xc32/v4.60/bin/bin/../../lib/gcc/pic32c/8.3.1/../../../../pic32c/lib/thumb/v6-m/nofp\libm-musl.a
LOAD c:/program files/microchip/xc32/v4.60/bin/bin/../../lib/gcc/pic32c/8.3.1/thumb/v6-m/nofp\libgcc.a
END GROUP
LOAD c:/program files/microchip/xc32/v4.60/bin/bin/../../lib/gcc/pic32c/8.3.1/thumb/v6-m/nofp/crtend.o
LOAD c:/program files/microchip/xc32/v4.60/bin/bin/../../lib/gcc/pic32c/8.3.1/thumb/v6-m/nofp/crtn.o
OUTPUT(dist/samd21IOT_winc1500/production/tcp_server_wic1500_samdIOT.X.production.elf elf32-littlearm)
LOAD data_init
LOAD stack

.ARM.attributes
                0x0000000000000000       0x2a
 .ARM.attributes
                0x0000000000000000       0x1e c:/program files/microchip/xc32/v4.60/bin/bin/../../lib/gcc/pic32c/8.3.1/thumb/v6-m/nofp/crti.o
 .ARM.attributes
                0x000000000000001e       0x2c c:/program files/microchip/xc32/v4.60/bin/bin/../../lib/gcc/pic32c/8.3.1/thumb/v6-m/nofp/crtbegin.o
 .ARM.attributes
                0x000000000000004a       0x2c build/samd21IOT_winc1500/production/_ext/287230454/drv_spi.o
 .ARM.attributes
                0x0000000000000076       0x2c build/samd21IOT_winc1500/production/_ext/224737734/wdrv_winc_gpio.o
 .ARM.attributes
                0x00000000000000a2       0x2c build/samd21IOT_winc1500/production/_ext/224737734/wdrv_winc_eint.o
 .ARM.attributes
                0x00000000000000ce       0x2c build/samd21IOT_winc1500/production/_ext/284355797/wdrv_winc_spi.o
 .ARM.attributes
                0x00000000000000fa       0x2c build/samd21IOT_winc1500/production/_ext/912793297/nm_common.o
 .ARM.attributes
                0x0000000000000126       0x2c build/samd21IOT_winc1500/production/_ext/881504404/m2m_wifi.o
 .ARM.attributes
                0x0000000000000152       0x2c build/samd21IOT_winc1500/production/_ext/881504404/m2m_ota.o
 .ARM.attributes
                0x000000000000017e       0x2c build/samd21IOT_winc1500/production/_ext/881504404/m2m_hif.o
 .ARM.attributes
                0x00000000000001aa       0x2c build/samd21IOT_winc1500/production/_ext/881504404/m2m_periph.o
 .ARM.attributes
                0x00000000000001d6       0x2c build/samd21IOT_winc1500/production/_ext/881504404/nmbus.o
 .ARM.attributes
                0x0000000000000202       0x2c build/samd21IOT_winc1500/production/_ext/881504404/m2m_ssl.o
 .ARM.attributes
                0x000000000000022e       0x2c build/samd21IOT_winc1500/production/_ext/881504404/nmspi.o
 .ARM.attributes
                0x000000000000025a       0x2c build/samd21IOT_winc1500/production/_ext/881504404/nmdrv.o
 .ARM.attributes
                0x0000000000000286       0x2c build/samd21IOT_winc1500/production/_ext/881504404/nmasic.o
 .ARM.attributes
                0x00000000000002b2       0x2c build/samd21IOT_winc1500/production/_ext/455027017/inet_ntop.o
 .ARM.attributes
                0x00000000000002de       0x2c build/samd21IOT_winc1500/production/_ext/455027017/inet_addr.o
 .ARM.attributes
                0x000000000000030a       0x2c build/samd21IOT_winc1500/production/_ext/455027017/socket.o
 .ARM.attributes
                0x0000000000000336       0x2c build/samd21IOT_winc1500/production/_ext/1637020121/flexible_flash.o
 .ARM.attributes
                0x0000000000000362       0x2c build/samd21IOT_winc1500/production/_ext/1637020121/spi_flash.o
 .ARM.attributes
                0x000000000000038e       0x2c build/samd21IOT_winc1500/production/_ext/469334988/wdrv_winc_osal.o
 .ARM.attributes
                0x00000000000003ba       0x2c build/samd21IOT_winc1500/production/_ext/1235514674/wdrv_winc.o
 .ARM.attributes
                0x00000000000003e6       0x2c build/samd21IOT_winc1500/production/_ext/1235514674/wdrv_winc_host_file.o
 .ARM.attributes
                0x0000000000000412       0x2c build/samd21IOT_winc1500/production/_ext/1235514674/wdrv_winc_httpprovctx.o
 .ARM.attributes
                0x000000000000043e       0x2c build/samd21IOT_winc1500/production/_ext/1235514674/wdrv_winc_custie.o
 .ARM.attributes
                0x000000000000046a       0x2c build/samd21IOT_winc1500/production/_ext/1235514674/wdrv_winc_bssctx.o
 .ARM.attributes
                0x0000000000000496       0x2c build/samd21IOT_winc1500/production/_ext/1235514674/wdrv_winc_powersave.o
 .ARM.attributes
                0x00000000000004c2       0x2c build/samd21IOT_winc1500/production/_ext/1235514674/wdrv_winc_authctx.o
 .ARM.attributes
                0x00000000000004ee       0x2c build/samd21IOT_winc1500/production/_ext/1235514674/wdrv_winc_bssfind.o
 .ARM.attributes
                0x000000000000051a       0x2c build/samd21IOT_winc1500/production/_ext/1235514674/wdrv_winc_socket.o
 .ARM.attributes
                0x0000000000000546       0x2c build/samd21IOT_winc1500/production/_ext/1235514674/wdrv_winc_nvm.o
 .ARM.attributes
                0x0000000000000572       0x2c build/samd21IOT_winc1500/production/_ext/1235514674/wdrv_winc_sta.o
 .ARM.attributes
                0x000000000000059e       0x2c build/samd21IOT_winc1500/production/_ext/1235514674/wdrv_winc_ssl.o
 .ARM.attributes
                0x00000000000005ca       0x2c build/samd21IOT_winc1500/production/_ext/1235514674/wdrv_winc_systime.o
 .ARM.attributes
                0x00000000000005f6       0x2c build/samd21IOT_winc1500/production/_ext/1235514674/wdrv_winc_wps.o
 .ARM.attributes
                0x0000000000000622       0x2c build/samd21IOT_winc1500/production/_ext/1235514674/wdrv_winc_enterprise.o
 .ARM.attributes
                0x000000000000064e       0x2c build/samd21IOT_winc1500/production/_ext/1235514674/wdrv_winc_softap.o
 .ARM.attributes
                0x000000000000067a       0x2c build/samd21IOT_winc1500/production/_ext/1235514674/wdrv_winc_assoc.o
 .ARM.attributes
                0x00000000000006a6       0x2c build/samd21IOT_winc1500/production/_ext/435457175/plib_clock.o
 .ARM.attributes
                0x00000000000006d2       0x2c build/samd21IOT_winc1500/production/_ext/1953739970/plib_dmac.o
 .ARM.attributes
                0x00000000000006fe       0x2c build/samd21IOT_winc1500/production/_ext/1876637944/plib_eic.o
 .ARM.attributes
                0x000000000000072a       0x2c build/samd21IOT_winc1500/production/_ext/437606661/plib_evsys.o
 .ARM.attributes
                0x0000000000000756       0x2c build/samd21IOT_winc1500/production/_ext/1954046777/plib_nvic.o
 .ARM.attributes
                0x0000000000000782       0x2c build/samd21IOT_winc1500/production/_ext/975387175/plib_nvmctrl.o
 .ARM.attributes
                0x00000000000007ae       0x2c build/samd21IOT_winc1500/production/_ext/1954099928/plib_port.o
 .ARM.attributes
                0x00000000000007da       0x2c build/samd21IOT_winc1500/production/_ext/34491124/plib_sercom2_spi_master.o
 .ARM.attributes
                0x0000000000000806       0x2c build/samd21IOT_winc1500/production/_ext/1207737362/plib_sercom5_usart.o
 .ARM.attributes
                0x0000000000000832       0x2c build/samd21IOT_winc1500/production/_ext/2138746234/plib_tc3.o
 .ARM.attributes
                0x000000000000085e       0x2c build/samd21IOT_winc1500/production/_ext/1613073709/xc32_monitor.o
 .ARM.attributes
                0x000000000000088a       0x2c build/samd21IOT_winc1500/production/_ext/106321624/sys_console.o
 .ARM.attributes
                0x00000000000008b6       0x2c build/samd21IOT_winc1500/production/_ext/106321624/sys_console_uart.o
 .ARM.attributes
                0x00000000000008e2       0x2c build/samd21IOT_winc1500/production/_ext/604157148/sys_debug.o
 .ARM.attributes
                0x000000000000090e       0x2c build/samd21IOT_winc1500/production/_ext/226979060/sys_dma.o
 .ARM.attributes
                0x000000000000093a       0x2c build/samd21IOT_winc1500/production/_ext/55136832/sys_int.o
 .ARM.attributes
                0x0000000000000966       0x2c build/samd21IOT_winc1500/production/_ext/13306586/sys_time.o
 .ARM.attributes
                0x0000000000000992       0x2c build/samd21IOT_winc1500/production/_ext/2058341299/tasks.o
 .ARM.attributes
                0x00000000000009be       0x2c build/samd21IOT_winc1500/production/_ext/2058341299/interrupts.o
 .ARM.attributes
                0x00000000000009ea       0x2c build/samd21IOT_winc1500/production/_ext/2058341299/initialization.o
 .ARM.attributes
                0x0000000000000a16       0x2c build/samd21IOT_winc1500/production/_ext/2058341299/startup_xc32.o
 .ARM.attributes
                0x0000000000000a42       0x2c build/samd21IOT_winc1500/production/_ext/2058341299/libc_syscalls.o
 .ARM.attributes
                0x0000000000000a6e       0x2c build/samd21IOT_winc1500/production/_ext/2058341299/exceptions.o
 .ARM.attributes
                0x0000000000000a9a       0x2c build/samd21IOT_winc1500/production/_ext/1360937237/main.o
 .ARM.attributes
                0x0000000000000ac6       0x2c build/samd21IOT_winc1500/production/_ext/1360937237/app.o
 .ARM.attributes
                0x0000000000000af2       0x2c build/samd21IOT_winc1500/production/_ext/1360937237/winc1500_tcp_server.o
 .ARM.attributes
                0x0000000000000b1e       0x2c c:/program files/microchip/xc32/v4.60/bin/bin/../../lib/gcc/pic32c/8.3.1/../../../../pic32c/lib/thumb/v6-m/nofp\libpic32c.a(data_init.o)
 .ARM.attributes
                0x0000000000000b4a       0x2e c:/program files/microchip/xc32/v4.60/bin/bin/../../lib/gcc/pic32c/8.3.1/../../../../pic32c/lib/thumb/v6-m/nofp\libc-size-musl.a(memcpy.o)
 .ARM.attributes
                0x0000000000000b78       0x2e c:/program files/microchip/xc32/v4.60/bin/bin/../../lib/gcc/pic32c/8.3.1/../../../../pic32c/lib/thumb/v6-m/nofp\libc-size-musl.a(memset.o)
 .ARM.attributes
                0x0000000000000ba6       0x2e c:/program files/microchip/xc32/v4.60/bin/bin/../../lib/gcc/pic32c/8.3.1/../../../../pic32c/lib/thumb/v6-m/nofp\libc-size-musl.a(strlen.o)
 .ARM.attributes
                0x0000000000000bd4       0x2e c:/program files/microchip/xc32/v4.60/bin/bin/../../lib/gcc/pic32c/8.3.1/../../../../pic32c/lib/thumb/v6-m/nofp\libc-size-musl.a(strchr.o)
 .ARM.attributes
                0x0000000000000c02       0x2e c:/program files/microchip/xc32/v4.60/bin/bin/../../lib/gcc/pic32c/8.3.1/../../../../pic32c/lib/thumb/v6-m/nofp\libc-size-musl.a(strchrnul.o)
 .ARM.attributes
                0x0000000000000c30       0x2e c:/program files/microchip/xc32/v4.60/bin/bin/../../lib/gcc/pic32c/8.3.1/../../../../pic32c/lib/thumb/v6-m/nofp\libc-size-musl.a(strnlen.o)
 .ARM.attributes
                0x0000000000000c5e       0x2e c:/program files/microchip/xc32/v4.60/bin/bin/../../lib/gcc/pic32c/8.3.1/../../../../pic32c/lib/thumb/v6-m/nofp\libc-size-musl.a(memchr.o)
 .ARM.attributes
                0x0000000000000c8c       0x2e c:/program files/microchip/xc32/v4.60/bin/bin/../../lib/gcc/pic32c/8.3.1/../../../../pic32c/lib/thumb/v6-m/nofp\liblmalloc-musl.a(lite_free.o)
 .ARM.attributes
                0x0000000000000cba       0x2e c:/program files/microchip/xc32/v4.60/bin/bin/../../lib/gcc/pic32c/8.3.1/../../../../pic32c/lib/thumb/v6-m/nofp\liblmalloc-musl.a(lite_malloc.o)
 .ARM.attributes
                0x0000000000000ce8       0x2e c:/program files/microchip/xc32/v4.60/bin/bin/../../lib/gcc/pic32c/8.3.1/../../../../pic32c/lib/thumb/v6-m/nofp\libc-musl.a(__libc_start_main.o)
 .ARM.attributes
                0x0000000000000d16       0x2e c:/program files/microchip/xc32/v4.60/bin/bin/../../lib/gcc/pic32c/8.3.1/../../../../pic32c/lib/thumb/v6-m/nofp\libc-musl.a(__errno_location.o)
 .ARM.attributes
                0x0000000000000d44       0x2e c:/program files/microchip/xc32/v4.60/bin/bin/../../lib/gcc/pic32c/8.3.1/../../../../pic32c/lib/thumb/v6-m/nofp\libc-musl.a(libc.o)
 .ARM.attributes
                0x0000000000000d72       0x2e c:/program files/microchip/xc32/v4.60/bin/bin/../../lib/gcc/pic32c/8.3.1/../../../../pic32c/lib/thumb/v6-m/nofp\libc-musl.a(expand_heap.o)
 .ARM.attributes
                0x0000000000000da0       0x2e c:/program files/microchip/xc32/v4.60/bin/bin/../../lib/gcc/pic32c/8.3.1/../../../../pic32c/lib/thumb/v6-m/nofp\libc-musl.a(vsnprintf.o)
 .ARM.attributes
                0x0000000000000dce       0x2e c:/program files/microchip/xc32/v4.60/bin/bin/../../lib/gcc/pic32c/8.3.1/../../../../pic32c/lib/thumb/v6-m/nofp\libc-musl.a(sprintf.o)
 .ARM.attributes
                0x0000000000000dfc       0x2e c:/program files/microchip/xc32/v4.60/bin/bin/../../lib/gcc/pic32c/8.3.1/../../../../pic32c/lib/thumb/v6-m/nofp\libc-musl.a(vsprintf.o)
 .ARM.attributes
                0x0000000000000e2a       0x2e c:/program files/microchip/xc32/v4.60/bin/bin/../../lib/gcc/pic32c/8.3.1/../../../../pic32c/lib/thumb/v6-m/nofp\libc-musl.a(gmtime.o)
 .ARM.attributes
                0x0000000000000e58       0x2e c:/program files/microchip/xc32/v4.60/bin/bin/../../lib/gcc/pic32c/8.3.1/../../../../pic32c/lib/thumb/v6-m/nofp\libc-musl.a(gmtime_r.o)
 .ARM.attributes
                0x0000000000000e86       0x2e c:/program files/microchip/xc32/v4.60/bin/bin/../../lib/gcc/pic32c/8.3.1/../../../../pic32c/lib/thumb/v6-m/nofp\libc-musl.a(mktime.o)
 .ARM.attributes
                0x0000000000000eb4       0x2e c:/program files/microchip/xc32/v4.60/bin/bin/../../lib/gcc/pic32c/8.3.1/../../../../pic32c/lib/thumb/v6-m/nofp\libc-musl.a(__environ.o)
 .ARM.attributes
                0x0000000000000ee2       0x2e c:/program files/microchip/xc32/v4.60/bin/bin/../../lib/gcc/pic32c/8.3.1/../../../../pic32c/lib/thumb/v6-m/nofp\libc-musl.a(vfprintf.o)
 .ARM.attributes
                0x0000000000000f10       0x2e c:/program files/microchip/xc32/v4.60/bin/bin/../../lib/gcc/pic32c/8.3.1/../../../../pic32c/lib/thumb/v6-m/nofp\libc-musl.a(__tm_to_secs.o)
 .ARM.attributes
                0x0000000000000f3e       0x2e c:/program files/microchip/xc32/v4.60/bin/bin/../../lib/gcc/pic32c/8.3.1/../../../../pic32c/lib/thumb/v6-m/nofp\libc-musl.a(__year_to_secs.o)
 .ARM.attributes
                0x0000000000000f6c       0x2e c:/program files/microchip/xc32/v4.60/bin/bin/../../lib/gcc/pic32c/8.3.1/../../../../pic32c/lib/thumb/v6-m/nofp\libc-musl.a(__secs_to_tm.o)
 .ARM.attributes
                0x0000000000000f9a       0x2e c:/program files/microchip/xc32/v4.60/bin/bin/../../lib/gcc/pic32c/8.3.1/../../../../pic32c/lib/thumb/v6-m/nofp\libc-musl.a(__io_fmt_needed.o)
 .ARM.attributes
                0x0000000000000fc8       0x2e c:/program files/microchip/xc32/v4.60/bin/bin/../../lib/gcc/pic32c/8.3.1/../../../../pic32c/lib/thumb/v6-m/nofp\libc-musl.a(__pop_float.o)
 .ARM.attributes
                0x0000000000000ff6       0x2e c:/program files/microchip/xc32/v4.60/bin/bin/../../lib/gcc/pic32c/8.3.1/../../../../pic32c/lib/thumb/v6-m/nofp\libc-musl.a(__pop_int.o)
 .ARM.attributes
                0x0000000000001024       0x2e c:/program files/microchip/xc32/v4.60/bin/bin/../../lib/gcc/pic32c/8.3.1/../../../../pic32c/lib/thumb/v6-m/nofp\libc-musl.a(__pop_ptr.o)
 .ARM.attributes
                0x0000000000001052       0x2e c:/program files/microchip/xc32/v4.60/bin/bin/../../lib/gcc/pic32c/8.3.1/../../../../pic32c/lib/thumb/v6-m/nofp\libc-musl.a(__printf_core.o)
 .ARM.attributes
                0x0000000000001080       0x2e c:/program files/microchip/xc32/v4.60/bin/bin/../../lib/gcc/pic32c/8.3.1/../../../../pic32c/lib/thumb/v6-m/nofp\libc-musl.a(atoi.o)
 .ARM.attributes
                0x00000000000010ae       0x2e c:/program files/microchip/xc32/v4.60/bin/bin/../../lib/gcc/pic32c/8.3.1/../../../../pic32c/lib/thumb/v6-m/nofp\libc-musl.a(__month_to_secs.o)
 .ARM.attributes
                0x00000000000010dc       0x2e c:/program files/microchip/xc32/v4.60/bin/bin/../../lib/gcc/pic32c/8.3.1/../../../../pic32c/lib/thumb/v6-m/nofp\libc-musl.a(tolower.o)
 .ARM.attributes
                0x000000000000110a       0x2e c:/program files/microchip/xc32/v4.60/bin/bin/../../lib/gcc/pic32c/8.3.1/../../../../pic32c/lib/thumb/v6-m/nofp\libc-musl.a(__fmt_a.o)
 .ARM.attributes
                0x0000000000001138       0x2e c:/program files/microchip/xc32/v4.60/bin/bin/../../lib/gcc/pic32c/8.3.1/../../../../pic32c/lib/thumb/v6-m/nofp\libc-musl.a(__fmt_d.o)
 .ARM.attributes
                0x0000000000001166       0x2e c:/program files/microchip/xc32/v4.60/bin/bin/../../lib/gcc/pic32c/8.3.1/../../../../pic32c/lib/thumb/v6-m/nofp\libc-musl.a(__fmt_fp.o)
 .ARM.attributes
                0x0000000000001194       0x2e c:/program files/microchip/xc32/v4.60/bin/bin/../../lib/gcc/pic32c/8.3.1/../../../../pic32c/lib/thumb/v6-m/nofp\libc-musl.a(__fmt_o.o)
 .ARM.attributes
                0x00000000000011c2       0x2e c:/program files/microchip/xc32/v4.60/bin/bin/../../lib/gcc/pic32c/8.3.1/../../../../pic32c/lib/thumb/v6-m/nofp\libc-musl.a(__fmt_s.o)
 .ARM.attributes
                0x00000000000011f0       0x2e c:/program files/microchip/xc32/v4.60/bin/bin/../../lib/gcc/pic32c/8.3.1/../../../../pic32c/lib/thumb/v6-m/nofp\libc-musl.a(__fmt_u.o)
 .ARM.attributes
                0x000000000000121e       0x2e c:/program files/microchip/xc32/v4.60/bin/bin/../../lib/gcc/pic32c/8.3.1/../../../../pic32c/lib/thumb/v6-m/nofp\libc-musl.a(__fmt_x.o)
 .ARM.attributes
                0x000000000000124c       0x2e c:/program files/microchip/xc32/v4.60/bin/bin/../../lib/gcc/pic32c/8.3.1/../../../../pic32c/lib/thumb/v6-m/nofp\libc-musl.a(toupper.o)
 .ARM.attributes
                0x000000000000127a       0x2e c:/program files/microchip/xc32/v4.60/bin/bin/../../lib/gcc/pic32c/8.3.1/../../../../pic32c/lib/thumb/v6-m/nofp\libc-musl.a(__cvt_u.o)
 .ARM.attributes
                0x00000000000012a8       0x2c c:/program files/microchip/xc32/v4.60/bin/bin/../../lib/gcc/pic32c/8.3.1/../../../../pic32c/lib/thumb/v6-m/nofp\libm-fast-emfloat.a(fma.o)
 .ARM.attributes
                0x00000000000012d4       0x2c c:/program files/microchip/xc32/v4.60/bin/bin/../../lib/gcc/pic32c/8.3.1/../../../../pic32c/lib/thumb/v6-m/nofp\libm-fast-emfloat.a(floor.o)
 .ARM.attributes
                0x0000000000001300       0x1c c:/program files/microchip/xc32/v4.60/bin/bin/../../lib/gcc/pic32c/8.3.1/../../../../pic32c/lib/thumb/v6-m/nofp\libm-fast-emfloat.a(__aeabi_dadd.o)
 .ARM.attributes
                0x000000000000131c       0x1c c:/program files/microchip/xc32/v4.60/bin/bin/../../lib/gcc/pic32c/8.3.1/../../../../pic32c/lib/thumb/v6-m/nofp\libm-fast-emfloat.a(__aeabi_dsub.o)
 .ARM.attributes
                0x0000000000001338       0x1c c:/program files/microchip/xc32/v4.60/bin/bin/../../lib/gcc/pic32c/8.3.1/../../../../pic32c/lib/thumb/v6-m/nofp\libm-fast-emfloat.a(__aeabi_dmul_aux.o)
 .ARM.attributes
                0x0000000000001354       0x1c c:/program files/microchip/xc32/v4.60/bin/bin/../../lib/gcc/pic32c/8.3.1/../../../../pic32c/lib/thumb/v6-m/nofp\libm-fast-emfloat.a(__aeabi_ddiv.o)
 .ARM.attributes
                0x0000000000001370       0x1c c:/program files/microchip/xc32/v4.60/bin/bin/../../lib/gcc/pic32c/8.3.1/../../../../pic32c/lib/thumb/v6-m/nofp\libm-fast-emfloat.a(__aeabi_dcmple.o)
 .ARM.attributes
                0x000000000000138c       0x1c c:/program files/microchip/xc32/v4.60/bin/bin/../../lib/gcc/pic32c/8.3.1/../../../../pic32c/lib/thumb/v6-m/nofp\libm-fast-emfloat.a(__aeabi_dcmpeq.o)
 .ARM.attributes
                0x00000000000013a8       0x1c c:/program files/microchip/xc32/v4.60/bin/bin/../../lib/gcc/pic32c/8.3.1/../../../../pic32c/lib/thumb/v6-m/nofp\libm-fast-emfloat.a(__aeabi_dcmpgt.o)
 .ARM.attributes
                0x00000000000013c4       0x1c c:/program files/microchip/xc32/v4.60/bin/bin/../../lib/gcc/pic32c/8.3.1/../../../../pic32c/lib/thumb/v6-m/nofp\libm-fast-emfloat.a(__aeabi_dcmplt.o)
 .ARM.attributes
                0x00000000000013e0       0x1c c:/program files/microchip/xc32/v4.60/bin/bin/../../lib/gcc/pic32c/8.3.1/../../../../pic32c/lib/thumb/v6-m/nofp\libm-fast-emfloat.a(__aeabi_d2iz.o)
 .ARM.attributes
                0x00000000000013fc       0x1c c:/program files/microchip/xc32/v4.60/bin/bin/../../lib/gcc/pic32c/8.3.1/../../../../pic32c/lib/thumb/v6-m/nofp\libm-fast-emfloat.a(__aeabi_d2uiz.o)
 .ARM.attributes
                0x0000000000001418       0x1e c:/program files/microchip/xc32/v4.60/bin/bin/../../lib/gcc/pic32c/8.3.1/thumb/v6-m/nofp\libgcc.a(_udivsi3.o)
 .ARM.attributes
                0x0000000000001436       0x1e c:/program files/microchip/xc32/v4.60/bin/bin/../../lib/gcc/pic32c/8.3.1/thumb/v6-m/nofp\libgcc.a(_divsi3.o)
 .ARM.attributes
                0x0000000000001454       0x1e c:/program files/microchip/xc32/v4.60/bin/bin/../../lib/gcc/pic32c/8.3.1/thumb/v6-m/nofp\libgcc.a(_dvmd_tls.o)
 .ARM.attributes
                0x0000000000001472       0x1e c:/program files/microchip/xc32/v4.60/bin/bin/../../lib/gcc/pic32c/8.3.1/thumb/v6-m/nofp\libgcc.a(_aeabi_ldivmod.o)
 .ARM.attributes
                0x0000000000001490       0x1e c:/program files/microchip/xc32/v4.60/bin/bin/../../lib/gcc/pic32c/8.3.1/thumb/v6-m/nofp\libgcc.a(_aeabi_uldivmod.o)
 .ARM.attributes
                0x00000000000014ae       0x2c c:/program files/microchip/xc32/v4.60/bin/bin/../../lib/gcc/pic32c/8.3.1/thumb/v6-m/nofp\libgcc.a(_muldi3.o)
 .ARM.attributes
                0x00000000000014da       0x2c c:/program files/microchip/xc32/v4.60/bin/bin/../../lib/gcc/pic32c/8.3.1/thumb/v6-m/nofp\libgcc.a(_udivmoddi4.o)
 .ARM.attributes
                0x0000000000001506       0x2c c:/program files/microchip/xc32/v4.60/bin/bin/../../lib/gcc/pic32c/8.3.1/thumb/v6-m/nofp\libgcc.a(bpabi.o)
 .ARM.attributes
                0x0000000000001532       0x1e c:/program files/microchip/xc32/v4.60/bin/bin/../../lib/gcc/pic32c/8.3.1/thumb/v6-m/nofp\libgcc.a(_lshrdi3.o)
 .ARM.attributes
                0x0000000000001550       0x1e c:/program files/microchip/xc32/v4.60/bin/bin/../../lib/gcc/pic32c/8.3.1/thumb/v6-m/nofp\libgcc.a(_ashldi3.o)
 .ARM.attributes
                0x000000000000156e       0x1e c:/program files/microchip/xc32/v4.60/bin/bin/../../lib/gcc/pic32c/8.3.1/thumb/v6-m/nofp\libgcc.a(_clzdi2.o)
 .ARM.attributes
                0x000000000000158c       0x2c c:/program files/microchip/xc32/v4.60/bin/bin/../../lib/gcc/pic32c/8.3.1/thumb/v6-m/nofp\libgcc.a(_divdi3.o)
 .ARM.attributes
                0x00000000000015b8       0x1e c:/program files/microchip/xc32/v4.60/bin/bin/../../lib/gcc/pic32c/8.3.1/thumb/v6-m/nofp\libgcc.a(_clzsi2.o)
 .ARM.attributes
                0x00000000000015d6       0x2c c:/program files/microchip/xc32/v4.60/bin/bin/../../lib/gcc/pic32c/8.3.1/../../../../pic32c/lib/thumb/v6-m/nofp\libpic32c.a(sbrk.o)
 .ARM.attributes
                0x0000000000001602       0x2e c:/program files/microchip/xc32/v4.60/bin/bin/../../lib/gcc/pic32c/8.3.1/../../../../pic32c/lib/thumb/v6-m/nofp\libc-size-musl.a(strcpy.o)
 .ARM.attributes
                0x0000000000001630       0x2e c:/program files/microchip/xc32/v4.60/bin/bin/../../lib/gcc/pic32c/8.3.1/../../../../pic32c/lib/thumb/v6-m/nofp\libc-size-musl.a(stpcpy.o)
 .ARM.attributes
                0x000000000000165e       0x2c c:/program files/microchip/xc32/v4.60/bin/bin/../../lib/gcc/pic32c/8.3.1/thumb/v6-m/nofp/crtend.o
 .ARM.attributes
                0x000000000000168a       0x1e c:/program files/microchip/xc32/v4.60/bin/bin/../../lib/gcc/pic32c/8.3.1/thumb/v6-m/nofp/crtn.o
 .ARM.attributes
                0x00000000000016a8       0x2c c:/program files/microchip/xc32/v4.60/bin/bin/../../lib/gcc/pic32c/8.3.1/../../../../pic32c/lib/thumb/v6-m/nofp\libpic32c.a(pic32_data_init_clear.o)
 .ARM.attributes
                0x00000000000016d4       0x2c c:/program files/microchip/xc32/v4.60/bin/bin/../../lib/gcc/pic32c/8.3.1/../../../../pic32c/lib/thumb/v6-m/nofp\libpic32c.a(pic32_data_init_copy.o)

.comment        0x0000000000000000       0x2b
 .comment       0x0000000000000000       0x2b c:/program files/microchip/xc32/v4.60/bin/bin/../../lib/gcc/pic32c/8.3.1/thumb/v6-m/nofp/crtbegin.o
                                         0x2c (size before relaxing)
 .comment       0x000000000000002b       0x2c build/samd21IOT_winc1500/production/_ext/287230454/drv_spi.o
 .comment       0x000000000000002b       0x2c build/samd21IOT_winc1500/production/_ext/224737734/wdrv_winc_gpio.o
 .comment       0x000000000000002b       0x2c build/samd21IOT_winc1500/production/_ext/224737734/wdrv_winc_eint.o
 .comment       0x000000000000002b       0x2c build/samd21IOT_winc1500/production/_ext/284355797/wdrv_winc_spi.o
 .comment       0x000000000000002b       0x2c build/samd21IOT_winc1500/production/_ext/912793297/nm_common.o
 .comment       0x000000000000002b       0x2c build/samd21IOT_winc1500/production/_ext/881504404/m2m_wifi.o
 .comment       0x000000000000002b       0x2c build/samd21IOT_winc1500/production/_ext/881504404/m2m_ota.o
 .comment       0x000000000000002b       0x2c build/samd21IOT_winc1500/production/_ext/881504404/m2m_hif.o
 .comment       0x000000000000002b       0x2c build/samd21IOT_winc1500/production/_ext/881504404/m2m_periph.o
 .comment       0x000000000000002b       0x2c build/samd21IOT_winc1500/production/_ext/881504404/nmbus.o
 .comment       0x000000000000002b       0x2c build/samd21IOT_winc1500/production/_ext/881504404/m2m_ssl.o
 .comment       0x000000000000002b       0x2c build/samd21IOT_winc1500/production/_ext/881504404/nmspi.o
 .comment       0x000000000000002b       0x2c build/samd21IOT_winc1500/production/_ext/881504404/nmdrv.o
 .comment       0x000000000000002b       0x2c build/samd21IOT_winc1500/production/_ext/881504404/nmasic.o
 .comment       0x000000000000002b       0x2c build/samd21IOT_winc1500/production/_ext/455027017/inet_ntop.o
 .comment       0x000000000000002b       0x2c build/samd21IOT_winc1500/production/_ext/455027017/inet_addr.o
 .comment       0x000000000000002b       0x2c build/samd21IOT_winc1500/production/_ext/455027017/socket.o
 .comment       0x000000000000002b       0x2c build/samd21IOT_winc1500/production/_ext/1637020121/flexible_flash.o
 .comment       0x000000000000002b       0x2c build/samd21IOT_winc1500/production/_ext/1637020121/spi_flash.o
 .comment       0x000000000000002b       0x2c build/samd21IOT_winc1500/production/_ext/469334988/wdrv_winc_osal.o
 .comment       0x000000000000002b       0x2c build/samd21IOT_winc1500/production/_ext/1235514674/wdrv_winc.o
 .comment       0x000000000000002b       0x2c build/samd21IOT_winc1500/production/_ext/1235514674/wdrv_winc_host_file.o
 .comment       0x000000000000002b       0x2c build/samd21IOT_winc1500/production/_ext/1235514674/wdrv_winc_httpprovctx.o
 .comment       0x000000000000002b       0x2c build/samd21IOT_winc1500/production/_ext/1235514674/wdrv_winc_custie.o
 .comment       0x000000000000002b       0x2c build/samd21IOT_winc1500/production/_ext/1235514674/wdrv_winc_bssctx.o
 .comment       0x000000000000002b       0x2c build/samd21IOT_winc1500/production/_ext/1235514674/wdrv_winc_powersave.o
 .comment       0x000000000000002b       0x2c build/samd21IOT_winc1500/production/_ext/1235514674/wdrv_winc_authctx.o
 .comment       0x000000000000002b       0x2c build/samd21IOT_winc1500/production/_ext/1235514674/wdrv_winc_bssfind.o
 .comment       0x000000000000002b       0x2c build/samd21IOT_winc1500/production/_ext/1235514674/wdrv_winc_socket.o
 .comment       0x000000000000002b       0x2c build/samd21IOT_winc1500/production/_ext/1235514674/wdrv_winc_nvm.o
 .comment       0x000000000000002b       0x2c build/samd21IOT_winc1500/production/_ext/1235514674/wdrv_winc_sta.o
 .comment       0x000000000000002b       0x2c build/samd21IOT_winc1500/production/_ext/1235514674/wdrv_winc_ssl.o
 .comment       0x000000000000002b       0x2c build/samd21IOT_winc1500/production/_ext/1235514674/wdrv_winc_systime.o
 .comment       0x000000000000002b       0x2c build/samd21IOT_winc1500/production/_ext/1235514674/wdrv_winc_wps.o
 .comment       0x000000000000002b       0x2c build/samd21IOT_winc1500/production/_ext/1235514674/wdrv_winc_enterprise.o
 .comment       0x000000000000002b       0x2c build/samd21IOT_winc1500/production/_ext/1235514674/wdrv_winc_softap.o
 .comment       0x000000000000002b       0x2c build/samd21IOT_winc1500/production/_ext/1235514674/wdrv_winc_assoc.o
 .comment       0x000000000000002b       0x2c build/samd21IOT_winc1500/production/_ext/435457175/plib_clock.o
 .comment       0x000000000000002b       0x2c build/samd21IOT_winc1500/production/_ext/1953739970/plib_dmac.o
 .comment       0x000000000000002b       0x2c build/samd21IOT_winc1500/production/_ext/1876637944/plib_eic.o
 .comment       0x000000000000002b       0x2c build/samd21IOT_winc1500/production/_ext/437606661/plib_evsys.o
 .comment       0x000000000000002b       0x2c build/samd21IOT_winc1500/production/_ext/1954046777/plib_nvic.o
 .comment       0x000000000000002b       0x2c build/samd21IOT_winc1500/production/_ext/975387175/plib_nvmctrl.o
 .comment       0x000000000000002b       0x2c build/samd21IOT_winc1500/production/_ext/1954099928/plib_port.o
 .comment       0x000000000000002b       0x2c build/samd21IOT_winc1500/production/_ext/34491124/plib_sercom2_spi_master.o
 .comment       0x000000000000002b       0x2c build/samd21IOT_winc1500/production/_ext/1207737362/plib_sercom5_usart.o
 .comment       0x000000000000002b       0x2c build/samd21IOT_winc1500/production/_ext/2138746234/plib_tc3.o
 .comment       0x000000000000002b       0x2c build/samd21IOT_winc1500/production/_ext/1613073709/xc32_monitor.o
 .comment       0x000000000000002b       0x2c build/samd21IOT_winc1500/production/_ext/106321624/sys_console.o
 .comment       0x000000000000002b       0x2c build/samd21IOT_winc1500/production/_ext/106321624/sys_console_uart.o
 .comment       0x000000000000002b       0x2c build/samd21IOT_winc1500/production/_ext/604157148/sys_debug.o
 .comment       0x000000000000002b       0x2c build/samd21IOT_winc1500/production/_ext/226979060/sys_dma.o
 .comment       0x000000000000002b       0x2c build/samd21IOT_winc1500/production/_ext/55136832/sys_int.o
 .comment       0x000000000000002b       0x2c build/samd21IOT_winc1500/production/_ext/13306586/sys_time.o
 .comment       0x000000000000002b       0x2c build/samd21IOT_winc1500/production/_ext/2058341299/tasks.o
 .comment       0x000000000000002b       0x2c build/samd21IOT_winc1500/production/_ext/2058341299/interrupts.o
 .comment       0x000000000000002b       0x2c build/samd21IOT_winc1500/production/_ext/2058341299/initialization.o
 .comment       0x000000000000002b       0x2c build/samd21IOT_winc1500/production/_ext/2058341299/startup_xc32.o
 .comment       0x000000000000002b       0x2c build/samd21IOT_winc1500/production/_ext/2058341299/libc_syscalls.o
 .comment       0x000000000000002b       0x2c build/samd21IOT_winc1500/production/_ext/2058341299/exceptions.o
 .comment       0x000000000000002b       0x2c build/samd21IOT_winc1500/production/_ext/1360937237/main.o
 .comment       0x000000000000002b       0x2c build/samd21IOT_winc1500/production/_ext/1360937237/app.o
 .comment       0x000000000000002b       0x2c build/samd21IOT_winc1500/production/_ext/1360937237/winc1500_tcp_server.o
 .comment       0x000000000000002b       0x2c c:/program files/microchip/xc32/v4.60/bin/bin/../../lib/gcc/pic32c/8.3.1/../../../../pic32c/lib/thumb/v6-m/nofp\libpic32c.a(data_init.o)
 .comment       0x000000000000002b       0x2c c:/program files/microchip/xc32/v4.60/bin/bin/../../lib/gcc/pic32c/8.3.1/../../../../pic32c/lib/thumb/v6-m/nofp\libc-size-musl.a(memcpy.o)
 .comment       0x000000000000002b       0x2c c:/program files/microchip/xc32/v4.60/bin/bin/../../lib/gcc/pic32c/8.3.1/../../../../pic32c/lib/thumb/v6-m/nofp\libc-size-musl.a(memset.o)
 .comment       0x000000000000002b       0x2c c:/program files/microchip/xc32/v4.60/bin/bin/../../lib/gcc/pic32c/8.3.1/../../../../pic32c/lib/thumb/v6-m/nofp\libc-size-musl.a(strlen.o)
 .comment       0x000000000000002b       0x2c c:/program files/microchip/xc32/v4.60/bin/bin/../../lib/gcc/pic32c/8.3.1/../../../../pic32c/lib/thumb/v6-m/nofp\libc-size-musl.a(strchr.o)
 .comment       0x000000000000002b       0x2c c:/program files/microchip/xc32/v4.60/bin/bin/../../lib/gcc/pic32c/8.3.1/../../../../pic32c/lib/thumb/v6-m/nofp\libc-size-musl.a(strchrnul.o)
 .comment       0x000000000000002b       0x2c c:/program files/microchip/xc32/v4.60/bin/bin/../../lib/gcc/pic32c/8.3.1/../../../../pic32c/lib/thumb/v6-m/nofp\libc-size-musl.a(strnlen.o)
 .comment       0x000000000000002b       0x2c c:/program files/microchip/xc32/v4.60/bin/bin/../../lib/gcc/pic32c/8.3.1/../../../../pic32c/lib/thumb/v6-m/nofp\libc-size-musl.a(memchr.o)
 .comment       0x000000000000002b       0x2c c:/program files/microchip/xc32/v4.60/bin/bin/../../lib/gcc/pic32c/8.3.1/../../../../pic32c/lib/thumb/v6-m/nofp\liblmalloc-musl.a(lite_free.o)
 .comment       0x000000000000002b       0x2c c:/program files/microchip/xc32/v4.60/bin/bin/../../lib/gcc/pic32c/8.3.1/../../../../pic32c/lib/thumb/v6-m/nofp\liblmalloc-musl.a(lite_malloc.o)
 .comment       0x000000000000002b       0x2c c:/program files/microchip/xc32/v4.60/bin/bin/../../lib/gcc/pic32c/8.3.1/../../../../pic32c/lib/thumb/v6-m/nofp\libc-musl.a(__libc_start_main.o)
 .comment       0x000000000000002b       0x2c c:/program files/microchip/xc32/v4.60/bin/bin/../../lib/gcc/pic32c/8.3.1/../../../../pic32c/lib/thumb/v6-m/nofp\libc-musl.a(__errno_location.o)
 .comment       0x000000000000002b       0x2c c:/program files/microchip/xc32/v4.60/bin/bin/../../lib/gcc/pic32c/8.3.1/../../../../pic32c/lib/thumb/v6-m/nofp\libc-musl.a(libc.o)
 .comment       0x000000000000002b       0x2c c:/program files/microchip/xc32/v4.60/bin/bin/../../lib/gcc/pic32c/8.3.1/../../../../pic32c/lib/thumb/v6-m/nofp\libc-musl.a(expand_heap.o)
 .comment       0x000000000000002b       0x2c c:/program files/microchip/xc32/v4.60/bin/bin/../../lib/gcc/pic32c/8.3.1/../../../../pic32c/lib/thumb/v6-m/nofp\libc-musl.a(vsnprintf.o)
 .comment       0x000000000000002b       0x2c c:/program files/microchip/xc32/v4.60/bin/bin/../../lib/gcc/pic32c/8.3.1/../../../../pic32c/lib/thumb/v6-m/nofp\libc-musl.a(sprintf.o)
 .comment       0x000000000000002b       0x2c c:/program files/microchip/xc32/v4.60/bin/bin/../../lib/gcc/pic32c/8.3.1/../../../../pic32c/lib/thumb/v6-m/nofp\libc-musl.a(vsprintf.o)
 .comment       0x000000000000002b       0x2c c:/program files/microchip/xc32/v4.60/bin/bin/../../lib/gcc/pic32c/8.3.1/../../../../pic32c/lib/thumb/v6-m/nofp\libc-musl.a(gmtime.o)
 .comment       0x000000000000002b       0x2c c:/program files/microchip/xc32/v4.60/bin/bin/../../lib/gcc/pic32c/8.3.1/../../../../pic32c/lib/thumb/v6-m/nofp\libc-musl.a(gmtime_r.o)
 .comment       0x000000000000002b       0x2c c:/program files/microchip/xc32/v4.60/bin/bin/../../lib/gcc/pic32c/8.3.1/../../../../pic32c/lib/thumb/v6-m/nofp\libc-musl.a(mktime.o)
 .comment       0x000000000000002b       0x2c c:/program files/microchip/xc32/v4.60/bin/bin/../../lib/gcc/pic32c/8.3.1/../../../../pic32c/lib/thumb/v6-m/nofp\libc-musl.a(__environ.o)
 .comment       0x000000000000002b       0x2c c:/program files/microchip/xc32/v4.60/bin/bin/../../lib/gcc/pic32c/8.3.1/../../../../pic32c/lib/thumb/v6-m/nofp\libc-musl.a(vfprintf.o)
 .comment       0x000000000000002b       0x2c c:/program files/microchip/xc32/v4.60/bin/bin/../../lib/gcc/pic32c/8.3.1/../../../../pic32c/lib/thumb/v6-m/nofp\libc-musl.a(__tm_to_secs.o)
 .comment       0x000000000000002b       0x2c c:/program files/microchip/xc32/v4.60/bin/bin/../../lib/gcc/pic32c/8.3.1/../../../../pic32c/lib/thumb/v6-m/nofp\libc-musl.a(__year_to_secs.o)
 .comment       0x000000000000002b       0x2c c:/program files/microchip/xc32/v4.60/bin/bin/../../lib/gcc/pic32c/8.3.1/../../../../pic32c/lib/thumb/v6-m/nofp\libc-musl.a(__secs_to_tm.o)
 .comment       0x000000000000002b       0x2c c:/program files/microchip/xc32/v4.60/bin/bin/../../lib/gcc/pic32c/8.3.1/../../../../pic32c/lib/thumb/v6-m/nofp\libc-musl.a(__io_fmt_needed.o)
 .comment       0x000000000000002b       0x2c c:/program files/microchip/xc32/v4.60/bin/bin/../../lib/gcc/pic32c/8.3.1/../../../../pic32c/lib/thumb/v6-m/nofp\libc-musl.a(__pop_float.o)
 .comment       0x000000000000002b       0x2c c:/program files/microchip/xc32/v4.60/bin/bin/../../lib/gcc/pic32c/8.3.1/../../../../pic32c/lib/thumb/v6-m/nofp\libc-musl.a(__pop_int.o)
 .comment       0x000000000000002b       0x2c c:/program files/microchip/xc32/v4.60/bin/bin/../../lib/gcc/pic32c/8.3.1/../../../../pic32c/lib/thumb/v6-m/nofp\libc-musl.a(__pop_ptr.o)
 .comment       0x000000000000002b       0x2c c:/program files/microchip/xc32/v4.60/bin/bin/../../lib/gcc/pic32c/8.3.1/../../../../pic32c/lib/thumb/v6-m/nofp\libc-musl.a(__printf_core.o)
 .comment       0x000000000000002b       0x2c c:/program files/microchip/xc32/v4.60/bin/bin/../../lib/gcc/pic32c/8.3.1/../../../../pic32c/lib/thumb/v6-m/nofp\libc-musl.a(atoi.o)
 .comment       0x000000000000002b       0x2c c:/program files/microchip/xc32/v4.60/bin/bin/../../lib/gcc/pic32c/8.3.1/../../../../pic32c/lib/thumb/v6-m/nofp\libc-musl.a(__month_to_secs.o)
 .comment       0x000000000000002b       0x2c c:/program files/microchip/xc32/v4.60/bin/bin/../../lib/gcc/pic32c/8.3.1/../../../../pic32c/lib/thumb/v6-m/nofp\libc-musl.a(tolower.o)
 .comment       0x000000000000002b       0x2c c:/program files/microchip/xc32/v4.60/bin/bin/../../lib/gcc/pic32c/8.3.1/../../../../pic32c/lib/thumb/v6-m/nofp\libc-musl.a(__fmt_a.o)
 .comment       0x000000000000002b       0x2c c:/program files/microchip/xc32/v4.60/bin/bin/../../lib/gcc/pic32c/8.3.1/../../../../pic32c/lib/thumb/v6-m/nofp\libc-musl.a(__fmt_d.o)
 .comment       0x000000000000002b       0x2c c:/program files/microchip/xc32/v4.60/bin/bin/../../lib/gcc/pic32c/8.3.1/../../../../pic32c/lib/thumb/v6-m/nofp\libc-musl.a(__fmt_fp.o)
 .comment       0x000000000000002b       0x2c c:/program files/microchip/xc32/v4.60/bin/bin/../../lib/gcc/pic32c/8.3.1/../../../../pic32c/lib/thumb/v6-m/nofp\libc-musl.a(__fmt_o.o)
 .comment       0x000000000000002b       0x2c c:/program files/microchip/xc32/v4.60/bin/bin/../../lib/gcc/pic32c/8.3.1/../../../../pic32c/lib/thumb/v6-m/nofp\libc-musl.a(__fmt_s.o)
 .comment       0x000000000000002b       0x2c c:/program files/microchip/xc32/v4.60/bin/bin/../../lib/gcc/pic32c/8.3.1/../../../../pic32c/lib/thumb/v6-m/nofp\libc-musl.a(__fmt_u.o)
 .comment       0x000000000000002b       0x2c c:/program files/microchip/xc32/v4.60/bin/bin/../../lib/gcc/pic32c/8.3.1/../../../../pic32c/lib/thumb/v6-m/nofp\libc-musl.a(__fmt_x.o)
 .comment       0x000000000000002b       0x2c c:/program files/microchip/xc32/v4.60/bin/bin/../../lib/gcc/pic32c/8.3.1/../../../../pic32c/lib/thumb/v6-m/nofp\libc-musl.a(toupper.o)
 .comment       0x000000000000002b       0x2c c:/program files/microchip/xc32/v4.60/bin/bin/../../lib/gcc/pic32c/8.3.1/../../../../pic32c/lib/thumb/v6-m/nofp\libc-musl.a(__cvt_u.o)
 .comment       0x000000000000002b       0x2c c:/program files/microchip/xc32/v4.60/bin/bin/../../lib/gcc/pic32c/8.3.1/../../../../pic32c/lib/thumb/v6-m/nofp\libm-fast-emfloat.a(fma.o)
 .comment       0x000000000000002b       0x2c c:/program files/microchip/xc32/v4.60/bin/bin/../../lib/gcc/pic32c/8.3.1/../../../../pic32c/lib/thumb/v6-m/nofp\libm-fast-emfloat.a(floor.o)
 .comment       0x000000000000002b       0x2c c:/program files/microchip/xc32/v4.60/bin/bin/../../lib/gcc/pic32c/8.3.1/thumb/v6-m/nofp\libgcc.a(_muldi3.o)
 .comment       0x000000000000002b       0x2c c:/program files/microchip/xc32/v4.60/bin/bin/../../lib/gcc/pic32c/8.3.1/thumb/v6-m/nofp\libgcc.a(_udivmoddi4.o)
 .comment       0x000000000000002b       0x2c c:/program files/microchip/xc32/v4.60/bin/bin/../../lib/gcc/pic32c/8.3.1/thumb/v6-m/nofp\libgcc.a(bpabi.o)
 .comment       0x000000000000002b       0x2c c:/program files/microchip/xc32/v4.60/bin/bin/../../lib/gcc/pic32c/8.3.1/thumb/v6-m/nofp\libgcc.a(_divdi3.o)
 .comment       0x000000000000002b       0x2c c:/program files/microchip/xc32/v4.60/bin/bin/../../lib/gcc/pic32c/8.3.1/../../../../pic32c/lib/thumb/v6-m/nofp\libpic32c.a(sbrk.o)
 .comment       0x000000000000002b       0x2c c:/program files/microchip/xc32/v4.60/bin/bin/../../lib/gcc/pic32c/8.3.1/../../../../pic32c/lib/thumb/v6-m/nofp\libc-size-musl.a(strcpy.o)
 .comment       0x000000000000002b       0x2c c:/program files/microchip/xc32/v4.60/bin/bin/../../lib/gcc/pic32c/8.3.1/../../../../pic32c/lib/thumb/v6-m/nofp\libc-size-musl.a(stpcpy.o)
 .comment       0x000000000000002b       0x2c c:/program files/microchip/xc32/v4.60/bin/bin/../../lib/gcc/pic32c/8.3.1/thumb/v6-m/nofp/crtend.o
 .comment       0x000000000000002b       0x2c c:/program files/microchip/xc32/v4.60/bin/bin/../../lib/gcc/pic32c/8.3.1/../../../../pic32c/lib/thumb/v6-m/nofp\libpic32c.a(pic32_data_init_clear.o)
 .comment       0x000000000000002b       0x2c c:/program files/microchip/xc32/v4.60/bin/bin/../../lib/gcc/pic32c/8.3.1/../../../../pic32c/lib/thumb/v6-m/nofp\libpic32c.a(pic32_data_init_copy.o)

.debug_info     0x0000000000000000    0x42324
 .debug_info    0x0000000000000000     0x2bc9 build/samd21IOT_winc1500/production/_ext/287230454/drv_spi.o
 .debug_info    0x0000000000002bc9      0x2ac build/samd21IOT_winc1500/production/_ext/224737734/wdrv_winc_gpio.o
 .debug_info    0x0000000000002e75      0x17a build/samd21IOT_winc1500/production/_ext/224737734/wdrv_winc_eint.o
 .debug_info    0x0000000000002fef      0xff2 build/samd21IOT_winc1500/production/_ext/284355797/wdrv_winc_spi.o
 .debug_info    0x0000000000003fe1      0x210 build/samd21IOT_winc1500/production/_ext/912793297/nm_common.o
 .debug_info    0x00000000000041f1     0x5a30 build/samd21IOT_winc1500/production/_ext/881504404/m2m_wifi.o
 .debug_info    0x0000000000009c21     0x15c2 build/samd21IOT_winc1500/production/_ext/881504404/m2m_ota.o
 .debug_info    0x000000000000b1e3     0x164e build/samd21IOT_winc1500/production/_ext/881504404/m2m_hif.o
 .debug_info    0x000000000000c831      0x4b2 build/samd21IOT_winc1500/production/_ext/881504404/m2m_periph.o
 .debug_info    0x000000000000cce3      0x6e1 build/samd21IOT_winc1500/production/_ext/881504404/nmbus.o
 .debug_info    0x000000000000d3c4      0xfb9 build/samd21IOT_winc1500/production/_ext/881504404/m2m_ssl.o
 .debug_info    0x000000000000e37d     0x1b16 build/samd21IOT_winc1500/production/_ext/881504404/nmspi.o
 .debug_info    0x000000000000fe93      0xa5d build/samd21IOT_winc1500/production/_ext/881504404/nmdrv.o
 .debug_info    0x00000000000108f0     0x1381 build/samd21IOT_winc1500/production/_ext/881504404/nmasic.o
 .debug_info    0x0000000000011c71      0x1dd build/samd21IOT_winc1500/production/_ext/455027017/inet_ntop.o
 .debug_info    0x0000000000011e4e      0x153 build/samd21IOT_winc1500/production/_ext/455027017/inet_addr.o
 .debug_info    0x0000000000011fa1     0x2720 build/samd21IOT_winc1500/production/_ext/455027017/socket.o
 .debug_info    0x00000000000146c1      0x1e6 build/samd21IOT_winc1500/production/_ext/1637020121/flexible_flash.o
 .debug_info    0x00000000000148a7     0x1304 build/samd21IOT_winc1500/production/_ext/1637020121/spi_flash.o
 .debug_info    0x0000000000015bab      0x148 build/samd21IOT_winc1500/production/_ext/469334988/wdrv_winc_osal.o
 .debug_info    0x0000000000015cf3     0x4b3a build/samd21IOT_winc1500/production/_ext/1235514674/wdrv_winc.o
 .debug_info    0x000000000001a82d     0x2979 build/samd21IOT_winc1500/production/_ext/1235514674/wdrv_winc_host_file.o
 .debug_info    0x000000000001d1a6      0x5c2 build/samd21IOT_winc1500/production/_ext/1235514674/wdrv_winc_httpprovctx.o
 .debug_info    0x000000000001d768      0x3a2 build/samd21IOT_winc1500/production/_ext/1235514674/wdrv_winc_custie.o
 .debug_info    0x000000000001db0a      0x549 build/samd21IOT_winc1500/production/_ext/1235514674/wdrv_winc_bssctx.o
 .debug_info    0x000000000001e053     0x12b0 build/samd21IOT_winc1500/production/_ext/1235514674/wdrv_winc_powersave.o
 .debug_info    0x000000000001f303      0xc37 build/samd21IOT_winc1500/production/_ext/1235514674/wdrv_winc_authctx.o
 .debug_info    0x000000000001ff3a     0x17e6 build/samd21IOT_winc1500/production/_ext/1235514674/wdrv_winc_bssfind.o
 .debug_info    0x0000000000021720     0x1c45 build/samd21IOT_winc1500/production/_ext/1235514674/wdrv_winc_socket.o
 .debug_info    0x0000000000023365     0x1957 build/samd21IOT_winc1500/production/_ext/1235514674/wdrv_winc_nvm.o
 .debug_info    0x0000000000024cbc     0x18da build/samd21IOT_winc1500/production/_ext/1235514674/wdrv_winc_sta.o
 .debug_info    0x0000000000026596     0x1a21 build/samd21IOT_winc1500/production/_ext/1235514674/wdrv_winc_ssl.o
 .debug_info    0x0000000000027fb7     0x154c build/samd21IOT_winc1500/production/_ext/1235514674/wdrv_winc_systime.o
 .debug_info    0x0000000000029503     0x1271 build/samd21IOT_winc1500/production/_ext/1235514674/wdrv_winc_wps.o
 .debug_info    0x000000000002a774     0x154c build/samd21IOT_winc1500/production/_ext/1235514674/wdrv_winc_enterprise.o
 .debug_info    0x000000000002bcc0     0x155c build/samd21IOT_winc1500/production/_ext/1235514674/wdrv_winc_softap.o
 .debug_info    0x000000000002d21c     0x1307 build/samd21IOT_winc1500/production/_ext/1235514674/wdrv_winc_assoc.o
 .debug_info    0x000000000002e523      0x59d build/samd21IOT_winc1500/production/_ext/435457175/plib_clock.o
 .debug_info    0x000000000002eac0      0xbef build/samd21IOT_winc1500/production/_ext/1953739970/plib_dmac.o
 .debug_info    0x000000000002f6af      0x34d build/samd21IOT_winc1500/production/_ext/1876637944/plib_eic.o
 .debug_info    0x000000000002f9fc       0x97 build/samd21IOT_winc1500/production/_ext/437606661/plib_evsys.o
 .debug_info    0x000000000002fa93      0x8d1 build/samd21IOT_winc1500/production/_ext/1954046777/plib_nvic.o
 .debug_info    0x0000000000030364      0x59c build/samd21IOT_winc1500/production/_ext/975387175/plib_nvmctrl.o
 .debug_info    0x0000000000030900      0x6a6 build/samd21IOT_winc1500/production/_ext/1954099928/plib_port.o
 .debug_info    0x0000000000030fa6      0xf16 build/samd21IOT_winc1500/production/_ext/34491124/plib_sercom2_spi_master.o
 .debug_info    0x0000000000031ebc     0x17ca build/samd21IOT_winc1500/production/_ext/1207737362/plib_sercom5_usart.o
 .debug_info    0x0000000000033686      0x799 build/samd21IOT_winc1500/production/_ext/2138746234/plib_tc3.o
 .debug_info    0x0000000000033e1f       0xf1 build/samd21IOT_winc1500/production/_ext/1613073709/xc32_monitor.o
 .debug_info    0x0000000000033f10      0xc70 build/samd21IOT_winc1500/production/_ext/106321624/sys_console.o
 .debug_info    0x0000000000034b80      0xdba build/samd21IOT_winc1500/production/_ext/106321624/sys_console_uart.o
 .debug_info    0x000000000003593a      0x346 build/samd21IOT_winc1500/production/_ext/604157148/sys_debug.o
 .debug_info    0x0000000000035c80      0x2e6 build/samd21IOT_winc1500/production/_ext/226979060/sys_dma.o
 .debug_info    0x0000000000035f66      0x55a build/samd21IOT_winc1500/production/_ext/55136832/sys_int.o
 .debug_info    0x00000000000364c0     0x1cfc build/samd21IOT_winc1500/production/_ext/13306586/sys_time.o
 .debug_info    0x00000000000381bc      0x15a build/samd21IOT_winc1500/production/_ext/2058341299/tasks.o
 .debug_info    0x0000000000038316      0x3e1 build/samd21IOT_winc1500/production/_ext/2058341299/interrupts.o
 .debug_info    0x00000000000386f7     0x1e99 build/samd21IOT_winc1500/production/_ext/2058341299/initialization.o
 .debug_info    0x000000000003a590      0x205 build/samd21IOT_winc1500/production/_ext/2058341299/startup_xc32.o
 .debug_info    0x000000000003a795       0xa6 build/samd21IOT_winc1500/production/_ext/2058341299/libc_syscalls.o
 .debug_info    0x000000000003a83b       0xb6 build/samd21IOT_winc1500/production/_ext/2058341299/exceptions.o
 .debug_info    0x000000000003a8f1       0xe0 build/samd21IOT_winc1500/production/_ext/1360937237/main.o
 .debug_info    0x000000000003a9d1      0x444 build/samd21IOT_winc1500/production/_ext/1360937237/app.o
 .debug_info    0x000000000003ae15     0x106d build/samd21IOT_winc1500/production/_ext/1360937237/winc1500_tcp_server.o
 .debug_info    0x000000000003be82       0x68 c:/program files/microchip/xc32/v4.60/bin/bin/../../lib/gcc/pic32c/8.3.1/../../../../pic32c/lib/thumb/v6-m/nofp\libpic32c.a(data_init.o)
 .debug_info    0x000000000003beea       0xed c:/program files/microchip/xc32/v4.60/bin/bin/../../lib/gcc/pic32c/8.3.1/../../../../pic32c/lib/thumb/v6-m/nofp\libc-size-musl.a(memcpy.o)
 .debug_info    0x000000000003bfd7       0xbb c:/program files/microchip/xc32/v4.60/bin/bin/../../lib/gcc/pic32c/8.3.1/../../../../pic32c/lib/thumb/v6-m/nofp\libc-size-musl.a(memset.o)
 .debug_info    0x000000000003c092       0xa4 c:/program files/microchip/xc32/v4.60/bin/bin/../../lib/gcc/pic32c/8.3.1/../../../../pic32c/lib/thumb/v6-m/nofp\libc-size-musl.a(strlen.o)
 .debug_info    0x000000000003c136       0xd2 c:/program files/microchip/xc32/v4.60/bin/bin/../../lib/gcc/pic32c/8.3.1/../../../../pic32c/lib/thumb/v6-m/nofp\libc-size-musl.a(strchr.o)
 .debug_info    0x000000000003c208      0x133 c:/program files/microchip/xc32/v4.60/bin/bin/../../lib/gcc/pic32c/8.3.1/../../../../pic32c/lib/thumb/v6-m/nofp\libc-size-musl.a(strchrnul.o)
 .debug_info    0x000000000003c33b       0xd5 c:/program files/microchip/xc32/v4.60/bin/bin/../../lib/gcc/pic32c/8.3.1/../../../../pic32c/lib/thumb/v6-m/nofp\libc-size-musl.a(strnlen.o)
 .debug_info    0x000000000003c410       0xe5 c:/program files/microchip/xc32/v4.60/bin/bin/../../lib/gcc/pic32c/8.3.1/../../../../pic32c/lib/thumb/v6-m/nofp\libc-size-musl.a(memchr.o)
 .debug_info    0x000000000003c4f5      0x272 c:/program files/microchip/xc32/v4.60/bin/bin/../../lib/gcc/pic32c/8.3.1/../../../../pic32c/lib/thumb/v6-m/nofp\liblmalloc-musl.a(lite_free.o)
 .debug_info    0x000000000003c767      0x1bd c:/program files/microchip/xc32/v4.60/bin/bin/../../lib/gcc/pic32c/8.3.1/../../../../pic32c/lib/thumb/v6-m/nofp\liblmalloc-musl.a(lite_malloc.o)
 .debug_info    0x000000000003c924      0x2fb c:/program files/microchip/xc32/v4.60/bin/bin/../../lib/gcc/pic32c/8.3.1/../../../../pic32c/lib/thumb/v6-m/nofp\libc-musl.a(__libc_start_main.o)
 .debug_info    0x000000000003cc1f       0x5b c:/program files/microchip/xc32/v4.60/bin/bin/../../lib/gcc/pic32c/8.3.1/../../../../pic32c/lib/thumb/v6-m/nofp\libc-musl.a(__errno_location.o)
 .debug_info    0x000000000003cc7a      0x276 c:/program files/microchip/xc32/v4.60/bin/bin/../../lib/gcc/pic32c/8.3.1/../../../../pic32c/lib/thumb/v6-m/nofp\libc-musl.a(libc.o)
 .debug_info    0x000000000003cef0      0x10e c:/program files/microchip/xc32/v4.60/bin/bin/../../lib/gcc/pic32c/8.3.1/../../../../pic32c/lib/thumb/v6-m/nofp\libc-musl.a(expand_heap.o)
 .debug_info    0x000000000003cffe      0x43a c:/program files/microchip/xc32/v4.60/bin/bin/../../lib/gcc/pic32c/8.3.1/../../../../pic32c/lib/thumb/v6-m/nofp\libc-musl.a(vsnprintf.o)
 .debug_info    0x000000000003d438      0x116 c:/program files/microchip/xc32/v4.60/bin/bin/../../lib/gcc/pic32c/8.3.1/../../../../pic32c/lib/thumb/v6-m/nofp\libc-musl.a(sprintf.o)
 .debug_info    0x000000000003d54e      0x10e c:/program files/microchip/xc32/v4.60/bin/bin/../../lib/gcc/pic32c/8.3.1/../../../../pic32c/lib/thumb/v6-m/nofp\libc-musl.a(vsprintf.o)
 .debug_info    0x000000000003d65c      0x199 c:/program files/microchip/xc32/v4.60/bin/bin/../../lib/gcc/pic32c/8.3.1/../../../../pic32c/lib/thumb/v6-m/nofp\libc-musl.a(gmtime.o)
 .debug_info    0x000000000003d7f5      0x1a6 c:/program files/microchip/xc32/v4.60/bin/bin/../../lib/gcc/pic32c/8.3.1/../../../../pic32c/lib/thumb/v6-m/nofp\libc-musl.a(gmtime_r.o)
 .debug_info    0x000000000003d99b      0x205 c:/program files/microchip/xc32/v4.60/bin/bin/../../lib/gcc/pic32c/8.3.1/../../../../pic32c/lib/thumb/v6-m/nofp\libc-musl.a(mktime.o)
 .debug_info    0x000000000003dba0       0x97 c:/program files/microchip/xc32/v4.60/bin/bin/../../lib/gcc/pic32c/8.3.1/../../../../pic32c/lib/thumb/v6-m/nofp\libc-musl.a(__environ.o)
 .debug_info    0x000000000003dc37      0x40e c:/program files/microchip/xc32/v4.60/bin/bin/../../lib/gcc/pic32c/8.3.1/../../../../pic32c/lib/thumb/v6-m/nofp\libc-musl.a(vfprintf.o)
 .debug_info    0x000000000003e045      0x201 c:/program files/microchip/xc32/v4.60/bin/bin/../../lib/gcc/pic32c/8.3.1/../../../../pic32c/lib/thumb/v6-m/nofp\libc-musl.a(__tm_to_secs.o)
 .debug_info    0x000000000003e246      0x109 c:/program files/microchip/xc32/v4.60/bin/bin/../../lib/gcc/pic32c/8.3.1/../../../../pic32c/lib/thumb/v6-m/nofp\libc-musl.a(__year_to_secs.o)
 .debug_info    0x000000000003e34f      0x295 c:/program files/microchip/xc32/v4.60/bin/bin/../../lib/gcc/pic32c/8.3.1/../../../../pic32c/lib/thumb/v6-m/nofp\libc-musl.a(__secs_to_tm.o)
 .debug_info    0x000000000003e5e4      0x187 c:/program files/microchip/xc32/v4.60/bin/bin/../../lib/gcc/pic32c/8.3.1/../../../../pic32c/lib/thumb/v6-m/nofp\libc-musl.a(__io_fmt_needed.o)
 .debug_info    0x000000000003e76b      0x162 c:/program files/microchip/xc32/v4.60/bin/bin/../../lib/gcc/pic32c/8.3.1/../../../../pic32c/lib/thumb/v6-m/nofp\libc-musl.a(__pop_float.o)
 .debug_info    0x000000000003e8cd      0x183 c:/program files/microchip/xc32/v4.60/bin/bin/../../lib/gcc/pic32c/8.3.1/../../../../pic32c/lib/thumb/v6-m/nofp\libc-musl.a(__pop_int.o)
 .debug_info    0x000000000003ea50      0x18d c:/program files/microchip/xc32/v4.60/bin/bin/../../lib/gcc/pic32c/8.3.1/../../../../pic32c/lib/thumb/v6-m/nofp\libc-musl.a(__pop_ptr.o)
 .debug_info    0x000000000003ebdd      0xa6f c:/program files/microchip/xc32/v4.60/bin/bin/../../lib/gcc/pic32c/8.3.1/../../../../pic32c/lib/thumb/v6-m/nofp\libc-musl.a(__printf_core.o)
 .debug_info    0x000000000003f64c       0xf4 c:/program files/microchip/xc32/v4.60/bin/bin/../../lib/gcc/pic32c/8.3.1/../../../../pic32c/lib/thumb/v6-m/nofp\libc-musl.a(atoi.o)
 .debug_info    0x000000000003f740       0xbe c:/program files/microchip/xc32/v4.60/bin/bin/../../lib/gcc/pic32c/8.3.1/../../../../pic32c/lib/thumb/v6-m/nofp\libc-musl.a(__month_to_secs.o)
 .debug_info    0x000000000003f7fe      0x131 c:/program files/microchip/xc32/v4.60/bin/bin/../../lib/gcc/pic32c/8.3.1/../../../../pic32c/lib/thumb/v6-m/nofp\libc-musl.a(tolower.o)
 .debug_info    0x000000000003f92f      0x5fb c:/program files/microchip/xc32/v4.60/bin/bin/../../lib/gcc/pic32c/8.3.1/../../../../pic32c/lib/thumb/v6-m/nofp\libc-musl.a(__fmt_a.o)
 .debug_info    0x000000000003ff2a      0x330 c:/program files/microchip/xc32/v4.60/bin/bin/../../lib/gcc/pic32c/8.3.1/../../../../pic32c/lib/thumb/v6-m/nofp\libc-musl.a(__fmt_d.o)
 .debug_info    0x000000000004025a      0x676 c:/program files/microchip/xc32/v4.60/bin/bin/../../lib/gcc/pic32c/8.3.1/../../../../pic32c/lib/thumb/v6-m/nofp\libc-musl.a(__fmt_fp.o)
 .debug_info    0x00000000000408d0      0x301 c:/program files/microchip/xc32/v4.60/bin/bin/../../lib/gcc/pic32c/8.3.1/../../../../pic32c/lib/thumb/v6-m/nofp\libc-musl.a(__fmt_o.o)
 .debug_info    0x0000000000040bd1      0x2e9 c:/program files/microchip/xc32/v4.60/bin/bin/../../lib/gcc/pic32c/8.3.1/../../../../pic32c/lib/thumb/v6-m/nofp\libc-musl.a(__fmt_s.o)
 .debug_info    0x0000000000040eba      0x301 c:/program files/microchip/xc32/v4.60/bin/bin/../../lib/gcc/pic32c/8.3.1/../../../../pic32c/lib/thumb/v6-m/nofp\libc-musl.a(__fmt_u.o)
 .debug_info    0x00000000000411bb      0x335 c:/program files/microchip/xc32/v4.60/bin/bin/../../lib/gcc/pic32c/8.3.1/../../../../pic32c/lib/thumb/v6-m/nofp\libc-musl.a(__fmt_x.o)
 .debug_info    0x00000000000414f0      0x131 c:/program files/microchip/xc32/v4.60/bin/bin/../../lib/gcc/pic32c/8.3.1/../../../../pic32c/lib/thumb/v6-m/nofp\libc-musl.a(toupper.o)
 .debug_info    0x0000000000041621      0x1cf c:/program files/microchip/xc32/v4.60/bin/bin/../../lib/gcc/pic32c/8.3.1/../../../../pic32c/lib/thumb/v6-m/nofp\libc-musl.a(__cvt_u.o)
 .debug_info    0x00000000000417f0       0x26 c:/program files/microchip/xc32/v4.60/bin/bin/../../lib/gcc/pic32c/8.3.1/thumb/v6-m/nofp\libgcc.a(_udivsi3.o)
 .debug_info    0x0000000000041816       0x26 c:/program files/microchip/xc32/v4.60/bin/bin/../../lib/gcc/pic32c/8.3.1/thumb/v6-m/nofp\libgcc.a(_divsi3.o)
 .debug_info    0x000000000004183c       0x26 c:/program files/microchip/xc32/v4.60/bin/bin/../../lib/gcc/pic32c/8.3.1/thumb/v6-m/nofp\libgcc.a(_dvmd_tls.o)
 .debug_info    0x0000000000041862       0x26 c:/program files/microchip/xc32/v4.60/bin/bin/../../lib/gcc/pic32c/8.3.1/thumb/v6-m/nofp\libgcc.a(_aeabi_ldivmod.o)
 .debug_info    0x0000000000041888       0x26 c:/program files/microchip/xc32/v4.60/bin/bin/../../lib/gcc/pic32c/8.3.1/thumb/v6-m/nofp\libgcc.a(_aeabi_uldivmod.o)
 .debug_info    0x00000000000418ae      0x243 c:/program files/microchip/xc32/v4.60/bin/bin/../../lib/gcc/pic32c/8.3.1/thumb/v6-m/nofp\libgcc.a(_muldi3.o)
 .debug_info    0x0000000000041af1      0x193 c:/program files/microchip/xc32/v4.60/bin/bin/../../lib/gcc/pic32c/8.3.1/thumb/v6-m/nofp\libgcc.a(_udivmoddi4.o)
 .debug_info    0x0000000000041c84       0xd5 c:/program files/microchip/xc32/v4.60/bin/bin/../../lib/gcc/pic32c/8.3.1/thumb/v6-m/nofp\libgcc.a(bpabi.o)
 .debug_info    0x0000000000041d59       0x26 c:/program files/microchip/xc32/v4.60/bin/bin/../../lib/gcc/pic32c/8.3.1/thumb/v6-m/nofp\libgcc.a(_lshrdi3.o)
 .debug_info    0x0000000000041d7f       0x26 c:/program files/microchip/xc32/v4.60/bin/bin/../../lib/gcc/pic32c/8.3.1/thumb/v6-m/nofp\libgcc.a(_ashldi3.o)
 .debug_info    0x0000000000041da5       0x26 c:/program files/microchip/xc32/v4.60/bin/bin/../../lib/gcc/pic32c/8.3.1/thumb/v6-m/nofp\libgcc.a(_clzdi2.o)
 .debug_info    0x0000000000041dcb      0x2e1 c:/program files/microchip/xc32/v4.60/bin/bin/../../lib/gcc/pic32c/8.3.1/thumb/v6-m/nofp\libgcc.a(_divdi3.o)
 .debug_info    0x00000000000420ac       0x26 c:/program files/microchip/xc32/v4.60/bin/bin/../../lib/gcc/pic32c/8.3.1/thumb/v6-m/nofp\libgcc.a(_clzsi2.o)
 .debug_info    0x00000000000420d2       0x6a c:/program files/microchip/xc32/v4.60/bin/bin/../../lib/gcc/pic32c/8.3.1/../../../../pic32c/lib/thumb/v6-m/nofp\libpic32c.a(sbrk.o)
 .debug_info    0x000000000004213c       0xbd c:/program files/microchip/xc32/v4.60/bin/bin/../../lib/gcc/pic32c/8.3.1/../../../../pic32c/lib/thumb/v6-m/nofp\libc-size-musl.a(strcpy.o)
 .debug_info    0x00000000000421f9       0xac c:/program files/microchip/xc32/v4.60/bin/bin/../../lib/gcc/pic32c/8.3.1/../../../../pic32c/lib/thumb/v6-m/nofp\libc-size-musl.a(stpcpy.o)
 .debug_info    0x00000000000422a5       0x3f c:/program files/microchip/xc32/v4.60/bin/bin/../../lib/gcc/pic32c/8.3.1/../../../../pic32c/lib/thumb/v6-m/nofp\libpic32c.a(pic32_data_init_clear.o)
 .debug_info    0x00000000000422e4       0x40 c:/program files/microchip/xc32/v4.60/bin/bin/../../lib/gcc/pic32c/8.3.1/../../../../pic32c/lib/thumb/v6-m/nofp\libpic32c.a(pic32_data_init_copy.o)

.debug_abbrev   0x0000000000000000     0xbe71
 .debug_abbrev  0x0000000000000000      0x4cc build/samd21IOT_winc1500/production/_ext/287230454/drv_spi.o
 .debug_abbrev  0x00000000000004cc       0xb1 build/samd21IOT_winc1500/production/_ext/224737734/wdrv_winc_gpio.o
 .debug_abbrev  0x000000000000057d       0xa1 build/samd21IOT_winc1500/production/_ext/224737734/wdrv_winc_eint.o
 .debug_abbrev  0x000000000000061e      0x2c8 build/samd21IOT_winc1500/production/_ext/284355797/wdrv_winc_spi.o
 .debug_abbrev  0x00000000000008e6       0xf9 build/samd21IOT_winc1500/production/_ext/912793297/nm_common.o
 .debug_abbrev  0x00000000000009df      0x42c build/samd21IOT_winc1500/production/_ext/881504404/m2m_wifi.o
 .debug_abbrev  0x0000000000000e0b      0x2a5 build/samd21IOT_winc1500/production/_ext/881504404/m2m_ota.o
 .debug_abbrev  0x00000000000010b0      0x456 build/samd21IOT_winc1500/production/_ext/881504404/m2m_hif.o
 .debug_abbrev  0x0000000000001506      0x171 build/samd21IOT_winc1500/production/_ext/881504404/m2m_periph.o
 .debug_abbrev  0x0000000000001677      0x234 build/samd21IOT_winc1500/production/_ext/881504404/nmbus.o
 .debug_abbrev  0x00000000000018ab      0x321 build/samd21IOT_winc1500/production/_ext/881504404/m2m_ssl.o
 .debug_abbrev  0x0000000000001bcc      0x3ad build/samd21IOT_winc1500/production/_ext/881504404/nmspi.o
 .debug_abbrev  0x0000000000001f79      0x210 build/samd21IOT_winc1500/production/_ext/881504404/nmdrv.o
 .debug_abbrev  0x0000000000002189      0x2c1 build/samd21IOT_winc1500/production/_ext/881504404/nmasic.o
 .debug_abbrev  0x000000000000244a       0xd9 build/samd21IOT_winc1500/production/_ext/455027017/inet_ntop.o
 .debug_abbrev  0x0000000000002523       0x9e build/samd21IOT_winc1500/production/_ext/455027017/inet_addr.o
 .debug_abbrev  0x00000000000025c1      0x422 build/samd21IOT_winc1500/production/_ext/455027017/socket.o
 .debug_abbrev  0x00000000000029e3       0xfd build/samd21IOT_winc1500/production/_ext/1637020121/flexible_flash.o
 .debug_abbrev  0x0000000000002ae0      0x30e build/samd21IOT_winc1500/production/_ext/1637020121/spi_flash.o
 .debug_abbrev  0x0000000000002dee       0xdd build/samd21IOT_winc1500/production/_ext/469334988/wdrv_winc_osal.o
 .debug_abbrev  0x0000000000002ecb      0x4b4 build/samd21IOT_winc1500/production/_ext/1235514674/wdrv_winc.o
 .debug_abbrev  0x000000000000337f      0x3c9 build/samd21IOT_winc1500/production/_ext/1235514674/wdrv_winc_host_file.o
 .debug_abbrev  0x0000000000003748      0x1ea build/samd21IOT_winc1500/production/_ext/1235514674/wdrv_winc_httpprovctx.o
 .debug_abbrev  0x0000000000003932      0x14e build/samd21IOT_winc1500/production/_ext/1235514674/wdrv_winc_custie.o
 .debug_abbrev  0x0000000000003a80      0x1c2 build/samd21IOT_winc1500/production/_ext/1235514674/wdrv_winc_bssctx.o
 .debug_abbrev  0x0000000000003c42      0x239 build/samd21IOT_winc1500/production/_ext/1235514674/wdrv_winc_powersave.o
 .debug_abbrev  0x0000000000003e7b      0x280 build/samd21IOT_winc1500/production/_ext/1235514674/wdrv_winc_authctx.o
 .debug_abbrev  0x00000000000040fb      0x2d2 build/samd21IOT_winc1500/production/_ext/1235514674/wdrv_winc_bssfind.o
 .debug_abbrev  0x00000000000043cd      0x35c build/samd21IOT_winc1500/production/_ext/1235514674/wdrv_winc_socket.o
 .debug_abbrev  0x0000000000004729      0x377 build/samd21IOT_winc1500/production/_ext/1235514674/wdrv_winc_nvm.o
 .debug_abbrev  0x0000000000004aa0      0x2d4 build/samd21IOT_winc1500/production/_ext/1235514674/wdrv_winc_sta.o
 .debug_abbrev  0x0000000000004d74      0x33d build/samd21IOT_winc1500/production/_ext/1235514674/wdrv_winc_ssl.o
 .debug_abbrev  0x00000000000050b1      0x28e build/samd21IOT_winc1500/production/_ext/1235514674/wdrv_winc_systime.o
 .debug_abbrev  0x000000000000533f      0x2e5 build/samd21IOT_winc1500/production/_ext/1235514674/wdrv_winc_wps.o
 .debug_abbrev  0x0000000000005624      0x297 build/samd21IOT_winc1500/production/_ext/1235514674/wdrv_winc_enterprise.o
 .debug_abbrev  0x00000000000058bb      0x2bd build/samd21IOT_winc1500/production/_ext/1235514674/wdrv_winc_softap.o
 .debug_abbrev  0x0000000000005b78      0x287 build/samd21IOT_winc1500/production/_ext/1235514674/wdrv_winc_assoc.o
 .debug_abbrev  0x0000000000005dff      0x136 build/samd21IOT_winc1500/production/_ext/435457175/plib_clock.o
 .debug_abbrev  0x0000000000005f35      0x2d5 build/samd21IOT_winc1500/production/_ext/1953739970/plib_dmac.o
 .debug_abbrev  0x000000000000620a      0x1af build/samd21IOT_winc1500/production/_ext/1876637944/plib_eic.o
 .debug_abbrev  0x00000000000063b9       0x44 build/samd21IOT_winc1500/production/_ext/437606661/plib_evsys.o
 .debug_abbrev  0x00000000000063fd      0x26f build/samd21IOT_winc1500/production/_ext/1954046777/plib_nvic.o
 .debug_abbrev  0x000000000000666c      0x1a4 build/samd21IOT_winc1500/production/_ext/975387175/plib_nvmctrl.o
 .debug_abbrev  0x0000000000006810      0x1e8 build/samd21IOT_winc1500/production/_ext/1954099928/plib_port.o
 .debug_abbrev  0x00000000000069f8      0x274 build/samd21IOT_winc1500/production/_ext/34491124/plib_sercom2_spi_master.o
 .debug_abbrev  0x0000000000006c6c      0x42a build/samd21IOT_winc1500/production/_ext/1207737362/plib_sercom5_usart.o
 .debug_abbrev  0x0000000000007096      0x1bc build/samd21IOT_winc1500/production/_ext/2138746234/plib_tc3.o
 .debug_abbrev  0x0000000000007252       0xb0 build/samd21IOT_winc1500/production/_ext/1613073709/xc32_monitor.o
 .debug_abbrev  0x0000000000007302      0x3b6 build/samd21IOT_winc1500/production/_ext/106321624/sys_console.o
 .debug_abbrev  0x00000000000076b8      0x31a build/samd21IOT_winc1500/production/_ext/106321624/sys_console_uart.o
 .debug_abbrev  0x00000000000079d2      0x1a3 build/samd21IOT_winc1500/production/_ext/604157148/sys_debug.o
 .debug_abbrev  0x0000000000007b75       0xfb build/samd21IOT_winc1500/production/_ext/226979060/sys_dma.o
 .debug_abbrev  0x0000000000007c70      0x260 build/samd21IOT_winc1500/production/_ext/55136832/sys_int.o
 .debug_abbrev  0x0000000000007ed0      0x51b build/samd21IOT_winc1500/production/_ext/13306586/sys_time.o
 .debug_abbrev  0x00000000000083eb       0xbb build/samd21IOT_winc1500/production/_ext/2058341299/tasks.o
 .debug_abbrev  0x00000000000084a6       0xe3 build/samd21IOT_winc1500/production/_ext/2058341299/interrupts.o
 .debug_abbrev  0x0000000000008589      0x271 build/samd21IOT_winc1500/production/_ext/2058341299/initialization.o
 .debug_abbrev  0x00000000000087fa      0x118 build/samd21IOT_winc1500/production/_ext/2058341299/startup_xc32.o
 .debug_abbrev  0x0000000000008912       0x5b build/samd21IOT_winc1500/production/_ext/2058341299/libc_syscalls.o
 .debug_abbrev  0x000000000000896d       0x47 build/samd21IOT_winc1500/production/_ext/2058341299/exceptions.o
 .debug_abbrev  0x00000000000089b4       0x80 build/samd21IOT_winc1500/production/_ext/1360937237/main.o
 .debug_abbrev  0x0000000000008a34      0x159 build/samd21IOT_winc1500/production/_ext/1360937237/app.o
 .debug_abbrev  0x0000000000008b8d      0x2b4 build/samd21IOT_winc1500/production/_ext/1360937237/winc1500_tcp_server.o
 .debug_abbrev  0x0000000000008e41       0x44 c:/program files/microchip/xc32/v4.60/bin/bin/../../lib/gcc/pic32c/8.3.1/../../../../pic32c/lib/thumb/v6-m/nofp\libpic32c.a(data_init.o)
 .debug_abbrev  0x0000000000008e85       0xbb c:/program files/microchip/xc32/v4.60/bin/bin/../../lib/gcc/pic32c/8.3.1/../../../../pic32c/lib/thumb/v6-m/nofp\libc-size-musl.a(memcpy.o)
 .debug_abbrev  0x0000000000008f40       0xa2 c:/program files/microchip/xc32/v4.60/bin/bin/../../lib/gcc/pic32c/8.3.1/../../../../pic32c/lib/thumb/v6-m/nofp\libc-size-musl.a(memset.o)
 .debug_abbrev  0x0000000000008fe2       0x91 c:/program files/microchip/xc32/v4.60/bin/bin/../../lib/gcc/pic32c/8.3.1/../../../../pic32c/lib/thumb/v6-m/nofp\libc-size-musl.a(strlen.o)
 .debug_abbrev  0x0000000000009073       0xad c:/program files/microchip/xc32/v4.60/bin/bin/../../lib/gcc/pic32c/8.3.1/../../../../pic32c/lib/thumb/v6-m/nofp\libc-size-musl.a(strchr.o)
 .debug_abbrev  0x0000000000009120       0xbc c:/program files/microchip/xc32/v4.60/bin/bin/../../lib/gcc/pic32c/8.3.1/../../../../pic32c/lib/thumb/v6-m/nofp\libc-size-musl.a(strchrnul.o)
 .debug_abbrev  0x00000000000091dc       0xb1 c:/program files/microchip/xc32/v4.60/bin/bin/../../lib/gcc/pic32c/8.3.1/../../../../pic32c/lib/thumb/v6-m/nofp\libc-size-musl.a(strnlen.o)
 .debug_abbrev  0x000000000000928d       0xb1 c:/program files/microchip/xc32/v4.60/bin/bin/../../lib/gcc/pic32c/8.3.1/../../../../pic32c/lib/thumb/v6-m/nofp\libc-size-musl.a(memchr.o)
 .debug_abbrev  0x000000000000933e      0x18b c:/program files/microchip/xc32/v4.60/bin/bin/../../lib/gcc/pic32c/8.3.1/../../../../pic32c/lib/thumb/v6-m/nofp\liblmalloc-musl.a(lite_free.o)
 .debug_abbrev  0x00000000000094c9      0x117 c:/program files/microchip/xc32/v4.60/bin/bin/../../lib/gcc/pic32c/8.3.1/../../../../pic32c/lib/thumb/v6-m/nofp\liblmalloc-musl.a(lite_malloc.o)
 .debug_abbrev  0x00000000000095e0      0x133 c:/program files/microchip/xc32/v4.60/bin/bin/../../lib/gcc/pic32c/8.3.1/../../../../pic32c/lib/thumb/v6-m/nofp\libc-musl.a(__libc_start_main.o)
 .debug_abbrev  0x0000000000009713       0x39 c:/program files/microchip/xc32/v4.60/bin/bin/../../lib/gcc/pic32c/8.3.1/../../../../pic32c/lib/thumb/v6-m/nofp\libc-musl.a(__errno_location.o)
 .debug_abbrev  0x000000000000974c       0xd4 c:/program files/microchip/xc32/v4.60/bin/bin/../../lib/gcc/pic32c/8.3.1/../../../../pic32c/lib/thumb/v6-m/nofp\libc-musl.a(libc.o)
 .debug_abbrev  0x0000000000009820       0xc4 c:/program files/microchip/xc32/v4.60/bin/bin/../../lib/gcc/pic32c/8.3.1/../../../../pic32c/lib/thumb/v6-m/nofp\libc-musl.a(expand_heap.o)
 .debug_abbrev  0x00000000000098e4      0x195 c:/program files/microchip/xc32/v4.60/bin/bin/../../lib/gcc/pic32c/8.3.1/../../../../pic32c/lib/thumb/v6-m/nofp\libc-musl.a(vsnprintf.o)
 .debug_abbrev  0x0000000000009a79      0x106 c:/program files/microchip/xc32/v4.60/bin/bin/../../lib/gcc/pic32c/8.3.1/../../../../pic32c/lib/thumb/v6-m/nofp\libc-musl.a(sprintf.o)
 .debug_abbrev  0x0000000000009b7f       0xcb c:/program files/microchip/xc32/v4.60/bin/bin/../../lib/gcc/pic32c/8.3.1/../../../../pic32c/lib/thumb/v6-m/nofp\libc-musl.a(vsprintf.o)
 .debug_abbrev  0x0000000000009c4a       0xdb c:/program files/microchip/xc32/v4.60/bin/bin/../../lib/gcc/pic32c/8.3.1/../../../../pic32c/lib/thumb/v6-m/nofp\libc-musl.a(gmtime.o)
 .debug_abbrev  0x0000000000009d25       0xdd c:/program files/microchip/xc32/v4.60/bin/bin/../../lib/gcc/pic32c/8.3.1/../../../../pic32c/lib/thumb/v6-m/nofp\libc-musl.a(gmtime_r.o)
 .debug_abbrev  0x0000000000009e02      0x130 c:/program files/microchip/xc32/v4.60/bin/bin/../../lib/gcc/pic32c/8.3.1/../../../../pic32c/lib/thumb/v6-m/nofp\libc-musl.a(mktime.o)
 .debug_abbrev  0x0000000000009f32       0x62 c:/program files/microchip/xc32/v4.60/bin/bin/../../lib/gcc/pic32c/8.3.1/../../../../pic32c/lib/thumb/v6-m/nofp\libc-musl.a(__environ.o)
 .debug_abbrev  0x0000000000009f94      0x18b c:/program files/microchip/xc32/v4.60/bin/bin/../../lib/gcc/pic32c/8.3.1/../../../../pic32c/lib/thumb/v6-m/nofp\libc-musl.a(vfprintf.o)
 .debug_abbrev  0x000000000000a11f      0x10c c:/program files/microchip/xc32/v4.60/bin/bin/../../lib/gcc/pic32c/8.3.1/../../../../pic32c/lib/thumb/v6-m/nofp\libc-musl.a(__tm_to_secs.o)
 .debug_abbrev  0x000000000000a22b       0x96 c:/program files/microchip/xc32/v4.60/bin/bin/../../lib/gcc/pic32c/8.3.1/../../../../pic32c/lib/thumb/v6-m/nofp\libc-musl.a(__year_to_secs.o)
 .debug_abbrev  0x000000000000a2c1       0xc7 c:/program files/microchip/xc32/v4.60/bin/bin/../../lib/gcc/pic32c/8.3.1/../../../../pic32c/lib/thumb/v6-m/nofp\libc-musl.a(__secs_to_tm.o)
 .debug_abbrev  0x000000000000a388       0x67 c:/program files/microchip/xc32/v4.60/bin/bin/../../lib/gcc/pic32c/8.3.1/../../../../pic32c/lib/thumb/v6-m/nofp\libc-musl.a(__io_fmt_needed.o)
 .debug_abbrev  0x000000000000a3ef       0xdc c:/program files/microchip/xc32/v4.60/bin/bin/../../lib/gcc/pic32c/8.3.1/../../../../pic32c/lib/thumb/v6-m/nofp\libc-musl.a(__pop_float.o)
 .debug_abbrev  0x000000000000a4cb       0xdc c:/program files/microchip/xc32/v4.60/bin/bin/../../lib/gcc/pic32c/8.3.1/../../../../pic32c/lib/thumb/v6-m/nofp\libc-musl.a(__pop_int.o)
 .debug_abbrev  0x000000000000a5a7       0xdc c:/program files/microchip/xc32/v4.60/bin/bin/../../lib/gcc/pic32c/8.3.1/../../../../pic32c/lib/thumb/v6-m/nofp\libc-musl.a(__pop_ptr.o)
 .debug_abbrev  0x000000000000a683      0x317 c:/program files/microchip/xc32/v4.60/bin/bin/../../lib/gcc/pic32c/8.3.1/../../../../pic32c/lib/thumb/v6-m/nofp\libc-musl.a(__printf_core.o)
 .debug_abbrev  0x000000000000a99a       0xc6 c:/program files/microchip/xc32/v4.60/bin/bin/../../lib/gcc/pic32c/8.3.1/../../../../pic32c/lib/thumb/v6-m/nofp\libc-musl.a(atoi.o)
 .debug_abbrev  0x000000000000aa60       0xad c:/program files/microchip/xc32/v4.60/bin/bin/../../lib/gcc/pic32c/8.3.1/../../../../pic32c/lib/thumb/v6-m/nofp\libc-musl.a(__month_to_secs.o)
 .debug_abbrev  0x000000000000ab0d       0xf4 c:/program files/microchip/xc32/v4.60/bin/bin/../../lib/gcc/pic32c/8.3.1/../../../../pic32c/lib/thumb/v6-m/nofp\libc-musl.a(tolower.o)
 .debug_abbrev  0x000000000000ac01      0x1d5 c:/program files/microchip/xc32/v4.60/bin/bin/../../lib/gcc/pic32c/8.3.1/../../../../pic32c/lib/thumb/v6-m/nofp\libc-musl.a(__fmt_a.o)
 .debug_abbrev  0x000000000000add6      0x161 c:/program files/microchip/xc32/v4.60/bin/bin/../../lib/gcc/pic32c/8.3.1/../../../../pic32c/lib/thumb/v6-m/nofp\libc-musl.a(__fmt_d.o)
 .debug_abbrev  0x000000000000af37      0x1e3 c:/program files/microchip/xc32/v4.60/bin/bin/../../lib/gcc/pic32c/8.3.1/../../../../pic32c/lib/thumb/v6-m/nofp\libc-musl.a(__fmt_fp.o)
 .debug_abbrev  0x000000000000b11a      0x161 c:/program files/microchip/xc32/v4.60/bin/bin/../../lib/gcc/pic32c/8.3.1/../../../../pic32c/lib/thumb/v6-m/nofp\libc-musl.a(__fmt_o.o)
 .debug_abbrev  0x000000000000b27b      0x15e c:/program files/microchip/xc32/v4.60/bin/bin/../../lib/gcc/pic32c/8.3.1/../../../../pic32c/lib/thumb/v6-m/nofp\libc-musl.a(__fmt_s.o)
 .debug_abbrev  0x000000000000b3d9      0x161 c:/program files/microchip/xc32/v4.60/bin/bin/../../lib/gcc/pic32c/8.3.1/../../../../pic32c/lib/thumb/v6-m/nofp\libc-musl.a(__fmt_u.o)
 .debug_abbrev  0x000000000000b53a      0x150 c:/program files/microchip/xc32/v4.60/bin/bin/../../lib/gcc/pic32c/8.3.1/../../../../pic32c/lib/thumb/v6-m/nofp\libc-musl.a(__fmt_x.o)
 .debug_abbrev  0x000000000000b68a       0xf4 c:/program files/microchip/xc32/v4.60/bin/bin/../../lib/gcc/pic32c/8.3.1/../../../../pic32c/lib/thumb/v6-m/nofp\libc-musl.a(toupper.o)
 .debug_abbrev  0x000000000000b77e       0xf3 c:/program files/microchip/xc32/v4.60/bin/bin/../../lib/gcc/pic32c/8.3.1/../../../../pic32c/lib/thumb/v6-m/nofp\libc-musl.a(__cvt_u.o)
 .debug_abbrev  0x000000000000b871       0x14 c:/program files/microchip/xc32/v4.60/bin/bin/../../lib/gcc/pic32c/8.3.1/thumb/v6-m/nofp\libgcc.a(_udivsi3.o)
 .debug_abbrev  0x000000000000b885       0x14 c:/program files/microchip/xc32/v4.60/bin/bin/../../lib/gcc/pic32c/8.3.1/thumb/v6-m/nofp\libgcc.a(_divsi3.o)
 .debug_abbrev  0x000000000000b899       0x14 c:/program files/microchip/xc32/v4.60/bin/bin/../../lib/gcc/pic32c/8.3.1/thumb/v6-m/nofp\libgcc.a(_dvmd_tls.o)
 .debug_abbrev  0x000000000000b8ad       0x14 c:/program files/microchip/xc32/v4.60/bin/bin/../../lib/gcc/pic32c/8.3.1/thumb/v6-m/nofp\libgcc.a(_aeabi_ldivmod.o)
 .debug_abbrev  0x000000000000b8c1       0x14 c:/program files/microchip/xc32/v4.60/bin/bin/../../lib/gcc/pic32c/8.3.1/thumb/v6-m/nofp\libgcc.a(_aeabi_uldivmod.o)
 .debug_abbrev  0x000000000000b8d5      0x10b c:/program files/microchip/xc32/v4.60/bin/bin/../../lib/gcc/pic32c/8.3.1/thumb/v6-m/nofp\libgcc.a(_muldi3.o)
 .debug_abbrev  0x000000000000b9e0       0x99 c:/program files/microchip/xc32/v4.60/bin/bin/../../lib/gcc/pic32c/8.3.1/thumb/v6-m/nofp\libgcc.a(_udivmoddi4.o)
 .debug_abbrev  0x000000000000ba79       0xaa c:/program files/microchip/xc32/v4.60/bin/bin/../../lib/gcc/pic32c/8.3.1/thumb/v6-m/nofp\libgcc.a(bpabi.o)
 .debug_abbrev  0x000000000000bb23       0x14 c:/program files/microchip/xc32/v4.60/bin/bin/../../lib/gcc/pic32c/8.3.1/thumb/v6-m/nofp\libgcc.a(_lshrdi3.o)
 .debug_abbrev  0x000000000000bb37       0x14 c:/program files/microchip/xc32/v4.60/bin/bin/../../lib/gcc/pic32c/8.3.1/thumb/v6-m/nofp\libgcc.a(_ashldi3.o)
 .debug_abbrev  0x000000000000bb4b       0x14 c:/program files/microchip/xc32/v4.60/bin/bin/../../lib/gcc/pic32c/8.3.1/thumb/v6-m/nofp\libgcc.a(_clzdi2.o)
 .debug_abbrev  0x000000000000bb5f      0x14e c:/program files/microchip/xc32/v4.60/bin/bin/../../lib/gcc/pic32c/8.3.1/thumb/v6-m/nofp\libgcc.a(_divdi3.o)
 .debug_abbrev  0x000000000000bcad       0x14 c:/program files/microchip/xc32/v4.60/bin/bin/../../lib/gcc/pic32c/8.3.1/thumb/v6-m/nofp\libgcc.a(_clzsi2.o)
 .debug_abbrev  0x000000000000bcc1       0x44 c:/program files/microchip/xc32/v4.60/bin/bin/../../lib/gcc/pic32c/8.3.1/../../../../pic32c/lib/thumb/v6-m/nofp\libpic32c.a(sbrk.o)
 .debug_abbrev  0x000000000000bd05       0xa2 c:/program files/microchip/xc32/v4.60/bin/bin/../../lib/gcc/pic32c/8.3.1/../../../../pic32c/lib/thumb/v6-m/nofp\libc-size-musl.a(strcpy.o)
 .debug_abbrev  0x000000000000bda7       0x6e c:/program files/microchip/xc32/v4.60/bin/bin/../../lib/gcc/pic32c/8.3.1/../../../../pic32c/lib/thumb/v6-m/nofp\libc-size-musl.a(stpcpy.o)
 .debug_abbrev  0x000000000000be15       0x2e c:/program files/microchip/xc32/v4.60/bin/bin/../../lib/gcc/pic32c/8.3.1/../../../../pic32c/lib/thumb/v6-m/nofp\libpic32c.a(pic32_data_init_clear.o)
 .debug_abbrev  0x000000000000be43       0x2e c:/program files/microchip/xc32/v4.60/bin/bin/../../lib/gcc/pic32c/8.3.1/../../../../pic32c/lib/thumb/v6-m/nofp\libpic32c.a(pic32_data_init_copy.o)

.debug_loc      0x0000000000000000    0x2b071
 .debug_loc     0x0000000000000000     0x2351 build/samd21IOT_winc1500/production/_ext/287230454/drv_spi.o
 .debug_loc     0x0000000000002351       0xbc build/samd21IOT_winc1500/production/_ext/224737734/wdrv_winc_eint.o
 .debug_loc     0x000000000000240d      0x70b build/samd21IOT_winc1500/production/_ext/284355797/wdrv_winc_spi.o
 .debug_loc     0x0000000000002b18       0xa8 build/samd21IOT_winc1500/production/_ext/912793297/nm_common.o
 .debug_loc     0x0000000000002bc0     0x459a build/samd21IOT_winc1500/production/_ext/881504404/m2m_wifi.o
 .debug_loc     0x000000000000715a     0x1221 build/samd21IOT_winc1500/production/_ext/881504404/m2m_ota.o
 .debug_loc     0x000000000000837b     0x1018 build/samd21IOT_winc1500/production/_ext/881504404/m2m_hif.o
 .debug_loc     0x0000000000009393      0x314 build/samd21IOT_winc1500/production/_ext/881504404/m2m_periph.o
 .debug_loc     0x00000000000096a7      0x69a build/samd21IOT_winc1500/production/_ext/881504404/nmbus.o
 .debug_loc     0x0000000000009d41      0xe61 build/samd21IOT_winc1500/production/_ext/881504404/m2m_ssl.o
 .debug_loc     0x000000000000aba2     0x18e2 build/samd21IOT_winc1500/production/_ext/881504404/nmspi.o
 .debug_loc     0x000000000000c484      0x948 build/samd21IOT_winc1500/production/_ext/881504404/nmdrv.o
 .debug_loc     0x000000000000cdcc      0xe72 build/samd21IOT_winc1500/production/_ext/881504404/nmasic.o
 .debug_loc     0x000000000000dc3e      0x404 build/samd21IOT_winc1500/production/_ext/455027017/inet_ntop.o
 .debug_loc     0x000000000000e042      0x382 build/samd21IOT_winc1500/production/_ext/455027017/inet_addr.o
 .debug_loc     0x000000000000e3c4     0x2259 build/samd21IOT_winc1500/production/_ext/455027017/socket.o
 .debug_loc     0x000000000001061d      0x274 build/samd21IOT_winc1500/production/_ext/1637020121/flexible_flash.o
 .debug_loc     0x0000000000010891      0xff0 build/samd21IOT_winc1500/production/_ext/1637020121/spi_flash.o
 .debug_loc     0x0000000000011881       0x51 build/samd21IOT_winc1500/production/_ext/469334988/wdrv_winc_osal.o
 .debug_loc     0x00000000000118d2     0x2b29 build/samd21IOT_winc1500/production/_ext/1235514674/wdrv_winc.o
 .debug_loc     0x00000000000143fb     0x1d82 build/samd21IOT_winc1500/production/_ext/1235514674/wdrv_winc_host_file.o
 .debug_loc     0x000000000001617d      0x1c9 build/samd21IOT_winc1500/production/_ext/1235514674/wdrv_winc_httpprovctx.o
 .debug_loc     0x0000000000016346      0x3f6 build/samd21IOT_winc1500/production/_ext/1235514674/wdrv_winc_custie.o
 .debug_loc     0x000000000001673c      0x48b build/samd21IOT_winc1500/production/_ext/1235514674/wdrv_winc_bssctx.o
 .debug_loc     0x0000000000016bc7      0x4ca build/samd21IOT_winc1500/production/_ext/1235514674/wdrv_winc_powersave.o
 .debug_loc     0x0000000000017091      0xd7f build/samd21IOT_winc1500/production/_ext/1235514674/wdrv_winc_authctx.o
 .debug_loc     0x0000000000017e10     0x102f build/samd21IOT_winc1500/production/_ext/1235514674/wdrv_winc_bssfind.o
 .debug_loc     0x0000000000018e3f     0x176b build/samd21IOT_winc1500/production/_ext/1235514674/wdrv_winc_socket.o
 .debug_loc     0x000000000001a5aa      0xbbd build/samd21IOT_winc1500/production/_ext/1235514674/wdrv_winc_nvm.o
 .debug_loc     0x000000000001b167      0x99a build/samd21IOT_winc1500/production/_ext/1235514674/wdrv_winc_sta.o
 .debug_loc     0x000000000001bb01      0xd14 build/samd21IOT_winc1500/production/_ext/1235514674/wdrv_winc_ssl.o
 .debug_loc     0x000000000001c815      0x633 build/samd21IOT_winc1500/production/_ext/1235514674/wdrv_winc_systime.o
 .debug_loc     0x000000000001ce48      0x65c build/samd21IOT_winc1500/production/_ext/1235514674/wdrv_winc_wps.o
 .debug_loc     0x000000000001d4a4      0x7e6 build/samd21IOT_winc1500/production/_ext/1235514674/wdrv_winc_enterprise.o
 .debug_loc     0x000000000001dc8a      0x6af build/samd21IOT_winc1500/production/_ext/1235514674/wdrv_winc_softap.o
 .debug_loc     0x000000000001e339      0x8d9 build/samd21IOT_winc1500/production/_ext/1235514674/wdrv_winc_assoc.o
 .debug_loc     0x000000000001ec12       0x31 build/samd21IOT_winc1500/production/_ext/435457175/plib_clock.o
 .debug_loc     0x000000000001ec43      0xb30 build/samd21IOT_winc1500/production/_ext/1953739970/plib_dmac.o
 .debug_loc     0x000000000001f773      0x110 build/samd21IOT_winc1500/production/_ext/1876637944/plib_eic.o
 .debug_loc     0x000000000001f883      0x27b build/samd21IOT_winc1500/production/_ext/1954046777/plib_nvic.o
 .debug_loc     0x000000000001fafe      0x42e build/samd21IOT_winc1500/production/_ext/975387175/plib_nvmctrl.o
 .debug_loc     0x000000000001ff2c      0x2bb build/samd21IOT_winc1500/production/_ext/1954099928/plib_port.o
 .debug_loc     0x00000000000201e7      0x68a build/samd21IOT_winc1500/production/_ext/34491124/plib_sercom2_spi_master.o
 .debug_loc     0x0000000000020871      0xd8f build/samd21IOT_winc1500/production/_ext/1207737362/plib_sercom5_usart.o
 .debug_loc     0x0000000000021600       0x6f build/samd21IOT_winc1500/production/_ext/2138746234/plib_tc3.o
 .debug_loc     0x000000000002166f       0x4a build/samd21IOT_winc1500/production/_ext/1613073709/xc32_monitor.o
 .debug_loc     0x00000000000216b9      0xc4c build/samd21IOT_winc1500/production/_ext/106321624/sys_console.o
 .debug_loc     0x0000000000022305      0x997 build/samd21IOT_winc1500/production/_ext/106321624/sys_console_uart.o
 .debug_loc     0x0000000000022c9c       0xb5 build/samd21IOT_winc1500/production/_ext/604157148/sys_debug.o
 .debug_loc     0x0000000000022d51      0x186 build/samd21IOT_winc1500/production/_ext/226979060/sys_dma.o
 .debug_loc     0x0000000000022ed7      0x17d build/samd21IOT_winc1500/production/_ext/55136832/sys_int.o
 .debug_loc     0x0000000000023054     0x23fc build/samd21IOT_winc1500/production/_ext/13306586/sys_time.o
 .debug_loc     0x0000000000025450       0x20 build/samd21IOT_winc1500/production/_ext/2058341299/tasks.o
 .debug_loc     0x0000000000025470       0x45 build/samd21IOT_winc1500/production/_ext/2058341299/initialization.o
 .debug_loc     0x00000000000254b5       0x20 build/samd21IOT_winc1500/production/_ext/2058341299/startup_xc32.o
 .debug_loc     0x00000000000254d5       0x15 build/samd21IOT_winc1500/production/_ext/2058341299/libc_syscalls.o
 .debug_loc     0x00000000000254ea       0x20 build/samd21IOT_winc1500/production/_ext/1360937237/main.o
 .debug_loc     0x000000000002550a       0x20 build/samd21IOT_winc1500/production/_ext/1360937237/app.o
 .debug_loc     0x000000000002552a      0x699 build/samd21IOT_winc1500/production/_ext/1360937237/winc1500_tcp_server.o
 .debug_loc     0x0000000000025bc3       0x14 c:/program files/microchip/xc32/v4.60/bin/bin/../../lib/gcc/pic32c/8.3.1/../../../../pic32c/lib/thumb/v6-m/nofp\libpic32c.a(data_init.o)